Archive member included to satisfy reference by file (symbol)

c:/program files (x86)/atmel/studio/7.0/toolchain/avr8/avr8-gnu-toolchain/bin/../lib/gcc/avr/5.4.0/avr6\libgcc.a(_udivmodhi4.o)
                              Serial_ReadWrite.o (__udivmodhi4)
c:/program files (x86)/atmel/studio/7.0/toolchain/avr8/avr8-gnu-toolchain/bin/../lib/gcc/avr/5.4.0/avr6\libgcc.a(_udivmodsi4.o)
                              Cards/Amplifier.o (__udivmodsi4)
c:/program files (x86)/atmel/studio/7.0/toolchain/avr8/avr8-gnu-toolchain/bin/../lib/gcc/avr/5.4.0/avr6\libgcc.a(_divmodsi4.o)
                              Cards/MOSFET_BreakDown.o (__divmodsi4)
c:/program files (x86)/atmel/studio/7.0/toolchain/avr8/avr8-gnu-toolchain/bin/../lib/gcc/avr/5.4.0/avr6\libgcc.a(_negsi2.o)
                              c:/program files (x86)/atmel/studio/7.0/toolchain/avr8/avr8-gnu-toolchain/bin/../lib/gcc/avr/5.4.0/avr6\libgcc.a(_divmodsi4.o) (__negsi2)
c:/program files (x86)/atmel/studio/7.0/toolchain/avr8/avr8-gnu-toolchain/bin/../lib/gcc/avr/5.4.0/avr6\libgcc.a(_exit.o)
                              c:/program files (x86)/atmel/studio/7.0/toolchain/avr8/avr8-gnu-toolchain/bin/../lib/gcc/avr/5.4.0/../../../../avr/lib/avr6/crtatmega2560.o (exit)
c:/program files (x86)/atmel/studio/7.0/toolchain/avr8/avr8-gnu-toolchain/bin/../lib/gcc/avr/5.4.0/avr6\libgcc.a(_tablejump2.o)
                              Cards/Slot_Tester.o (__tablejump2__)
c:/program files (x86)/atmel/studio/7.0/toolchain/avr8/avr8-gnu-toolchain/bin/../lib/gcc/avr/5.4.0/avr6\libgcc.a(_copy_data.o)
                              Cards/Amplifier.o (__do_copy_data)
c:/program files (x86)/atmel/studio/7.0/toolchain/avr8/avr8-gnu-toolchain/bin/../lib/gcc/avr/5.4.0/avr6\libgcc.a(_clear_bss.o)
                              Cards/Amplifier.o (__do_clear_bss)
c:/program files (x86)/atmel/studio/7.0/toolchain/avr8/avr8-gnu-toolchain/bin/../lib/gcc/avr/5.4.0/avr6\libgcc.a(_umulhisi3.o)
                              Cards/Amplifier.o (__umulhisi3)
c:/program files (x86)/atmel/studio/7.0/toolchain/avr8/avr8-gnu-toolchain/bin/../lib/gcc/avr/5.4.0/avr6\libgcc.a(_usmulhisi3.o)
                              Cards/MOSFET_BreakDown.o (__usmulhisi3)
c:/program files (x86)/atmel/studio/7.0/toolchain/avr8/avr8-gnu-toolchain/bin/../lib/gcc/avr/5.4.0/avr6\libgcc.a(_muluhisi3.o)
                              Cards/MOSFET_Source.o (__muluhisi3)
c:/program files (x86)/atmel/studio/7.0/toolchain/avr8/avr8-gnu-toolchain/bin/../lib/gcc/avr/5.4.0/avr6\libgcc.a(_umulsidi3.o)
                              Cards/MOSFET_Source.o (__umulsidi3)
c:/program files (x86)/atmel/studio/7.0/toolchain/avr8/avr8-gnu-toolchain/bin/../lib/gcc/avr/5.4.0/avr6\libgcc.a(_ashrdi3.o)
                              Cards/MOSFET_Source.o (__lshrdi3)
c:/program files (x86)/atmel/studio/7.0/toolchain/avr8/avr8-gnu-toolchain/bin/../lib/gcc/avr/5.4.0/avr6\libgcc.a(_muldi3_6.o)
                              c:/program files (x86)/atmel/studio/7.0/toolchain/avr8/avr8-gnu-toolchain/bin/../lib/gcc/avr/5.4.0/avr6\libgcc.a(_umulsidi3.o) (__muldi3_6)
c:/program files (x86)/atmel/studio/7.0/toolchain/avr8/avr8-gnu-toolchain/bin/../lib/gcc/avr/5.4.0/../../../../avr/lib/avr6\libc.a(strcat.o)
                              Serial_ReadWrite.o (strcat)
c:/program files (x86)/atmel/studio/7.0/toolchain/avr8/avr8-gnu-toolchain/bin/../lib/gcc/avr/5.4.0/../../../../avr/lib/avr6\libc.a(strcpy.o)
                              Serial_ReadWrite.o (strcpy)
c:/program files (x86)/atmel/studio/7.0/toolchain/avr8/avr8-gnu-toolchain/bin/../lib/gcc/avr/5.4.0/../../../../avr/lib/avr6\libc.a(itoa_ncheck.o)
                              Serial_ReadWrite.o (__itoa_ncheck)
c:/program files (x86)/atmel/studio/7.0/toolchain/avr8/avr8-gnu-toolchain/bin/../lib/gcc/avr/5.4.0/../../../../avr/lib/avr6\libc.a(ltoa_ncheck.o)
                              Serial_ReadWrite.o (__ltoa_ncheck)
c:/program files (x86)/atmel/studio/7.0/toolchain/avr8/avr8-gnu-toolchain/bin/../lib/gcc/avr/5.4.0/../../../../avr/lib/avr6\libc.a(ultoa_ncheck.o)
                              c:/program files (x86)/atmel/studio/7.0/toolchain/avr8/avr8-gnu-toolchain/bin/../lib/gcc/avr/5.4.0/../../../../avr/lib/avr6\libc.a(ltoa_ncheck.o) (__ultoa_common)
c:/program files (x86)/atmel/studio/7.0/toolchain/avr8/avr8-gnu-toolchain/bin/../lib/gcc/avr/5.4.0/../../../../avr/lib/avr6\libc.a(utoa_ncheck.o)
                              c:/program files (x86)/atmel/studio/7.0/toolchain/avr8/avr8-gnu-toolchain/bin/../lib/gcc/avr/5.4.0/../../../../avr/lib/avr6\libc.a(itoa_ncheck.o) (__utoa_common)
c:/program files (x86)/atmel/studio/7.0/toolchain/avr8/avr8-gnu-toolchain/bin/../lib/gcc/avr/5.4.0/../../../../avr/lib/avr6\libc.a(strrev.o)
                              c:/program files (x86)/atmel/studio/7.0/toolchain/avr8/avr8-gnu-toolchain/bin/../lib/gcc/avr/5.4.0/../../../../avr/lib/avr6\libc.a(ultoa_ncheck.o) (strrev)
[...]
Memory Configuration

Name             Origin             Length             Attributes
text             0x00000000         0x00100000         xr
data             0x00800200         0x0000fe00         rw !x
eeprom           0x00810000         0x00010000         rw !x
fuse             0x00820000         0x00000003         rw !x
lock             0x00830000         0x00000400         rw !x
signature        0x00840000         0x00000400         rw !x
user_signatures  0x00850000         0x00000400         rw !x
*default*        0x00000000         0xffffffff

Linker script and memory map

Address of section .data set to 0x800200
LOAD c:/program files (x86)/atmel/studio/7.0/toolchain/avr8/avr8-gnu-toolchain/bin/../lib/gcc/avr/5.4.0/../../../../avr/lib/avr6/crtatmega2560.o
LOAD Cards/Amplifier.o
LOAD Cards/FrontEnd.o
LOAD Cards/LED_Source.o
LOAD Cards/MOSFET_BreakDown.o
LOAD Cards/MOSFET_Source.o
LOAD Cards/Slot_Tester.o
LOAD globalVAR.o
LOAD ICs/AD5752.o
LOAD ICs/LTC1864.o
LOAD ICs/MCP23S08.o
LOAD main.o
LOAD my_PulseSequences.o
LOAD my_Timers.o
LOAD Serial_ReadWrite.o
LOAD terminal.o
LOAD uart0.o
LOAD usart_spi.o
START GROUP
LOAD c:/program files (x86)/atmel/studio/7.0/toolchain/avr8/avr8-gnu-toolchain/bin/../lib/gcc/avr/5.4.0/../../../../avr/lib/avr6\libm.a
END GROUP
START GROUP
LOAD c:/program files (x86)/atmel/studio/7.0/toolchain/avr8/avr8-gnu-toolchain/bin/../lib/gcc/avr/5.4.0/avr6\libgcc.a
LOAD c:/program files (x86)/atmel/studio/7.0/toolchain/avr8/avr8-gnu-toolchain/bin/../lib/gcc/avr/5.4.0/../../../../avr/lib/avr6\libm.a
LOAD c:/program files (x86)/atmel/studio/7.0/toolchain/avr8/avr8-gnu-toolchain/bin/../lib/gcc/avr/5.4.0/../../../../avr/lib/avr6\libc.a
LOAD c:/program files (x86)/atmel/studio/7.0/toolchain/avr8/avr8-gnu-toolchain/bin/../lib/gcc/avr/5.4.0/../../../../avr/lib/avr6\libatmega2560.a
END GROUP
                0x00100000                __TEXT_REGION_LENGTH__ = DEFINED (__TEXT_REGION_LENGTH__)?__TEXT_REGION_LENGTH__:0x100000
                0x0000fe00                __DATA_REGION_LENGTH__ = DEFINED (__DATA_REGION_LENGTH__)?__DATA_REGION_LENGTH__:0xfe00
                0x00010000                __EEPROM_REGION_LENGTH__ = DEFINED (__EEPROM_REGION_LENGTH__)?__EEPROM_REGION_LENGTH__:0x10000
                [0x00000003]                __FUSE_REGION_LENGTH__ = DEFINED (__FUSE_REGION_LENGTH__)?__FUSE_REGION_LENGTH__:0x400
                0x00000400                __LOCK_REGION_LENGTH__ = DEFINED (__LOCK_REGION_LENGTH__)?__LOCK_REGION_LENGTH__:0x400
                0x00000400                __SIGNATURE_REGION_LENGTH__ = DEFINED (__SIGNATURE_REGION_LENGTH__)?__SIGNATURE_REGION_LENGTH__:0x400
                0x00000400                __USER_SIGNATURE_REGION_LENGTH__ = DEFINED (__USER_SIGNATURE_REGION_LENGTH__)?__USER_SIGNATURE_REGION_LENGTH__:0x400

.hash
 *(.hash)

.dynsym
 *(.dynsym)

.dynstr
 *(.dynstr)

.gnu.version
 *(.gnu.version)

.gnu.version_d
 *(.gnu.version_d)

.gnu.version_r
 *(.gnu.version_r)

.rel.init
 *(.rel.init)

.rela.init
 *(.rela.init)

.rel.text
 *(.rel.text)
 *(.rel.text.*)
 *(.rel.gnu.linkonce.t*)

.rela.text
 *(.rela.text)
 *(.rela.text.*)
 *(.rela.gnu.linkonce.t*)

.rel.fini
 *(.rel.fini)

.rela.fini
 *(.rela.fini)

.rel.rodata
 *(.rel.rodata)
 *(.rel.rodata.*)
 *(.rel.gnu.linkonce.r*)

.rela.rodata
 *(.rela.rodata)
 *(.rela.rodata.*)
 *(.rela.gnu.linkonce.r*)

.rel.data
 *(.rel.data)
 *(.rel.data.*)
 *(.rel.gnu.linkonce.d*)

.rela.data
 *(.rela.data)
 *(.rela.data.*)
 *(.rela.gnu.linkonce.d*)

.rel.ctors
 *(.rel.ctors)

.rela.ctors
 *(.rela.ctors)

.rel.dtors
 *(.rel.dtors)

.rela.dtors
 *(.rela.dtors)

.rel.got
 *(.rel.got)

.rela.got
 *(.rela.got)

.rel.bss
 *(.rel.bss)

.rela.bss
 *(.rela.bss)

.rel.plt
 *(.rel.plt)

.rela.plt
 *(.rela.plt)

.text           0x00000000     0x4834
 *(.vectors)
 .vectors       0x00000000       0xe4 c:/program files (x86)/atmel/studio/7.0/toolchain/avr8/avr8-gnu-toolchain/bin/../lib/gcc/avr/5.4.0/../../../../avr/lib/avr6/crtatmega2560.o
                0x00000000                __vector_default
                0x00000000                __vectors
 *(.vectors)
 *(.progmem.gcc*)
 .progmem.gcc_sw_table.Slot_Tester_set_7Segment
                0x000000e4       0x14 Cards/Slot_Tester.o
                0x000000f8                . = ALIGN (0x2)
                0x000000f8                __trampolines_start = .
 *(.trampolines)
 .trampolines   0x000000f8        0x0 linker stubs
 *(.trampolines*)
                0x000000f8                __trampolines_end = .
 *libprintf_flt.a:*(.progmem.data)
 *libc.a:*(.progmem.data)
 *(.progmem*)
                0x000000f8                . = ALIGN (0x2)
 *(.jumptables)
 *(.jumptables*)
 *(.lowtext)
 *(.lowtext*)
                0x000000f8                __ctors_start = .
 *(.ctors)
                0x000000f8                __ctors_end = .
                0x000000f8                __dtors_start = .
 *(.dtors)
                0x000000f8                __dtors_end = .
 SORT(*)(.ctors)
 SORT(*)(.dtors)
 *(.init0)
 .init0         0x000000f8        0x0 c:/program files (x86)/atmel/studio/7.0/toolchain/avr8/avr8-gnu-toolchain/bin/../lib/gcc/avr/5.4.0/../../../../avr/lib/avr6/crtatmega2560.o
                0x000000f8                __init
 *(.init0)
 *(.init1)
 *(.init1)
 *(.init2)
 .init2         0x000000f8       0x10 c:/program files (x86)/atmel/studio/7.0/toolchain/avr8/avr8-gnu-toolchain/bin/../lib/gcc/avr/5.4.0/../../../../avr/lib/avr6/crtatmega2560.o
 *(.init2)
 *(.init3)
 *(.init3)
 *(.init4)
 .init4         0x00000108       0x1a c:/program files (x86)/atmel/studio/7.0/toolchain/avr8/avr8-gnu-toolchain/bin/../lib/gcc/avr/5.4.0/avr6\libgcc.a(_copy_data.o)
                0x00000108                __do_copy_data
 .init4         0x00000122       0x10 c:/program files (x86)/atmel/studio/7.0/toolchain/avr8/avr8-gnu-toolchain/bin/../lib/gcc/avr/5.4.0/avr6\libgcc.a(_clear_bss.o)
                0x00000122                __do_clear_bss
 *(.init4)
 *(.init5)
 *(.init5)
 *(.init6)
 *(.init6)
 *(.init7)
 *(.init7)
 *(.init8)
 *(.init8)
 *(.init9)
 .init9         0x00000132        0x8 c:/program files (x86)/atmel/studio/7.0/toolchain/avr8/avr8-gnu-toolchain/bin/../lib/gcc/avr/5.4.0/../../../../avr/lib/avr6/crtatmega2560.o
 *(.init9)
 *(.text)
 .text          0x0000013a        0x2 c:/program files (x86)/atmel/studio/7.0/toolchain/avr8/avr8-gnu-toolchain/bin/../lib/gcc/avr/5.4.0/../../../../avr/lib/avr6/crtatmega2560.o
                0x0000013a                __vector_38
                0x0000013a                __vector_22
                0x0000013a                __vector_28
                0x0000013a                __vector_1
                0x0000013a                __vector_32
                0x0000013a                __vector_34
                0x0000013a                __vector_12
                0x0000013a                __vector_55
                0x0000013a                __vector_46
                0x0000013a                __bad_interrupt
                0x0000013a                __vector_6
                0x0000013a                __vector_31
                0x0000013a                __vector_35
                0x0000013a                __vector_39
                0x0000013a                __vector_3
                0x0000013a                __vector_23
                0x0000013a                __vector_30
                0x0000013a                __vector_45
                0x0000013a                __vector_11
                0x0000013a                __vector_54
                0x0000013a                __vector_17
                0x0000013a                __vector_19
                0x0000013a                __vector_56
                0x0000013a                __vector_7
                0x0000013a                __vector_41
                0x0000013a                __vector_43
                0x0000013a                __vector_5
                0x0000013a                __vector_33
                0x0000013a                __vector_52
                0x0000013a                __vector_37
                0x0000013a                __vector_4
                0x0000013a                __vector_44
                0x0000013a                __vector_9
                0x0000013a                __vector_2
                0x0000013a                __vector_21
                0x0000013a                __vector_15
                0x0000013a                __vector_36
                0x0000013a                __vector_29
                0x0000013a                __vector_40
                0x0000013a                __vector_8
                0x0000013a                __vector_26
                0x0000013a                __vector_14
                0x0000013a                __vector_53
                0x0000013a                __vector_10
                0x0000013a                __vector_16
                0x0000013a                __vector_18
                0x0000013a                __vector_20
                0x0000013a                __vector_42
                0x0000013c                . = ALIGN (0x2)
 *(.text.*)
 .text.Amplifier_Variables_from_EEPROM
                0x0000013c       0x38 Cards/Amplifier.o
                0x0000013c                Amplifier_Variables_from_EEPROM
 .text.Amplifier_Default_Values
                0x00000174       0x56 Cards/Amplifier.o
                0x00000174                Amplifier_Default_Values
 .text.Amplifier_Set_Offset_Voltage
                0x000001ca       0x30 Cards/Amplifier.o
                0x000001ca                Amplifier_Set_Offset_Voltage
 .text.Amplifier_Init
                0x000001fa       0xac Cards/Amplifier.o
                0x000001fa                Amplifier_Init
 .text.Terminal_SET_Amplifier
                0x000002a6      0x1ee Cards/Amplifier.o
                0x000002a6                Terminal_SET_Amplifier
 .text.Terminal_GET_Amplifier
                0x00000494       0xa8 Cards/Amplifier.o
                0x00000494                Terminal_GET_Amplifier
 .text.FrontEnd_Variables_from_EEPROM
                0x0000053c       0x38 Cards/FrontEnd.o
                0x0000053c                FrontEnd_Variables_from_EEPROM
 .text.FrontEnd_Default_Values
                0x00000574       0x56 Cards/FrontEnd.o
                0x00000574                FrontEnd_Default_Values
 .text.FrontEnd_Set_Gain
                0x000005ca       0x46 Cards/FrontEnd.o
                0x000005ca                FrontEnd_Set_Gain
 .text.FrontEnd_Set_Offset_Voltage
                0x00000610       0x30 Cards/FrontEnd.o
                0x00000610                FrontEnd_Set_Offset_Voltage
 .text.FrontEnd_Init
                0x00000640       0xda Cards/FrontEnd.o
                0x00000640                FrontEnd_Init
 .text.FrontEnd_Get_Voltage_in_mV_FullRange
                0x0000071a       0x18 Cards/FrontEnd.o
                0x0000071a                FrontEnd_Get_Voltage_in_mV_FullRange
 .text.FrontEnd_Reset_FlipFlops
                0x00000732       0x3c Cards/FrontEnd.o
                0x00000732                FrontEnd_Reset_FlipFlops
 .text.Terminal_SET_FrontEnd
                0x0000076e      0x23c Cards/FrontEnd.o
                0x0000076e                Terminal_SET_FrontEnd
 .text.Terminal_GET_FrontEnd
                0x000009aa      0x12c Cards/FrontEnd.o
                0x000009aa                Terminal_GET_FrontEnd
 .text.LED_Source_Variables_from_EEPROM
                0x00000ad6       0x38 Cards/LED_Source.o
                0x00000ad6                LED_Source_Variables_from_EEPROM
 .text.LED_Source_Default_Values
                0x00000b0e       0x56 Cards/LED_Source.o
                0x00000b0e                LED_Source_Default_Values
 .text.LED_Source_Set_Heat_Current
                0x00000b64       0x48 Cards/LED_Source.o
                0x00000b64                LED_Source_Set_Heat_Current
 .text.LED_Source_Set_Meas_Current
                0x00000bac       0x30 Cards/LED_Source.o
                0x00000bac                LED_Source_Set_Meas_Current
 .text.LED_Source_Init
                0x00000bdc       0xba Cards/LED_Source.o
                0x00000bdc                LED_Source_Init
 .text.Terminal_SET_LED_Source
                0x00000c96      0x1f0 Cards/LED_Source.o
                0x00000c96                Terminal_SET_LED_Source
 .text.Terminal_GET_LED_Source
                0x00000e86       0xaa Cards/LED_Source.o
                0x00000e86                Terminal_GET_LED_Source
 .text.BreakDown_Variables_from_EEPROM
                0x00000f30       0x24 Cards/MOSFET_BreakDown.o
                0x00000f30                BreakDown_Variables_from_EEPROM
 .text.BreakDown_Default_Values
                0x00000f54       0x1e Cards/MOSFET_BreakDown.o
                0x00000f54                BreakDown_Default_Values
 .text.B_Set_Relais_to_BreakDownTest
                0x00000f72       0x38 Cards/MOSFET_BreakDown.o
                0x00000f72                B_Set_Relais_to_BreakDownTest
 .text.B_Set_Relais_to_Leakage_GS
                0x00000faa       0x38 Cards/MOSFET_BreakDown.o
                0x00000faa                B_Set_Relais_to_Leakage_GS
 .text.B_Set_Relais_to_Characteristic_Curve
                0x00000fe2       0x38 Cards/MOSFET_BreakDown.o
                0x00000fe2                B_Set_Relais_to_Characteristic_Curve
 .text.B_Set_Relais_to_BodyDiode_Curve
                0x0000101a       0x38 Cards/MOSFET_BreakDown.o
                0x0000101a                B_Set_Relais_to_BodyDiode_Curve
 .text.B_Set_Relais_all_off
                0x00001052       0x24 Cards/MOSFET_BreakDown.o
                0x00001052                B_Set_Relais_all_off
 .text.BreakDown_Set_V_GS_mV
                0x00001076       0x30 Cards/MOSFET_BreakDown.o
                0x00001076                BreakDown_Set_V_GS_mV
 .text.BreakDown_Init
                0x000010a6       0xc8 Cards/MOSFET_BreakDown.o
                0x000010a6                BreakDown_Init
 .text.B_Get_V_DS_in_mV
                0x0000116e       0x18 Cards/MOSFET_BreakDown.o
                0x0000116e                B_Get_V_DS_in_mV
 .text.B_Get_I_DS_in_mA
                0x00001186       0x18 Cards/MOSFET_BreakDown.o
                0x00001186                B_Get_I_DS_in_mA
 .text.Terminal_SET_BreakDown
                0x0000119e      0x312 Cards/MOSFET_BreakDown.o
                0x0000119e                Terminal_SET_BreakDown
 .text.Terminal_GET_BreakDown
                0x000014b0       0xdc Cards/MOSFET_BreakDown.o
                0x000014b0                Terminal_GET_BreakDown
 .text.MOSFET_Source_Variables_from_EEPROM
                0x0000158c       0x4c Cards/MOSFET_Source.o
                0x0000158c                MOSFET_Source_Variables_from_EEPROM
 .text.MOSFET_Source_Default_Values
                0x000015d8       0x80 Cards/MOSFET_Source.o
                0x000015d8                MOSFET_Source_Default_Values
 .text.MOSFET_Source_Set_Heat_Current
                0x00001658       0x2e Cards/MOSFET_Source.o
                0x00001658                MOSFET_Source_Set_Heat_Current
 .text.MOSFET_Source_Set_Meas_Current
                0x00001686       0x2e Cards/MOSFET_Source.o
                0x00001686                MOSFET_Source_Set_Meas_Current
 .text.MOSFET_Source_Set_Meas_Voltage
                0x000016b4       0xc6 Cards/MOSFET_Source.o
                0x000016b4                MOSFET_Source_Set_Meas_Voltage
 .text.MOSFET_Source_Init
                0x0000177a       0xda Cards/MOSFET_Source.o
                0x0000177a                MOSFET_Source_Init
 .text.MOSFET_Source_Get_measured_Heat_Voltage_in_mV
                0x00001854       0x26 Cards/MOSFET_Source.o
                0x00001854                MOSFET_Source_Get_measured_Heat_Voltage_in_mV
 .text.MOSFET_Source_Get_measured_Meas_Voltage_in_mV
                0x0000187a       0x26 Cards/MOSFET_Source.o
                0x0000187a                MOSFET_Source_Get_measured_Meas_Voltage_in_mV
 .text.MOSFET_Source_sample_Heat
                0x000018a0        0xc Cards/MOSFET_Source.o
                0x000018a0                MOSFET_Source_sample_Heat
 .text.MOSFET_Source_sample_Meas_receive_Heat
                0x000018ac        0xc Cards/MOSFET_Source.o
                0x000018ac                MOSFET_Source_sample_Meas_receive_Heat
 .text.MOSFET_Source_receive_Meas
                0x000018b8        0xc Cards/MOSFET_Source.o
                0x000018b8                MOSFET_Source_receive_Meas
 .text.Terminal_SET_MOSFET_Source
                0x000018c4      0x26e Cards/MOSFET_Source.o
                0x000018c4                Terminal_SET_MOSFET_Source
 .text.Terminal_GET_MOSFET_Source
                0x00001b32      0x16c Cards/MOSFET_Source.o
                0x00001b32                Terminal_GET_MOSFET_Source
 .text.Slot_Tester_Variables_from_EEPROM
                0x00001c9e       0x24 Cards/Slot_Tester.o
                0x00001c9e                Slot_Tester_Variables_from_EEPROM
 .text.Slot_Tester_Default_Values
                0x00001cc2       0x22 Cards/Slot_Tester.o
                0x00001cc2                Slot_Tester_Default_Values
 .text.Slot_Tester_set_7Segment
                0x00001ce4       0xaa Cards/Slot_Tester.o
                0x00001ce4                Slot_Tester_set_7Segment
 .text.Slot_Tester_Init
                0x00001d8e       0xea Cards/Slot_Tester.o
                0x00001d8e                Slot_Tester_Init
 .text.Slot_Tester_get_7Segment
                0x00001e78       0xc8 Cards/Slot_Tester.o
                0x00001e78                Slot_Tester_get_7Segment
 .text.Slot_Tester_Gesamtablauf
                0x00001f40      0x168 Cards/Slot_Tester.o
                0x00001f40                Slot_Tester_Gesamtablauf
 .text.Terminal_SET_SlotTester
                0x000020a8      0x162 Cards/Slot_Tester.o
                0x000020a8                Terminal_SET_SlotTester
 .text.Terminal_GET_SlotTester
                0x0000220a       0x58 Cards/Slot_Tester.o
                0x0000220a                Terminal_GET_SlotTester
 .text.DAC_AD5752_Range_and_PowerUp
                0x00002262       0x56 ICs/AD5752.o
                0x00002262                DAC_AD5752_Range_and_PowerUp
 .text.DAC_AD5752_Set
                0x000022b8       0x4a ICs/AD5752.o
                0x000022b8                DAC_AD5752_Set
 .text.LTC1864_getBIT_OneShot
                0x00002302       0x98 ICs/LTC1864.o
                0x00002302                LTC1864_getBIT_OneShot
 .text.LTC1864_getBIT_LastSample_and_NewShot
                0x0000239a       0x66 ICs/LTC1864.o
                0x0000239a                LTC1864_getBIT_LastSample_and_NewShot
 .text.IO_Expander_set_Register
                0x00002400       0x44 ICs/MCP23S08.o
                0x00002400                IO_Expander_set_Register
 .text.IO_Expander_get_Register
                0x00002444       0x64 ICs/MCP23S08.o
                0x00002444                IO_Expander_get_Register
 .text.Init_IO_Pins
                0x000024a8       0xc4 main.o
                0x000024a8                Init_IO_Pins
 .text.Lauflicht
                0x0000256c       0x64 main.o
                0x0000256c                Lauflicht
 .text.EEPROM_default_Values
                0x000025d0       0x98 main.o
                0x000025d0                EEPROM_default_Values
 .text.EEPROM_last_Values
                0x00002668       0xde main.o
                0x00002668                EEPROM_last_Values
 .text.Init_All_Cards
                0x00002746       0xc4 main.o
                0x00002746                Init_All_Cards
 .text.Init     0x0000280a       0xa2 main.o
                0x0000280a                Init
 .text.main     0x000028ac       0x70 main.o
                0x000028ac                main
 .text.PulseStop
                0x0000291c        0xe my_PulseSequences.o
                0x0000291c                PulseStop
 .text.PulseStart_stdTTA
                0x0000292a       0x40 my_PulseSequences.o
                0x0000292a                PulseStart_stdTTA
 .text.PulseStart_Sensitivity
                0x0000296a        0xc my_PulseSequences.o
                0x0000296a                PulseStart_Sensitivity
 .text.PulseStart_DPA_TTA
                0x00002976       0x20 my_PulseSequences.o
                0x00002976                PulseStart_DPA_TTA
 .text.PulseStart_DPA_TTA_fromHPP
                0x00002996       0x18 my_PulseSequences.o
                0x00002996                PulseStart_DPA_TTA_fromHPP
 .text.PulseStart_PrePulse
                0x000029ae       0x20 my_PulseSequences.o
                0x000029ae                PulseStart_PrePulse
 .text.Init_Timer_1ms
                0x000029ce       0x1a my_Timers.o
                0x000029ce                Init_Timer_1ms
 .text.__vector_13
                0x000029e8       0x22 my_Timers.o
                0x000029e8                __vector_13
 .text.Init_Timer_100us
                0x00002a0a       0x3c my_Timers.o
                0x00002a0a                Init_Timer_100us
 .text.Start_Timer_100us
                0x00002a46        0xc my_Timers.o
                0x00002a46                Start_Timer_100us
 .text.Stop_Timer_100us
                0x00002a52       0x18 my_Timers.o
                0x00002a52                Stop_Timer_100us
 .text.Init_Counter_100us
                0x00002a6a       0x3c my_Timers.o
                0x00002a6a                Init_Counter_100us
 .text.Setup_Counter_for_stdTTA
                0x00002aa6      0x184 my_Timers.o
                0x00002aa6                Setup_Counter_for_stdTTA
 .text.Setup_Counter_for_DPA_TTA
                0x00002c2a       0x66 my_Timers.o
                0x00002c2a                Setup_Counter_for_DPA_TTA
 .text.__vector_50
                0x00002c90       0xf0 my_Timers.o
                0x00002c90                __vector_50
 .text.__vector_47
                0x00002d80       0x5c my_Timers.o
                0x00002d80                __vector_47
 .text.__vector_48
                0x00002ddc      0x104 my_Timers.o
                0x00002ddc                __vector_48
 .text.__vector_49
                0x00002ee0       0xba my_Timers.o
                0x00002ee0                __vector_49
 .text.ParseIntLn
                0x00002f9a       0xea Serial_ReadWrite.o
                0x00002f9a                ParseIntLn
 .text.ParseLongLn
                0x00003084      0x140 Serial_ReadWrite.o
                0x00003084                ParseLongLn
 .text.ParseByte
                0x000031c4       0x3c Serial_ReadWrite.o
                0x000031c4                ParseByte
 .text.TransmitString
                0x00003200        0x4 Serial_ReadWrite.o
                0x00003200                TransmitString
 .text.TransmitStringLn
                0x00003204        0x4 Serial_ReadWrite.o
                0x00003204                TransmitStringLn
 .text.TransmitInt
                0x00003208       0xca Serial_ReadWrite.o
                0x00003208                TransmitInt
 .text.TransmitLong
                0x000032d2       0xd2 Serial_ReadWrite.o
                0x000032d2                TransmitLong
 .text.TransmitFloat
                0x000033a4      0x196 Serial_ReadWrite.o
                0x000033a4                TransmitFloat
 .text.TransmitByte
                0x0000353a       0x72 Serial_ReadWrite.o
                0x0000353a                TransmitByte
 .text.TransmitByte_Reverse
                0x000035ac       0x70 Serial_ReadWrite.o
                0x000035ac                TransmitByte_Reverse
 .text.TerminalInit
                0x0000361c        0x8 terminal.o
                0x0000361c                TerminalInit
 .text.TerminalParseCommand
                0x00003624      0x862 terminal.o
                0x00003624                TerminalParseCommand
 .text.TerminalCheckCommand
                0x00003e86       0x1a terminal.o
                0x00003e86                TerminalCheckCommand
 .text.__vector_25
                0x00003ea0       0xa8 uart0.o
                0x00003ea0                __vector_25
 .text.__vector_27
                0x00003f48       0x74 uart0.o
                0x00003f48                __vector_27
 .text.UART0InitBaudrate
                0x00003fbc       0x82 uart0.o
                0x00003fbc                UART0InitBaudrate
 .text.UART0Init
                0x0000403e        0x8 uart0.o
                0x0000403e                UART0Init
 .text.UART0ClearRx
                0x00004046       0x2c uart0.o
                0x00004046                UART0ClearRx
 .text.UART0ReceiveLine
                0x00004072       0x9c uart0.o
                0x00004072                UART0ReceiveLine
 .text.UART0TxByte
                0x0000410e       0x6c uart0.o
                0x0000410e                UART0TxByte
 .text.UART0TransmitString
                0x0000417a       0x22 uart0.o
                0x0000417a                UART0TransmitString
 .text.UART0TransmitStringLn
                0x0000419c       0x2a uart0.o
                0x0000419c                UART0TransmitStringLn
 .text.USART_SPI_InitBaudrate
                0x000041c6       0x28 usart_spi.o
                0x000041c6                USART_SPI_InitBaudrate
 .text.USART_SPI_SetCS
                0x000041ee       0x16 usart_spi.o
                0x000041ee                USART_SPI_SetCS
 .text.USART_SPI_ToggleCS
                0x00004204       0x58 usart_spi.o
                0x00004204                USART_SPI_ToggleCS
 .text.USART_SPI_ReceiveLen
                0x0000425c       0x56 usart_spi.o
                0x0000425c                USART_SPI_ReceiveLen
 .text.USART_SPI_RXWaiting
                0x000042b2       0x18 usart_spi.o
                0x000042b2                USART_SPI_RXWaiting
 .text.USART_SPI_TXWaiting
                0x000042ca        0xc usart_spi.o
                0x000042ca                USART_SPI_TXWaiting
 .text.USART_SPI_ClearRx
                0x000042d6       0x20 usart_spi.o
                0x000042d6                USART_SPI_ClearRx
 .text.__vector_51
                0x000042f6       0x9e usart_spi.o
                0x000042f6                __vector_51
 .text.__vector_24
                0x00004394      0x108 usart_spi.o
                0x00004394                __vector_24
 .text.USART_SPI_TxByte
                0x0000449c       0x70 usart_spi.o
                0x0000449c                USART_SPI_TxByte
 .text.USART_SPI_TxBytes
                0x0000450c       0x24 usart_spi.o
                0x0000450c                USART_SPI_TxBytes
 .text.USART_SPI_RxBytes
                0x00004530        0xa usart_spi.o
                0x00004530                USART_SPI_RxBytes
 .text.libgcc.div
                0x0000453a       0x28 c:/program files (x86)/atmel/studio/7.0/toolchain/avr8/avr8-gnu-toolchain/bin/../lib/gcc/avr/5.4.0/avr6\libgcc.a(_udivmodhi4.o)
                0x0000453a                __udivmodhi4
 .text.libgcc.div
                0x00004562       0x44 c:/program files (x86)/atmel/studio/7.0/toolchain/avr8/avr8-gnu-toolchain/bin/../lib/gcc/avr/5.4.0/avr6\libgcc.a(_udivmodsi4.o)
                0x00004562                __udivmodsi4
 .text.libgcc.div
                0x000045a6       0x28 c:/program files (x86)/atmel/studio/7.0/toolchain/avr8/avr8-gnu-toolchain/bin/../lib/gcc/avr/5.4.0/avr6\libgcc.a(_divmodsi4.o)
                0x000045a6                __divmodsi4
 .text.libgcc.div
                0x000045ce       0x10 c:/program files (x86)/atmel/studio/7.0/toolchain/avr8/avr8-gnu-toolchain/bin/../lib/gcc/avr/5.4.0/avr6\libgcc.a(_negsi2.o)
                0x000045ce                __negsi2
 .text.libgcc   0x000045de       0x10 c:/program files (x86)/atmel/studio/7.0/toolchain/avr8/avr8-gnu-toolchain/bin/../lib/gcc/avr/5.4.0/avr6\libgcc.a(_tablejump2.o)
                0x000045de                __tablejump2__
 .text.libgcc.mul
                0x000045ee       0x1e c:/program files (x86)/atmel/studio/7.0/toolchain/avr8/avr8-gnu-toolchain/bin/../lib/gcc/avr/5.4.0/avr6\libgcc.a(_umulhisi3.o)
                0x000045ee                __umulhisi3
 .text.libgcc.mul
                0x0000460c        0xc c:/program files (x86)/atmel/studio/7.0/toolchain/avr8/avr8-gnu-toolchain/bin/../lib/gcc/avr/5.4.0/avr6\libgcc.a(_usmulhisi3.o)
                0x0000460c                __usmulhisi3
                0x0000460e                __usmulhisi3_tail
 .text.libgcc.mul
                0x00004618       0x14 c:/program files (x86)/atmel/studio/7.0/toolchain/avr8/avr8-gnu-toolchain/bin/../lib/gcc/avr/5.4.0/avr6\libgcc.a(_muluhisi3.o)
                0x00004618                __muluhisi3
 .text.libgcc.mul
                0x0000462c       0x4e c:/program files (x86)/atmel/studio/7.0/toolchain/avr8/avr8-gnu-toolchain/bin/../lib/gcc/avr/5.4.0/avr6\libgcc.a(_umulsidi3.o)
                0x0000462c                __umulsidi3
                0x0000462e                __umulsidi3_helper
 .text.libgcc.builtins
                0x0000467a       0x3c c:/program files (x86)/atmel/studio/7.0/toolchain/avr8/avr8-gnu-toolchain/bin/../lib/gcc/avr/5.4.0/avr6\libgcc.a(_ashrdi3.o)
                0x0000467a                __ashrdi3
                0x0000467e                __lshrdi3
 .text.libgcc.mul
                0x000046b6       0x10 c:/program files (x86)/atmel/studio/7.0/toolchain/avr8/avr8-gnu-toolchain/bin/../lib/gcc/avr/5.4.0/avr6\libgcc.a(_muldi3_6.o)
                0x000046b6                __muldi3_6
 .text.avr-libc
                0x000046c6       0x16 c:/program files (x86)/atmel/studio/7.0/toolchain/avr8/avr8-gnu-toolchain/bin/../lib/gcc/avr/5.4.0/../../../../avr/lib/avr6\libc.a(strcat.o)
                0x000046c6                strcat
 .text.avr-libc
                0x000046dc        0xe c:/program files (x86)/atmel/studio/7.0/toolchain/avr8/avr8-gnu-toolchain/bin/../lib/gcc/avr/5.4.0/../../../../avr/lib/avr6\libc.a(strcpy.o)
                0x000046dc                strcpy
 .text.avr-libc
                0x000046ea       0x14 c:/program files (x86)/atmel/studio/7.0/toolchain/avr8/avr8-gnu-toolchain/bin/../lib/gcc/avr/5.4.0/../../../../avr/lib/avr6\libc.a(itoa_ncheck.o)
                0x000046ea                __itoa_ncheck
 .text.avr-libc
                0x000046fe       0x1c c:/program files (x86)/atmel/studio/7.0/toolchain/avr8/avr8-gnu-toolchain/bin/../lib/gcc/avr/5.4.0/../../../../avr/lib/avr6\libc.a(ltoa_ncheck.o)
                0x000046fe                __ltoa_ncheck
 .text.avr-libc
                0x0000471a       0x42 c:/program files (x86)/atmel/studio/7.0/toolchain/avr8/avr8-gnu-toolchain/bin/../lib/gcc/avr/5.4.0/../../../../avr/lib/avr6\libc.a(ultoa_ncheck.o)
                0x0000471a                __ultoa_ncheck
                0x0000471c                __ultoa_common
 .text.avr-libc
                0x0000475c       0x32 c:/program files (x86)/atmel/studio/7.0/toolchain/avr8/avr8-gnu-toolchain/bin/../lib/gcc/avr/5.4.0/../../../../avr/lib/avr6\libc.a(utoa_ncheck.o)
                0x0000475c                __utoa_ncheck
                0x0000475e                __utoa_common
 .text.avr-libc
                0x0000478e       0x20 c:/program files (x86)/atmel/studio/7.0/toolchain/avr8/avr8-gnu-toolchain/bin/../lib/gcc/avr/5.4.0/../../../../avr/lib/avr6\libc.a(strrev.o)
                0x0000478e                strrev
 .text.avr-libc
                0x000047ae       0x20 c:/program files (x86)/atmel/studio/7.0/toolchain/avr8/avr8-gnu-toolchain/bin/../lib/gcc/avr/5.4.0/../../../../avr/lib/avr6\libatmega2560.a(eerd_block.o)
                0x000047ae                eeprom_read_block
                0x000047b2                eeprom_read_blraw
 .text.avr-libc
                0x000047ce       0x10 c:/program files (x86)/atmel/studio/7.0/toolchain/avr8/avr8-gnu-toolchain/bin/../lib/gcc/avr/5.4.0/../../../../avr/lib/avr6\libatmega2560.a(eerd_byte.o)
                0x000047ce                eeprom_read_byte
 .text.avr-libc
                0x000047de        0xa c:/program files (x86)/atmel/studio/7.0/toolchain/avr8/avr8-gnu-toolchain/bin/../lib/gcc/avr/5.4.0/../../../../avr/lib/avr6\libatmega2560.a(eerd_dword.o)
                0x000047de                eeprom_read_float
                0x000047de                eeprom_read_dword
 .text.avr-libc
                0x000047e8        0xa c:/program files (x86)/atmel/studio/7.0/toolchain/avr8/avr8-gnu-toolchain/bin/../lib/gcc/avr/5.4.0/../../../../avr/lib/avr6\libatmega2560.a(eerd_word.o)
                0x000047e8                eeprom_read_word
 .text.avr-libc
                0x000047f2       0x12 c:/program files (x86)/atmel/studio/7.0/toolchain/avr8/avr8-gnu-toolchain/bin/../lib/gcc/avr/5.4.0/../../../../avr/lib/avr6\libatmega2560.a(eewr_block.o)
                0x000047f2                eeprom_write_block
 .text.avr-libc
                0x00004804       0x1c c:/program files (x86)/atmel/studio/7.0/toolchain/avr8/avr8-gnu-toolchain/bin/../lib/gcc/avr/5.4.0/../../../../avr/lib/avr6\libatmega2560.a(eewr_byte.o)
                0x00004804                eeprom_write_byte
                0x00004806                eeprom_write_r18
 .text.avr-libc
                0x00004820        0xa c:/program files (x86)/atmel/studio/7.0/toolchain/avr8/avr8-gnu-toolchain/bin/../lib/gcc/avr/5.4.0/../../../../avr/lib/avr6\libatmega2560.a(eewr_dword.o)
                0x00004820                eeprom_write_dword
                0x00004820                eeprom_write_float
 .text.avr-libc
                0x0000482a        0x6 c:/program files (x86)/atmel/studio/7.0/toolchain/avr8/avr8-gnu-toolchain/bin/../lib/gcc/avr/5.4.0/../../../../avr/lib/avr6\libatmega2560.a(eewr_word.o)
                0x0000482a                eeprom_write_word
                0x00004830                . = ALIGN (0x2)
 *(.fini9)
 .fini9         0x00004830        0x0 c:/program files (x86)/atmel/studio/7.0/toolchain/avr8/avr8-gnu-toolchain/bin/../lib/gcc/avr/5.4.0/avr6\libgcc.a(_exit.o)
                0x00004830                _exit
                0x00004830                exit
 *(.fini9)
 *(.fini8)
 *(.fini8)
 *(.fini7)
 *(.fini7)
 *(.fini6)
 *(.fini6)
 *(.fini5)
 *(.fini5)
 *(.fini4)
 *(.fini4)
 *(.fini3)
 *(.fini3)
 *(.fini2)
 *(.fini2)
 *(.fini1)
 *(.fini1)
 *(.fini0)
 .fini0         0x00004830        0x4 c:/program files (x86)/atmel/studio/7.0/toolchain/avr8/avr8-gnu-toolchain/bin/../lib/gcc/avr/5.4.0/avr6\libgcc.a(_exit.o)
 *(.fini0)
                0x00004834                _etext = .

.data           0x00800200      0x206 load address 0x00004834
                0x00800200                PROVIDE (__data_start, .)
 *(.data)
 *(.data*)
 .data.uart0_tx_empty
                0x00800200        0x1 uart0.o
                0x00800200                uart0_tx_empty
 .data.usart_spi_cs_len
                0x00800201        0x1 usart_spi.o
                0x00800201                usart_spi_cs_len
 .data.usart_spi_cs_port
                0x00800202        0x2 usart_spi.o
                0x00800202                usart_spi_cs_port
 .data.usart_spi_tx_buffer_empty
                0x00800204        0x1 usart_spi.o
                0x00800204                usart_spi_tx_buffer_empty
 *(.gnu.linkonce.d*)
 *(.rodata)
 .rodata        0x00800205       0x12 main.o
 *(.rodata*)
 .rodata.str1.1
                0x00800217       0x46 Cards/Amplifier.o
                                 0x48 (size before relaxing)
 .rodata.str1.1
                0x0080025d       0x13 Cards/FrontEnd.o
                                 0x59 (size before relaxing)
 .rodata.str1.1
                0x00800270       0x17 Cards/LED_Source.o
                                 0x3f (size before relaxing)
 .rodata.str1.1
                0x00800287       0x2b Cards/MOSFET_BreakDown.o
                                 0x5e (size before relaxing)
 .rodata.str1.1
                0x008002b2       0x33 Cards/MOSFET_Source.o
                                 0x6a (size before relaxing)
 .rodata.str1.1
                0x008002e5       0x24 Cards/Slot_Tester.o
                                 0x4e (size before relaxing)
 .rodata.str1.1
                0x00800309        0x9 Serial_ReadWrite.o
 .rodata.str1.1
                0x00800312       0xf3 terminal.o
                                0x116 (size before relaxing)
 *(.gnu.linkonce.r*)
                0x00800406                . = ALIGN (0x2)
 *fill*         0x00800405        0x1 
                0x00800406                _edata = .
                0x00800406                PROVIDE (__data_end, .)

.bss            0x00800406      0x34a
                0x00800406                PROVIDE (__bss_start, .)
 *(.bss)
 *(.bss*)
 .bss.uart0_tx_char_write
                0x00800406        0x1 uart0.o
                0x00800406                uart0_tx_char_write
 .bss.uart0_tx_char_read
                0x00800407        0x1 uart0.o
                0x00800407                uart0_tx_char_read
 .bss.uart0_rx_blocked
                0x00800408        0x1 uart0.o
                0x00800408                uart0_rx_blocked
 .bss.uart0_rx_lines
                0x00800409        0x1 uart0.o
                0x00800409                uart0_rx_lines
 .bss.uart0_rx_overrun
                0x0080040a        0x1 uart0.o
                0x0080040a                uart0_rx_overrun
 .bss.uart0_rx_char_write
                0x0080040b        0x1 uart0.o
                0x0080040b                uart0_rx_char_write
 .bss.uart0_rx_char_read
                0x0080040c        0x1 uart0.o
                0x0080040c                uart0_rx_char_read
 .bss.usart_spi_byte_count
                0x0080040d        0x1 usart_spi.o
                0x0080040d                usart_spi_byte_count
 .bss.usart_spi_cs_neg
                0x0080040e        0x1 usart_spi.o
                0x0080040e                usart_spi_cs_neg
 .bss.usart_spi_cs_pin
                0x0080040f        0x1 usart_spi.o
                0x0080040f                usart_spi_cs_pin
 .bss.usart_spi_tx_char_write
                0x00800410        0x1 usart_spi.o
                0x00800410                usart_spi_tx_char_write
 .bss.usart_spi_tx_char_read
                0x00800411        0x1 usart_spi.o
                0x00800411                usart_spi_tx_char_read
 .bss.usart_spi_rx_flag
                0x00800412        0x1 usart_spi.o
                0x00800412                usart_spi_rx_flag
 .bss.usart_spi_rx_buffer_overrun
                0x00800413        0x1 usart_spi.o
                0x00800413                usart_spi_rx_buffer_overrun
 .bss.usart_spi_rx_char_write
                0x00800414        0x1 usart_spi.o
                0x00800414                usart_spi_rx_char_write
 .bss.usart_spi_rx_char_read
                0x00800415        0x1 usart_spi.o
                0x00800415                usart_spi_rx_char_read
 *(COMMON)
 COMMON         0x00800416       0xa2 Cards/Amplifier.o
                0x00800416                uart0_rx
                0x00800497                amplifier_gain
                0x008004a7                amplifier_offset_voltage_mV
                0x008004b7                uart0_active_timer
 COMMON         0x008004b8       0x20 Cards/FrontEnd.o
                0x008004b8                frontEnd_offset_voltage_mV
                0x008004c8                frontEnd_gain
 COMMON         0x008004d8       0x20 Cards/LED_Source.o
                0x008004d8                led_Source_Meas_Current_0mA1
                0x008004e8                led_Source_Heat_Current_mA
 COMMON         0x008004f8       0x10 Cards/MOSFET_BreakDown.o
                0x008004f8                breakDown_V_GS_mV
 COMMON         0x00800508       0x30 Cards/MOSFET_Source.o
                0x00800508                mosfet_Source_Meas_Current_0mA1
                0x00800518                mosfet_Source_Heat_Current_mA
                0x00800528                mosfet_Source_Meas_Voltage_10mV
 COMMON         0x00800538       0x10 Cards/Slot_Tester.o
                0x00800538                slot_Tester_Display_number
 COMMON         0x00800548       0x36 globalVAR.o
                0x00800548                deterministic_pulse_length
                0x0080054a                heat_pulse_length
                0x0080054e                deterministic_pulse_cycles
                0x00800550                measured_binary_meas
                0x00800560                measure_pulse_length
                0x00800564                current_source_enabled
                0x00800565                pulse_output_register
                0x00800566                measured_binary_heat
                0x00800576                card_Type
 COMMON         0x0080057e       0x40 ICs/AD5752.o
                0x0080057e                usart_spi_rx
 COMMON         0x008005be        0x7 main.o
                0x008005be                flag_DPA_TTA
                0x008005bf                interrupt_1ms
                0x008005c0                interrupt_1hz
                0x008005c1                flag_std_TTA
                0x008005c2                interrupt_10hz
                0x008005c3                flag_HPP_TTA
                0x008005c4                terminal_timeout
 COMMON         0x008005c5        0x8 my_Timers.o
                0x008005c5                deterministic_pulse_counter
                0x008005c7                heat_pulse_precount
                0x008005c8                heat_pulse_lastcount
                0x008005ca                measure_pulse_precount
                0x008005cb                measure_pulse_lastcount
 COMMON         0x008005cd        0x3 terminal.o
                0x008005cd                string
                0x008005cf                len
 COMMON         0x008005d0      0x100 uart0.o
                0x008005d0                uart0_tx_buffer
                0x00800650                uart0_rx_buffer
 COMMON         0x008006d0       0x80 usart_spi.o
                0x008006d0                usart_spi_tx_buffer
                0x00800710                usart_spi_rx_buffer
                0x00800750                PROVIDE (__bss_end, .)
                0x00004834                __data_load_start = LOADADDR (.data)
                0x00004a3a                __data_load_end = (__data_load_start + SIZEOF (.data))

.noinit         0x00800750        0x0
                [!provide]                PROVIDE (__noinit_start, .)
 *(.noinit*)
                [!provide]                PROVIDE (__noinit_end, .)
                0x00800750                _end = .
                [!provide]                PROVIDE (__heap_start, .)

.eeprom         0x00810000       0x54
 *(.eeprom*)
 .eeprom        0x00810000       0x54 globalVAR.o
                0x00810000                deterministic_pulse_cycles_eeprom
                0x00810002                deterministic_pulse_length_eeprom
                0x00810004                measure_pulse_length_eeprom
                0x00810008                heat_pulse_length_eeprom
                0x0081000c                parameter3_eeprom
                0x0081001c                parameter2_eeprom
                0x0081002c                parameter1_eeprom
                0x0081003c                card_Type_register_eeprom
                0x00810044                pulse_output_register_eeprom
                0x00810045                manufacturind_date_eeprom
                0x0081004e                hardware_version_eeprom
                0x00810052                firmware_code_eeprom
                0x00810054                __eeprom_end = .

.fuse
 *(.fuse)
 *(.lfuse)
 *(.hfuse)
 *(.efuse)

.lock
 *(.lock*)

.signature
 *(.signature*)

.user_signatures
 *(.user_signatures*)

.stab
 *(.stab)

.stabstr
 *(.stabstr)

.stab.excl
 *(.stab.excl)

.stab.exclstr
 *(.stab.exclstr)

.stab.index
 *(.stab.index)

.stab.indexstr
 *(.stab.indexstr)

.comment        0x00000000       0x30
 *(.comment)
 .comment       0x00000000       0x30 Cards/Amplifier.o
                                 0x31 (size before relaxing)
 .comment       0x00000030       0x31 Cards/FrontEnd.o
 .comment       0x00000030       0x31 Cards/LED_Source.o
 .comment       0x00000030       0x31 Cards/MOSFET_BreakDown.o
 .comment       0x00000030       0x31 Cards/MOSFET_Source.o
 .comment       0x00000030       0x31 Cards/Slot_Tester.o
 .comment       0x00000030       0x31 globalVAR.o
 .comment       0x00000030       0x31 ICs/AD5752.o
 .comment       0x00000030       0x31 ICs/LTC1864.o
 .comment       0x00000030       0x31 ICs/MCP23S08.o
 .comment       0x00000030       0x31 main.o
 .comment       0x00000030       0x31 my_PulseSequences.o
 .comment       0x00000030       0x31 my_Timers.o
 .comment       0x00000030       0x31 Serial_ReadWrite.o
 .comment       0x00000030       0x31 terminal.o
 .comment       0x00000030       0x31 uart0.o
 .comment       0x00000030       0x31 usart_spi.o

.note.gnu.avr.deviceinfo
                0x00000000       0x40
 .note.gnu.avr.deviceinfo
                0x00000000       0x40 c:/program files (x86)/atmel/studio/7.0/toolchain/avr8/avr8-gnu-toolchain/bin/../lib/gcc/avr/5.4.0/../../../../avr/lib/avr6/crtatmega2560.o

.note.gnu.build-id
 *(.note.gnu.build-id)

.debug
 *(.debug)

.line
 *(.line)

.debug_srcinfo
 *(.debug_srcinfo)

.debug_sfnames
 *(.debug_sfnames)

.debug_aranges  0x00000000      0x5c8
 *(.debug_aranges)
 .debug_aranges
                0x00000000       0x50 Cards/Amplifier.o
 .debug_aranges
                0x00000050       0x60 Cards/FrontEnd.o
 .debug_aranges
                0x000000b0       0x50 Cards/LED_Source.o
 .debug_aranges
                0x00000100       0x80 Cards/MOSFET_BreakDown.o
 .debug_aranges
                0x00000180       0x80 Cards/MOSFET_Source.o
 .debug_aranges
                0x00000200       0x58 Cards/Slot_Tester.o
 .debug_aranges
                0x00000258       0x18 globalVAR.o
 .debug_aranges
                0x00000270       0x28 ICs/AD5752.o
 .debug_aranges
                0x00000298       0x28 ICs/LTC1864.o
 .debug_aranges
                0x000002c0       0x30 ICs/MCP23S08.o
 .debug_aranges
                0x000002f0       0x50 main.o
 .debug_aranges
                0x00000340       0x50 my_PulseSequences.o
 .debug_aranges
                0x00000390       0x80 my_Timers.o
 .debug_aranges
                0x00000410       0x78 Serial_ReadWrite.o
 .debug_aranges
                0x00000488       0x30 terminal.o
 .debug_aranges
                0x000004b8       0x88 uart0.o
 .debug_aranges
                0x00000540       0x88 usart_spi.o

.debug_pubnames
 *(.debug_pubnames)

.debug_info     0x00000000     0x97f7
 *(.debug_info .gnu.linkonce.wi.*)
 .debug_info    0x00000000      0xbbc c:/program files (x86)/atmel/studio/7.0/toolchain/avr8/avr8-gnu-toolchain/bin/../lib/gcc/avr/5.4.0/../../../../avr/lib/avr6/crtatmega2560.o
 .debug_info    0x00000bbc      0x825 Cards/Amplifier.o
 .debug_info    0x000013e1      0xc02 Cards/FrontEnd.o
 .debug_info    0x00001fe3      0x86e Cards/LED_Source.o
 .debug_info    0x00002851      0xfef Cards/MOSFET_BreakDown.o
 .debug_info    0x00003840      0xcc8 Cards/MOSFET_Source.o
 .debug_info    0x00004508      0xbc3 Cards/Slot_Tester.o
 .debug_info    0x000050cb      0x23f globalVAR.o
 .debug_info    0x0000530a      0x293 ICs/AD5752.o
 .debug_info    0x0000559d      0x32a ICs/LTC1864.o
 .debug_info    0x000058c7      0x29e ICs/MCP23S08.o
 .debug_info    0x00005b65      0xa73 main.o
 .debug_info    0x000065d8      0x2fc my_PulseSequences.o
 .debug_info    0x000068d4      0x49c my_Timers.o
 .debug_info    0x00006d70      0xc99 Serial_ReadWrite.o
 .debug_info    0x00007a09     0x13fd terminal.o
 .debug_info    0x00008e06      0x499 uart0.o
 .debug_info    0x0000929f      0x558 usart_spi.o

.debug_abbrev   0x00000000     0x2543
 *(.debug_abbrev)
 .debug_abbrev  0x00000000      0xb1a c:/program files (x86)/atmel/studio/7.0/toolchain/avr8/avr8-gnu-toolchain/bin/../lib/gcc/avr/5.4.0/../../../../avr/lib/avr6/crtatmega2560.o
 .debug_abbrev  0x00000b1a      0x127 Cards/Amplifier.o
 .debug_abbrev  0x00000c41      0x16c Cards/FrontEnd.o
 .debug_abbrev  0x00000dad      0x114 Cards/LED_Source.o
 .debug_abbrev  0x00000ec1      0x1d4 Cards/MOSFET_BreakDown.o
 .debug_abbrev  0x00001095      0x173 Cards/MOSFET_Source.o
 .debug_abbrev  0x00001208      0x1e5 Cards/Slot_Tester.o
 .debug_abbrev  0x000013ed       0x56 globalVAR.o
 .debug_abbrev  0x00001443       0xe5 ICs/AD5752.o
 .debug_abbrev  0x00001528      0x15e ICs/LTC1864.o
 .debug_abbrev  0x00001686      0x126 ICs/MCP23S08.o
 .debug_abbrev  0x000017ac      0x232 main.o
 .debug_abbrev  0x000019de      0x115 my_PulseSequences.o
 .debug_abbrev  0x00001af3      0x145 my_Timers.o
 .debug_abbrev  0x00001c38      0x300 Serial_ReadWrite.o
 .debug_abbrev  0x00001f38      0x1a1 terminal.o
 .debug_abbrev  0x000020d9      0x1fd uart0.o
 .debug_abbrev  0x000022d6      0x26d usart_spi.o

.debug_line     0x00000000     0x4821
 *(.debug_line .debug_line.* .debug_line_end)
 .debug_line    0x00000000       0x1a c:/program files (x86)/atmel/studio/7.0/toolchain/avr8/avr8-gnu-toolchain/bin/../lib/gcc/avr/5.4.0/../../../../avr/lib/avr6/crtatmega2560.o
 .debug_line    0x0000001a      0x3b4 Cards/Amplifier.o
 .debug_line    0x000003ce      0x4d3 Cards/FrontEnd.o
 .debug_line    0x000008a1      0x3cd Cards/LED_Source.o
 .debug_line    0x00000c6e      0x678 Cards/MOSFET_BreakDown.o
 .debug_line    0x000012e6      0x539 Cards/MOSFET_Source.o
 .debug_line    0x0000181f      0x625 Cards/Slot_Tester.o
 .debug_line    0x00001e44       0x90 globalVAR.o
 .debug_line    0x00001ed4      0x12b ICs/AD5752.o
 .debug_line    0x00001fff      0x1c4 ICs/LTC1864.o
 .debug_line    0x000021c3      0x13a ICs/MCP23S08.o
 .debug_line    0x000022fd      0x646 main.o
 .debug_line    0x00002943      0x2a3 my_PulseSequences.o
 .debug_line    0x00002be6      0x430 my_Timers.o
 .debug_line    0x00003016      0x5e6 Serial_ReadWrite.o
 .debug_line    0x000035fc      0x88c terminal.o
 .debug_line    0x00003e88      0x4f0 uart0.o
 .debug_line    0x00004378      0x4a9 usart_spi.o

.debug_frame    0x00000000     0x1258
 *(.debug_frame)
 .debug_frame   0x00000000       0xf0 Cards/Amplifier.o
 .debug_frame   0x000000f0      0x11c Cards/FrontEnd.o
 .debug_frame   0x0000020c      0x108 Cards/LED_Source.o
 .debug_frame   0x00000314      0x158 Cards/MOSFET_BreakDown.o
 .debug_frame   0x0000046c      0x1b0 Cards/MOSFET_Source.o
 .debug_frame   0x0000061c      0x128 Cards/Slot_Tester.o
 .debug_frame   0x00000744       0x70 ICs/AD5752.o
 .debug_frame   0x000007b4       0x74 ICs/LTC1864.o
 .debug_frame   0x00000828       0x84 ICs/MCP23S08.o
 .debug_frame   0x000008ac      0x108 main.o
 .debug_frame   0x000009b4       0x84 my_PulseSequences.o
 .debug_frame   0x00000a38      0x254 my_Timers.o
 .debug_frame   0x00000c8c      0x240 Serial_ReadWrite.o
 .debug_frame   0x00000ecc       0x60 terminal.o
 .debug_frame   0x00000f2c      0x198 uart0.o
 .debug_frame   0x000010c4      0x194 usart_spi.o

.debug_str      0x00000000     0x1ab0
 *(.debug_str)
 .debug_str     0x00000000      0x3e6 c:/program files (x86)/atmel/studio/7.0/toolchain/avr8/avr8-gnu-toolchain/bin/../lib/gcc/avr/5.4.0/../../../../avr/lib/avr6/crtatmega2560.o
 .debug_str     0x000003e6      0x34b Cards/Amplifier.o
                                0x3c2 (size before relaxing)
 .debug_str     0x00000731      0x175 Cards/FrontEnd.o
                                0x451 (size before relaxing)
 .debug_str     0x000008a6      0x11c Cards/LED_Source.o
                                0x3e5 (size before relaxing)
 .debug_str     0x000009c2      0x1b1 Cards/MOSFET_BreakDown.o
                                0x4ad (size before relaxing)
 .debug_str     0x00000b73      0x285 Cards/MOSFET_Source.o
                                0x569 (size before relaxing)
 .debug_str     0x00000df8      0x10c Cards/Slot_Tester.o
                                0x3fd (size before relaxing)
 .debug_str     0x00000f04      0x178 globalVAR.o
                                0x376 (size before relaxing)
 .debug_str     0x0000107c       0x60 ICs/AD5752.o
                                0x202 (size before relaxing)
 .debug_str     0x000010dc       0x63 ICs/LTC1864.o
                                0x283 (size before relaxing)
 .debug_str     0x0000113f       0x23 ICs/MCP23S08.o
                                0x24d (size before relaxing)
 .debug_str     0x00001162      0x28d main.o
                                0x897 (size before relaxing)
 .debug_str     0x000013ef      0x11b my_PulseSequences.o
                                0x349 (size before relaxing)
 .debug_str     0x0000150a       0xc1 my_Timers.o
                                0x56f (size before relaxing)
 .debug_str     0x000015cb       0xe5 Serial_ReadWrite.o
                                0x2ee (size before relaxing)
 .debug_str     0x000016b0       0x79 terminal.o
                                0x796 (size before relaxing)
 .debug_str     0x00001729      0x1a3 uart0.o
                                0x397 (size before relaxing)
 .debug_str     0x000018cc      0x1e4 usart_spi.o
                                0x40c (size before relaxing)

.debug_loc      0x00000000     0x61d5
 *(.debug_loc)
 .debug_loc     0x00000000      0x51b Cards/Amplifier.o
 .debug_loc     0x0000051b      0x749 Cards/FrontEnd.o
 .debug_loc     0x00000c64      0x5a2 Cards/LED_Source.o
 .debug_loc     0x00001206      0x9e6 Cards/MOSFET_BreakDown.o
 .debug_loc     0x00001bec      0x898 Cards/MOSFET_Source.o
 .debug_loc     0x00002484      0xbdf Cards/Slot_Tester.o
 .debug_loc     0x00003063      0x227 ICs/AD5752.o
 .debug_loc     0x0000328a      0x22c ICs/LTC1864.o
 .debug_loc     0x000034b6      0x21a ICs/MCP23S08.o
 .debug_loc     0x000036d0      0x330 main.o
 .debug_loc     0x00003a00       0x48 my_PulseSequences.o
 .debug_loc     0x00003a48      0x441 my_Timers.o
 .debug_loc     0x00003e89      0xe5c Serial_ReadWrite.o
 .debug_loc     0x00004ce5      0xe06 terminal.o
 .debug_loc     0x00005aeb      0x386 uart0.o
 .debug_loc     0x00005e71      0x364 usart_spi.o

.debug_macinfo
 *(.debug_macinfo)

.debug_weaknames
 *(.debug_weaknames)

.debug_funcnames
 *(.debug_funcnames)

.debug_typenames
 *(.debug_typenames)

.debug_varnames
 *(.debug_varnames)

.debug_pubtypes
 *(.debug_pubtypes)

.debug_ranges   0x00000000      0x518
 *(.debug_ranges)
 .debug_ranges  0x00000000       0x40 Cards/Amplifier.o
 .debug_ranges  0x00000040       0x50 Cards/FrontEnd.o
 .debug_ranges  0x00000090       0x40 Cards/LED_Source.o
 .debug_ranges  0x000000d0       0x70 Cards/MOSFET_BreakDown.o
 .debug_ranges  0x00000140       0x70 Cards/MOSFET_Source.o
 .debug_ranges  0x000001b0       0x48 Cards/Slot_Tester.o
 .debug_ranges  0x000001f8       0x18 ICs/AD5752.o
 .debug_ranges  0x00000210       0x18 ICs/LTC1864.o
 .debug_ranges  0x00000228       0x20 ICs/MCP23S08.o
 .debug_ranges  0x00000248       0x40 main.o
 .debug_ranges  0x00000288       0x40 my_PulseSequences.o
 .debug_ranges  0x000002c8       0x70 my_Timers.o
 .debug_ranges  0x00000338       0xd0 Serial_ReadWrite.o
 .debug_ranges  0x00000408       0x20 terminal.o
 .debug_ranges  0x00000428       0x78 uart0.o
 .debug_ranges  0x000004a0       0x78 usart_spi.o

.debug_macro
 *(.debug_macro)
OUTPUT(MC_RthTEC_V0_0_5.elf elf32-avr)
LOAD linker stubs
