Archive member included to satisfy reference by file (symbol)

c:/program files (x86)/atmel/studio/7.0/toolchain/avr8/avr8-gnu-toolchain/bin/../lib/gcc/avr/5.4.0/avr6\libgcc.a(_udivmodhi4.o)
                              terminal.o (__udivmodhi4)
c:/program files (x86)/atmel/studio/7.0/toolchain/avr8/avr8-gnu-toolchain/bin/../lib/gcc/avr/5.4.0/avr6\libgcc.a(_udivmodsi4.o)
                              ad5752.o (__udivmodsi4)
c:/program files (x86)/atmel/studio/7.0/toolchain/avr8/avr8-gnu-toolchain/bin/../lib/gcc/avr/5.4.0/avr6\libgcc.a(_exit.o)
                              c:/program files (x86)/atmel/studio/7.0/toolchain/avr8/avr8-gnu-toolchain/bin/../lib/gcc/avr/5.4.0/../../../../avr/lib/avr6/crtatmega2560.o (exit)
c:/program files (x86)/atmel/studio/7.0/toolchain/avr8/avr8-gnu-toolchain/bin/../lib/gcc/avr/5.4.0/avr6\libgcc.a(_tablejump2.o)
                              Cards/Slot_Tester.o (__tablejump2__)
c:/program files (x86)/atmel/studio/7.0/toolchain/avr8/avr8-gnu-toolchain/bin/../lib/gcc/avr/5.4.0/avr6\libgcc.a(_copy_data.o)
                              Cards/FrontEnd.o (__do_copy_data)
c:/program files (x86)/atmel/studio/7.0/toolchain/avr8/avr8-gnu-toolchain/bin/../lib/gcc/avr/5.4.0/avr6\libgcc.a(_clear_bss.o)
                              ad5752.o (__do_clear_bss)
c:/program files (x86)/atmel/studio/7.0/toolchain/avr8/avr8-gnu-toolchain/bin/../lib/gcc/avr/5.4.0/avr6\libgcc.a(_umulhisi3.o)
                              ad5752.o (__umulhisi3)
c:/program files (x86)/atmel/studio/7.0/toolchain/avr8/avr8-gnu-toolchain/bin/../lib/gcc/avr/5.4.0/avr6\libgcc.a(_usmulhisi3.o)
                              LTC1864.o (__usmulhisi3)
c:/program files (x86)/atmel/studio/7.0/toolchain/avr8/avr8-gnu-toolchain/bin/../lib/gcc/avr/5.4.0/avr6\libgcc.a(_muluhisi3.o)
                              ad5752.o (__muluhisi3)
c:/program files (x86)/atmel/studio/7.0/toolchain/avr8/avr8-gnu-toolchain/bin/../lib/gcc/avr/5.4.0/../../../../avr/lib/avr6\libc.a(strcat.o)
                              terminal.o (strcat)
c:/program files (x86)/atmel/studio/7.0/toolchain/avr8/avr8-gnu-toolchain/bin/../lib/gcc/avr/5.4.0/../../../../avr/lib/avr6\libc.a(strcpy.o)
                              terminal.o (strcpy)
c:/program files (x86)/atmel/studio/7.0/toolchain/avr8/avr8-gnu-toolchain/bin/../lib/gcc/avr/5.4.0/../../../../avr/lib/avr6\libc.a(itoa_ncheck.o)
                              terminal.o (__itoa_ncheck)
c:/program files (x86)/atmel/studio/7.0/toolchain/avr8/avr8-gnu-toolchain/bin/../lib/gcc/avr/5.4.0/../../../../avr/lib/avr6\libc.a(ltoa_ncheck.o)
                              terminal.o (__ltoa_ncheck)
c:/program files (x86)/atmel/studio/7.0/toolchain/avr8/avr8-gnu-toolchain/bin/../lib/gcc/avr/5.4.0/../../../../avr/lib/avr6\libc.a(ultoa_ncheck.o)
                              c:/program files (x86)/atmel/studio/7.0/toolchain/avr8/avr8-gnu-toolchain/bin/../lib/gcc/avr/5.4.0/../../../../avr/lib/avr6\libc.a(ltoa_ncheck.o) (__ultoa_common)
c:/program files (x86)/atmel/studio/7.0/toolchain/avr8/avr8-gnu-toolchain/bin/../lib/gcc/avr/5.4.0/../../../../avr/lib/avr6\libc.a(utoa_ncheck.o)
                              c:/program files (x86)/atmel/studio/7.0/toolchain/avr8/avr8-gnu-toolchain/bin/../lib/gcc/avr/5.4.0/../../../../avr/lib/avr6\libc.a(itoa_ncheck.o) (__utoa_common)
c:/program files (x86)/atmel/studio/7.0/toolchain/avr8/avr8-gnu-toolchain/bin/../lib/gcc/avr/5.4.0/../../../../avr/lib/avr6\libc.a(strrev.o)
                              c:/program files (x86)/atmel/studio/7.0/toolchain/avr8/avr8-gnu-toolchain/bin/../lib/gcc/avr/5.4.0/../../../../avr/lib/avr6\libc.a(ultoa_ncheck.o) (strrev)
c:/program files (x86)/atmel/studio/7.0/toolchain/avr8/avr8-gnu-toolchain/bin/../lib/gcc/avr/5.4.0/../../../../avr/lib/avr6\libatmega2560.a(eerd_block.o)
                              main.o (eeprom_read_block)
c:/program files (x86)/atmel/studio/7.0/toolchain/avr8/avr8-gnu-toolchain/bin/../lib/gcc/avr/5.4.0/../../../../avr/lib/avr6\libatmega2560.a(eerd_byte.o)
                              main.o (eeprom_read_byte)
c:/program files (x86)/atmel/studio/7.0/toolchain/avr8/avr8-gnu-toolchain/bin/../lib/gcc/avr/5.4.0/../../../../avr/lib/avr6\libatmega2560.a(eerd_dword.o)
                              main.o (eeprom_read_dword)
c:/program files (x86)/atmel/studio/7.0/toolchain/avr8/avr8-gnu-toolchain/bin/../lib/gcc/avr/5.4.0/../../../../avr/lib/avr6\libatmega2560.a(eerd_word.o)
                              Cards/Amplifier.o (eeprom_read_word)
c:/program files (x86)/atmel/studio/7.0/toolchain/avr8/avr8-gnu-toolchain/bin/../lib/gcc/avr/5.4.0/../../../../avr/lib/avr6\libatmega2560.a(eewr_block.o)
                              main.o (eeprom_write_block)
c:/program files (x86)/atmel/studio/7.0/toolchain/avr8/avr8-gnu-toolchain/bin/../lib/gcc/avr/5.4.0/../../../../avr/lib/avr6\libatmega2560.a(eewr_byte.o)
                              main.o (eeprom_write_byte)
c:/program files (x86)/atmel/studio/7.0/toolchain/avr8/avr8-gnu-toolchain/bin/../lib/gcc/avr/5.4.0/../../../../avr/lib/avr6\libatmega2560.a(eewr_dword.o)
                              main.o (eeprom_write_dword)
c:/program files (x86)/atmel/studio/7.0/toolchain/avr8/avr8-gnu-toolchain/bin/../lib/gcc/avr/5.4.0/../../../../avr/lib/avr6\libatmega2560.a(eewr_word.o)
                              Cards/Amplifier.o (eeprom_write_word)

Allocating common symbols
Common symbol       size              file

heat_pulse_voltage  0x4               ad5752.o
frontEnd_offset_voltage_mV
                    0x10              ad5752.o
measure_pulse_voltage
                    0x2               ad5752.o
led_Source_Meas_Current_0mA1
                    0x10              ad5752.o
deterministic_pulse_length
                    0x2               ad5752.o
uart0_tx_buffer     0x80              uart0.o
interrupt_1ms       0x1               ad5752.o
heat_pulse_length   0x4               ad5752.o
deterministic_pulse_cycles
                    0x2               ad5752.o
interrupt_1hz       0x1               ad5752.o
uart0_rx            0x81              ad5752.o
deterministic_pulse_counter
                    0x2               my_Timers.o
string              0x2               terminal.o
measure_pulse_current
                    0x2               ad5752.o
heat_pulse_precount
                    0x1               my_Timers.o
led_Source_Heat_Current_mA
                    0x10              ad5752.o
usart_spi_tx_buffer
                    0x40              usart_spi.o
offset_voltage      0x2               ad5752.o
frontEnd_gain       0x10              ad5752.o
led_hp              0x1               ad5752.o
heat_pulse_current  0x2               ad5752.o
led_mp              0x1               ad5752.o
amplifier_gain      0x10              ad5752.o
usart_spi_rx        0x40              ad5752.o
measure_pulse_length
                    0x4               ad5752.o
debug_send          0x1               ad5752.o
amplifier_offset_voltage_mV
                    0x10              ad5752.o
current_source_enabled
                    0x1               ad5752.o
heat_pulse_lastcount
                    0x2               my_Timers.o
usart_spi_rx_buffer
                    0x40              usart_spi.o
startup_wait_counter
                    0x1               ad5752.o
measure_pules_voltage
                    0x4               ad5752.o
measure_pulse_precount
                    0x1               my_Timers.o
flag_standard_TTA   0x1               ad5752.o
window_offset       0x2               ad5752.o
interrupt_10hz      0x1               ad5752.o
uart0_active_timer  0x1               ad5752.o
flag_deterministic_TTA
                    0x1               ad5752.o
pulse_output_register
                    0x1               ad5752.o
measure_pulse_lastcount
                    0x2               my_Timers.o
len                 0x1               terminal.o
uart0_rx_buffer     0x80              uart0.o
terminal_timeout    0x1               ad5752.o
card_Type           0x8               ad5752.o

Discarded input sections

 .data          0x00000000        0x0 c:/program files (x86)/atmel/studio/7.0/toolchain/avr8/avr8-gnu-toolchain/bin/../lib/gcc/avr/5.4.0/../../../../avr/lib/avr6/crtatmega2560.o
 .bss           0x00000000        0x0 c:/program files (x86)/atmel/studio/7.0/toolchain/avr8/avr8-gnu-toolchain/bin/../lib/gcc/avr/5.4.0/../../../../avr/lib/avr6/crtatmega2560.o
 .text          0x00000000        0x0 ad5752.o
 .data          0x00000000        0x0 ad5752.o
 .bss           0x00000000        0x0 ad5752.o
 .text.DAC_TXWaiting
                0x00000000        0x6 ad5752.o
 .text.DAC_Range_and_PowerUp
                0x00000000       0x4e ad5752.o
 .text.DAC_Set  0x00000000       0x38 ad5752.o
 .text.FrontEnd_set_Offset_Voltage
                0x00000000       0x4e ad5752.o
 .text.DAC_Init
                0x00000000       0x76 ad5752.o
 .text          0x00000000        0x0 Cards/Amplifier.o
 .data          0x00000000        0x0 Cards/Amplifier.o
 .bss           0x00000000        0x0 Cards/Amplifier.o
 .text.Amplifier_Default_Values
                0x00000000       0x56 Cards/Amplifier.o
 .text          0x00000000        0x0 Cards/FrontEnd.o
 .data          0x00000000        0x0 Cards/FrontEnd.o
 .bss           0x00000000        0x0 Cards/FrontEnd.o
 .text.FrontEnd_Default_Values
                0x00000000       0x56 Cards/FrontEnd.o
 .text          0x00000000        0x0 Cards/LED_Source.o
 .data          0x00000000        0x0 Cards/LED_Source.o
 .bss           0x00000000        0x0 Cards/LED_Source.o
 .text.LED_Source_Default_Values
                0x00000000       0x56 Cards/LED_Source.o
 .text          0x00000000        0x0 Cards/MOSFET_BreakDown.o
 .data          0x00000000        0x0 Cards/MOSFET_BreakDown.o
 .bss           0x00000000        0x0 Cards/MOSFET_BreakDown.o
 .text          0x00000000        0x0 Cards/Slot_Tester.o
 .data          0x00000000        0x0 Cards/Slot_Tester.o
 .bss           0x00000000        0x0 Cards/Slot_Tester.o
 .text          0x00000000        0x0 ICs/AD5752.o
 .data          0x00000000        0x0 ICs/AD5752.o
 .bss           0x00000000        0x0 ICs/AD5752.o
 .text          0x00000000        0x0 ICs/MCP23S08.o
 .data          0x00000000        0x0 ICs/MCP23S08.o
 .bss           0x00000000        0x0 ICs/MCP23S08.o
 .text.IO_Expander_Init
                0x00000000        0x2 ICs/MCP23S08.o
 .text          0x00000000        0x0 LTC1864.o
 .data          0x00000000        0x0 LTC1864.o
 .bss           0x00000000        0x0 LTC1864.o
 .text.Measure_Voltage_LED
                0x00000000        0x8 LTC1864.o
 .text          0x00000000        0x0 main.o
 .data          0x00000000        0x0 main.o
 .bss           0x00000000        0x0 main.o
 .progmem.data.firmware_version
                0x00000000       0x2a main.o
 .text          0x00000000        0x0 my_Timers.o
 .data          0x00000000        0x0 my_Timers.o
 .bss           0x00000000        0x0 my_Timers.o
 .text          0x00000000        0x0 terminal.o
 .data          0x00000000        0x0 terminal.o
 .bss           0x00000000        0x0 terminal.o
 .text.ParseBool
                0x00000000       0x20 terminal.o
 .text.TransmitInt0
                0x00000000      0x104 terminal.o
 .text.TransmitByte
                0x00000000       0x74 terminal.o
 .text          0x00000000        0x0 uart0.o
 .data          0x00000000        0x0 uart0.o
 .bss           0x00000000        0x0 uart0.o
 .text.UART0ReceiveLen
                0x00000000       0x78 uart0.o
 .text.UART0CharsWaiting
                0x00000000       0x18 uart0.o
 .text.UART0SendWaiting
                0x00000000        0xc uart0.o
 .text.UART0TransmitBytes
                0x00000000       0x26 uart0.o
 .text.UART0DoRxTx
                0x00000000       0xe0 uart0.o
 .bss.uart0_rx_frames
                0x00000000        0x1 uart0.o
 .bss.uart0_rx_lenght
                0x00000000        0x1 uart0.o
 .text          0x00000000        0x0 usart_spi.o
 .data          0x00000000        0x0 usart_spi.o
 .bss           0x00000000        0x0 usart_spi.o
 .text.USART_SPI_Init
                0x00000000        0xa usart_spi.o
 .text.USART_SPI_DoRxTx
                0x00000000       0xd6 usart_spi.o
 .bss.usart_spi_rx_lenght
                0x00000000        0x1 usart_spi.o
 .text          0x00000000        0x0 c:/program files (x86)/atmel/studio/7.0/toolchain/avr8/avr8-gnu-toolchain/bin/../lib/gcc/avr/5.4.0/avr6\libgcc.a(_udivmodhi4.o)
 .data          0x00000000        0x0 c:/program files (x86)/atmel/studio/7.0/toolchain/avr8/avr8-gnu-toolchain/bin/../lib/gcc/avr/5.4.0/avr6\libgcc.a(_udivmodhi4.o)
 .bss           0x00000000        0x0 c:/program files (x86)/atmel/studio/7.0/toolchain/avr8/avr8-gnu-toolchain/bin/../lib/gcc/avr/5.4.0/avr6\libgcc.a(_udivmodhi4.o)
 .text.libgcc.mul
                0x00000000        0x0 c:/program files (x86)/atmel/studio/7.0/toolchain/avr8/avr8-gnu-toolchain/bin/../lib/gcc/avr/5.4.0/avr6\libgcc.a(_udivmodhi4.o)
 .text.libgcc   0x00000000        0x0 c:/program files (x86)/atmel/studio/7.0/toolchain/avr8/avr8-gnu-toolchain/bin/../lib/gcc/avr/5.4.0/avr6\libgcc.a(_udivmodhi4.o)
 .text.libgcc.prologue
                0x00000000        0x0 c:/program files (x86)/atmel/studio/7.0/toolchain/avr8/avr8-gnu-toolchain/bin/../lib/gcc/avr/5.4.0/avr6\libgcc.a(_udivmodhi4.o)
 .text.libgcc.builtins
                0x00000000        0x0 c:/program files (x86)/atmel/studio/7.0/toolchain/avr8/avr8-gnu-toolchain/bin/../lib/gcc/avr/5.4.0/avr6\libgcc.a(_udivmodhi4.o)
 .text.libgcc.fmul
                0x00000000        0x0 c:/program files (x86)/atmel/studio/7.0/toolchain/avr8/avr8-gnu-toolchain/bin/../lib/gcc/avr/5.4.0/avr6\libgcc.a(_udivmodhi4.o)
 .text.libgcc.fixed
                0x00000000        0x0 c:/program files (x86)/atmel/studio/7.0/toolchain/avr8/avr8-gnu-toolchain/bin/../lib/gcc/avr/5.4.0/avr6\libgcc.a(_udivmodhi4.o)
 .text          0x00000000        0x0 c:/program files (x86)/atmel/studio/7.0/toolchain/avr8/avr8-gnu-toolchain/bin/../lib/gcc/avr/5.4.0/avr6\libgcc.a(_udivmodsi4.o)
 .data          0x00000000        0x0 c:/program files (x86)/atmel/studio/7.0/toolchain/avr8/avr8-gnu-toolchain/bin/../lib/gcc/avr/5.4.0/avr6\libgcc.a(_udivmodsi4.o)
 .bss           0x00000000        0x0 c:/program files (x86)/atmel/studio/7.0/toolchain/avr8/avr8-gnu-toolchain/bin/../lib/gcc/avr/5.4.0/avr6\libgcc.a(_udivmodsi4.o)
 .text.libgcc.mul
                0x00000000        0x0 c:/program files (x86)/atmel/studio/7.0/toolchain/avr8/avr8-gnu-toolchain/bin/../lib/gcc/avr/5.4.0/avr6\libgcc.a(_udivmodsi4.o)
 .text.libgcc   0x00000000        0x0 c:/program files (x86)/atmel/studio/7.0/toolchain/avr8/avr8-gnu-toolchain/bin/../lib/gcc/avr/5.4.0/avr6\libgcc.a(_udivmodsi4.o)
 .text.libgcc.prologue
                0x00000000        0x0 c:/program files (x86)/atmel/studio/7.0/toolchain/avr8/avr8-gnu-toolchain/bin/../lib/gcc/avr/5.4.0/avr6\libgcc.a(_udivmodsi4.o)
 .text.libgcc.builtins
                0x00000000        0x0 c:/program files (x86)/atmel/studio/7.0/toolchain/avr8/avr8-gnu-toolchain/bin/../lib/gcc/avr/5.4.0/avr6\libgcc.a(_udivmodsi4.o)
 .text.libgcc.fmul
                0x00000000        0x0 c:/program files (x86)/atmel/studio/7.0/toolchain/avr8/avr8-gnu-toolchain/bin/../lib/gcc/avr/5.4.0/avr6\libgcc.a(_udivmodsi4.o)
 .text.libgcc.fixed
                0x00000000        0x0 c:/program files (x86)/atmel/studio/7.0/toolchain/avr8/avr8-gnu-toolchain/bin/../lib/gcc/avr/5.4.0/avr6\libgcc.a(_udivmodsi4.o)
 .text          0x00000000        0x0 c:/program files (x86)/atmel/studio/7.0/toolchain/avr8/avr8-gnu-toolchain/bin/../lib/gcc/avr/5.4.0/avr6\libgcc.a(_exit.o)
 .data          0x00000000        0x0 c:/program files (x86)/atmel/studio/7.0/toolchain/avr8/avr8-gnu-toolchain/bin/../lib/gcc/avr/5.4.0/avr6\libgcc.a(_exit.o)
 .bss           0x00000000        0x0 c:/program files (x86)/atmel/studio/7.0/toolchain/avr8/avr8-gnu-toolchain/bin/../lib/gcc/avr/5.4.0/avr6\libgcc.a(_exit.o)
 .text.libgcc.mul
                0x00000000        0x0 c:/program files (x86)/atmel/studio/7.0/toolchain/avr8/avr8-gnu-toolchain/bin/../lib/gcc/avr/5.4.0/avr6\libgcc.a(_exit.o)
 .text.libgcc.div
                0x00000000        0x0 c:/program files (x86)/atmel/studio/7.0/toolchain/avr8/avr8-gnu-toolchain/bin/../lib/gcc/avr/5.4.0/avr6\libgcc.a(_exit.o)
 .text.libgcc   0x00000000        0x0 c:/program files (x86)/atmel/studio/7.0/toolchain/avr8/avr8-gnu-toolchain/bin/../lib/gcc/avr/5.4.0/avr6\libgcc.a(_exit.o)
 .text.libgcc.prologue
                0x00000000        0x0 c:/program files (x86)/atmel/studio/7.0/toolchain/avr8/avr8-gnu-toolchain/bin/../lib/gcc/avr/5.4.0/avr6\libgcc.a(_exit.o)
 .text.libgcc.builtins
                0x00000000        0x0 c:/program files (x86)/atmel/studio/7.0/toolchain/avr8/avr8-gnu-toolchain/bin/../lib/gcc/avr/5.4.0/avr6\libgcc.a(_exit.o)
 .text.libgcc.fmul
                0x00000000        0x0 c:/program files (x86)/atmel/studio/7.0/toolchain/avr8/avr8-gnu-toolchain/bin/../lib/gcc/avr/5.4.0/avr6\libgcc.a(_exit.o)
 .text.libgcc.fixed
                0x00000000        0x0 c:/program files (x86)/atmel/studio/7.0/toolchain/avr8/avr8-gnu-toolchain/bin/../lib/gcc/avr/5.4.0/avr6\libgcc.a(_exit.o)
 .text          0x00000000        0x0 c:/program files (x86)/atmel/studio/7.0/toolchain/avr8/avr8-gnu-toolchain/bin/../lib/gcc/avr/5.4.0/avr6\libgcc.a(_tablejump2.o)
 .data          0x00000000        0x0 c:/program files (x86)/atmel/studio/7.0/toolchain/avr8/avr8-gnu-toolchain/bin/../lib/gcc/avr/5.4.0/avr6\libgcc.a(_tablejump2.o)
 .bss           0x00000000        0x0 c:/program files (x86)/atmel/studio/7.0/toolchain/avr8/avr8-gnu-toolchain/bin/../lib/gcc/avr/5.4.0/avr6\libgcc.a(_tablejump2.o)
 .text.libgcc.mul
                0x00000000        0x0 c:/program files (x86)/atmel/studio/7.0/toolchain/avr8/avr8-gnu-toolchain/bin/../lib/gcc/avr/5.4.0/avr6\libgcc.a(_tablejump2.o)
 .text.libgcc.div
                0x00000000        0x0 c:/program files (x86)/atmel/studio/7.0/toolchain/avr8/avr8-gnu-toolchain/bin/../lib/gcc/avr/5.4.0/avr6\libgcc.a(_tablejump2.o)
 .text.libgcc.prologue
                0x00000000        0x0 c:/program files (x86)/atmel/studio/7.0/toolchain/avr8/avr8-gnu-toolchain/bin/../lib/gcc/avr/5.4.0/avr6\libgcc.a(_tablejump2.o)
 .text.libgcc.builtins
                0x00000000        0x0 c:/program files (x86)/atmel/studio/7.0/toolchain/avr8/avr8-gnu-toolchain/bin/../lib/gcc/avr/5.4.0/avr6\libgcc.a(_tablejump2.o)
 .text.libgcc.fmul
                0x00000000        0x0 c:/program files (x86)/atmel/studio/7.0/toolchain/avr8/avr8-gnu-toolchain/bin/../lib/gcc/avr/5.4.0/avr6\libgcc.a(_tablejump2.o)
 .text.libgcc.fixed
                0x00000000        0x0 c:/program files (x86)/atmel/studio/7.0/toolchain/avr8/avr8-gnu-toolchain/bin/../lib/gcc/avr/5.4.0/avr6\libgcc.a(_tablejump2.o)
 .text          0x00000000        0x0 c:/program files (x86)/atmel/studio/7.0/toolchain/avr8/avr8-gnu-toolchain/bin/../lib/gcc/avr/5.4.0/avr6\libgcc.a(_copy_data.o)
 .data          0x00000000        0x0 c:/program files (x86)/atmel/studio/7.0/toolchain/avr8/avr8-gnu-toolchain/bin/../lib/gcc/avr/5.4.0/avr6\libgcc.a(_copy_data.o)
 .bss           0x00000000        0x0 c:/program files (x86)/atmel/studio/7.0/toolchain/avr8/avr8-gnu-toolchain/bin/../lib/gcc/avr/5.4.0/avr6\libgcc.a(_copy_data.o)
 .text.libgcc.mul
                0x00000000        0x0 c:/program files (x86)/atmel/studio/7.0/toolchain/avr8/avr8-gnu-toolchain/bin/../lib/gcc/avr/5.4.0/avr6\libgcc.a(_copy_data.o)
 .text.libgcc.div
                0x00000000        0x0 c:/program files (x86)/atmel/studio/7.0/toolchain/avr8/avr8-gnu-toolchain/bin/../lib/gcc/avr/5.4.0/avr6\libgcc.a(_copy_data.o)
 .text.libgcc   0x00000000        0x0 c:/program files (x86)/atmel/studio/7.0/toolchain/avr8/avr8-gnu-toolchain/bin/../lib/gcc/avr/5.4.0/avr6\libgcc.a(_copy_data.o)
 .text.libgcc.prologue
                0x00000000        0x0 c:/program files (x86)/atmel/studio/7.0/toolchain/avr8/avr8-gnu-toolchain/bin/../lib/gcc/avr/5.4.0/avr6\libgcc.a(_copy_data.o)
 .text.libgcc.builtins
                0x00000000        0x0 c:/program files (x86)/atmel/studio/7.0/toolchain/avr8/avr8-gnu-toolchain/bin/../lib/gcc/avr/5.4.0/avr6\libgcc.a(_copy_data.o)
 .text.libgcc.fmul
                0x00000000        0x0 c:/program files (x86)/atmel/studio/7.0/toolchain/avr8/avr8-gnu-toolchain/bin/../lib/gcc/avr/5.4.0/avr6\libgcc.a(_copy_data.o)
 .text.libgcc.fixed
                0x00000000        0x0 c:/program files (x86)/atmel/studio/7.0/toolchain/avr8/avr8-gnu-toolchain/bin/../lib/gcc/avr/5.4.0/avr6\libgcc.a(_copy_data.o)
 .text          0x00000000        0x0 c:/program files (x86)/atmel/studio/7.0/toolchain/avr8/avr8-gnu-toolchain/bin/../lib/gcc/avr/5.4.0/avr6\libgcc.a(_clear_bss.o)
 .data          0x00000000        0x0 c:/program files (x86)/atmel/studio/7.0/toolchain/avr8/avr8-gnu-toolchain/bin/../lib/gcc/avr/5.4.0/avr6\libgcc.a(_clear_bss.o)
 .bss           0x00000000        0x0 c:/program files (x86)/atmel/studio/7.0/toolchain/avr8/avr8-gnu-toolchain/bin/../lib/gcc/avr/5.4.0/avr6\libgcc.a(_clear_bss.o)
 .text.libgcc.mul
                0x00000000        0x0 c:/program files (x86)/atmel/studio/7.0/toolchain/avr8/avr8-gnu-toolchain/bin/../lib/gcc/avr/5.4.0/avr6\libgcc.a(_clear_bss.o)
 .text.libgcc.div
                0x00000000        0x0 c:/program files (x86)/atmel/studio/7.0/toolchain/avr8/avr8-gnu-toolchain/bin/../lib/gcc/avr/5.4.0/avr6\libgcc.a(_clear_bss.o)
 .text.libgcc   0x00000000        0x0 c:/program files (x86)/atmel/studio/7.0/toolchain/avr8/avr8-gnu-toolchain/bin/../lib/gcc/avr/5.4.0/avr6\libgcc.a(_clear_bss.o)
 .text.libgcc.prologue
                0x00000000        0x0 c:/program files (x86)/atmel/studio/7.0/toolchain/avr8/avr8-gnu-toolchain/bin/../lib/gcc/avr/5.4.0/avr6\libgcc.a(_clear_bss.o)
 .text.libgcc.builtins
                0x00000000        0x0 c:/program files (x86)/atmel/studio/7.0/toolchain/avr8/avr8-gnu-toolchain/bin/../lib/gcc/avr/5.4.0/avr6\libgcc.a(_clear_bss.o)
 .text.libgcc.fmul
                0x00000000        0x0 c:/program files (x86)/atmel/studio/7.0/toolchain/avr8/avr8-gnu-toolchain/bin/../lib/gcc/avr/5.4.0/avr6\libgcc.a(_clear_bss.o)
 .text.libgcc.fixed
                0x00000000        0x0 c:/program files (x86)/atmel/studio/7.0/toolchain/avr8/avr8-gnu-toolchain/bin/../lib/gcc/avr/5.4.0/avr6\libgcc.a(_clear_bss.o)
 .text          0x00000000        0x0 c:/program files (x86)/atmel/studio/7.0/toolchain/avr8/avr8-gnu-toolchain/bin/../lib/gcc/avr/5.4.0/avr6\libgcc.a(_umulhisi3.o)
 .data          0x00000000        0x0 c:/program files (x86)/atmel/studio/7.0/toolchain/avr8/avr8-gnu-toolchain/bin/../lib/gcc/avr/5.4.0/avr6\libgcc.a(_umulhisi3.o)
 .bss           0x00000000        0x0 c:/program files (x86)/atmel/studio/7.0/toolchain/avr8/avr8-gnu-toolchain/bin/../lib/gcc/avr/5.4.0/avr6\libgcc.a(_umulhisi3.o)
 .text.libgcc.div
                0x00000000        0x0 c:/program files (x86)/atmel/studio/7.0/toolchain/avr8/avr8-gnu-toolchain/bin/../lib/gcc/avr/5.4.0/avr6\libgcc.a(_umulhisi3.o)
 .text.libgcc   0x00000000        0x0 c:/program files (x86)/atmel/studio/7.0/toolchain/avr8/avr8-gnu-toolchain/bin/../lib/gcc/avr/5.4.0/avr6\libgcc.a(_umulhisi3.o)
 .text.libgcc.prologue
                0x00000000        0x0 c:/program files (x86)/atmel/studio/7.0/toolchain/avr8/avr8-gnu-toolchain/bin/../lib/gcc/avr/5.4.0/avr6\libgcc.a(_umulhisi3.o)
 .text.libgcc.builtins
                0x00000000        0x0 c:/program files (x86)/atmel/studio/7.0/toolchain/avr8/avr8-gnu-toolchain/bin/../lib/gcc/avr/5.4.0/avr6\libgcc.a(_umulhisi3.o)
 .text.libgcc.fmul
                0x00000000        0x0 c:/program files (x86)/atmel/studio/7.0/toolchain/avr8/avr8-gnu-toolchain/bin/../lib/gcc/avr/5.4.0/avr6\libgcc.a(_umulhisi3.o)
 .text.libgcc.fixed
                0x00000000        0x0 c:/program files (x86)/atmel/studio/7.0/toolchain/avr8/avr8-gnu-toolchain/bin/../lib/gcc/avr/5.4.0/avr6\libgcc.a(_umulhisi3.o)
 .text          0x00000000        0x0 c:/program files (x86)/atmel/studio/7.0/toolchain/avr8/avr8-gnu-toolchain/bin/../lib/gcc/avr/5.4.0/avr6\libgcc.a(_usmulhisi3.o)
 .data          0x00000000        0x0 c:/program files (x86)/atmel/studio/7.0/toolchain/avr8/avr8-gnu-toolchain/bin/../lib/gcc/avr/5.4.0/avr6\libgcc.a(_usmulhisi3.o)
 .bss           0x00000000        0x0 c:/program files (x86)/atmel/studio/7.0/toolchain/avr8/avr8-gnu-toolchain/bin/../lib/gcc/avr/5.4.0/avr6\libgcc.a(_usmulhisi3.o)
 .text.libgcc.div
                0x00000000        0x0 c:/program files (x86)/atmel/studio/7.0/toolchain/avr8/avr8-gnu-toolchain/bin/../lib/gcc/avr/5.4.0/avr6\libgcc.a(_usmulhisi3.o)
 .text.libgcc   0x00000000        0x0 c:/program files (x86)/atmel/studio/7.0/toolchain/avr8/avr8-gnu-toolchain/bin/../lib/gcc/avr/5.4.0/avr6\libgcc.a(_usmulhisi3.o)
 .text.libgcc.prologue
                0x00000000        0x0 c:/program files (x86)/atmel/studio/7.0/toolchain/avr8/avr8-gnu-toolchain/bin/../lib/gcc/avr/5.4.0/avr6\libgcc.a(_usmulhisi3.o)
 .text.libgcc.builtins
                0x00000000        0x0 c:/program files (x86)/atmel/studio/7.0/toolchain/avr8/avr8-gnu-toolchain/bin/../lib/gcc/avr/5.4.0/avr6\libgcc.a(_usmulhisi3.o)
 .text.libgcc.fmul
                0x00000000        0x0 c:/program files (x86)/atmel/studio/7.0/toolchain/avr8/avr8-gnu-toolchain/bin/../lib/gcc/avr/5.4.0/avr6\libgcc.a(_usmulhisi3.o)
 .text.libgcc.fixed
                0x00000000        0x0 c:/program files (x86)/atmel/studio/7.0/toolchain/avr8/avr8-gnu-toolchain/bin/../lib/gcc/avr/5.4.0/avr6\libgcc.a(_usmulhisi3.o)
 .text          0x00000000        0x0 c:/program files (x86)/atmel/studio/7.0/toolchain/avr8/avr8-gnu-toolchain/bin/../lib/gcc/avr/5.4.0/avr6\libgcc.a(_muluhisi3.o)
 .data          0x00000000        0x0 c:/program files (x86)/atmel/studio/7.0/toolchain/avr8/avr8-gnu-toolchain/bin/../lib/gcc/avr/5.4.0/avr6\libgcc.a(_muluhisi3.o)
 .bss           0x00000000        0x0 c:/program files (x86)/atmel/studio/7.0/toolchain/avr8/avr8-gnu-toolchain/bin/../lib/gcc/avr/5.4.0/avr6\libgcc.a(_muluhisi3.o)
 .text.libgcc.div
                0x00000000        0x0 c:/program files (x86)/atmel/studio/7.0/toolchain/avr8/avr8-gnu-toolchain/bin/../lib/gcc/avr/5.4.0/avr6\libgcc.a(_muluhisi3.o)
 .text.libgcc   0x00000000        0x0 c:/program files (x86)/atmel/studio/7.0/toolchain/avr8/avr8-gnu-toolchain/bin/../lib/gcc/avr/5.4.0/avr6\libgcc.a(_muluhisi3.o)
 .text.libgcc.prologue
                0x00000000        0x0 c:/program files (x86)/atmel/studio/7.0/toolchain/avr8/avr8-gnu-toolchain/bin/../lib/gcc/avr/5.4.0/avr6\libgcc.a(_muluhisi3.o)
 .text.libgcc.builtins
                0x00000000        0x0 c:/program files (x86)/atmel/studio/7.0/toolchain/avr8/avr8-gnu-toolchain/bin/../lib/gcc/avr/5.4.0/avr6\libgcc.a(_muluhisi3.o)
 .text.libgcc.fmul
                0x00000000        0x0 c:/program files (x86)/atmel/studio/7.0/toolchain/avr8/avr8-gnu-toolchain/bin/../lib/gcc/avr/5.4.0/avr6\libgcc.a(_muluhisi3.o)
 .text.libgcc.fixed
                0x00000000        0x0 c:/program files (x86)/atmel/studio/7.0/toolchain/avr8/avr8-gnu-toolchain/bin/../lib/gcc/avr/5.4.0/avr6\libgcc.a(_muluhisi3.o)
 .text          0x00000000        0x0 c:/program files (x86)/atmel/studio/7.0/toolchain/avr8/avr8-gnu-toolchain/bin/../lib/gcc/avr/5.4.0/../../../../avr/lib/avr6\libc.a(strcat.o)
 .data          0x00000000        0x0 c:/program files (x86)/atmel/studio/7.0/toolchain/avr8/avr8-gnu-toolchain/bin/../lib/gcc/avr/5.4.0/../../../../avr/lib/avr6\libc.a(strcat.o)
 .bss           0x00000000        0x0 c:/program files (x86)/atmel/studio/7.0/toolchain/avr8/avr8-gnu-toolchain/bin/../lib/gcc/avr/5.4.0/../../../../avr/lib/avr6\libc.a(strcat.o)
 .text          0x00000000        0x0 c:/program files (x86)/atmel/studio/7.0/toolchain/avr8/avr8-gnu-toolchain/bin/../lib/gcc/avr/5.4.0/../../../../avr/lib/avr6\libc.a(strcpy.o)
 .data          0x00000000        0x0 c:/program files (x86)/atmel/studio/7.0/toolchain/avr8/avr8-gnu-toolchain/bin/../lib/gcc/avr/5.4.0/../../../../avr/lib/avr6\libc.a(strcpy.o)
 .bss           0x00000000        0x0 c:/program files (x86)/atmel/studio/7.0/toolchain/avr8/avr8-gnu-toolchain/bin/../lib/gcc/avr/5.4.0/../../../../avr/lib/avr6\libc.a(strcpy.o)
 .text          0x00000000        0x0 c:/program files (x86)/atmel/studio/7.0/toolchain/avr8/avr8-gnu-toolchain/bin/../lib/gcc/avr/5.4.0/../../../../avr/lib/avr6\libc.a(itoa_ncheck.o)
 .data          0x00000000        0x0 c:/program files (x86)/atmel/studio/7.0/toolchain/avr8/avr8-gnu-toolchain/bin/../lib/gcc/avr/5.4.0/../../../../avr/lib/avr6\libc.a(itoa_ncheck.o)
 .bss           0x00000000        0x0 c:/program files (x86)/atmel/studio/7.0/toolchain/avr8/avr8-gnu-toolchain/bin/../lib/gcc/avr/5.4.0/../../../../avr/lib/avr6\libc.a(itoa_ncheck.o)
 .text          0x00000000        0x0 c:/program files (x86)/atmel/studio/7.0/toolchain/avr8/avr8-gnu-toolchain/bin/../lib/gcc/avr/5.4.0/../../../../avr/lib/avr6\libc.a(ltoa_ncheck.o)
 .data          0x00000000        0x0 c:/program files (x86)/atmel/studio/7.0/toolchain/avr8/avr8-gnu-toolchain/bin/../lib/gcc/avr/5.4.0/../../../../avr/lib/avr6\libc.a(ltoa_ncheck.o)
 .bss           0x00000000        0x0 c:/program files (x86)/atmel/studio/7.0/toolchain/avr8/avr8-gnu-toolchain/bin/../lib/gcc/avr/5.4.0/../../../../avr/lib/avr6\libc.a(ltoa_ncheck.o)
 .text          0x00000000        0x0 c:/program files (x86)/atmel/studio/7.0/toolchain/avr8/avr8-gnu-toolchain/bin/../lib/gcc/avr/5.4.0/../../../../avr/lib/avr6\libc.a(ultoa_ncheck.o)
 .data          0x00000000        0x0 c:/program files (x86)/atmel/studio/7.0/toolchain/avr8/avr8-gnu-toolchain/bin/../lib/gcc/avr/5.4.0/../../../../avr/lib/avr6\libc.a(ultoa_ncheck.o)
 .bss           0x00000000        0x0 c:/program files (x86)/atmel/studio/7.0/toolchain/avr8/avr8-gnu-toolchain/bin/../lib/gcc/avr/5.4.0/../../../../avr/lib/avr6\libc.a(ultoa_ncheck.o)
 .text          0x00000000        0x0 c:/program files (x86)/atmel/studio/7.0/toolchain/avr8/avr8-gnu-toolchain/bin/../lib/gcc/avr/5.4.0/../../../../avr/lib/avr6\libc.a(utoa_ncheck.o)
 .data          0x00000000        0x0 c:/program files (x86)/atmel/studio/7.0/toolchain/avr8/avr8-gnu-toolchain/bin/../lib/gcc/avr/5.4.0/../../../../avr/lib/avr6\libc.a(utoa_ncheck.o)
 .bss           0x00000000        0x0 c:/program files (x86)/atmel/studio/7.0/toolchain/avr8/avr8-gnu-toolchain/bin/../lib/gcc/avr/5.4.0/../../../../avr/lib/avr6\libc.a(utoa_ncheck.o)
 .text          0x00000000        0x0 c:/program files (x86)/atmel/studio/7.0/toolchain/avr8/avr8-gnu-toolchain/bin/../lib/gcc/avr/5.4.0/../../../../avr/lib/avr6\libc.a(strrev.o)
 .data          0x00000000        0x0 c:/program files (x86)/atmel/studio/7.0/toolchain/avr8/avr8-gnu-toolchain/bin/../lib/gcc/avr/5.4.0/../../../../avr/lib/avr6\libc.a(strrev.o)
 .bss           0x00000000        0x0 c:/program files (x86)/atmel/studio/7.0/toolchain/avr8/avr8-gnu-toolchain/bin/../lib/gcc/avr/5.4.0/../../../../avr/lib/avr6\libc.a(strrev.o)
 .text          0x00000000        0x0 c:/program files (x86)/atmel/studio/7.0/toolchain/avr8/avr8-gnu-toolchain/bin/../lib/gcc/avr/5.4.0/../../../../avr/lib/avr6\libatmega2560.a(eerd_block.o)
 .data          0x00000000        0x0 c:/program files (x86)/atmel/studio/7.0/toolchain/avr8/avr8-gnu-toolchain/bin/../lib/gcc/avr/5.4.0/../../../../avr/lib/avr6\libatmega2560.a(eerd_block.o)
 .bss           0x00000000        0x0 c:/program files (x86)/atmel/studio/7.0/toolchain/avr8/avr8-gnu-toolchain/bin/../lib/gcc/avr/5.4.0/../../../../avr/lib/avr6\libatmega2560.a(eerd_block.o)
 .text          0x00000000        0x0 c:/program files (x86)/atmel/studio/7.0/toolchain/avr8/avr8-gnu-toolchain/bin/../lib/gcc/avr/5.4.0/../../../../avr/lib/avr6\libatmega2560.a(eerd_byte.o)
 .data          0x00000000        0x0 c:/program files (x86)/atmel/studio/7.0/toolchain/avr8/avr8-gnu-toolchain/bin/../lib/gcc/avr/5.4.0/../../../../avr/lib/avr6\libatmega2560.a(eerd_byte.o)
 .bss           0x00000000        0x0 c:/program files (x86)/atmel/studio/7.0/toolchain/avr8/avr8-gnu-toolchain/bin/../lib/gcc/avr/5.4.0/../../../../avr/lib/avr6\libatmega2560.a(eerd_byte.o)
 .text          0x00000000        0x0 c:/program files (x86)/atmel/studio/7.0/toolchain/avr8/avr8-gnu-toolchain/bin/../lib/gcc/avr/5.4.0/../../../../avr/lib/avr6\libatmega2560.a(eerd_dword.o)
 .data          0x00000000        0x0 c:/program files (x86)/atmel/studio/7.0/toolchain/avr8/avr8-gnu-toolchain/bin/../lib/gcc/avr/5.4.0/../../../../avr/lib/avr6\libatmega2560.a(eerd_dword.o)
 .bss           0x00000000        0x0 c:/program files (x86)/atmel/studio/7.0/toolchain/avr8/avr8-gnu-toolchain/bin/../lib/gcc/avr/5.4.0/../../../../avr/lib/avr6\libatmega2560.a(eerd_dword.o)
 .text          0x00000000        0x0 c:/program files (x86)/atmel/studio/7.0/toolchain/avr8/avr8-gnu-toolchain/bin/../lib/gcc/avr/5.4.0/../../../../avr/lib/avr6\libatmega2560.a(eerd_word.o)
 .data          0x00000000        0x0 c:/program files (x86)/atmel/studio/7.0/toolchain/avr8/avr8-gnu-toolchain/bin/../lib/gcc/avr/5.4.0/../../../../avr/lib/avr6\libatmega2560.a(eerd_word.o)
 .bss           0x00000000        0x0 c:/program files (x86)/atmel/studio/7.0/toolchain/avr8/avr8-gnu-toolchain/bin/../lib/gcc/avr/5.4.0/../../../../avr/lib/avr6\libatmega2560.a(eerd_word.o)
 .text          0x00000000        0x0 c:/program files (x86)/atmel/studio/7.0/toolchain/avr8/avr8-gnu-toolchain/bin/../lib/gcc/avr/5.4.0/../../../../avr/lib/avr6\libatmega2560.a(eewr_block.o)
 .data          0x00000000        0x0 c:/program files (x86)/atmel/studio/7.0/toolchain/avr8/avr8-gnu-toolchain/bin/../lib/gcc/avr/5.4.0/../../../../avr/lib/avr6\libatmega2560.a(eewr_block.o)
 .bss           0x00000000        0x0 c:/program files (x86)/atmel/studio/7.0/toolchain/avr8/avr8-gnu-toolchain/bin/../lib/gcc/avr/5.4.0/../../../../avr/lib/avr6\libatmega2560.a(eewr_block.o)
 .text          0x00000000        0x0 c:/program files (x86)/atmel/studio/7.0/toolchain/avr8/avr8-gnu-toolchain/bin/../lib/gcc/avr/5.4.0/../../../../avr/lib/avr6\libatmega2560.a(eewr_byte.o)
 .data          0x00000000        0x0 c:/program files (x86)/atmel/studio/7.0/toolchain/avr8/avr8-gnu-toolchain/bin/../lib/gcc/avr/5.4.0/../../../../avr/lib/avr6\libatmega2560.a(eewr_byte.o)
 .bss           0x00000000        0x0 c:/program files (x86)/atmel/studio/7.0/toolchain/avr8/avr8-gnu-toolchain/bin/../lib/gcc/avr/5.4.0/../../../../avr/lib/avr6\libatmega2560.a(eewr_byte.o)
 .text          0x00000000        0x0 c:/program files (x86)/atmel/studio/7.0/toolchain/avr8/avr8-gnu-toolchain/bin/../lib/gcc/avr/5.4.0/../../../../avr/lib/avr6\libatmega2560.a(eewr_dword.o)
 .data          0x00000000        0x0 c:/program files (x86)/atmel/studio/7.0/toolchain/avr8/avr8-gnu-toolchain/bin/../lib/gcc/avr/5.4.0/../../../../avr/lib/avr6\libatmega2560.a(eewr_dword.o)
 .bss           0x00000000        0x0 c:/program files (x86)/atmel/studio/7.0/toolchain/avr8/avr8-gnu-toolchain/bin/../lib/gcc/avr/5.4.0/../../../../avr/lib/avr6\libatmega2560.a(eewr_dword.o)
 .text          0x00000000        0x0 c:/program files (x86)/atmel/studio/7.0/toolchain/avr8/avr8-gnu-toolchain/bin/../lib/gcc/avr/5.4.0/../../../../avr/lib/avr6\libatmega2560.a(eewr_word.o)
 .data          0x00000000        0x0 c:/program files (x86)/atmel/studio/7.0/toolchain/avr8/avr8-gnu-toolchain/bin/../lib/gcc/avr/5.4.0/../../../../avr/lib/avr6\libatmega2560.a(eewr_word.o)
 .bss           0x00000000        0x0 c:/program files (x86)/atmel/studio/7.0/toolchain/avr8/avr8-gnu-toolchain/bin/../lib/gcc/avr/5.4.0/../../../../avr/lib/avr6\libatmega2560.a(eewr_word.o)

Memory Configuration

Name             Origin             Length             Attributes
text             0x00000000         0x00100000         xr
data             0x00800200         0x0000fe00         rw !x
eeprom           0x00810000         0x00010000         rw !x
fuse             0x00820000         0x00000003         rw !x
lock             0x00830000         0x00000400         rw !x
signature        0x00840000         0x00000400         rw !x
user_signatures  0x00850000         0x00000400         rw !x
*default*        0x00000000         0xffffffff

Linker script and memory map

Address of section .data set to 0x800200
LOAD c:/program files (x86)/atmel/studio/7.0/toolchain/avr8/avr8-gnu-toolchain/bin/../lib/gcc/avr/5.4.0/../../../../avr/lib/avr6/crtatmega2560.o
LOAD ad5752.o
LOAD Cards/Amplifier.o
LOAD Cards/FrontEnd.o
LOAD Cards/LED_Source.o
LOAD Cards/MOSFET_BreakDown.o
LOAD Cards/Slot_Tester.o
LOAD ICs/AD5752.o
LOAD ICs/MCP23S08.o
LOAD LTC1864.o
LOAD main.o
LOAD my_Timers.o
LOAD terminal.o
LOAD uart0.o
LOAD usart_spi.o
START GROUP
LOAD c:/program files (x86)/atmel/studio/7.0/toolchain/avr8/avr8-gnu-toolchain/bin/../lib/gcc/avr/5.4.0/../../../../avr/lib/avr6\libm.a
END GROUP
START GROUP
LOAD c:/program files (x86)/atmel/studio/7.0/toolchain/avr8/avr8-gnu-toolchain/bin/../lib/gcc/avr/5.4.0/avr6\libgcc.a
LOAD c:/program files (x86)/atmel/studio/7.0/toolchain/avr8/avr8-gnu-toolchain/bin/../lib/gcc/avr/5.4.0/../../../../avr/lib/avr6\libm.a
LOAD c:/program files (x86)/atmel/studio/7.0/toolchain/avr8/avr8-gnu-toolchain/bin/../lib/gcc/avr/5.4.0/../../../../avr/lib/avr6\libc.a
LOAD c:/program files (x86)/atmel/studio/7.0/toolchain/avr8/avr8-gnu-toolchain/bin/../lib/gcc/avr/5.4.0/../../../../avr/lib/avr6\libatmega2560.a
END GROUP
                0x00100000                __TEXT_REGION_LENGTH__ = DEFINED (__TEXT_REGION_LENGTH__)?__TEXT_REGION_LENGTH__:0x100000
                0x0000fe00                __DATA_REGION_LENGTH__ = DEFINED (__DATA_REGION_LENGTH__)?__DATA_REGION_LENGTH__:0xfe00
                0x00010000                __EEPROM_REGION_LENGTH__ = DEFINED (__EEPROM_REGION_LENGTH__)?__EEPROM_REGION_LENGTH__:0x10000
                [0x00000003]                __FUSE_REGION_LENGTH__ = DEFINED (__FUSE_REGION_LENGTH__)?__FUSE_REGION_LENGTH__:0x400
                0x00000400                __LOCK_REGION_LENGTH__ = DEFINED (__LOCK_REGION_LENGTH__)?__LOCK_REGION_LENGTH__:0x400
                0x00000400                __SIGNATURE_REGION_LENGTH__ = DEFINED (__SIGNATURE_REGION_LENGTH__)?__SIGNATURE_REGION_LENGTH__:0x400
                0x00000400                __USER_SIGNATURE_REGION_LENGTH__ = DEFINED (__USER_SIGNATURE_REGION_LENGTH__)?__USER_SIGNATURE_REGION_LENGTH__:0x400

.hash
 *(.hash)

.dynsym
 *(.dynsym)

.dynstr
 *(.dynstr)

.gnu.version
 *(.gnu.version)

.gnu.version_d
 *(.gnu.version_d)

.gnu.version_r
 *(.gnu.version_r)

.rel.init
 *(.rel.init)

.rela.init
 *(.rela.init)

.rel.text
 *(.rel.text)
 *(.rel.text.*)
 *(.rel.gnu.linkonce.t*)

.rela.text
 *(.rela.text)
 *(.rela.text.*)
 *(.rela.gnu.linkonce.t*)

.rel.fini
 *(.rel.fini)

.rela.fini
 *(.rela.fini)

.rel.rodata
 *(.rel.rodata)
 *(.rel.rodata.*)
 *(.rel.gnu.linkonce.r*)

.rela.rodata
 *(.rela.rodata)
 *(.rela.rodata.*)
 *(.rela.gnu.linkonce.r*)

.rel.data
 *(.rel.data)
 *(.rel.data.*)
 *(.rel.gnu.linkonce.d*)

.rela.data
 *(.rela.data)
 *(.rela.data.*)
 *(.rela.gnu.linkonce.d*)

.rel.ctors
 *(.rel.ctors)

.rela.ctors
 *(.rela.ctors)

.rel.dtors
 *(.rel.dtors)

.rela.dtors
 *(.rela.dtors)

.rel.got
 *(.rel.got)

.rela.got
 *(.rela.got)

.rel.bss
 *(.rel.bss)

.rela.bss
 *(.rela.bss)

.rel.plt
 *(.rel.plt)

.rela.plt
 *(.rela.plt)

.text           0x00000000     0x3870
 *(.vectors)
 .vectors       0x00000000       0xe4 c:/program files (x86)/atmel/studio/7.0/toolchain/avr8/avr8-gnu-toolchain/bin/../lib/gcc/avr/5.4.0/../../../../avr/lib/avr6/crtatmega2560.o
                0x00000000                __vector_default
                0x00000000                __vectors
 *(.vectors)
 *(.progmem.gcc*)
 .progmem.gcc_sw_table.Slot_Tester_set_7Segment
                0x000000e4       0x14 Cards/Slot_Tester.o
 .progmem.gcc_sw_table.TerminalParseCommand
                0x000000f8       0x28 terminal.o
                0x00000120                . = ALIGN (0x2)
                0x00000120                __trampolines_start = .
 *(.trampolines)
 .trampolines   0x00000120        0x0 linker stubs
 *(.trampolines*)
                0x00000120                __trampolines_end = .
 *libprintf_flt.a:*(.progmem.data)
 *libc.a:*(.progmem.data)
 *(.progmem*)
                0x00000120                . = ALIGN (0x2)
 *(.jumptables)
 *(.jumptables*)
 *(.lowtext)
 *(.lowtext*)
                0x00000120                __ctors_start = .
 *(.ctors)
                0x00000120                __ctors_end = .
                0x00000120                __dtors_start = .
 *(.dtors)
                0x00000120                __dtors_end = .
 SORT(*)(.ctors)
 SORT(*)(.dtors)
 *(.init0)
 .init0         0x00000120        0x0 c:/program files (x86)/atmel/studio/7.0/toolchain/avr8/avr8-gnu-toolchain/bin/../lib/gcc/avr/5.4.0/../../../../avr/lib/avr6/crtatmega2560.o
                0x00000120                __init
 *(.init0)
 *(.init1)
 *(.init1)
 *(.init2)
 .init2         0x00000120       0x10 c:/program files (x86)/atmel/studio/7.0/toolchain/avr8/avr8-gnu-toolchain/bin/../lib/gcc/avr/5.4.0/../../../../avr/lib/avr6/crtatmega2560.o
 *(.init2)
 *(.init3)
 *(.init3)
 *(.init4)
 .init4         0x00000130       0x1a c:/program files (x86)/atmel/studio/7.0/toolchain/avr8/avr8-gnu-toolchain/bin/../lib/gcc/avr/5.4.0/avr6\libgcc.a(_copy_data.o)
                0x00000130                __do_copy_data
 .init4         0x0000014a       0x10 c:/program files (x86)/atmel/studio/7.0/toolchain/avr8/avr8-gnu-toolchain/bin/../lib/gcc/avr/5.4.0/avr6\libgcc.a(_clear_bss.o)
                0x0000014a                __do_clear_bss
 *(.init4)
 *(.init5)
 *(.init5)
 *(.init6)
 *(.init6)
 *(.init7)
 *(.init7)
 *(.init8)
 *(.init8)
 *(.init9)
 .init9         0x0000015a        0x8 c:/program files (x86)/atmel/studio/7.0/toolchain/avr8/avr8-gnu-toolchain/bin/../lib/gcc/avr/5.4.0/../../../../avr/lib/avr6/crtatmega2560.o
 *(.init9)
 *(.text)
 .text          0x00000162        0x2 c:/program files (x86)/atmel/studio/7.0/toolchain/avr8/avr8-gnu-toolchain/bin/../lib/gcc/avr/5.4.0/../../../../avr/lib/avr6/crtatmega2560.o
                0x00000162                __vector_38
                0x00000162                __vector_22
                0x00000162                __vector_28
                0x00000162                __vector_1
                0x00000162                __vector_32
                0x00000162                __vector_34
                0x00000162                __vector_12
                0x00000162                __vector_55
                0x00000162                __vector_46
                0x00000162                __bad_interrupt
                0x00000162                __vector_6
                0x00000162                __vector_31
                0x00000162                __vector_35
                0x00000162                __vector_39
                0x00000162                __vector_3
                0x00000162                __vector_23
                0x00000162                __vector_30
                0x00000162                __vector_45
                0x00000162                __vector_11
                0x00000162                __vector_54
                0x00000162                __vector_17
                0x00000162                __vector_19
                0x00000162                __vector_56
                0x00000162                __vector_7
                0x00000162                __vector_41
                0x00000162                __vector_43
                0x00000162                __vector_5
                0x00000162                __vector_33
                0x00000162                __vector_52
                0x00000162                __vector_37
                0x00000162                __vector_4
                0x00000162                __vector_44
                0x00000162                __vector_9
                0x00000162                __vector_2
                0x00000162                __vector_21
                0x00000162                __vector_15
                0x00000162                __vector_36
                0x00000162                __vector_29
                0x00000162                __vector_40
                0x00000162                __vector_8
                0x00000162                __vector_26
                0x00000162                __vector_14
                0x00000162                __vector_53
                0x00000162                __vector_10
                0x00000162                __vector_16
                0x00000162                __vector_18
                0x00000162                __vector_20
                0x00000162                __vector_42
                0x00000164                . = ALIGN (0x2)
 *(.text.*)
 .text.SPI_Send
                0x00000164       0x5a ad5752.o
                0x00000164                SPI_Send
 .text.MOSFETSource_set_Heat_Current
                0x000001be       0x48 ad5752.o
                0x000001be                MOSFETSource_set_Heat_Current
 .text.MOSFETSource_set_Meas_Current
                0x00000206       0x48 ad5752.o
                0x00000206                MOSFETSource_set_Meas_Current
 .text.MOSFETSource_set_Meas_Voltage
                0x0000024e       0x62 ad5752.o
                0x0000024e                MOSFETSource_set_Meas_Voltage
 .text.Amplifier_Variables_from_EEPROM
                0x000002b0       0x38 Cards/Amplifier.o
                0x000002b0                Amplifier_Variables_from_EEPROM
 .text.Amplifier_Set_Gain
                0x000002e8        0x2 Cards/Amplifier.o
                0x000002e8                Amplifier_Set_Gain
 .text.Amplifier_Set_Offset_Voltage
                0x000002ea       0x2e Cards/Amplifier.o
                0x000002ea                Amplifier_Set_Offset_Voltage
 .text.Amplifier_Init
                0x00000318       0xaa Cards/Amplifier.o
                0x00000318                Amplifier_Init
 .text.FrontEnd_Variables_from_EEPROM
                0x000003c2       0x38 Cards/FrontEnd.o
                0x000003c2                FrontEnd_Variables_from_EEPROM
 .text.FrontEnd_Set_Gain
                0x000003fa       0x40 Cards/FrontEnd.o
                0x000003fa                FrontEnd_Set_Gain
 .text.FrontEnd_Set_Offset_Voltage
                0x0000043a       0x2e Cards/FrontEnd.o
                0x0000043a                FrontEnd_Set_Offset_Voltage
 .text.FrontEnd_Init
                0x00000468       0xd4 Cards/FrontEnd.o
                0x00000468                FrontEnd_Init
 .text.Terminal_SET_FrontEnd
                0x0000053c      0x1e0 Cards/FrontEnd.o
                0x0000053c                Terminal_SET_FrontEnd
 .text.Terminal_GET_FrontEnd
                0x0000071c       0xaa Cards/FrontEnd.o
                0x0000071c                Terminal_GET_FrontEnd
 .text.LED_Source_Variables_from_EEPROM
                0x000007c6       0x38 Cards/LED_Source.o
                0x000007c6                LED_Source_Variables_from_EEPROM
 .text.LED_Source_Set_Heat_Current
                0x000007fe       0x2e Cards/LED_Source.o
                0x000007fe                LED_Source_Set_Heat_Current
 .text.LED_Source_Set_Meas_Current
                0x0000082c       0x2e Cards/LED_Source.o
                0x0000082c                LED_Source_Set_Meas_Current
 .text.LED_Source_Init
                0x0000085a       0xb8 Cards/LED_Source.o
                0x0000085a                LED_Source_Init
 .text.MOSFET_BreakDown_Init
                0x00000912       0x9a Cards/MOSFET_BreakDown.o
                0x00000912                MOSFET_BreakDown_Init
 .text.B_Set_Relais_to_BreakDownTest
                0x000009ac       0x34 Cards/MOSFET_BreakDown.o
                0x000009ac                B_Set_Relais_to_BreakDownTest
 .text.B_Set_Relais_to_Leakage_GS
                0x000009e0       0x34 Cards/MOSFET_BreakDown.o
                0x000009e0                B_Set_Relais_to_Leakage_GS
 .text.B_Set_Relais_to_Characteristic_Curve
                0x00000a14       0x34 Cards/MOSFET_BreakDown.o
                0x00000a14                B_Set_Relais_to_Characteristic_Curve
 .text.B_Set_Relais_to_BodyDiode_Curve
                0x00000a48       0x34 Cards/MOSFET_BreakDown.o
                0x00000a48                B_Set_Relais_to_BodyDiode_Curve
 .text.B_Set_Relais_all_off
                0x00000a7c       0x22 Cards/MOSFET_BreakDown.o
                0x00000a7c                B_Set_Relais_all_off
 .text.Slot_Tester_Init
                0x00000a9e       0xb8 Cards/Slot_Tester.o
                0x00000a9e                Slot_Tester_Init
 .text.Slot_Tester_set_7Segment
                0x00000b56       0xae Cards/Slot_Tester.o
                0x00000b56                Slot_Tester_set_7Segment
 .text.Slot_Tester_get_7Segment
                0x00000c04       0xc8 Cards/Slot_Tester.o
                0x00000c04                Slot_Tester_get_7Segment
 .text.Slot_Tester_IO_Lauflicht
                0x00000ccc       0xe6 Cards/Slot_Tester.o
                0x00000ccc                Slot_Tester_IO_Lauflicht
 .text.Slot_Tester_Gesamtablauf
                0x00000db2       0x1c Cards/Slot_Tester.o
                0x00000db2                Slot_Tester_Gesamtablauf
 .text.DAC_AD5752_Range_and_PowerUp
                0x00000dce       0x56 ICs/AD5752.o
                0x00000dce                DAC_AD5752_Range_and_PowerUp
 .text.DAC_AD5752_Set
                0x00000e24       0x4a ICs/AD5752.o
                0x00000e24                DAC_AD5752_Set
 .text.IO_Expander_set_Register
                0x00000e6e       0x44 ICs/MCP23S08.o
                0x00000e6e                IO_Expander_set_Register
 .text.IO_Expander_get_Register
                0x00000eb2       0x64 ICs/MCP23S08.o
                0x00000eb2                IO_Expander_get_Register
 .text.Measure_Voltage_MOSFET_with_DataAnalyse
                0x00000f16       0x72 LTC1864.o
                0x00000f16                Measure_Voltage_MOSFET_with_DataAnalyse
 .text.Measure_Voltage_MOSFET_without_DataAnalyse
                0x00000f88       0x46 LTC1864.o
                0x00000f88                Measure_Voltage_MOSFET_without_DataAnalyse
 .text.Measure_Voltage_MOSFET_get_Data
                0x00000fce       0x26 LTC1864.o
                0x00000fce                Measure_Voltage_MOSFET_get_Data
 .text.Init_IO_Pins
                0x00000ff4       0xc4 main.o
                0x00000ff4                Init_IO_Pins
 .text.Lauflicht
                0x000010b8       0x84 main.o
                0x000010b8                Lauflicht
 .text.EEPROM_default_Values
                0x0000113c       0xc8 main.o
                0x0000113c                EEPROM_default_Values
 .text.EEPROM_last_Values
                0x00001204       0xf0 main.o
                0x00001204                EEPROM_last_Values
 .text.Init_All_Cards
                0x000012f4       0x74 main.o
                0x000012f4                Init_All_Cards
 .text.PulseStop
                0x00001368        0xe main.o
                0x00001368                PulseStop
 .text.Init     0x00001376       0x90 main.o
                0x00001376                Init
 .text.main     0x00001406       0x70 main.o
                0x00001406                main
 .text.PulseStart_stdTTA
                0x00001476       0x3c main.o
                0x00001476                PulseStart_stdTTA
 .text.PulseStart_Sensitivity
                0x000014b2        0xc main.o
                0x000014b2                PulseStart_Sensitivity
 .text.PulseStart_detTTA
                0x000014be       0x1c main.o
                0x000014be                PulseStart_detTTA
 .text.PulseStart_PrePulse
                0x000014da       0x20 main.o
                0x000014da                PulseStart_PrePulse
 .text.Init_Timer_1ms
                0x000014fa       0x1a my_Timers.o
                0x000014fa                Init_Timer_1ms
 .text.__vector_13
                0x00001514       0x22 my_Timers.o
                0x00001514                __vector_13
 .text.Init_Timer_100us
                0x00001536       0x3c my_Timers.o
                0x00001536                Init_Timer_100us
 .text.Start_Timer_100us
                0x00001572        0xc my_Timers.o
                0x00001572                Start_Timer_100us
 .text.Stop_Timer_100us
                0x0000157e       0x18 my_Timers.o
                0x0000157e                Stop_Timer_100us
 .text.Init_Counter_100us
                0x00001596       0x3c my_Timers.o
                0x00001596                Init_Counter_100us
 .text.Setup_Counter_for_stdTTA
                0x000015d2      0x184 my_Timers.o
                0x000015d2                Setup_Counter_for_stdTTA
 .text.Setup_Counter_for_detTTA
                0x00001756       0x66 my_Timers.o
                0x00001756                Setup_Counter_for_detTTA
 .text.__vector_50
                0x000017bc       0xc8 my_Timers.o
                0x000017bc                __vector_50
 .text.__vector_47
                0x00001884       0x18 my_Timers.o
                0x00001884                __vector_47
 .text.__vector_48
                0x0000189c       0x82 my_Timers.o
                0x0000189c                __vector_48
 .text.__vector_49
                0x0000191e       0x54 my_Timers.o
                0x0000191e                __vector_49
 .text.TerminalInit
                0x00001972        0xa terminal.o
                0x00001972                TerminalInit
 .text.ParseIntLn
                0x0000197c       0xea terminal.o
                0x0000197c                ParseIntLn
 .text.ParseLongLn
                0x00001a66      0x140 terminal.o
                0x00001a66                ParseLongLn
 .text.ParseByte
                0x00001ba6       0x3c terminal.o
                0x00001ba6                ParseByte
 .text.TransmitString
                0x00001be2        0x6 terminal.o
                0x00001be2                TransmitString
 .text.TransmitStringLn
                0x00001be8        0x6 terminal.o
                0x00001be8                TransmitStringLn
 .text.TransmitInt
                0x00001bee       0xcc terminal.o
                0x00001bee                TransmitInt
 .text.TransmitLong
                0x00001cba       0xd4 terminal.o
                0x00001cba                TransmitLong
 .text.TransmitFloat
                0x00001d8e      0x198 terminal.o
                0x00001d8e                TransmitFloat
 .text.TransmitByte_Reverse
                0x00001f26       0x72 terminal.o
                0x00001f26                TransmitByte_Reverse
 .text.TerminalParseCommand
                0x00001f98      0xff2 terminal.o
                0x00001f98                TerminalParseCommand
 .text.TerminalCheckCommand
                0x00002f8a       0x1c terminal.o
                0x00002f8a                TerminalCheckCommand
 .text.__vector_25
                0x00002fa6       0xa8 uart0.o
                0x00002fa6                __vector_25
 .text.__vector_27
                0x0000304e       0x74 uart0.o
                0x0000304e                __vector_27
 .text.UART0InitBaudrate
                0x000030c2       0x82 uart0.o
                0x000030c2                UART0InitBaudrate
 .text.UART0Init
                0x00003144        0x8 uart0.o
                0x00003144                UART0Init
 .text.UART0ClearRx
                0x0000314c       0x2c uart0.o
                0x0000314c                UART0ClearRx
 .text.UART0ReceiveLine
                0x00003178       0x9c uart0.o
                0x00003178                UART0ReceiveLine
 .text.UART0TxByte
                0x00003214       0x6c uart0.o
                0x00003214                UART0TxByte
 .text.UART0TransmitString
                0x00003280       0x22 uart0.o
                0x00003280                UART0TransmitString
 .text.UART0TransmitStringLn
                0x000032a2       0x2a uart0.o
                0x000032a2                UART0TransmitStringLn
 .text.USART_SPI_InitBaudrate
                0x000032cc       0x28 usart_spi.o
                0x000032cc                USART_SPI_InitBaudrate
 .text.USART_SPI_SetCS
                0x000032f4       0x16 usart_spi.o
                0x000032f4                USART_SPI_SetCS
 .text.USART_SPI_ToggleCS
                0x0000330a       0x58 usart_spi.o
                0x0000330a                USART_SPI_ToggleCS
 .text.USART_SPI_ReceiveLen
                0x00003362       0x56 usart_spi.o
                0x00003362                USART_SPI_ReceiveLen
 .text.USART_SPI_RXWaiting
                0x000033b8       0x18 usart_spi.o
                0x000033b8                USART_SPI_RXWaiting
 .text.USART_SPI_TXWaiting
                0x000033d0        0xc usart_spi.o
                0x000033d0                USART_SPI_TXWaiting
 .text.USART_SPI_ClearRx
                0x000033dc       0x20 usart_spi.o
                0x000033dc                USART_SPI_ClearRx
 .text.__vector_51
                0x000033fc       0xa6 usart_spi.o
                0x000033fc                __vector_51
 .text.__vector_24
                0x000034a2      0x108 usart_spi.o
                0x000034a2                __vector_24
 .text.USART_SPI_TxByte
                0x000035aa       0x70 usart_spi.o
                0x000035aa                USART_SPI_TxByte
 .text.USART_SPI_TxBytes
                0x0000361a       0x24 usart_spi.o
                0x0000361a                USART_SPI_TxBytes
 .text.USART_SPI_RxBytes
                0x0000363e        0xa usart_spi.o
                0x0000363e                USART_SPI_RxBytes
 .text.libgcc.div
                0x00003648       0x28 c:/program files (x86)/atmel/studio/7.0/toolchain/avr8/avr8-gnu-toolchain/bin/../lib/gcc/avr/5.4.0/avr6\libgcc.a(_udivmodhi4.o)
                0x00003648                __udivmodhi4
 .text.libgcc.div
                0x00003670       0x44 c:/program files (x86)/atmel/studio/7.0/toolchain/avr8/avr8-gnu-toolchain/bin/../lib/gcc/avr/5.4.0/avr6\libgcc.a(_udivmodsi4.o)
                0x00003670                __udivmodsi4
 .text.libgcc   0x000036b4       0x10 c:/program files (x86)/atmel/studio/7.0/toolchain/avr8/avr8-gnu-toolchain/bin/../lib/gcc/avr/5.4.0/avr6\libgcc.a(_tablejump2.o)
                0x000036b4                __tablejump2__
 .text.libgcc.mul
                0x000036c4       0x1e c:/program files (x86)/atmel/studio/7.0/toolchain/avr8/avr8-gnu-toolchain/bin/../lib/gcc/avr/5.4.0/avr6\libgcc.a(_umulhisi3.o)
                0x000036c4                __umulhisi3
 .text.libgcc.mul
                0x000036e2        0xc c:/program files (x86)/atmel/studio/7.0/toolchain/avr8/avr8-gnu-toolchain/bin/../lib/gcc/avr/5.4.0/avr6\libgcc.a(_usmulhisi3.o)
                0x000036e2                __usmulhisi3
                0x000036e4                __usmulhisi3_tail
 .text.libgcc.mul
                0x000036ee       0x14 c:/program files (x86)/atmel/studio/7.0/toolchain/avr8/avr8-gnu-toolchain/bin/../lib/gcc/avr/5.4.0/avr6\libgcc.a(_muluhisi3.o)
                0x000036ee                __muluhisi3
 .text.avr-libc
                0x00003702       0x16 c:/program files (x86)/atmel/studio/7.0/toolchain/avr8/avr8-gnu-toolchain/bin/../lib/gcc/avr/5.4.0/../../../../avr/lib/avr6\libc.a(strcat.o)
                0x00003702                strcat
 .text.avr-libc
                0x00003718        0xe c:/program files (x86)/atmel/studio/7.0/toolchain/avr8/avr8-gnu-toolchain/bin/../lib/gcc/avr/5.4.0/../../../../avr/lib/avr6\libc.a(strcpy.o)
                0x00003718                strcpy
 .text.avr-libc
                0x00003726       0x14 c:/program files (x86)/atmel/studio/7.0/toolchain/avr8/avr8-gnu-toolchain/bin/../lib/gcc/avr/5.4.0/../../../../avr/lib/avr6\libc.a(itoa_ncheck.o)
                0x00003726                __itoa_ncheck
 .text.avr-libc
                0x0000373a       0x1c c:/program files (x86)/atmel/studio/7.0/toolchain/avr8/avr8-gnu-toolchain/bin/../lib/gcc/avr/5.4.0/../../../../avr/lib/avr6\libc.a(ltoa_ncheck.o)
                0x0000373a                __ltoa_ncheck
 .text.avr-libc
                0x00003756       0x42 c:/program files (x86)/atmel/studio/7.0/toolchain/avr8/avr8-gnu-toolchain/bin/../lib/gcc/avr/5.4.0/../../../../avr/lib/avr6\libc.a(ultoa_ncheck.o)
                0x00003756                __ultoa_ncheck
                0x00003758                __ultoa_common
 .text.avr-libc
                0x00003798       0x32 c:/program files (x86)/atmel/studio/7.0/toolchain/avr8/avr8-gnu-toolchain/bin/../lib/gcc/avr/5.4.0/../../../../avr/lib/avr6\libc.a(utoa_ncheck.o)
                0x00003798                __utoa_ncheck
                0x0000379a                __utoa_common
 .text.avr-libc
                0x000037ca       0x20 c:/program files (x86)/atmel/studio/7.0/toolchain/avr8/avr8-gnu-toolchain/bin/../lib/gcc/avr/5.4.0/../../../../avr/lib/avr6\libc.a(strrev.o)
                0x000037ca                strrev
 .text.avr-libc
                0x000037ea       0x20 c:/program files (x86)/atmel/studio/7.0/toolchain/avr8/avr8-gnu-toolchain/bin/../lib/gcc/avr/5.4.0/../../../../avr/lib/avr6\libatmega2560.a(eerd_block.o)
                0x000037ea                eeprom_read_block
                0x000037ee                eeprom_read_blraw
 .text.avr-libc
                0x0000380a       0x10 c:/program files (x86)/atmel/studio/7.0/toolchain/avr8/avr8-gnu-toolchain/bin/../lib/gcc/avr/5.4.0/../../../../avr/lib/avr6\libatmega2560.a(eerd_byte.o)
                0x0000380a                eeprom_read_byte
 .text.avr-libc
                0x0000381a        0xa c:/program files (x86)/atmel/studio/7.0/toolchain/avr8/avr8-gnu-toolchain/bin/../lib/gcc/avr/5.4.0/../../../../avr/lib/avr6\libatmega2560.a(eerd_dword.o)
                0x0000381a                eeprom_read_float
                0x0000381a                eeprom_read_dword
 .text.avr-libc
                0x00003824        0xa c:/program files (x86)/atmel/studio/7.0/toolchain/avr8/avr8-gnu-toolchain/bin/../lib/gcc/avr/5.4.0/../../../../avr/lib/avr6\libatmega2560.a(eerd_word.o)
                0x00003824                eeprom_read_word
 .text.avr-libc
                0x0000382e       0x12 c:/program files (x86)/atmel/studio/7.0/toolchain/avr8/avr8-gnu-toolchain/bin/../lib/gcc/avr/5.4.0/../../../../avr/lib/avr6\libatmega2560.a(eewr_block.o)
                0x0000382e                eeprom_write_block
 .text.avr-libc
                0x00003840       0x1c c:/program files (x86)/atmel/studio/7.0/toolchain/avr8/avr8-gnu-toolchain/bin/../lib/gcc/avr/5.4.0/../../../../avr/lib/avr6\libatmega2560.a(eewr_byte.o)
                0x00003840                eeprom_write_byte
                0x00003842                eeprom_write_r18
 .text.avr-libc
                0x0000385c        0xa c:/program files (x86)/atmel/studio/7.0/toolchain/avr8/avr8-gnu-toolchain/bin/../lib/gcc/avr/5.4.0/../../../../avr/lib/avr6\libatmega2560.a(eewr_dword.o)
                0x0000385c                eeprom_write_dword
                0x0000385c                eeprom_write_float
 .text.avr-libc
                0x00003866        0x6 c:/program files (x86)/atmel/studio/7.0/toolchain/avr8/avr8-gnu-toolchain/bin/../lib/gcc/avr/5.4.0/../../../../avr/lib/avr6\libatmega2560.a(eewr_word.o)
                0x00003866                eeprom_write_word
                0x0000386c                . = ALIGN (0x2)
 *(.fini9)
 .fini9         0x0000386c        0x0 c:/program files (x86)/atmel/studio/7.0/toolchain/avr8/avr8-gnu-toolchain/bin/../lib/gcc/avr/5.4.0/avr6\libgcc.a(_exit.o)
                0x0000386c                _exit
                0x0000386c                exit
 *(.fini9)
 *(.fini8)
 *(.fini8)
 *(.fini7)
 *(.fini7)
 *(.fini6)
 *(.fini6)
 *(.fini5)
 *(.fini5)
 *(.fini4)
 *(.fini4)
 *(.fini3)
 *(.fini3)
 *(.fini2)
 *(.fini2)
 *(.fini1)
 *(.fini1)
 *(.fini0)
 .fini0         0x0000386c        0x4 c:/program files (x86)/atmel/studio/7.0/toolchain/avr8/avr8-gnu-toolchain/bin/../lib/gcc/avr/5.4.0/avr6\libgcc.a(_exit.o)
 *(.fini0)
                0x00003870                _etext = .

.data           0x00800200      0x1d2 load address 0x00003870
                0x00800200                PROVIDE (__data_start, .)
 *(.data)
 *(.data*)
 .data.uart0_tx_empty
                0x00800200        0x1 uart0.o
                0x00800200                uart0_tx_empty
 .data.usart_spi_cs_len
                0x00800201        0x1 usart_spi.o
                0x00800201                usart_spi_cs_len
 .data.usart_spi_cs_port
                0x00800202        0x2 usart_spi.o
                0x00800202                usart_spi_cs_port
 .data.usart_spi_tx_buffer_empty
                0x00800204        0x1 usart_spi.o
                0x00800204                usart_spi_tx_buffer_empty
 *(.gnu.linkonce.d*)
 *(.rodata)
 .rodata        0x00800205        0x9 main.o
 *(.rodata*)
 .rodata.str1.1
                0x0080020e       0x48 Cards/FrontEnd.o
 .rodata.str1.1
                0x00800256      0x178 terminal.o
                                0x1c2 (size before relaxing)
 .rodata.str1.1
                0x008003ce        0x3 usart_spi.o
 *(.gnu.linkonce.r*)
                0x008003d2                . = ALIGN (0x2)
 *fill*         0x008003d1        0x1 
                0x008003d2                _edata = .
                0x008003d2                PROVIDE (__data_end, .)

.bss            0x008003d2      0x2f2
                0x008003d2                PROVIDE (__bss_start, .)
 *(.bss)
 *(.bss*)
 .bss.last_ChipSelectPin
                0x008003d2        0x1 ad5752.o
                0x008003d2                last_ChipSelectPin
 .bss.last_ChipSelectPort
                0x008003d3        0x2 ad5752.o
                0x008003d3                last_ChipSelectPort
 .bss.uart0_tx_char_write
                0x008003d5        0x1 uart0.o
                0x008003d5                uart0_tx_char_write
 .bss.uart0_tx_char_read
                0x008003d6        0x1 uart0.o
                0x008003d6                uart0_tx_char_read
 .bss.uart0_rx_blocked
                0x008003d7        0x1 uart0.o
                0x008003d7                uart0_rx_blocked
 .bss.uart0_rx_lines
                0x008003d8        0x1 uart0.o
                0x008003d8                uart0_rx_lines
 .bss.uart0_rx_overrun
                0x008003d9        0x1 uart0.o
                0x008003d9                uart0_rx_overrun
 .bss.uart0_rx_char_write
                0x008003da        0x1 uart0.o
                0x008003da                uart0_rx_char_write
 .bss.uart0_rx_char_read
                0x008003db        0x1 uart0.o
                0x008003db                uart0_rx_char_read
 .bss.usart_spi_byte_count
                0x008003dc        0x1 usart_spi.o
                0x008003dc                usart_spi_byte_count
 .bss.usart_spi_cs_neg
                0x008003dd        0x1 usart_spi.o
                0x008003dd                usart_spi_cs_neg
 .bss.usart_spi_cs_pin
                0x008003de        0x1 usart_spi.o
                0x008003de                usart_spi_cs_pin
 .bss.usart_spi_tx_char_write
                0x008003df        0x1 usart_spi.o
                0x008003df                usart_spi_tx_char_write
 .bss.usart_spi_tx_char_read
                0x008003e0        0x1 usart_spi.o
                0x008003e0                usart_spi_tx_char_read
 .bss.usart_spi_rx_flag
                0x008003e1        0x1 usart_spi.o
                0x008003e1                usart_spi_rx_flag
 .bss.usart_spi_rx_buffer_overrun
                0x008003e2        0x1 usart_spi.o
                0x008003e2                usart_spi_rx_buffer_overrun
 .bss.usart_spi_rx_char_write
                0x008003e3        0x1 usart_spi.o
                0x008003e3                usart_spi_rx_char_write
 .bss.usart_spi_rx_char_read
                0x008003e4        0x1 usart_spi.o
                0x008003e4                usart_spi_rx_char_read
 *(COMMON)
 COMMON         0x008003e5      0x154 ad5752.o
                0x008003e5                heat_pulse_voltage
                0x008003e9                frontEnd_offset_voltage_mV
                0x008003f9                measure_pulse_voltage
                0x008003fb                led_Source_Meas_Current_0mA1
                0x0080040b                deterministic_pulse_length
                0x0080040d                interrupt_1ms
                0x0080040e                heat_pulse_length
                0x00800412                deterministic_pulse_cycles
                0x00800414                interrupt_1hz
                0x00800415                uart0_rx
                0x00800496                measure_pulse_current
                0x00800498                led_Source_Heat_Current_mA
                0x008004a8                offset_voltage
                0x008004aa                frontEnd_gain
                0x008004ba                led_hp
                0x008004bb                heat_pulse_current
                0x008004bd                led_mp
                0x008004be                amplifier_gain
                0x008004ce                usart_spi_rx
                0x0080050e                measure_pulse_length
                0x00800512                debug_send
                0x00800513                amplifier_offset_voltage_mV
                0x00800523                current_source_enabled
                0x00800524                startup_wait_counter
                0x00800525                measure_pules_voltage
                0x00800529                flag_standard_TTA
                0x0080052a                window_offset
                0x0080052c                interrupt_10hz
                0x0080052d                uart0_active_timer
                0x0080052e                flag_deterministic_TTA
                0x0080052f                pulse_output_register
                0x00800530                terminal_timeout
                0x00800531                card_Type
 COMMON         0x00800539        0x8 my_Timers.o
                0x00800539                deterministic_pulse_counter
                0x0080053b                heat_pulse_precount
                0x0080053c                heat_pulse_lastcount
                0x0080053e                measure_pulse_precount
                0x0080053f                measure_pulse_lastcount
 COMMON         0x00800541        0x3 terminal.o
                0x00800541                string
                0x00800543                len
 COMMON         0x00800544      0x100 uart0.o
                0x00800544                uart0_tx_buffer
                0x008005c4                uart0_rx_buffer
 COMMON         0x00800644       0x80 usart_spi.o
                0x00800644                usart_spi_tx_buffer
                0x00800684                usart_spi_rx_buffer
                0x008006c4                PROVIDE (__bss_end, .)
                0x00003870                __data_load_start = LOADADDR (.data)
                0x00003a42                __data_load_end = (__data_load_start + SIZEOF (.data))

.noinit         0x008006c4        0x0
                [!provide]                PROVIDE (__noinit_start, .)
 *(.noinit*)
                [!provide]                PROVIDE (__noinit_end, .)
                0x008006c4                _end = .
                [!provide]                PROVIDE (__heap_start, .)

.eeprom         0x00810000       0x51
 *(.eeprom*)
 .eeprom        0x00810000       0x51 main.o
                0x00810000                parameter3_eeprom
                0x00810010                parameter2_eeprom
                0x00810020                parameter1_eeprom
                0x00810030                card_Type_register_eeprom
                0x00810038                pulse_output_register_eeprom
                0x00810039                deterministic_pulse_cycles_eeprom
                0x0081003b                deterministic_pulse_length_eeprom
                0x0081003d                window_offset_eeprom
                0x0081003f                offset_voltage_eeprom
                0x00810041                measure_pulse_voltage_eeprom
                0x00810043                measure_pulse_length_eeprom
                0x00810047                measure_pulse_current_eeprom
                0x00810049                heat_pulse_length_eeprom
                0x0081004d                heat_pulse_current_eeprom
                0x0081004f                firmware_code_eeprom
                0x00810051                __eeprom_end = .

.fuse
 *(.fuse)
 *(.lfuse)
 *(.hfuse)
 *(.efuse)

.lock
 *(.lock*)

.signature
 *(.signature*)

.user_signatures
 *(.user_signatures*)

.stab
 *(.stab)

.stabstr
 *(.stabstr)

.stab.excl
 *(.stab.excl)

.stab.exclstr
 *(.stab.exclstr)

.stab.index
 *(.stab.index)

.stab.indexstr
 *(.stab.indexstr)

.comment        0x00000000       0x30
 *(.comment)
 .comment       0x00000000       0x30 ad5752.o
                                 0x31 (size before relaxing)
 .comment       0x00000030       0x31 Cards/Amplifier.o
 .comment       0x00000030       0x31 Cards/FrontEnd.o
 .comment       0x00000030       0x31 Cards/LED_Source.o
 .comment       0x00000030       0x31 Cards/MOSFET_BreakDown.o
 .comment       0x00000030       0x31 Cards/Slot_Tester.o
 .comment       0x00000030       0x31 ICs/AD5752.o
 .comment       0x00000030       0x31 ICs/MCP23S08.o
 .comment       0x00000030       0x31 LTC1864.o
 .comment       0x00000030       0x31 main.o
 .comment       0x00000030       0x31 my_Timers.o
 .comment       0x00000030       0x31 terminal.o
 .comment       0x00000030       0x31 uart0.o
 .comment       0x00000030       0x31 usart_spi.o

.note.gnu.avr.deviceinfo
                0x00000000       0x40
 .note.gnu.avr.deviceinfo
                0x00000000       0x40 c:/program files (x86)/atmel/studio/7.0/toolchain/avr8/avr8-gnu-toolchain/bin/../lib/gcc/avr/5.4.0/../../../../avr/lib/avr6/crtatmega2560.o

.note.gnu.build-id
 *(.note.gnu.build-id)

.debug
 *(.debug)

.line
 *(.line)

.debug_srcinfo
 *(.debug_srcinfo)

.debug_sfnames
 *(.debug_sfnames)

.debug_aranges  0x00000000      0x4d8
 *(.debug_aranges)
 .debug_aranges
                0x00000000       0x60 ad5752.o
 .debug_aranges
                0x00000060       0x40 Cards/Amplifier.o
 .debug_aranges
                0x000000a0       0x50 Cards/FrontEnd.o
 .debug_aranges
                0x000000f0       0x40 Cards/LED_Source.o
 .debug_aranges
                0x00000130       0x48 Cards/MOSFET_BreakDown.o
 .debug_aranges
                0x00000178       0x40 Cards/Slot_Tester.o
 .debug_aranges
                0x000001b8       0x28 ICs/AD5752.o
 .debug_aranges
                0x000001e0       0x30 ICs/MCP23S08.o
 .debug_aranges
                0x00000210       0x38 LTC1864.o
 .debug_aranges
                0x00000248       0x78 main.o
 .debug_aranges
                0x000002c0       0x78 my_Timers.o
 .debug_aranges
                0x00000338       0x90 terminal.o
 .debug_aranges
                0x000003c8       0x88 uart0.o
 .debug_aranges
                0x00000450       0x88 usart_spi.o

.debug_pubnames
 *(.debug_pubnames)

.debug_info     0x00000000     0xa789
 *(.debug_info .gnu.linkonce.wi.*)
 .debug_info    0x00000000      0xbbc c:/program files (x86)/atmel/studio/7.0/toolchain/avr8/avr8-gnu-toolchain/bin/../lib/gcc/avr/5.4.0/../../../../avr/lib/avr6/crtatmega2560.o
 .debug_info    0x00000bbc      0x9ef ad5752.o
 .debug_info    0x000015ab      0x517 Cards/Amplifier.o
 .debug_info    0x00001ac2      0xacc Cards/FrontEnd.o
 .debug_info    0x0000258e      0x55b Cards/LED_Source.o
 .debug_info    0x00002ae9      0x73f Cards/MOSFET_BreakDown.o
 .debug_info    0x00003228      0x831 Cards/Slot_Tester.o
 .debug_info    0x00003a59      0x519 ICs/AD5752.o
 .debug_info    0x00003f72      0x52f ICs/MCP23S08.o
 .debug_info    0x000044a1      0x5f6 LTC1864.o
 .debug_info    0x00004a97      0xd0c main.o
 .debug_info    0x000057a3      0x50b my_Timers.o
 .debug_info    0x00005cae     0x3bd3 terminal.o
 .debug_info    0x00009881      0x702 uart0.o
 .debug_info    0x00009f83      0x806 usart_spi.o

.debug_abbrev   0x00000000     0x2091
 *(.debug_abbrev)
 .debug_abbrev  0x00000000      0xb1a c:/program files (x86)/atmel/studio/7.0/toolchain/avr8/avr8-gnu-toolchain/bin/../lib/gcc/avr/5.4.0/../../../../avr/lib/avr6/crtatmega2560.o
 .debug_abbrev  0x00000b1a      0x14f ad5752.o
 .debug_abbrev  0x00000c69      0x116 Cards/Amplifier.o
 .debug_abbrev  0x00000d7f      0x131 Cards/FrontEnd.o
 .debug_abbrev  0x00000eb0       0xed Cards/LED_Source.o
 .debug_abbrev  0x00000f9d      0x144 Cards/MOSFET_BreakDown.o
 .debug_abbrev  0x000010e1      0x17e Cards/Slot_Tester.o
 .debug_abbrev  0x0000125f       0xe5 ICs/AD5752.o
 .debug_abbrev  0x00001344      0x126 ICs/MCP23S08.o
 .debug_abbrev  0x0000146a      0x18e LTC1864.o
 .debug_abbrev  0x000015f8      0x227 main.o
 .debug_abbrev  0x0000181f       0xe0 my_Timers.o
 .debug_abbrev  0x000018ff      0x32e terminal.o
 .debug_abbrev  0x00001c2d      0x1fd uart0.o
 .debug_abbrev  0x00001e2a      0x267 usart_spi.o

.debug_line     0x00000000     0x3e92
 *(.debug_line .debug_line.* .debug_line_end)
 .debug_line    0x00000000       0x1a c:/program files (x86)/atmel/studio/7.0/toolchain/avr8/avr8-gnu-toolchain/bin/../lib/gcc/avr/5.4.0/../../../../avr/lib/avr6/crtatmega2560.o
 .debug_line    0x0000001a      0x2e1 ad5752.o
 .debug_line    0x000002fb      0x266 Cards/Amplifier.o
 .debug_line    0x00000561      0x420 Cards/FrontEnd.o
 .debug_line    0x00000981      0x272 Cards/LED_Source.o
 .debug_line    0x00000bf3      0x2d4 Cards/MOSFET_BreakDown.o
 .debug_line    0x00000ec7      0x475 Cards/Slot_Tester.o
 .debug_line    0x0000133c      0x17d ICs/AD5752.o
 .debug_line    0x000014b9      0x18c ICs/MCP23S08.o
 .debug_line    0x00001645      0x251 LTC1864.o
 .debug_line    0x00001896      0x71c main.o
 .debug_line    0x00001fb2      0x36e my_Timers.o
 .debug_line    0x00002320     0x1135 terminal.o
 .debug_line    0x00003455      0x541 uart0.o
 .debug_line    0x00003996      0x4fc usart_spi.o

.debug_frame    0x00000000      0xee0
 *(.debug_frame)
 .debug_frame   0x00000000      0x124 ad5752.o
 .debug_frame   0x00000124       0xa0 Cards/Amplifier.o
 .debug_frame   0x000001c4       0xf0 Cards/FrontEnd.o
 .debug_frame   0x000002b4       0xa8 Cards/LED_Source.o
 .debug_frame   0x0000035c       0x9c Cards/MOSFET_BreakDown.o
 .debug_frame   0x000003f8       0x98 Cards/Slot_Tester.o
 .debug_frame   0x00000490       0x70 ICs/AD5752.o
 .debug_frame   0x00000500       0x84 ICs/MCP23S08.o
 .debug_frame   0x00000584       0x74 LTC1864.o
 .debug_frame   0x000005f8      0x158 main.o
 .debug_frame   0x00000750      0x1c8 my_Timers.o
 .debug_frame   0x00000918      0x29c terminal.o
 .debug_frame   0x00000bb4      0x198 uart0.o
 .debug_frame   0x00000d4c      0x194 usart_spi.o

.debug_str      0x00000000     0x17ce
 *(.debug_str)
 .debug_str     0x00000000      0x3e6 c:/program files (x86)/atmel/studio/7.0/toolchain/avr8/avr8-gnu-toolchain/bin/../lib/gcc/avr/5.4.0/../../../../avr/lib/avr6/crtatmega2560.o
 .debug_str     0x000003e6      0x52e ad5752.o
                                0x583 (size before relaxing)
 .debug_str     0x00000914      0x116 Cards/Amplifier.o
                                0x528 (size before relaxing)
 .debug_str     0x00000a2a      0x111 Cards/FrontEnd.o
                                0x5d3 (size before relaxing)
 .debug_str     0x00000b3b       0xb4 Cards/LED_Source.o
                                0x53c (size before relaxing)
 .debug_str     0x00000bef      0x107 Cards/MOSFET_BreakDown.o
                                0x528 (size before relaxing)
 .debug_str     0x00000cf6       0xab Cards/Slot_Tester.o
                                0x514 (size before relaxing)
 .debug_str     0x00000da1       0x1e ICs/AD5752.o
                                0x484 (size before relaxing)
 .debug_str     0x00000dbf       0x66 ICs/MCP23S08.o
                                0x4d8 (size before relaxing)
 .debug_str     0x00000e25       0xb1 LTC1864.o
                                0x537 (size before relaxing)
 .debug_str     0x00000ed6      0x36f main.o
                                0x8d8 (size before relaxing)
 .debug_str     0x00001245       0xc1 my_Timers.o
                                0x5ce (size before relaxing)
 .debug_str     0x00001306      0x141 terminal.o
                                0x9ad (size before relaxing)
 .debug_str     0x00001447      0x1a3 uart0.o
                                0x601 (size before relaxing)
 .debug_str     0x000015ea      0x1e4 usart_spi.o
                                0x69f (size before relaxing)

.debug_loc      0x00000000     0x4fcf
 *(.debug_loc)
 .debug_loc     0x00000000      0x50e ad5752.o
 .debug_loc     0x0000050e      0x212 Cards/Amplifier.o
 .debug_loc     0x00000720      0x5c4 Cards/FrontEnd.o
 .debug_loc     0x00000ce4      0x2c5 Cards/LED_Source.o
 .debug_loc     0x00000fa9      0x2f6 Cards/MOSFET_BreakDown.o
 .debug_loc     0x0000129f      0x64d Cards/Slot_Tester.o
 .debug_loc     0x000018ec      0x227 ICs/AD5752.o
 .debug_loc     0x00001b13      0x21a ICs/MCP23S08.o
 .debug_loc     0x00001d2d      0x2ae LTC1864.o
 .debug_loc     0x00001fdb      0x30c main.o
 .debug_loc     0x000022e7      0x2cc my_Timers.o
 .debug_loc     0x000025b3     0x2332 terminal.o
 .debug_loc     0x000048e5      0x386 uart0.o
 .debug_loc     0x00004c6b      0x364 usart_spi.o

.debug_macinfo
 *(.debug_macinfo)

.debug_weaknames
 *(.debug_weaknames)

.debug_funcnames
 *(.debug_funcnames)

.debug_typenames
 *(.debug_typenames)

.debug_varnames
 *(.debug_varnames)

.debug_pubtypes
 *(.debug_pubtypes)

.debug_ranges   0x00000000      0x460
 *(.debug_ranges)
 .debug_ranges  0x00000000       0x50 ad5752.o
 .debug_ranges  0x00000050       0x30 Cards/Amplifier.o
 .debug_ranges  0x00000080       0x40 Cards/FrontEnd.o
 .debug_ranges  0x000000c0       0x30 Cards/LED_Source.o
 .debug_ranges  0x000000f0       0x38 Cards/MOSFET_BreakDown.o
 .debug_ranges  0x00000128       0x30 Cards/Slot_Tester.o
 .debug_ranges  0x00000158       0x18 ICs/AD5752.o
 .debug_ranges  0x00000170       0x20 ICs/MCP23S08.o
 .debug_ranges  0x00000190       0x28 LTC1864.o
 .debug_ranges  0x000001b8       0x68 main.o
 .debug_ranges  0x00000220       0x68 my_Timers.o
 .debug_ranges  0x00000288       0xe8 terminal.o
 .debug_ranges  0x00000370       0x78 uart0.o
 .debug_ranges  0x000003e8       0x78 usart_spi.o

.debug_macro
 *(.debug_macro)
OUTPUT(MC_RthTEC_V0_0_5.elf elf32-avr)
LOAD linker stubs
