Archive member included to satisfy reference by file (symbol)

c:/program files (x86)/atmel/studio/7.0/toolchain/avr8/avr8-gnu-toolchain/bin/../lib/gcc/avr/5.4.0/avr6\libgcc.a(_udivmodhi4.o)
                              terminal.o (__udivmodhi4)
c:/program files (x86)/atmel/studio/7.0/toolchain/avr8/avr8-gnu-toolchain/bin/../lib/gcc/avr/5.4.0/avr6\libgcc.a(_udivmodsi4.o)
                              ad5752.o (__udivmodsi4)
c:/program files (x86)/atmel/studio/7.0/toolchain/avr8/avr8-gnu-toolchain/bin/../lib/gcc/avr/5.4.0/avr6\libgcc.a(_exit.o)
                              C:/Program Files (x86)/Atmel/Studio/7.0/Packs/atmel/ATmega_DFP/1.2.132/gcc/dev/atmega2560/avr6/crtatmega2560.o (exit)
c:/program files (x86)/atmel/studio/7.0/toolchain/avr8/avr8-gnu-toolchain/bin/../lib/gcc/avr/5.4.0/avr6\libgcc.a(_tablejump2.o)
                              Cards/Slot_Tester.o (__tablejump2__)
c:/program files (x86)/atmel/studio/7.0/toolchain/avr8/avr8-gnu-toolchain/bin/../lib/gcc/avr/5.4.0/avr6\libgcc.a(_copy_data.o)
                              main.o (__do_copy_data)
c:/program files (x86)/atmel/studio/7.0/toolchain/avr8/avr8-gnu-toolchain/bin/../lib/gcc/avr/5.4.0/avr6\libgcc.a(_clear_bss.o)
                              ad5752.o (__do_clear_bss)
c:/program files (x86)/atmel/studio/7.0/toolchain/avr8/avr8-gnu-toolchain/bin/../lib/gcc/avr/5.4.0/avr6\libgcc.a(_umulhisi3.o)
                              ad5752.o (__umulhisi3)
c:/program files (x86)/atmel/studio/7.0/toolchain/avr8/avr8-gnu-toolchain/bin/../lib/gcc/avr/5.4.0/avr6\libgcc.a(_usmulhisi3.o)
                              LTC1864.o (__usmulhisi3)
c:/program files (x86)/atmel/studio/7.0/toolchain/avr8/avr8-gnu-toolchain/bin/../lib/gcc/avr/5.4.0/avr6\libgcc.a(_muluhisi3.o)
                              ad5752.o (__muluhisi3)
c:/program files (x86)/atmel/studio/7.0/toolchain/avr8/avr8-gnu-toolchain/bin/../lib/gcc/avr/5.4.0/../../../../avr/lib/avr6\libc.a(strcat.o)
                              terminal.o (strcat)
c:/program files (x86)/atmel/studio/7.0/toolchain/avr8/avr8-gnu-toolchain/bin/../lib/gcc/avr/5.4.0/../../../../avr/lib/avr6\libc.a(strcpy.o)
                              terminal.o (strcpy)
c:/program files (x86)/atmel/studio/7.0/toolchain/avr8/avr8-gnu-toolchain/bin/../lib/gcc/avr/5.4.0/../../../../avr/lib/avr6\libc.a(itoa_ncheck.o)
                              terminal.o (__itoa_ncheck)
c:/program files (x86)/atmel/studio/7.0/toolchain/avr8/avr8-gnu-toolchain/bin/../lib/gcc/avr/5.4.0/../../../../avr/lib/avr6\libc.a(ltoa_ncheck.o)
                              terminal.o (__ltoa_ncheck)
c:/program files (x86)/atmel/studio/7.0/toolchain/avr8/avr8-gnu-toolchain/bin/../lib/gcc/avr/5.4.0/../../../../avr/lib/avr6\libc.a(ultoa_ncheck.o)
                              c:/program files (x86)/atmel/studio/7.0/toolchain/avr8/avr8-gnu-toolchain/bin/../lib/gcc/avr/5.4.0/../../../../avr/lib/avr6\libc.a(ltoa_ncheck.o) (__ultoa_common)
c:/program files (x86)/atmel/studio/7.0/toolchain/avr8/avr8-gnu-toolchain/bin/../lib/gcc/avr/5.4.0/../../../../avr/lib/avr6\libc.a(utoa_ncheck.o)
                              c:/program files (x86)/atmel/studio/7.0/toolchain/avr8/avr8-gnu-toolchain/bin/../lib/gcc/avr/5.4.0/../../../../avr/lib/avr6\libc.a(itoa_ncheck.o) (__utoa_common)
c:/program files (x86)/atmel/studio/7.0/toolchain/avr8/avr8-gnu-toolchain/bin/../lib/gcc/avr/5.4.0/../../../../avr/lib/avr6\libc.a(strrev.o)
                              c:/program files (x86)/atmel/studio/7.0/toolchain/avr8/avr8-gnu-toolchain/bin/../lib/gcc/avr/5.4.0/../../../../avr/lib/avr6\libc.a(ultoa_ncheck.o) (strrev)
C:/Program Files (x86)/Atmel/Studio/7.0/Packs/atmel/ATmega_DFP/1.2.132/gcc/dev/atmega2560/avr6\libatmega2560.a(eerd_block.o)
                              main.o (eeprom_read_block)
C:/Program Files (x86)/Atmel/Studio/7.0/Packs/atmel/ATmega_DFP/1.2.132/gcc/dev/atmega2560/avr6\libatmega2560.a(eerd_byte.o)
                              main.o (eeprom_read_byte)
C:/Program Files (x86)/Atmel/Studio/7.0/Packs/atmel/ATmega_DFP/1.2.132/gcc/dev/atmega2560/avr6\libatmega2560.a(eerd_dword.o)
                              main.o (eeprom_read_dword)
C:/Program Files (x86)/Atmel/Studio/7.0/Packs/atmel/ATmega_DFP/1.2.132/gcc/dev/atmega2560/avr6\libatmega2560.a(eerd_word.o)
                              Cards/Amplifier.o (eeprom_read_word)
C:/Program Files (x86)/Atmel/Studio/7.0/Packs/atmel/ATmega_DFP/1.2.132/gcc/dev/atmega2560/avr6\libatmega2560.a(eewr_block.o)
                              main.o (eeprom_write_block)
C:/Program Files (x86)/Atmel/Studio/7.0/Packs/atmel/ATmega_DFP/1.2.132/gcc/dev/atmega2560/avr6\libatmega2560.a(eewr_byte.o)
                              main.o (eeprom_write_byte)
C:/Program Files (x86)/Atmel/Studio/7.0/Packs/atmel/ATmega_DFP/1.2.132/gcc/dev/atmega2560/avr6\libatmega2560.a(eewr_dword.o)
                              main.o (eeprom_write_dword)
C:/Program Files (x86)/Atmel/Studio/7.0/Packs/atmel/ATmega_DFP/1.2.132/gcc/dev/atmega2560/avr6\libatmega2560.a(eewr_word.o)
                              Cards/Amplifier.o (eeprom_write_word)

Allocating common symbols
Common symbol       size              file

heat_pulse_voltage  0x4               ad5752.o
measure_pulse_voltage
                    0x2               ad5752.o
led_Source_Meas_Current_0mA1
                    0x10              ad5752.o
deterministic_pulse_length
                    0x2               ad5752.o
uart0_tx_buffer     0x80              uart0.o
interrupt_1ms       0x1               ad5752.o
heat_pulse_length   0x4               ad5752.o
deterministic_pulse_cycles
                    0x2               ad5752.o
interrupt_1hz       0x1               ad5752.o
uart0_rx            0x81              ad5752.o
deterministic_pulse_counter
                    0x2               my_Timers.o
string              0x2               terminal.o
measure_pulse_current
                    0x2               ad5752.o
heat_pulse_precount
                    0x1               my_Timers.o
led_Source_Heat_Current_mA
                    0x10              ad5752.o
usart_spi_tx_buffer
                    0x40              usart_spi.o
offset_voltage      0x2               ad5752.o
led_hp              0x1               ad5752.o
heat_pulse_current  0x2               ad5752.o
led_mp              0x1               ad5752.o
amplifier_gain      0x10              ad5752.o
usart_spi_rx        0x40              ad5752.o
measure_pulse_length
                    0x4               ad5752.o
debug_send          0x1               ad5752.o
amplifier_offset_voltage_mV
                    0x10              ad5752.o
current_source_enabled
                    0x1               ad5752.o
heat_pulse_lastcount
                    0x2               my_Timers.o
usart_spi_rx_buffer
                    0x40              usart_spi.o
startup_wait_counter
                    0x1               ad5752.o
measure_pules_voltage
                    0x4               ad5752.o
measure_pulse_precount
                    0x1               my_Timers.o
flag_standard_TTA   0x1               ad5752.o
window_offset       0x2               ad5752.o
interrupt_10hz      0x1               ad5752.o
uart0_active_timer  0x1               ad5752.o
flag_deterministic_TTA
                    0x1               ad5752.o
pulse_output_register
                    0x1               ad5752.o
measure_pulse_lastcount
                    0x2               my_Timers.o
len                 0x1               terminal.o
uart0_rx_buffer     0x80              uart0.o
terminal_timeout    0x1               ad5752.o
card_Type           0x8               ad5752.o

Discarded input sections

 .data          0x00000000        0x0 C:/Program Files (x86)/Atmel/Studio/7.0/Packs/atmel/ATmega_DFP/1.2.132/gcc/dev/atmega2560/avr6/crtatmega2560.o
 .bss           0x00000000        0x0 C:/Program Files (x86)/Atmel/Studio/7.0/Packs/atmel/ATmega_DFP/1.2.132/gcc/dev/atmega2560/avr6/crtatmega2560.o
 .text          0x00000000        0x0 ad5752.o
 .data          0x00000000        0x0 ad5752.o
 .bss           0x00000000        0x0 ad5752.o
 .text.DAC_TXWaiting
                0x00000000        0x6 ad5752.o
 .text.DAC_Range_and_PowerUp
                0x00000000       0x4e ad5752.o
 .text.DAC_Set  0x00000000       0x38 ad5752.o
 .text.FrontEnd_set_Offset_Voltage
                0x00000000       0x4e ad5752.o
 .text.DAC_Init
                0x00000000       0x76 ad5752.o
 .text          0x00000000        0x0 Cards/Amplifier.o
 .data          0x00000000        0x0 Cards/Amplifier.o
 .bss           0x00000000        0x0 Cards/Amplifier.o
 .text.Amplifier_Default_Values
                0x00000000       0x56 Cards/Amplifier.o
 .text          0x00000000        0x0 Cards/LED_Source.o
 .data          0x00000000        0x0 Cards/LED_Source.o
 .bss           0x00000000        0x0 Cards/LED_Source.o
 .text.LED_Source_Default_Values
                0x00000000       0x56 Cards/LED_Source.o
 .text          0x00000000        0x0 Cards/MOSFET_BreakDown.o
 .data          0x00000000        0x0 Cards/MOSFET_BreakDown.o
 .bss           0x00000000        0x0 Cards/MOSFET_BreakDown.o
 .text          0x00000000        0x0 Cards/Slot_Tester.o
 .data          0x00000000        0x0 Cards/Slot_Tester.o
 .bss           0x00000000        0x0 Cards/Slot_Tester.o
 .text          0x00000000        0x0 ICs/AD5752.o
 .data          0x00000000        0x0 ICs/AD5752.o
 .bss           0x00000000        0x0 ICs/AD5752.o
 .text          0x00000000        0x0 ICs/MCP23S08.o
 .data          0x00000000        0x0 ICs/MCP23S08.o
 .bss           0x00000000        0x0 ICs/MCP23S08.o
 .text.IO_Expander_Init
                0x00000000        0x2 ICs/MCP23S08.o
 .text          0x00000000        0x0 LTC1864.o
 .data          0x00000000        0x0 LTC1864.o
 .bss           0x00000000        0x0 LTC1864.o
 .text.Measure_Voltage_LED
                0x00000000        0x8 LTC1864.o
 .text          0x00000000        0x0 main.o
 .data          0x00000000        0x0 main.o
 .bss           0x00000000        0x0 main.o
 .progmem.data.firmware_version
                0x00000000       0x2a main.o
 .text          0x00000000        0x0 my_Timers.o
 .data          0x00000000        0x0 my_Timers.o
 .bss           0x00000000        0x0 my_Timers.o
 .text          0x00000000        0x0 terminal.o
 .data          0x00000000        0x0 terminal.o
 .bss           0x00000000        0x0 terminal.o
 .text.ParseBool
                0x00000000       0x20 terminal.o
 .text.TransmitString
                0x00000000        0x6 terminal.o
 .text.TransmitInt0
                0x00000000      0x104 terminal.o
 .text.TransmitByte
                0x00000000       0x74 terminal.o
 .text          0x00000000        0x0 uart0.o
 .data          0x00000000        0x0 uart0.o
 .bss           0x00000000        0x0 uart0.o
 .text.UART0ReceiveLen
                0x00000000       0x78 uart0.o
 .text.UART0CharsWaiting
                0x00000000       0x18 uart0.o
 .text.UART0SendWaiting
                0x00000000        0xc uart0.o
 .text.UART0TransmitBytes
                0x00000000       0x26 uart0.o
 .text.UART0DoRxTx
                0x00000000       0xe0 uart0.o
 .bss.uart0_rx_frames
                0x00000000        0x1 uart0.o
 .bss.uart0_rx_lenght
                0x00000000        0x1 uart0.o
 .text          0x00000000        0x0 usart_spi.o
 .data          0x00000000        0x0 usart_spi.o
 .bss           0x00000000        0x0 usart_spi.o
 .text.USART_SPI_Init
                0x00000000        0xa usart_spi.o
 .text.USART_SPI_DoRxTx
                0x00000000       0xd6 usart_spi.o
 .bss.usart_spi_rx_lenght
                0x00000000        0x1 usart_spi.o
 .text          0x00000000        0x0 c:/program files (x86)/atmel/studio/7.0/toolchain/avr8/avr8-gnu-toolchain/bin/../lib/gcc/avr/5.4.0/avr6\libgcc.a(_udivmodhi4.o)
 .data          0x00000000        0x0 c:/program files (x86)/atmel/studio/7.0/toolchain/avr8/avr8-gnu-toolchain/bin/../lib/gcc/avr/5.4.0/avr6\libgcc.a(_udivmodhi4.o)
 .bss           0x00000000        0x0 c:/program files (x86)/atmel/studio/7.0/toolchain/avr8/avr8-gnu-toolchain/bin/../lib/gcc/avr/5.4.0/avr6\libgcc.a(_udivmodhi4.o)
 .text.libgcc.mul
                0x00000000        0x0 c:/program files (x86)/atmel/studio/7.0/toolchain/avr8/avr8-gnu-toolchain/bin/../lib/gcc/avr/5.4.0/avr6\libgcc.a(_udivmodhi4.o)
 .text.libgcc   0x00000000        0x0 c:/program files (x86)/atmel/studio/7.0/toolchain/avr8/avr8-gnu-toolchain/bin/../lib/gcc/avr/5.4.0/avr6\libgcc.a(_udivmodhi4.o)
 .text.libgcc.prologue
                0x00000000        0x0 c:/program files (x86)/atmel/studio/7.0/toolchain/avr8/avr8-gnu-toolchain/bin/../lib/gcc/avr/5.4.0/avr6\libgcc.a(_udivmodhi4.o)
 .text.libgcc.builtins
                0x00000000        0x0 c:/program files (x86)/atmel/studio/7.0/toolchain/avr8/avr8-gnu-toolchain/bin/../lib/gcc/avr/5.4.0/avr6\libgcc.a(_udivmodhi4.o)
 .text.libgcc.fmul
                0x00000000        0x0 c:/program files (x86)/atmel/studio/7.0/toolchain/avr8/avr8-gnu-toolchain/bin/../lib/gcc/avr/5.4.0/avr6\libgcc.a(_udivmodhi4.o)
 .text.libgcc.fixed
                0x00000000        0x0 c:/program files (x86)/atmel/studio/7.0/toolchain/avr8/avr8-gnu-toolchain/bin/../lib/gcc/avr/5.4.0/avr6\libgcc.a(_udivmodhi4.o)
 .text          0x00000000        0x0 c:/program files (x86)/atmel/studio/7.0/toolchain/avr8/avr8-gnu-toolchain/bin/../lib/gcc/avr/5.4.0/avr6\libgcc.a(_udivmodsi4.o)
 .data          0x00000000        0x0 c:/program files (x86)/atmel/studio/7.0/toolchain/avr8/avr8-gnu-toolchain/bin/../lib/gcc/avr/5.4.0/avr6\libgcc.a(_udivmodsi4.o)
 .bss           0x00000000        0x0 c:/program files (x86)/atmel/studio/7.0/toolchain/avr8/avr8-gnu-toolchain/bin/../lib/gcc/avr/5.4.0/avr6\libgcc.a(_udivmodsi4.o)
 .text.libgcc.mul
                0x00000000        0x0 c:/program files (x86)/atmel/studio/7.0/toolchain/avr8/avr8-gnu-toolchain/bin/../lib/gcc/avr/5.4.0/avr6\libgcc.a(_udivmodsi4.o)
 .text.libgcc   0x00000000        0x0 c:/program files (x86)/atmel/studio/7.0/toolchain/avr8/avr8-gnu-toolchain/bin/../lib/gcc/avr/5.4.0/avr6\libgcc.a(_udivmodsi4.o)
 .text.libgcc.prologue
                0x00000000        0x0 c:/program files (x86)/atmel/studio/7.0/toolchain/avr8/avr8-gnu-toolchain/bin/../lib/gcc/avr/5.4.0/avr6\libgcc.a(_udivmodsi4.o)
 .text.libgcc.builtins
                0x00000000        0x0 c:/program files (x86)/atmel/studio/7.0/toolchain/avr8/avr8-gnu-toolchain/bin/../lib/gcc/avr/5.4.0/avr6\libgcc.a(_udivmodsi4.o)
 .text.libgcc.fmul
                0x00000000        0x0 c:/program files (x86)/atmel/studio/7.0/toolchain/avr8/avr8-gnu-toolchain/bin/../lib/gcc/avr/5.4.0/avr6\libgcc.a(_udivmodsi4.o)
 .text.libgcc.fixed
                0x00000000        0x0 c:/program files (x86)/atmel/studio/7.0/toolchain/avr8/avr8-gnu-toolchain/bin/../lib/gcc/avr/5.4.0/avr6\libgcc.a(_udivmodsi4.o)
 .text          0x00000000        0x0 c:/program files (x86)/atmel/studio/7.0/toolchain/avr8/avr8-gnu-toolchain/bin/../lib/gcc/avr/5.4.0/avr6\libgcc.a(_exit.o)
 .data          0x00000000        0x0 c:/program files (x86)/atmel/studio/7.0/toolchain/avr8/avr8-gnu-toolchain/bin/../lib/gcc/avr/5.4.0/avr6\libgcc.a(_exit.o)
 .bss           0x00000000        0x0 c:/program files (x86)/atmel/studio/7.0/toolchain/avr8/avr8-gnu-toolchain/bin/../lib/gcc/avr/5.4.0/avr6\libgcc.a(_exit.o)
 .text.libgcc.mul
                0x00000000        0x0 c:/program files (x86)/atmel/studio/7.0/toolchain/avr8/avr8-gnu-toolchain/bin/../lib/gcc/avr/5.4.0/avr6\libgcc.a(_exit.o)
 .text.libgcc.div
                0x00000000        0x0 c:/program files (x86)/atmel/studio/7.0/toolchain/avr8/avr8-gnu-toolchain/bin/../lib/gcc/avr/5.4.0/avr6\libgcc.a(_exit.o)
 .text.libgcc   0x00000000        0x0 c:/program files (x86)/atmel/studio/7.0/toolchain/avr8/avr8-gnu-toolchain/bin/../lib/gcc/avr/5.4.0/avr6\libgcc.a(_exit.o)
 .text.libgcc.prologue
                0x00000000        0x0 c:/program files (x86)/atmel/studio/7.0/toolchain/avr8/avr8-gnu-toolchain/bin/../lib/gcc/avr/5.4.0/avr6\libgcc.a(_exit.o)
 .text.libgcc.builtins
                0x00000000        0x0 c:/program files (x86)/atmel/studio/7.0/toolchain/avr8/avr8-gnu-toolchain/bin/../lib/gcc/avr/5.4.0/avr6\libgcc.a(_exit.o)
 .text.libgcc.fmul
                0x00000000        0x0 c:/program files (x86)/atmel/studio/7.0/toolchain/avr8/avr8-gnu-toolchain/bin/../lib/gcc/avr/5.4.0/avr6\libgcc.a(_exit.o)
 .text.libgcc.fixed
                0x00000000        0x0 c:/program files (x86)/atmel/studio/7.0/toolchain/avr8/avr8-gnu-toolchain/bin/../lib/gcc/avr/5.4.0/avr6\libgcc.a(_exit.o)
 .text          0x00000000        0x0 c:/program files (x86)/atmel/studio/7.0/toolchain/avr8/avr8-gnu-toolchain/bin/../lib/gcc/avr/5.4.0/avr6\libgcc.a(_tablejump2.o)
 .data          0x00000000        0x0 c:/program files (x86)/atmel/studio/7.0/toolchain/avr8/avr8-gnu-toolchain/bin/../lib/gcc/avr/5.4.0/avr6\libgcc.a(_tablejump2.o)
 .bss           0x00000000        0x0 c:/program files (x86)/atmel/studio/7.0/toolchain/avr8/avr8-gnu-toolchain/bin/../lib/gcc/avr/5.4.0/avr6\libgcc.a(_tablejump2.o)
 .text.libgcc.mul
                0x00000000        0x0 c:/program files (x86)/atmel/studio/7.0/toolchain/avr8/avr8-gnu-toolchain/bin/../lib/gcc/avr/5.4.0/avr6\libgcc.a(_tablejump2.o)
 .text.libgcc.div
                0x00000000        0x0 c:/program files (x86)/atmel/studio/7.0/toolchain/avr8/avr8-gnu-toolchain/bin/../lib/gcc/avr/5.4.0/avr6\libgcc.a(_tablejump2.o)
 .text.libgcc.prologue
                0x00000000        0x0 c:/program files (x86)/atmel/studio/7.0/toolchain/avr8/avr8-gnu-toolchain/bin/../lib/gcc/avr/5.4.0/avr6\libgcc.a(_tablejump2.o)
 .text.libgcc.builtins
                0x00000000        0x0 c:/program files (x86)/atmel/studio/7.0/toolchain/avr8/avr8-gnu-toolchain/bin/../lib/gcc/avr/5.4.0/avr6\libgcc.a(_tablejump2.o)
 .text.libgcc.fmul
                0x00000000        0x0 c:/program files (x86)/atmel/studio/7.0/toolchain/avr8/avr8-gnu-toolchain/bin/../lib/gcc/avr/5.4.0/avr6\libgcc.a(_tablejump2.o)
 .text.libgcc.fixed
                0x00000000        0x0 c:/program files (x86)/atmel/studio/7.0/toolchain/avr8/avr8-gnu-toolchain/bin/../lib/gcc/avr/5.4.0/avr6\libgcc.a(_tablejump2.o)
 .text          0x00000000        0x0 c:/program files (x86)/atmel/studio/7.0/toolchain/avr8/avr8-gnu-toolchain/bin/../lib/gcc/avr/5.4.0/avr6\libgcc.a(_copy_data.o)
 .data          0x00000000        0x0 c:/program files (x86)/atmel/studio/7.0/toolchain/avr8/avr8-gnu-toolchain/bin/../lib/gcc/avr/5.4.0/avr6\libgcc.a(_copy_data.o)
 .bss           0x00000000        0x0 c:/program files (x86)/atmel/studio/7.0/toolchain/avr8/avr8-gnu-toolchain/bin/../lib/gcc/avr/5.4.0/avr6\libgcc.a(_copy_data.o)
 .text.libgcc.mul
                0x00000000        0x0 c:/program files (x86)/atmel/studio/7.0/toolchain/avr8/avr8-gnu-toolchain/bin/../lib/gcc/avr/5.4.0/avr6\libgcc.a(_copy_data.o)
 .text.libgcc.div
                0x00000000        0x0 c:/program files (x86)/atmel/studio/7.0/toolchain/avr8/avr8-gnu-toolchain/bin/../lib/gcc/avr/5.4.0/avr6\libgcc.a(_copy_data.o)
 .text.libgcc   0x00000000        0x0 c:/program files (x86)/atmel/studio/7.0/toolchain/avr8/avr8-gnu-toolchain/bin/../lib/gcc/avr/5.4.0/avr6\libgcc.a(_copy_data.o)
 .text.libgcc.prologue
                0x00000000        0x0 c:/program files (x86)/atmel/studio/7.0/toolchain/avr8/avr8-gnu-toolchain/bin/../lib/gcc/avr/5.4.0/avr6\libgcc.a(_copy_data.o)
 .text.libgcc.builtins
                0x00000000        0x0 c:/program files (x86)/atmel/studio/7.0/toolchain/avr8/avr8-gnu-toolchain/bin/../lib/gcc/avr/5.4.0/avr6\libgcc.a(_copy_data.o)
 .text.libgcc.fmul
                0x00000000        0x0 c:/program files (x86)/atmel/studio/7.0/toolchain/avr8/avr8-gnu-toolchain/bin/../lib/gcc/avr/5.4.0/avr6\libgcc.a(_copy_data.o)
 .text.libgcc.fixed
                0x00000000        0x0 c:/program files (x86)/atmel/studio/7.0/toolchain/avr8/avr8-gnu-toolchain/bin/../lib/gcc/avr/5.4.0/avr6\libgcc.a(_copy_data.o)
 .text          0x00000000        0x0 c:/program files (x86)/atmel/studio/7.0/toolchain/avr8/avr8-gnu-toolchain/bin/../lib/gcc/avr/5.4.0/avr6\libgcc.a(_clear_bss.o)
 .data          0x00000000        0x0 c:/program files (x86)/atmel/studio/7.0/toolchain/avr8/avr8-gnu-toolchain/bin/../lib/gcc/avr/5.4.0/avr6\libgcc.a(_clear_bss.o)
 .bss           0x00000000        0x0 c:/program files (x86)/atmel/studio/7.0/toolchain/avr8/avr8-gnu-toolchain/bin/../lib/gcc/avr/5.4.0/avr6\libgcc.a(_clear_bss.o)
 .text.libgcc.mul
                0x00000000        0x0 c:/program files (x86)/atmel/studio/7.0/toolchain/avr8/avr8-gnu-toolchain/bin/../lib/gcc/avr/5.4.0/avr6\libgcc.a(_clear_bss.o)
 .text.libgcc.div
                0x00000000        0x0 c:/program files (x86)/atmel/studio/7.0/toolchain/avr8/avr8-gnu-toolchain/bin/../lib/gcc/avr/5.4.0/avr6\libgcc.a(_clear_bss.o)
 .text.libgcc   0x00000000        0x0 c:/program files (x86)/atmel/studio/7.0/toolchain/avr8/avr8-gnu-toolchain/bin/../lib/gcc/avr/5.4.0/avr6\libgcc.a(_clear_bss.o)
 .text.libgcc.prologue
                0x00000000        0x0 c:/program files (x86)/atmel/studio/7.0/toolchain/avr8/avr8-gnu-toolchain/bin/../lib/gcc/avr/5.4.0/avr6\libgcc.a(_clear_bss.o)
 .text.libgcc.builtins
                0x00000000        0x0 c:/program files (x86)/atmel/studio/7.0/toolchain/avr8/avr8-gnu-toolchain/bin/../lib/gcc/avr/5.4.0/avr6\libgcc.a(_clear_bss.o)
 .text.libgcc.fmul
                0x00000000        0x0 c:/program files (x86)/atmel/studio/7.0/toolchain/avr8/avr8-gnu-toolchain/bin/../lib/gcc/avr/5.4.0/avr6\libgcc.a(_clear_bss.o)
 .text.libgcc.fixed
                0x00000000        0x0 c:/program files (x86)/atmel/studio/7.0/toolchain/avr8/avr8-gnu-toolchain/bin/../lib/gcc/avr/5.4.0/avr6\libgcc.a(_clear_bss.o)
 .text          0x00000000        0x0 c:/program files (x86)/atmel/studio/7.0/toolchain/avr8/avr8-gnu-toolchain/bin/../lib/gcc/avr/5.4.0/avr6\libgcc.a(_umulhisi3.o)
 .data          0x00000000        0x0 c:/program files (x86)/atmel/studio/7.0/toolchain/avr8/avr8-gnu-toolchain/bin/../lib/gcc/avr/5.4.0/avr6\libgcc.a(_umulhisi3.o)
 .bss           0x00000000        0x0 c:/program files (x86)/atmel/studio/7.0/toolchain/avr8/avr8-gnu-toolchain/bin/../lib/gcc/avr/5.4.0/avr6\libgcc.a(_umulhisi3.o)
 .text.libgcc.div
                0x00000000        0x0 c:/program files (x86)/atmel/studio/7.0/toolchain/avr8/avr8-gnu-toolchain/bin/../lib/gcc/avr/5.4.0/avr6\libgcc.a(_umulhisi3.o)
 .text.libgcc   0x00000000        0x0 c:/program files (x86)/atmel/studio/7.0/toolchain/avr8/avr8-gnu-toolchain/bin/../lib/gcc/avr/5.4.0/avr6\libgcc.a(_umulhisi3.o)
 .text.libgcc.prologue
                0x00000000        0x0 c:/program files (x86)/atmel/studio/7.0/toolchain/avr8/avr8-gnu-toolchain/bin/../lib/gcc/avr/5.4.0/avr6\libgcc.a(_umulhisi3.o)
 .text.libgcc.builtins
                0x00000000        0x0 c:/program files (x86)/atmel/studio/7.0/toolchain/avr8/avr8-gnu-toolchain/bin/../lib/gcc/avr/5.4.0/avr6\libgcc.a(_umulhisi3.o)
 .text.libgcc.fmul
                0x00000000        0x0 c:/program files (x86)/atmel/studio/7.0/toolchain/avr8/avr8-gnu-toolchain/bin/../lib/gcc/avr/5.4.0/avr6\libgcc.a(_umulhisi3.o)
 .text.libgcc.fixed
                0x00000000        0x0 c:/program files (x86)/atmel/studio/7.0/toolchain/avr8/avr8-gnu-toolchain/bin/../lib/gcc/avr/5.4.0/avr6\libgcc.a(_umulhisi3.o)
 .text          0x00000000        0x0 c:/program files (x86)/atmel/studio/7.0/toolchain/avr8/avr8-gnu-toolchain/bin/../lib/gcc/avr/5.4.0/avr6\libgcc.a(_usmulhisi3.o)
 .data          0x00000000        0x0 c:/program files (x86)/atmel/studio/7.0/toolchain/avr8/avr8-gnu-toolchain/bin/../lib/gcc/avr/5.4.0/avr6\libgcc.a(_usmulhisi3.o)
 .bss           0x00000000        0x0 c:/program files (x86)/atmel/studio/7.0/toolchain/avr8/avr8-gnu-toolchain/bin/../lib/gcc/avr/5.4.0/avr6\libgcc.a(_usmulhisi3.o)
 .text.libgcc.div
                0x00000000        0x0 c:/program files (x86)/atmel/studio/7.0/toolchain/avr8/avr8-gnu-toolchain/bin/../lib/gcc/avr/5.4.0/avr6\libgcc.a(_usmulhisi3.o)
 .text.libgcc   0x00000000        0x0 c:/program files (x86)/atmel/studio/7.0/toolchain/avr8/avr8-gnu-toolchain/bin/../lib/gcc/avr/5.4.0/avr6\libgcc.a(_usmulhisi3.o)
 .text.libgcc.prologue
                0x00000000        0x0 c:/program files (x86)/atmel/studio/7.0/toolchain/avr8/avr8-gnu-toolchain/bin/../lib/gcc/avr/5.4.0/avr6\libgcc.a(_usmulhisi3.o)
 .text.libgcc.builtins
                0x00000000        0x0 c:/program files (x86)/atmel/studio/7.0/toolchain/avr8/avr8-gnu-toolchain/bin/../lib/gcc/avr/5.4.0/avr6\libgcc.a(_usmulhisi3.o)
 .text.libgcc.fmul
                0x00000000        0x0 c:/program files (x86)/atmel/studio/7.0/toolchain/avr8/avr8-gnu-toolchain/bin/../lib/gcc/avr/5.4.0/avr6\libgcc.a(_usmulhisi3.o)
 .text.libgcc.fixed
                0x00000000        0x0 c:/program files (x86)/atmel/studio/7.0/toolchain/avr8/avr8-gnu-toolchain/bin/../lib/gcc/avr/5.4.0/avr6\libgcc.a(_usmulhisi3.o)
 .text          0x00000000        0x0 c:/program files (x86)/atmel/studio/7.0/toolchain/avr8/avr8-gnu-toolchain/bin/../lib/gcc/avr/5.4.0/avr6\libgcc.a(_muluhisi3.o)
 .data          0x00000000        0x0 c:/program files (x86)/atmel/studio/7.0/toolchain/avr8/avr8-gnu-toolchain/bin/../lib/gcc/avr/5.4.0/avr6\libgcc.a(_muluhisi3.o)
 .bss           0x00000000        0x0 c:/program files (x86)/atmel/studio/7.0/toolchain/avr8/avr8-gnu-toolchain/bin/../lib/gcc/avr/5.4.0/avr6\libgcc.a(_muluhisi3.o)
 .text.libgcc.div
                0x00000000        0x0 c:/program files (x86)/atmel/studio/7.0/toolchain/avr8/avr8-gnu-toolchain/bin/../lib/gcc/avr/5.4.0/avr6\libgcc.a(_muluhisi3.o)
 .text.libgcc   0x00000000        0x0 c:/program files (x86)/atmel/studio/7.0/toolchain/avr8/avr8-gnu-toolchain/bin/../lib/gcc/avr/5.4.0/avr6\libgcc.a(_muluhisi3.o)
 .text.libgcc.prologue
                0x00000000        0x0 c:/program files (x86)/atmel/studio/7.0/toolchain/avr8/avr8-gnu-toolchain/bin/../lib/gcc/avr/5.4.0/avr6\libgcc.a(_muluhisi3.o)
 .text.libgcc.builtins
                0x00000000        0x0 c:/program files (x86)/atmel/studio/7.0/toolchain/avr8/avr8-gnu-toolchain/bin/../lib/gcc/avr/5.4.0/avr6\libgcc.a(_muluhisi3.o)
 .text.libgcc.fmul
                0x00000000        0x0 c:/program files (x86)/atmel/studio/7.0/toolchain/avr8/avr8-gnu-toolchain/bin/../lib/gcc/avr/5.4.0/avr6\libgcc.a(_muluhisi3.o)
 .text.libgcc.fixed
                0x00000000        0x0 c:/program files (x86)/atmel/studio/7.0/toolchain/avr8/avr8-gnu-toolchain/bin/../lib/gcc/avr/5.4.0/avr6\libgcc.a(_muluhisi3.o)
 .text          0x00000000        0x0 c:/program files (x86)/atmel/studio/7.0/toolchain/avr8/avr8-gnu-toolchain/bin/../lib/gcc/avr/5.4.0/../../../../avr/lib/avr6\libc.a(strcat.o)
 .data          0x00000000        0x0 c:/program files (x86)/atmel/studio/7.0/toolchain/avr8/avr8-gnu-toolchain/bin/../lib/gcc/avr/5.4.0/../../../../avr/lib/avr6\libc.a(strcat.o)
 .bss           0x00000000        0x0 c:/program files (x86)/atmel/studio/7.0/toolchain/avr8/avr8-gnu-toolchain/bin/../lib/gcc/avr/5.4.0/../../../../avr/lib/avr6\libc.a(strcat.o)
 .text          0x00000000        0x0 c:/program files (x86)/atmel/studio/7.0/toolchain/avr8/avr8-gnu-toolchain/bin/../lib/gcc/avr/5.4.0/../../../../avr/lib/avr6\libc.a(strcpy.o)
 .data          0x00000000        0x0 c:/program files (x86)/atmel/studio/7.0/toolchain/avr8/avr8-gnu-toolchain/bin/../lib/gcc/avr/5.4.0/../../../../avr/lib/avr6\libc.a(strcpy.o)
 .bss           0x00000000        0x0 c:/program files (x86)/atmel/studio/7.0/toolchain/avr8/avr8-gnu-toolchain/bin/../lib/gcc/avr/5.4.0/../../../../avr/lib/avr6\libc.a(strcpy.o)
 .text          0x00000000        0x0 c:/program files (x86)/atmel/studio/7.0/toolchain/avr8/avr8-gnu-toolchain/bin/../lib/gcc/avr/5.4.0/../../../../avr/lib/avr6\libc.a(itoa_ncheck.o)
 .data          0x00000000        0x0 c:/program files (x86)/atmel/studio/7.0/toolchain/avr8/avr8-gnu-toolchain/bin/../lib/gcc/avr/5.4.0/../../../../avr/lib/avr6\libc.a(itoa_ncheck.o)
 .bss           0x00000000        0x0 c:/program files (x86)/atmel/studio/7.0/toolchain/avr8/avr8-gnu-toolchain/bin/../lib/gcc/avr/5.4.0/../../../../avr/lib/avr6\libc.a(itoa_ncheck.o)
 .text          0x00000000        0x0 c:/program files (x86)/atmel/studio/7.0/toolchain/avr8/avr8-gnu-toolchain/bin/../lib/gcc/avr/5.4.0/../../../../avr/lib/avr6\libc.a(ltoa_ncheck.o)
 .data          0x00000000        0x0 c:/program files (x86)/atmel/studio/7.0/toolchain/avr8/avr8-gnu-toolchain/bin/../lib/gcc/avr/5.4.0/../../../../avr/lib/avr6\libc.a(ltoa_ncheck.o)
 .bss           0x00000000        0x0 c:/program files (x86)/atmel/studio/7.0/toolchain/avr8/avr8-gnu-toolchain/bin/../lib/gcc/avr/5.4.0/../../../../avr/lib/avr6\libc.a(ltoa_ncheck.o)
 .text          0x00000000        0x0 c:/program files (x86)/atmel/studio/7.0/toolchain/avr8/avr8-gnu-toolchain/bin/../lib/gcc/avr/5.4.0/../../../../avr/lib/avr6\libc.a(ultoa_ncheck.o)
 .data          0x00000000        0x0 c:/program files (x86)/atmel/studio/7.0/toolchain/avr8/avr8-gnu-toolchain/bin/../lib/gcc/avr/5.4.0/../../../../avr/lib/avr6\libc.a(ultoa_ncheck.o)
 .bss           0x00000000        0x0 c:/program files (x86)/atmel/studio/7.0/toolchain/avr8/avr8-gnu-toolchain/bin/../lib/gcc/avr/5.4.0/../../../../avr/lib/avr6\libc.a(ultoa_ncheck.o)
 .text          0x00000000        0x0 c:/program files (x86)/atmel/studio/7.0/toolchain/avr8/avr8-gnu-toolchain/bin/../lib/gcc/avr/5.4.0/../../../../avr/lib/avr6\libc.a(utoa_ncheck.o)
 .data          0x00000000        0x0 c:/program files (x86)/atmel/studio/7.0/toolchain/avr8/avr8-gnu-toolchain/bin/../lib/gcc/avr/5.4.0/../../../../avr/lib/avr6\libc.a(utoa_ncheck.o)
 .bss           0x00000000        0x0 c:/program files (x86)/atmel/studio/7.0/toolchain/avr8/avr8-gnu-toolchain/bin/../lib/gcc/avr/5.4.0/../../../../avr/lib/avr6\libc.a(utoa_ncheck.o)
 .text          0x00000000        0x0 c:/program files (x86)/atmel/studio/7.0/toolchain/avr8/avr8-gnu-toolchain/bin/../lib/gcc/avr/5.4.0/../../../../avr/lib/avr6\libc.a(strrev.o)
 .data          0x00000000        0x0 c:/program files (x86)/atmel/studio/7.0/toolchain/avr8/avr8-gnu-toolchain/bin/../lib/gcc/avr/5.4.0/../../../../avr/lib/avr6\libc.a(strrev.o)
 .bss           0x00000000        0x0 c:/program files (x86)/atmel/studio/7.0/toolchain/avr8/avr8-gnu-toolchain/bin/../lib/gcc/avr/5.4.0/../../../../avr/lib/avr6\libc.a(strrev.o)
 .text          0x00000000        0x0 C:/Program Files (x86)/Atmel/Studio/7.0/Packs/atmel/ATmega_DFP/1.2.132/gcc/dev/atmega2560/avr6\libatmega2560.a(eerd_block.o)
 .data          0x00000000        0x0 C:/Program Files (x86)/Atmel/Studio/7.0/Packs/atmel/ATmega_DFP/1.2.132/gcc/dev/atmega2560/avr6\libatmega2560.a(eerd_block.o)
 .bss           0x00000000        0x0 C:/Program Files (x86)/Atmel/Studio/7.0/Packs/atmel/ATmega_DFP/1.2.132/gcc/dev/atmega2560/avr6\libatmega2560.a(eerd_block.o)
 .text          0x00000000        0x0 C:/Program Files (x86)/Atmel/Studio/7.0/Packs/atmel/ATmega_DFP/1.2.132/gcc/dev/atmega2560/avr6\libatmega2560.a(eerd_byte.o)
 .data          0x00000000        0x0 C:/Program Files (x86)/Atmel/Studio/7.0/Packs/atmel/ATmega_DFP/1.2.132/gcc/dev/atmega2560/avr6\libatmega2560.a(eerd_byte.o)
 .bss           0x00000000        0x0 C:/Program Files (x86)/Atmel/Studio/7.0/Packs/atmel/ATmega_DFP/1.2.132/gcc/dev/atmega2560/avr6\libatmega2560.a(eerd_byte.o)
 .text          0x00000000        0x0 C:/Program Files (x86)/Atmel/Studio/7.0/Packs/atmel/ATmega_DFP/1.2.132/gcc/dev/atmega2560/avr6\libatmega2560.a(eerd_dword.o)
 .data          0x00000000        0x0 C:/Program Files (x86)/Atmel/Studio/7.0/Packs/atmel/ATmega_DFP/1.2.132/gcc/dev/atmega2560/avr6\libatmega2560.a(eerd_dword.o)
 .bss           0x00000000        0x0 C:/Program Files (x86)/Atmel/Studio/7.0/Packs/atmel/ATmega_DFP/1.2.132/gcc/dev/atmega2560/avr6\libatmega2560.a(eerd_dword.o)
 .text          0x00000000        0x0 C:/Program Files (x86)/Atmel/Studio/7.0/Packs/atmel/ATmega_DFP/1.2.132/gcc/dev/atmega2560/avr6\libatmega2560.a(eerd_word.o)
 .data          0x00000000        0x0 C:/Program Files (x86)/Atmel/Studio/7.0/Packs/atmel/ATmega_DFP/1.2.132/gcc/dev/atmega2560/avr6\libatmega2560.a(eerd_word.o)
 .bss           0x00000000        0x0 C:/Program Files (x86)/Atmel/Studio/7.0/Packs/atmel/ATmega_DFP/1.2.132/gcc/dev/atmega2560/avr6\libatmega2560.a(eerd_word.o)
 .text          0x00000000        0x0 C:/Program Files (x86)/Atmel/Studio/7.0/Packs/atmel/ATmega_DFP/1.2.132/gcc/dev/atmega2560/avr6\libatmega2560.a(eewr_block.o)
 .data          0x00000000        0x0 C:/Program Files (x86)/Atmel/Studio/7.0/Packs/atmel/ATmega_DFP/1.2.132/gcc/dev/atmega2560/avr6\libatmega2560.a(eewr_block.o)
 .bss           0x00000000        0x0 C:/Program Files (x86)/Atmel/Studio/7.0/Packs/atmel/ATmega_DFP/1.2.132/gcc/dev/atmega2560/avr6\libatmega2560.a(eewr_block.o)
 .text          0x00000000        0x0 C:/Program Files (x86)/Atmel/Studio/7.0/Packs/atmel/ATmega_DFP/1.2.132/gcc/dev/atmega2560/avr6\libatmega2560.a(eewr_byte.o)
 .data          0x00000000        0x0 C:/Program Files (x86)/Atmel/Studio/7.0/Packs/atmel/ATmega_DFP/1.2.132/gcc/dev/atmega2560/avr6\libatmega2560.a(eewr_byte.o)
 .bss           0x00000000        0x0 C:/Program Files (x86)/Atmel/Studio/7.0/Packs/atmel/ATmega_DFP/1.2.132/gcc/dev/atmega2560/avr6\libatmega2560.a(eewr_byte.o)
 .text          0x00000000        0x0 C:/Program Files (x86)/Atmel/Studio/7.0/Packs/atmel/ATmega_DFP/1.2.132/gcc/dev/atmega2560/avr6\libatmega2560.a(eewr_dword.o)
 .data          0x00000000        0x0 C:/Program Files (x86)/Atmel/Studio/7.0/Packs/atmel/ATmega_DFP/1.2.132/gcc/dev/atmega2560/avr6\libatmega2560.a(eewr_dword.o)
 .bss           0x00000000        0x0 C:/Program Files (x86)/Atmel/Studio/7.0/Packs/atmel/ATmega_DFP/1.2.132/gcc/dev/atmega2560/avr6\libatmega2560.a(eewr_dword.o)
 .text          0x00000000        0x0 C:/Program Files (x86)/Atmel/Studio/7.0/Packs/atmel/ATmega_DFP/1.2.132/gcc/dev/atmega2560/avr6\libatmega2560.a(eewr_word.o)
 .data          0x00000000        0x0 C:/Program Files (x86)/Atmel/Studio/7.0/Packs/atmel/ATmega_DFP/1.2.132/gcc/dev/atmega2560/avr6\libatmega2560.a(eewr_word.o)
 .bss           0x00000000        0x0 C:/Program Files (x86)/Atmel/Studio/7.0/Packs/atmel/ATmega_DFP/1.2.132/gcc/dev/atmega2560/avr6\libatmega2560.a(eewr_word.o)

Memory Configuration

Name             Origin             Length             Attributes
text             0x00000000         0x00100000         xr
data             0x00800200         0x0000fe00         rw !x
eeprom           0x00810000         0x00010000         rw !x
fuse             0x00820000         0x00000003         rw !x
lock             0x00830000         0x00000400         rw !x
signature        0x00840000         0x00000400         rw !x
user_signatures  0x00850000         0x00000400         rw !x
*default*        0x00000000         0xffffffff

Linker script and memory map

Address of section .data set to 0x800200
LOAD C:/Program Files (x86)/Atmel/Studio/7.0/Packs/atmel/ATmega_DFP/1.2.132/gcc/dev/atmega2560/avr6/crtatmega2560.o
LOAD ad5752.o
LOAD Cards/Amplifier.o
LOAD Cards/LED_Source.o
LOAD Cards/MOSFET_BreakDown.o
LOAD Cards/Slot_Tester.o
LOAD ICs/AD5752.o
LOAD ICs/MCP23S08.o
LOAD LTC1864.o
LOAD main.o
LOAD my_Timers.o
LOAD terminal.o
LOAD uart0.o
LOAD usart_spi.o
START GROUP
LOAD c:/program files (x86)/atmel/studio/7.0/toolchain/avr8/avr8-gnu-toolchain/bin/../lib/gcc/avr/5.4.0/../../../../avr/lib/avr6\libm.a
END GROUP
START GROUP
LOAD c:/program files (x86)/atmel/studio/7.0/toolchain/avr8/avr8-gnu-toolchain/bin/../lib/gcc/avr/5.4.0/avr6\libgcc.a
LOAD c:/program files (x86)/atmel/studio/7.0/toolchain/avr8/avr8-gnu-toolchain/bin/../lib/gcc/avr/5.4.0/../../../../avr/lib/avr6\libm.a
LOAD c:/program files (x86)/atmel/studio/7.0/toolchain/avr8/avr8-gnu-toolchain/bin/../lib/gcc/avr/5.4.0/../../../../avr/lib/avr6\libc.a
LOAD C:/Program Files (x86)/Atmel/Studio/7.0/Packs/atmel/ATmega_DFP/1.2.132/gcc/dev/atmega2560/avr6\libatmega2560.a
END GROUP
                0x00100000                __TEXT_REGION_LENGTH__ = DEFINED (__TEXT_REGION_LENGTH__)?__TEXT_REGION_LENGTH__:0x100000
                0x0000fe00                __DATA_REGION_LENGTH__ = DEFINED (__DATA_REGION_LENGTH__)?__DATA_REGION_LENGTH__:0xfe00
                0x00010000                __EEPROM_REGION_LENGTH__ = DEFINED (__EEPROM_REGION_LENGTH__)?__EEPROM_REGION_LENGTH__:0x10000
                [0x00000003]                __FUSE_REGION_LENGTH__ = DEFINED (__FUSE_REGION_LENGTH__)?__FUSE_REGION_LENGTH__:0x400
                0x00000400                __LOCK_REGION_LENGTH__ = DEFINED (__LOCK_REGION_LENGTH__)?__LOCK_REGION_LENGTH__:0x400
                0x00000400                __SIGNATURE_REGION_LENGTH__ = DEFINED (__SIGNATURE_REGION_LENGTH__)?__SIGNATURE_REGION_LENGTH__:0x400
                0x00000400                __USER_SIGNATURE_REGION_LENGTH__ = DEFINED (__USER_SIGNATURE_REGION_LENGTH__)?__USER_SIGNATURE_REGION_LENGTH__:0x400

.hash
 *(.hash)

.dynsym
 *(.dynsym)

.dynstr
 *(.dynstr)

.gnu.version
 *(.gnu.version)

.gnu.version_d
 *(.gnu.version_d)

.gnu.version_r
 *(.gnu.version_r)

.rel.init
 *(.rel.init)

.rela.init
 *(.rela.init)

.rel.text
 *(.rel.text)
 *(.rel.text.*)
 *(.rel.gnu.linkonce.t*)

.rela.text
 *(.rela.text)
 *(.rela.text.*)
 *(.rela.gnu.linkonce.t*)

.rel.fini
 *(.rel.fini)

.rela.fini
 *(.rela.fini)

.rel.rodata
 *(.rel.rodata)
 *(.rel.rodata.*)
 *(.rel.gnu.linkonce.r*)

.rela.rodata
 *(.rela.rodata)
 *(.rela.rodata.*)
 *(.rela.gnu.linkonce.r*)

.rel.data
 *(.rel.data)
 *(.rel.data.*)
 *(.rel.gnu.linkonce.d*)

.rela.data
 *(.rela.data)
 *(.rela.data.*)
 *(.rela.gnu.linkonce.d*)

.rel.ctors
 *(.rel.ctors)

.rela.ctors
 *(.rela.ctors)

.rel.dtors
 *(.rel.dtors)

.rela.dtors
 *(.rela.dtors)

.rel.got
 *(.rel.got)

.rela.got
 *(.rela.got)

.rel.bss
 *(.rel.bss)

.rela.bss
 *(.rela.bss)

.rel.plt
 *(.rel.plt)

.rela.plt
 *(.rela.plt)

.text           0x00000000     0x340c
 *(.vectors)
 .vectors       0x00000000       0xe4 C:/Program Files (x86)/Atmel/Studio/7.0/Packs/atmel/ATmega_DFP/1.2.132/gcc/dev/atmega2560/avr6/crtatmega2560.o
                0x00000000                __vector_default
                0x00000000                __vectors
 *(.vectors)
 *(.progmem.gcc*)
 .progmem.gcc_sw_table.Slot_Tester_set_7Segment
                0x000000e4       0x14 Cards/Slot_Tester.o
                0x000000f8                . = ALIGN (0x2)
                0x000000f8                __trampolines_start = .
 *(.trampolines)
 .trampolines   0x000000f8        0x0 linker stubs
 *(.trampolines*)
                0x000000f8                __trampolines_end = .
 *libprintf_flt.a:*(.progmem.data)
 *libc.a:*(.progmem.data)
 *(.progmem*)
                0x000000f8                . = ALIGN (0x2)
 *(.jumptables)
 *(.jumptables*)
 *(.lowtext)
 *(.lowtext*)
                0x000000f8                __ctors_start = .
 *(.ctors)
                0x000000f8                __ctors_end = .
                0x000000f8                __dtors_start = .
 *(.dtors)
                0x000000f8                __dtors_end = .
 SORT(*)(.ctors)
 SORT(*)(.dtors)
 *(.init0)
 .init0         0x000000f8        0x0 C:/Program Files (x86)/Atmel/Studio/7.0/Packs/atmel/ATmega_DFP/1.2.132/gcc/dev/atmega2560/avr6/crtatmega2560.o
                0x000000f8                __init
 *(.init0)
 *(.init1)
 *(.init1)
 *(.init2)
 .init2         0x000000f8       0x10 C:/Program Files (x86)/Atmel/Studio/7.0/Packs/atmel/ATmega_DFP/1.2.132/gcc/dev/atmega2560/avr6/crtatmega2560.o
 *(.init2)
 *(.init3)
 *(.init3)
 *(.init4)
 .init4         0x00000108       0x1a c:/program files (x86)/atmel/studio/7.0/toolchain/avr8/avr8-gnu-toolchain/bin/../lib/gcc/avr/5.4.0/avr6\libgcc.a(_copy_data.o)
                0x00000108                __do_copy_data
 .init4         0x00000122       0x10 c:/program files (x86)/atmel/studio/7.0/toolchain/avr8/avr8-gnu-toolchain/bin/../lib/gcc/avr/5.4.0/avr6\libgcc.a(_clear_bss.o)
                0x00000122                __do_clear_bss
 *(.init4)
 *(.init5)
 *(.init5)
 *(.init6)
 *(.init6)
 *(.init7)
 *(.init7)
 *(.init8)
 *(.init8)
 *(.init9)
 .init9         0x00000132        0x6 C:/Program Files (x86)/Atmel/Studio/7.0/Packs/atmel/ATmega_DFP/1.2.132/gcc/dev/atmega2560/avr6/crtatmega2560.o
 *(.init9)
 *(.text)
 .text          0x00000138        0x2 C:/Program Files (x86)/Atmel/Studio/7.0/Packs/atmel/ATmega_DFP/1.2.132/gcc/dev/atmega2560/avr6/crtatmega2560.o
                0x00000138                __vector_38
                0x00000138                __vector_22
                0x00000138                __vector_28
                0x00000138                __vector_1
                0x00000138                __vector_32
                0x00000138                __vector_34
                0x00000138                __vector_12
                0x00000138                __vector_55
                0x00000138                __vector_46
                0x00000138                __bad_interrupt
                0x00000138                __vector_6
                0x00000138                __vector_31
                0x00000138                __vector_35
                0x00000138                __vector_39
                0x00000138                __vector_3
                0x00000138                __vector_23
                0x00000138                __vector_30
                0x00000138                __vector_45
                0x00000138                __vector_11
                0x00000138                __vector_54
                0x00000138                __vector_17
                0x00000138                __vector_19
                0x00000138                __vector_56
                0x00000138                __vector_7
                0x00000138                __vector_41
                0x00000138                __vector_43
                0x00000138                __vector_5
                0x00000138                __vector_33
                0x00000138                __vector_52
                0x00000138                __vector_37
                0x00000138                __vector_4
                0x00000138                __vector_44
                0x00000138                __vector_9
                0x00000138                __vector_2
                0x00000138                __vector_21
                0x00000138                __vector_15
                0x00000138                __vector_36
                0x00000138                __vector_29
                0x00000138                __vector_40
                0x00000138                __vector_8
                0x00000138                __vector_26
                0x00000138                __vector_14
                0x00000138                __vector_53
                0x00000138                __vector_10
                0x00000138                __vector_16
                0x00000138                __vector_18
                0x00000138                __vector_20
                0x00000138                __vector_42
                0x0000013a                . = ALIGN (0x2)
 *(.text.*)
 .text.SPI_Send
                0x0000013a       0x5a ad5752.o
                0x0000013a                SPI_Send
 .text.MOSFETSource_set_Heat_Current
                0x00000194       0x48 ad5752.o
                0x00000194                MOSFETSource_set_Heat_Current
 .text.MOSFETSource_set_Meas_Current
                0x000001dc       0x48 ad5752.o
                0x000001dc                MOSFETSource_set_Meas_Current
 .text.MOSFETSource_set_Meas_Voltage
                0x00000224       0x62 ad5752.o
                0x00000224                MOSFETSource_set_Meas_Voltage
 .text.Amplifier_Variables_from_EEPROM
                0x00000286       0x38 Cards/Amplifier.o
                0x00000286                Amplifier_Variables_from_EEPROM
 .text.Amplifier_Set_Gain
                0x000002be        0x2 Cards/Amplifier.o
                0x000002be                Amplifier_Set_Gain
 .text.Amplifier_Set_Offset_Voltage
                0x000002c0       0x2e Cards/Amplifier.o
                0x000002c0                Amplifier_Set_Offset_Voltage
 .text.Amplifier_Init
                0x000002ee       0xaa Cards/Amplifier.o
                0x000002ee                Amplifier_Init
 .text.LED_Source_Variables_from_EEPROM
                0x00000398       0x38 Cards/LED_Source.o
                0x00000398                LED_Source_Variables_from_EEPROM
 .text.LED_Source_Set_Heat_Current
                0x000003d0       0x2e Cards/LED_Source.o
                0x000003d0                LED_Source_Set_Heat_Current
 .text.LED_Source_Set_Meas_Current
                0x000003fe       0x2e Cards/LED_Source.o
                0x000003fe                LED_Source_Set_Meas_Current
 .text.LED_Source_Init
                0x0000042c       0xb8 Cards/LED_Source.o
                0x0000042c                LED_Source_Init
 .text.MOSFET_BreakDown_Init
                0x000004e4       0x9a Cards/MOSFET_BreakDown.o
                0x000004e4                MOSFET_BreakDown_Init
 .text.B_Set_Relais_to_BreakDownTest
                0x0000057e       0x34 Cards/MOSFET_BreakDown.o
                0x0000057e                B_Set_Relais_to_BreakDownTest
 .text.B_Set_Relais_to_Leakage_GS
                0x000005b2       0x34 Cards/MOSFET_BreakDown.o
                0x000005b2                B_Set_Relais_to_Leakage_GS
 .text.B_Set_Relais_to_Characteristic_Curve
                0x000005e6       0x34 Cards/MOSFET_BreakDown.o
                0x000005e6                B_Set_Relais_to_Characteristic_Curve
 .text.B_Set_Relais_to_BodyDiode_Curve
                0x0000061a       0x34 Cards/MOSFET_BreakDown.o
                0x0000061a                B_Set_Relais_to_BodyDiode_Curve
 .text.B_Set_Relais_all_off
                0x0000064e       0x22 Cards/MOSFET_BreakDown.o
                0x0000064e                B_Set_Relais_all_off
 .text.Slot_Tester_Init
                0x00000670       0xb8 Cards/Slot_Tester.o
                0x00000670                Slot_Tester_Init
 .text.Slot_Tester_set_7Segment
                0x00000728       0xae Cards/Slot_Tester.o
                0x00000728                Slot_Tester_set_7Segment
 .text.Slot_Tester_get_7Segment
                0x000007d6       0xc8 Cards/Slot_Tester.o
                0x000007d6                Slot_Tester_get_7Segment
 .text.Slot_Tester_IO_Lauflicht
                0x0000089e       0xe6 Cards/Slot_Tester.o
                0x0000089e                Slot_Tester_IO_Lauflicht
 .text.Slot_Tester_Gesamtablauf
                0x00000984       0x1c Cards/Slot_Tester.o
                0x00000984                Slot_Tester_Gesamtablauf
 .text.DAC_AD5752_Range_and_PowerUp
                0x000009a0       0x56 ICs/AD5752.o
                0x000009a0                DAC_AD5752_Range_and_PowerUp
 .text.DAC_AD5752_Set
                0x000009f6       0x4a ICs/AD5752.o
                0x000009f6                DAC_AD5752_Set
 .text.IO_Expander_set_Register
                0x00000a40       0x44 ICs/MCP23S08.o
                0x00000a40                IO_Expander_set_Register
 .text.IO_Expander_get_Register
                0x00000a84       0x64 ICs/MCP23S08.o
                0x00000a84                IO_Expander_get_Register
 .text.Measure_Voltage_MOSFET_with_DataAnalyse
                0x00000ae8       0x72 LTC1864.o
                0x00000ae8                Measure_Voltage_MOSFET_with_DataAnalyse
 .text.Measure_Voltage_MOSFET_without_DataAnalyse
                0x00000b5a       0x46 LTC1864.o
                0x00000b5a                Measure_Voltage_MOSFET_without_DataAnalyse
 .text.Measure_Voltage_MOSFET_get_Data
                0x00000ba0       0x26 LTC1864.o
                0x00000ba0                Measure_Voltage_MOSFET_get_Data
 .text.Init_IO_Pins
                0x00000bc6       0xc4 main.o
                0x00000bc6                Init_IO_Pins
 .text.Lauflicht
                0x00000c8a       0x84 main.o
                0x00000c8a                Lauflicht
 .text.EEPROM_default_Values
                0x00000d0e       0xc8 main.o
                0x00000d0e                EEPROM_default_Values
 .text.EEPROM_last_Values
                0x00000dd6       0xe8 main.o
                0x00000dd6                EEPROM_last_Values
 .text.Init_All_Cards
                0x00000ebe       0x68 main.o
                0x00000ebe                Init_All_Cards
 .text.PulseStop
                0x00000f26        0xe main.o
                0x00000f26                PulseStop
 .text.Init     0x00000f34       0x90 main.o
                0x00000f34                Init
 .text.main     0x00000fc4       0x70 main.o
                0x00000fc4                main
 .text.PulseStart_stdTTA
                0x00001034       0x3c main.o
                0x00001034                PulseStart_stdTTA
 .text.PulseStart_Sensitivity
                0x00001070        0xc main.o
                0x00001070                PulseStart_Sensitivity
 .text.PulseStart_detTTA
                0x0000107c       0x1c main.o
                0x0000107c                PulseStart_detTTA
 .text.PulseStart_PrePulse
                0x00001098       0x20 main.o
                0x00001098                PulseStart_PrePulse
 .text.Init_Timer_1ms
                0x000010b8       0x1a my_Timers.o
                0x000010b8                Init_Timer_1ms
 .text.__vector_13
                0x000010d2       0x22 my_Timers.o
                0x000010d2                __vector_13
 .text.Init_Timer_100us
                0x000010f4       0x3c my_Timers.o
                0x000010f4                Init_Timer_100us
 .text.Start_Timer_100us
                0x00001130        0xc my_Timers.o
                0x00001130                Start_Timer_100us
 .text.Stop_Timer_100us
                0x0000113c       0x18 my_Timers.o
                0x0000113c                Stop_Timer_100us
 .text.Init_Counter_100us
                0x00001154       0x3c my_Timers.o
                0x00001154                Init_Counter_100us
 .text.Setup_Counter_for_stdTTA
                0x00001190      0x184 my_Timers.o
                0x00001190                Setup_Counter_for_stdTTA
 .text.Setup_Counter_for_detTTA
                0x00001314       0x66 my_Timers.o
                0x00001314                Setup_Counter_for_detTTA
 .text.__vector_50
                0x0000137a       0xc8 my_Timers.o
                0x0000137a                __vector_50
 .text.__vector_47
                0x00001442       0x18 my_Timers.o
                0x00001442                __vector_47
 .text.__vector_48
                0x0000145a       0x82 my_Timers.o
                0x0000145a                __vector_48
 .text.__vector_49
                0x000014dc       0x54 my_Timers.o
                0x000014dc                __vector_49
 .text.TerminalInit
                0x00001530        0xa terminal.o
                0x00001530                TerminalInit
 .text.ParseIntLn
                0x0000153a       0xea terminal.o
                0x0000153a                ParseIntLn
 .text.ParseLongLn
                0x00001624      0x140 terminal.o
                0x00001624                ParseLongLn
 .text.ParseByte
                0x00001764       0x3c terminal.o
                0x00001764                ParseByte
 .text.TransmitStringLn
                0x000017a0        0x6 terminal.o
                0x000017a0                TransmitStringLn
 .text.TransmitInt
                0x000017a6       0xcc terminal.o
                0x000017a6                TransmitInt
 .text.TransmitLong
                0x00001872       0xd4 terminal.o
                0x00001872                TransmitLong
 .text.TransmitFloat
                0x00001946      0x198 terminal.o
                0x00001946                TransmitFloat
 .text.TransmitByte_Reverse
                0x00001ade       0x72 terminal.o
                0x00001ade                TransmitByte_Reverse
 .text.TerminalParseCommand
                0x00001b50      0xfd8 terminal.o
                0x00001b50                TerminalParseCommand
 .text.TerminalCheckCommand
                0x00002b28       0x1a terminal.o
                0x00002b28                TerminalCheckCommand
 .text.__vector_25
                0x00002b42       0xa8 uart0.o
                0x00002b42                __vector_25
 .text.__vector_27
                0x00002bea       0x74 uart0.o
                0x00002bea                __vector_27
 .text.UART0InitBaudrate
                0x00002c5e       0x82 uart0.o
                0x00002c5e                UART0InitBaudrate
 .text.UART0Init
                0x00002ce0        0x8 uart0.o
                0x00002ce0                UART0Init
 .text.UART0ClearRx
                0x00002ce8       0x2c uart0.o
                0x00002ce8                UART0ClearRx
 .text.UART0ReceiveLine
                0x00002d14       0x9c uart0.o
                0x00002d14                UART0ReceiveLine
 .text.UART0TxByte
                0x00002db0       0x6c uart0.o
                0x00002db0                UART0TxByte
 .text.UART0TransmitString
                0x00002e1c       0x22 uart0.o
                0x00002e1c                UART0TransmitString
 .text.UART0TransmitStringLn
                0x00002e3e       0x2a uart0.o
                0x00002e3e                UART0TransmitStringLn
 .text.USART_SPI_InitBaudrate
                0x00002e68       0x28 usart_spi.o
                0x00002e68                USART_SPI_InitBaudrate
 .text.USART_SPI_SetCS
                0x00002e90       0x16 usart_spi.o
                0x00002e90                USART_SPI_SetCS
 .text.USART_SPI_ToggleCS
                0x00002ea6       0x58 usart_spi.o
                0x00002ea6                USART_SPI_ToggleCS
 .text.USART_SPI_ReceiveLen
                0x00002efe       0x56 usart_spi.o
                0x00002efe                USART_SPI_ReceiveLen
 .text.USART_SPI_RXWaiting
                0x00002f54       0x18 usart_spi.o
                0x00002f54                USART_SPI_RXWaiting
 .text.USART_SPI_TXWaiting
                0x00002f6c        0xc usart_spi.o
                0x00002f6c                USART_SPI_TXWaiting
 .text.USART_SPI_ClearRx
                0x00002f78       0x20 usart_spi.o
                0x00002f78                USART_SPI_ClearRx
 .text.__vector_51
                0x00002f98       0xa6 usart_spi.o
                0x00002f98                __vector_51
 .text.__vector_24
                0x0000303e      0x108 usart_spi.o
                0x0000303e                __vector_24
 .text.USART_SPI_TxByte
                0x00003146       0x70 usart_spi.o
                0x00003146                USART_SPI_TxByte
 .text.USART_SPI_TxBytes
                0x000031b6       0x24 usart_spi.o
                0x000031b6                USART_SPI_TxBytes
 .text.USART_SPI_RxBytes
                0x000031da        0xa usart_spi.o
                0x000031da                USART_SPI_RxBytes
 .text.libgcc.div
                0x000031e4       0x28 c:/program files (x86)/atmel/studio/7.0/toolchain/avr8/avr8-gnu-toolchain/bin/../lib/gcc/avr/5.4.0/avr6\libgcc.a(_udivmodhi4.o)
                0x000031e4                __udivmodhi4
 .text.libgcc.div
                0x0000320c       0x44 c:/program files (x86)/atmel/studio/7.0/toolchain/avr8/avr8-gnu-toolchain/bin/../lib/gcc/avr/5.4.0/avr6\libgcc.a(_udivmodsi4.o)
                0x0000320c                __udivmodsi4
 .text.libgcc   0x00003250       0x10 c:/program files (x86)/atmel/studio/7.0/toolchain/avr8/avr8-gnu-toolchain/bin/../lib/gcc/avr/5.4.0/avr6\libgcc.a(_tablejump2.o)
                0x00003250                __tablejump2__
 .text.libgcc.mul
                0x00003260       0x1e c:/program files (x86)/atmel/studio/7.0/toolchain/avr8/avr8-gnu-toolchain/bin/../lib/gcc/avr/5.4.0/avr6\libgcc.a(_umulhisi3.o)
                0x00003260                __umulhisi3
 .text.libgcc.mul
                0x0000327e        0xc c:/program files (x86)/atmel/studio/7.0/toolchain/avr8/avr8-gnu-toolchain/bin/../lib/gcc/avr/5.4.0/avr6\libgcc.a(_usmulhisi3.o)
                0x0000327e                __usmulhisi3
                0x00003280                __usmulhisi3_tail
 .text.libgcc.mul
                0x0000328a       0x14 c:/program files (x86)/atmel/studio/7.0/toolchain/avr8/avr8-gnu-toolchain/bin/../lib/gcc/avr/5.4.0/avr6\libgcc.a(_muluhisi3.o)
                0x0000328a                __muluhisi3
 .text.avr-libc
                0x0000329e       0x16 c:/program files (x86)/atmel/studio/7.0/toolchain/avr8/avr8-gnu-toolchain/bin/../lib/gcc/avr/5.4.0/../../../../avr/lib/avr6\libc.a(strcat.o)
                0x0000329e                strcat
 .text.avr-libc
                0x000032b4        0xe c:/program files (x86)/atmel/studio/7.0/toolchain/avr8/avr8-gnu-toolchain/bin/../lib/gcc/avr/5.4.0/../../../../avr/lib/avr6\libc.a(strcpy.o)
                0x000032b4                strcpy
 .text.avr-libc
                0x000032c2       0x14 c:/program files (x86)/atmel/studio/7.0/toolchain/avr8/avr8-gnu-toolchain/bin/../lib/gcc/avr/5.4.0/../../../../avr/lib/avr6\libc.a(itoa_ncheck.o)
                0x000032c2                __itoa_ncheck
 .text.avr-libc
                0x000032d6       0x1c c:/program files (x86)/atmel/studio/7.0/toolchain/avr8/avr8-gnu-toolchain/bin/../lib/gcc/avr/5.4.0/../../../../avr/lib/avr6\libc.a(ltoa_ncheck.o)
                0x000032d6                __ltoa_ncheck
 .text.avr-libc
                0x000032f2       0x42 c:/program files (x86)/atmel/studio/7.0/toolchain/avr8/avr8-gnu-toolchain/bin/../lib/gcc/avr/5.4.0/../../../../avr/lib/avr6\libc.a(ultoa_ncheck.o)
                0x000032f2                __ultoa_ncheck
                0x000032f4                __ultoa_common
 .text.avr-libc
                0x00003334       0x32 c:/program files (x86)/atmel/studio/7.0/toolchain/avr8/avr8-gnu-toolchain/bin/../lib/gcc/avr/5.4.0/../../../../avr/lib/avr6\libc.a(utoa_ncheck.o)
                0x00003334                __utoa_ncheck
                0x00003336                __utoa_common
 .text.avr-libc
                0x00003366       0x20 c:/program files (x86)/atmel/studio/7.0/toolchain/avr8/avr8-gnu-toolchain/bin/../lib/gcc/avr/5.4.0/../../../../avr/lib/avr6\libc.a(strrev.o)
                0x00003366                strrev
 .text.avr-libc
                0x00003386       0x20 C:/Program Files (x86)/Atmel/Studio/7.0/Packs/atmel/ATmega_DFP/1.2.132/gcc/dev/atmega2560/avr6\libatmega2560.a(eerd_block.o)
                0x00003386                eeprom_read_block
                0x0000338a                eeprom_read_blraw
 .text.avr-libc
                0x000033a6       0x10 C:/Program Files (x86)/Atmel/Studio/7.0/Packs/atmel/ATmega_DFP/1.2.132/gcc/dev/atmega2560/avr6\libatmega2560.a(eerd_byte.o)
                0x000033a6                eeprom_read_byte
 .text.avr-libc
                0x000033b6        0xa C:/Program Files (x86)/Atmel/Studio/7.0/Packs/atmel/ATmega_DFP/1.2.132/gcc/dev/atmega2560/avr6\libatmega2560.a(eerd_dword.o)
                0x000033b6                eeprom_read_float
                0x000033b6                eeprom_read_dword
 .text.avr-libc
                0x000033c0        0xa C:/Program Files (x86)/Atmel/Studio/7.0/Packs/atmel/ATmega_DFP/1.2.132/gcc/dev/atmega2560/avr6\libatmega2560.a(eerd_word.o)
                0x000033c0                eeprom_read_word
 .text.avr-libc
                0x000033ca       0x12 C:/Program Files (x86)/Atmel/Studio/7.0/Packs/atmel/ATmega_DFP/1.2.132/gcc/dev/atmega2560/avr6\libatmega2560.a(eewr_block.o)
                0x000033ca                eeprom_write_block
 .text.avr-libc
                0x000033dc       0x1c C:/Program Files (x86)/Atmel/Studio/7.0/Packs/atmel/ATmega_DFP/1.2.132/gcc/dev/atmega2560/avr6\libatmega2560.a(eewr_byte.o)
                0x000033dc                eeprom_write_byte
                0x000033de                eeprom_write_r18
 .text.avr-libc
                0x000033f8        0xa C:/Program Files (x86)/Atmel/Studio/7.0/Packs/atmel/ATmega_DFP/1.2.132/gcc/dev/atmega2560/avr6\libatmega2560.a(eewr_dword.o)
                0x000033f8                eeprom_write_dword
                0x000033f8                eeprom_write_float
 .text.avr-libc
                0x00003402        0x6 C:/Program Files (x86)/Atmel/Studio/7.0/Packs/atmel/ATmega_DFP/1.2.132/gcc/dev/atmega2560/avr6\libatmega2560.a(eewr_word.o)
                0x00003402                eeprom_write_word
                0x00003408                . = ALIGN (0x2)
 *(.fini9)
 .fini9         0x00003408        0x0 c:/program files (x86)/atmel/studio/7.0/toolchain/avr8/avr8-gnu-toolchain/bin/../lib/gcc/avr/5.4.0/avr6\libgcc.a(_exit.o)
                0x00003408                _exit
                0x00003408                exit
 *(.fini9)
 *(.fini8)
 *(.fini8)
 *(.fini7)
 *(.fini7)
 *(.fini6)
 *(.fini6)
 *(.fini5)
 *(.fini5)
 *(.fini4)
 *(.fini4)
 *(.fini3)
 *(.fini3)
 *(.fini2)
 *(.fini2)
 *(.fini1)
 *(.fini1)
 *(.fini0)
 .fini0         0x00003408        0x4 c:/program files (x86)/atmel/studio/7.0/toolchain/avr8/avr8-gnu-toolchain/bin/../lib/gcc/avr/5.4.0/avr6\libgcc.a(_exit.o)
 *(.fini0)
                0x0000340c                _etext = .

.data           0x00800200      0x1cc load address 0x0000340c
                0x00800200                PROVIDE (__data_start, .)
 *(.data)
 *(.data*)
 .data.uart0_tx_empty
                0x00800200        0x1 uart0.o
                0x00800200                uart0_tx_empty
 .data.usart_spi_cs_len
                0x00800201        0x1 usart_spi.o
                0x00800201                usart_spi_cs_len
 .data.usart_spi_cs_port
                0x00800202        0x2 usart_spi.o
                0x00800202                usart_spi_cs_port
 .data.usart_spi_tx_buffer_empty
                0x00800204        0x1 usart_spi.o
                0x00800204                usart_spi_tx_buffer_empty
 *(.rodata)
 .rodata        0x00800205        0x9 main.o
 *(.rodata*)
 .rodata.str1.1
                0x0080020e      0x1bb terminal.o
                                0x1c2 (size before relaxing)
 .rodata.str1.1
                0x008003c9        0x3 usart_spi.o
 *(.gnu.linkonce.d*)
                0x008003cc                . = ALIGN (0x2)
                0x008003cc                _edata = .
                0x008003cc                PROVIDE (__data_end, .)

.bss            0x008003cc      0x2d2
                0x008003cc                PROVIDE (__bss_start, .)
 *(.bss)
 *(.bss*)
 .bss.last_ChipSelectPin
                0x008003cc        0x1 ad5752.o
                0x008003cc                last_ChipSelectPin
 .bss.last_ChipSelectPort
                0x008003cd        0x2 ad5752.o
                0x008003cd                last_ChipSelectPort
 .bss.uart0_tx_char_write
                0x008003cf        0x1 uart0.o
                0x008003cf                uart0_tx_char_write
 .bss.uart0_tx_char_read
                0x008003d0        0x1 uart0.o
                0x008003d0                uart0_tx_char_read
 .bss.uart0_rx_blocked
                0x008003d1        0x1 uart0.o
                0x008003d1                uart0_rx_blocked
 .bss.uart0_rx_lines
                0x008003d2        0x1 uart0.o
                0x008003d2                uart0_rx_lines
 .bss.uart0_rx_overrun
                0x008003d3        0x1 uart0.o
                0x008003d3                uart0_rx_overrun
 .bss.uart0_rx_char_write
                0x008003d4        0x1 uart0.o
                0x008003d4                uart0_rx_char_write
 .bss.uart0_rx_char_read
                0x008003d5        0x1 uart0.o
                0x008003d5                uart0_rx_char_read
 .bss.usart_spi_byte_count
                0x008003d6        0x1 usart_spi.o
                0x008003d6                usart_spi_byte_count
 .bss.usart_spi_cs_neg
                0x008003d7        0x1 usart_spi.o
                0x008003d7                usart_spi_cs_neg
 .bss.usart_spi_cs_pin
                0x008003d8        0x1 usart_spi.o
                0x008003d8                usart_spi_cs_pin
 .bss.usart_spi_tx_char_write
                0x008003d9        0x1 usart_spi.o
                0x008003d9                usart_spi_tx_char_write
 .bss.usart_spi_tx_char_read
                0x008003da        0x1 usart_spi.o
                0x008003da                usart_spi_tx_char_read
 .bss.usart_spi_rx_flag
                0x008003db        0x1 usart_spi.o
                0x008003db                usart_spi_rx_flag
 .bss.usart_spi_rx_buffer_overrun
                0x008003dc        0x1 usart_spi.o
                0x008003dc                usart_spi_rx_buffer_overrun
 .bss.usart_spi_rx_char_write
                0x008003dd        0x1 usart_spi.o
                0x008003dd                usart_spi_rx_char_write
 .bss.usart_spi_rx_char_read
                0x008003de        0x1 usart_spi.o
                0x008003de                usart_spi_rx_char_read
 *(COMMON)
 COMMON         0x008003df      0x134 ad5752.o
                0x008003df                heat_pulse_voltage
                0x008003e3                measure_pulse_voltage
                0x008003e5                led_Source_Meas_Current_0mA1
                0x008003f5                deterministic_pulse_length
                0x008003f7                interrupt_1ms
                0x008003f8                heat_pulse_length
                0x008003fc                deterministic_pulse_cycles
                0x008003fe                interrupt_1hz
                0x008003ff                uart0_rx
                0x00800480                measure_pulse_current
                0x00800482                led_Source_Heat_Current_mA
                0x00800492                offset_voltage
                0x00800494                led_hp
                0x00800495                heat_pulse_current
                0x00800497                led_mp
                0x00800498                amplifier_gain
                0x008004a8                usart_spi_rx
                0x008004e8                measure_pulse_length
                0x008004ec                debug_send
                0x008004ed                amplifier_offset_voltage_mV
                0x008004fd                current_source_enabled
                0x008004fe                startup_wait_counter
                0x008004ff                measure_pules_voltage
                0x00800503                flag_standard_TTA
                0x00800504                window_offset
                0x00800506                interrupt_10hz
                0x00800507                uart0_active_timer
                0x00800508                flag_deterministic_TTA
                0x00800509                pulse_output_register
                0x0080050a                terminal_timeout
                0x0080050b                card_Type
 COMMON         0x00800513        0x8 my_Timers.o
                0x00800513                deterministic_pulse_counter
                0x00800515                heat_pulse_precount
                0x00800516                heat_pulse_lastcount
                0x00800518                measure_pulse_precount
                0x00800519                measure_pulse_lastcount
 COMMON         0x0080051b        0x3 terminal.o
                0x0080051b                string
                0x0080051d                len
 COMMON         0x0080051e      0x100 uart0.o
                0x0080051e                uart0_tx_buffer
                0x0080059e                uart0_rx_buffer
 COMMON         0x0080061e       0x80 usart_spi.o
                0x0080061e                usart_spi_tx_buffer
                0x0080065e                usart_spi_rx_buffer
                0x0080069e                PROVIDE (__bss_end, .)
                0x0000340c                __data_load_start = LOADADDR (.data)
                0x000035d8                __data_load_end = (__data_load_start + SIZEOF (.data))

.noinit         0x0080069e        0x0
                [!provide]                PROVIDE (__noinit_start, .)
 *(.noinit*)
                [!provide]                PROVIDE (__noinit_end, .)
                0x0080069e                _end = .
                [!provide]                PROVIDE (__heap_start, .)

.eeprom         0x00810000       0x51
 *(.eeprom*)
 .eeprom        0x00810000       0x51 main.o
                0x00810000                parameter3_eeprom
                0x00810010                parameter2_eeprom
                0x00810020                parameter1_eeprom
                0x00810030                card_Type_register_eeprom
                0x00810038                pulse_output_register_eeprom
                0x00810039                deterministic_pulse_cycles_eeprom
                0x0081003b                deterministic_pulse_length_eeprom
                0x0081003d                window_offset_eeprom
                0x0081003f                offset_voltage_eeprom
                0x00810041                measure_pulse_voltage_eeprom
                0x00810043                measure_pulse_length_eeprom
                0x00810047                measure_pulse_current_eeprom
                0x00810049                heat_pulse_length_eeprom
                0x0081004d                heat_pulse_current_eeprom
                0x0081004f                firmware_code_eeprom
                0x00810051                __eeprom_end = .

.fuse
 *(.fuse)
 *(.lfuse)
 *(.hfuse)
 *(.efuse)

.lock
 *(.lock*)

.signature
 *(.signature*)

.user_signatures
 *(.user_signatures*)

.stab
 *(.stab)

.stabstr
 *(.stabstr)

.stab.excl
 *(.stab.excl)

.stab.exclstr
 *(.stab.exclstr)

.stab.index
 *(.stab.index)

.stab.indexstr
 *(.stab.indexstr)

.comment        0x00000000       0x30
 *(.comment)
 .comment       0x00000000       0x30 ad5752.o
                                 0x31 (size before relaxing)
 .comment       0x00000030       0x31 Cards/Amplifier.o
 .comment       0x00000030       0x31 Cards/LED_Source.o
 .comment       0x00000030       0x31 Cards/MOSFET_BreakDown.o
 .comment       0x00000030       0x31 Cards/Slot_Tester.o
 .comment       0x00000030       0x31 ICs/AD5752.o
 .comment       0x00000030       0x31 ICs/MCP23S08.o
 .comment       0x00000030       0x31 LTC1864.o
 .comment       0x00000030       0x31 main.o
 .comment       0x00000030       0x31 my_Timers.o
 .comment       0x00000030       0x31 terminal.o
 .comment       0x00000030       0x31 uart0.o
 .comment       0x00000030       0x31 usart_spi.o

.note.gnu.avr.deviceinfo
                0x00000000       0x40
 .note.gnu.avr.deviceinfo
                0x00000000       0x40 C:/Program Files (x86)/Atmel/Studio/7.0/Packs/atmel/ATmega_DFP/1.2.132/gcc/dev/atmega2560/avr6/crtatmega2560.o

.note.gnu.build-id
 *(.note.gnu.build-id)

.debug
 *(.debug)

.line
 *(.line)

.debug_srcinfo
 *(.debug_srcinfo)

.debug_sfnames
 *(.debug_sfnames)

.debug_aranges  0x00000000      0x588
 *(.debug_aranges)
 .debug_aranges
                0x00000000       0x60 ad5752.o
 .debug_aranges
                0x00000060       0x40 Cards/Amplifier.o
 .debug_aranges
                0x000000a0       0x40 Cards/LED_Source.o
 .debug_aranges
                0x000000e0       0x48 Cards/MOSFET_BreakDown.o
 .debug_aranges
                0x00000128       0x40 Cards/Slot_Tester.o
 .debug_aranges
                0x00000168       0x28 ICs/AD5752.o
 .debug_aranges
                0x00000190       0x30 ICs/MCP23S08.o
 .debug_aranges
                0x000001c0       0x38 LTC1864.o
 .debug_aranges
                0x000001f8       0x78 main.o
 .debug_aranges
                0x00000270       0x78 my_Timers.o
 .debug_aranges
                0x000002e8       0x90 terminal.o
 .debug_aranges
                0x00000378       0x88 uart0.o
 .debug_aranges
                0x00000400       0x88 usart_spi.o
 .debug_aranges
                0x00000488       0x20 C:/Program Files (x86)/Atmel/Studio/7.0/Packs/atmel/ATmega_DFP/1.2.132/gcc/dev/atmega2560/avr6\libatmega2560.a(eerd_block.o)
 .debug_aranges
                0x000004a8       0x20 C:/Program Files (x86)/Atmel/Studio/7.0/Packs/atmel/ATmega_DFP/1.2.132/gcc/dev/atmega2560/avr6\libatmega2560.a(eerd_byte.o)
 .debug_aranges
                0x000004c8       0x20 C:/Program Files (x86)/Atmel/Studio/7.0/Packs/atmel/ATmega_DFP/1.2.132/gcc/dev/atmega2560/avr6\libatmega2560.a(eerd_dword.o)
 .debug_aranges
                0x000004e8       0x20 C:/Program Files (x86)/Atmel/Studio/7.0/Packs/atmel/ATmega_DFP/1.2.132/gcc/dev/atmega2560/avr6\libatmega2560.a(eerd_word.o)
 .debug_aranges
                0x00000508       0x20 C:/Program Files (x86)/Atmel/Studio/7.0/Packs/atmel/ATmega_DFP/1.2.132/gcc/dev/atmega2560/avr6\libatmega2560.a(eewr_block.o)
 .debug_aranges
                0x00000528       0x20 C:/Program Files (x86)/Atmel/Studio/7.0/Packs/atmel/ATmega_DFP/1.2.132/gcc/dev/atmega2560/avr6\libatmega2560.a(eewr_byte.o)
 .debug_aranges
                0x00000548       0x20 C:/Program Files (x86)/Atmel/Studio/7.0/Packs/atmel/ATmega_DFP/1.2.132/gcc/dev/atmega2560/avr6\libatmega2560.a(eewr_dword.o)
 .debug_aranges
                0x00000568       0x20 C:/Program Files (x86)/Atmel/Studio/7.0/Packs/atmel/ATmega_DFP/1.2.132/gcc/dev/atmega2560/avr6\libatmega2560.a(eewr_word.o)

.debug_pubnames
 *(.debug_pubnames)

.debug_info     0x00000000     0x9fb5
 *(.debug_info .gnu.linkonce.wi.*)
 .debug_info    0x00000000      0xbbc C:/Program Files (x86)/Atmel/Studio/7.0/Packs/atmel/ATmega_DFP/1.2.132/gcc/dev/atmega2560/avr6/crtatmega2560.o
 .debug_info    0x00000bbc      0x9cb ad5752.o
 .debug_info    0x00001587      0x4f3 Cards/Amplifier.o
 .debug_info    0x00001a7a      0x537 Cards/LED_Source.o
 .debug_info    0x00001fb1      0x71b Cards/MOSFET_BreakDown.o
 .debug_info    0x000026cc      0x80d Cards/Slot_Tester.o
 .debug_info    0x00002ed9      0x4f5 ICs/AD5752.o
 .debug_info    0x000033ce      0x50b ICs/MCP23S08.o
 .debug_info    0x000038d9      0x5d2 LTC1864.o
 .debug_info    0x00003eab      0xc9c main.o
 .debug_info    0x00004b47      0x4e7 my_Timers.o
 .debug_info    0x0000502e     0x3b63 terminal.o
 .debug_info    0x00008b91      0x6de uart0.o
 .debug_info    0x0000926f      0x7e2 usart_spi.o
 .debug_info    0x00009a51       0xad C:/Program Files (x86)/Atmel/Studio/7.0/Packs/atmel/ATmega_DFP/1.2.132/gcc/dev/atmega2560/avr6\libatmega2560.a(eerd_block.o)
 .debug_info    0x00009afe       0xac C:/Program Files (x86)/Atmel/Studio/7.0/Packs/atmel/ATmega_DFP/1.2.132/gcc/dev/atmega2560/avr6\libatmega2560.a(eerd_byte.o)
 .debug_info    0x00009baa       0xad C:/Program Files (x86)/Atmel/Studio/7.0/Packs/atmel/ATmega_DFP/1.2.132/gcc/dev/atmega2560/avr6\libatmega2560.a(eerd_dword.o)
 .debug_info    0x00009c57       0xac C:/Program Files (x86)/Atmel/Studio/7.0/Packs/atmel/ATmega_DFP/1.2.132/gcc/dev/atmega2560/avr6\libatmega2560.a(eerd_word.o)
 .debug_info    0x00009d03       0xad C:/Program Files (x86)/Atmel/Studio/7.0/Packs/atmel/ATmega_DFP/1.2.132/gcc/dev/atmega2560/avr6\libatmega2560.a(eewr_block.o)
 .debug_info    0x00009db0       0xac C:/Program Files (x86)/Atmel/Studio/7.0/Packs/atmel/ATmega_DFP/1.2.132/gcc/dev/atmega2560/avr6\libatmega2560.a(eewr_byte.o)
 .debug_info    0x00009e5c       0xad C:/Program Files (x86)/Atmel/Studio/7.0/Packs/atmel/ATmega_DFP/1.2.132/gcc/dev/atmega2560/avr6\libatmega2560.a(eewr_dword.o)
 .debug_info    0x00009f09       0xac C:/Program Files (x86)/Atmel/Studio/7.0/Packs/atmel/ATmega_DFP/1.2.132/gcc/dev/atmega2560/avr6\libatmega2560.a(eewr_word.o)

.debug_abbrev   0x00000000     0x2000
 *(.debug_abbrev)
 .debug_abbrev  0x00000000      0xb1a C:/Program Files (x86)/Atmel/Studio/7.0/Packs/atmel/ATmega_DFP/1.2.132/gcc/dev/atmega2560/avr6/crtatmega2560.o
 .debug_abbrev  0x00000b1a      0x14f ad5752.o
 .debug_abbrev  0x00000c69      0x116 Cards/Amplifier.o
 .debug_abbrev  0x00000d7f       0xed Cards/LED_Source.o
 .debug_abbrev  0x00000e6c      0x144 Cards/MOSFET_BreakDown.o
 .debug_abbrev  0x00000fb0      0x17e Cards/Slot_Tester.o
 .debug_abbrev  0x0000112e       0xe5 ICs/AD5752.o
 .debug_abbrev  0x00001213      0x126 ICs/MCP23S08.o
 .debug_abbrev  0x00001339      0x18e LTC1864.o
 .debug_abbrev  0x000014c7      0x227 main.o
 .debug_abbrev  0x000016ee       0xe0 my_Timers.o
 .debug_abbrev  0x000017ce      0x32e terminal.o
 .debug_abbrev  0x00001afc      0x1fd uart0.o
 .debug_abbrev  0x00001cf9      0x267 usart_spi.o
 .debug_abbrev  0x00001f60       0x14 C:/Program Files (x86)/Atmel/Studio/7.0/Packs/atmel/ATmega_DFP/1.2.132/gcc/dev/atmega2560/avr6\libatmega2560.a(eerd_block.o)
 .debug_abbrev  0x00001f74       0x14 C:/Program Files (x86)/Atmel/Studio/7.0/Packs/atmel/ATmega_DFP/1.2.132/gcc/dev/atmega2560/avr6\libatmega2560.a(eerd_byte.o)
 .debug_abbrev  0x00001f88       0x14 C:/Program Files (x86)/Atmel/Studio/7.0/Packs/atmel/ATmega_DFP/1.2.132/gcc/dev/atmega2560/avr6\libatmega2560.a(eerd_dword.o)
 .debug_abbrev  0x00001f9c       0x14 C:/Program Files (x86)/Atmel/Studio/7.0/Packs/atmel/ATmega_DFP/1.2.132/gcc/dev/atmega2560/avr6\libatmega2560.a(eerd_word.o)
 .debug_abbrev  0x00001fb0       0x14 C:/Program Files (x86)/Atmel/Studio/7.0/Packs/atmel/ATmega_DFP/1.2.132/gcc/dev/atmega2560/avr6\libatmega2560.a(eewr_block.o)
 .debug_abbrev  0x00001fc4       0x14 C:/Program Files (x86)/Atmel/Studio/7.0/Packs/atmel/ATmega_DFP/1.2.132/gcc/dev/atmega2560/avr6\libatmega2560.a(eewr_byte.o)
 .debug_abbrev  0x00001fd8       0x14 C:/Program Files (x86)/Atmel/Studio/7.0/Packs/atmel/ATmega_DFP/1.2.132/gcc/dev/atmega2560/avr6\libatmega2560.a(eewr_dword.o)
 .debug_abbrev  0x00001fec       0x14 C:/Program Files (x86)/Atmel/Studio/7.0/Packs/atmel/ATmega_DFP/1.2.132/gcc/dev/atmega2560/avr6\libatmega2560.a(eewr_word.o)

.debug_line     0x00000000     0x3f30
 *(.debug_line .debug_line.* .debug_line_end)
 .debug_line    0x00000000      0x1f9 C:/Program Files (x86)/Atmel/Studio/7.0/Packs/atmel/ATmega_DFP/1.2.132/gcc/dev/atmega2560/avr6/crtatmega2560.o
 .debug_line    0x000001f9      0x2d3 ad5752.o
 .debug_line    0x000004cc      0x258 Cards/Amplifier.o
 .debug_line    0x00000724      0x264 Cards/LED_Source.o
 .debug_line    0x00000988      0x2c6 Cards/MOSFET_BreakDown.o
 .debug_line    0x00000c4e      0x467 Cards/Slot_Tester.o
 .debug_line    0x000010b5      0x16f ICs/AD5752.o
 .debug_line    0x00001224      0x17e ICs/MCP23S08.o
 .debug_line    0x000013a2      0x243 LTC1864.o
 .debug_line    0x000015e5      0x6f6 main.o
 .debug_line    0x00001cdb      0x360 my_Timers.o
 .debug_line    0x0000203b     0x10ff terminal.o
 .debug_line    0x0000313a      0x533 uart0.o
 .debug_line    0x0000366d      0x4ee usart_spi.o
 .debug_line    0x00003b5b       0xab C:/Program Files (x86)/Atmel/Studio/7.0/Packs/atmel/ATmega_DFP/1.2.132/gcc/dev/atmega2560/avr6\libatmega2560.a(eerd_block.o)
 .debug_line    0x00003c06       0x7a C:/Program Files (x86)/Atmel/Studio/7.0/Packs/atmel/ATmega_DFP/1.2.132/gcc/dev/atmega2560/avr6\libatmega2560.a(eerd_byte.o)
 .debug_line    0x00003c80       0x68 C:/Program Files (x86)/Atmel/Studio/7.0/Packs/atmel/ATmega_DFP/1.2.132/gcc/dev/atmega2560/avr6\libatmega2560.a(eerd_dword.o)
 .debug_line    0x00003ce8       0x67 C:/Program Files (x86)/Atmel/Studio/7.0/Packs/atmel/ATmega_DFP/1.2.132/gcc/dev/atmega2560/avr6\libatmega2560.a(eerd_word.o)
 .debug_line    0x00003d4f       0x80 C:/Program Files (x86)/Atmel/Studio/7.0/Packs/atmel/ATmega_DFP/1.2.132/gcc/dev/atmega2560/avr6\libatmega2560.a(eewr_block.o)
 .debug_line    0x00003dcf       0x9e C:/Program Files (x86)/Atmel/Studio/7.0/Packs/atmel/ATmega_DFP/1.2.132/gcc/dev/atmega2560/avr6\libatmega2560.a(eewr_byte.o)
 .debug_line    0x00003e6d       0x68 C:/Program Files (x86)/Atmel/Studio/7.0/Packs/atmel/ATmega_DFP/1.2.132/gcc/dev/atmega2560/avr6\libatmega2560.a(eewr_dword.o)
 .debug_line    0x00003ed5       0x5b C:/Program Files (x86)/Atmel/Studio/7.0/Packs/atmel/ATmega_DFP/1.2.132/gcc/dev/atmega2560/avr6\libatmega2560.a(eewr_word.o)

.debug_frame    0x00000000      0xdf0
 *(.debug_frame)
 .debug_frame   0x00000000      0x124 ad5752.o
 .debug_frame   0x00000124       0xa0 Cards/Amplifier.o
 .debug_frame   0x000001c4       0xa8 Cards/LED_Source.o
 .debug_frame   0x0000026c       0x9c Cards/MOSFET_BreakDown.o
 .debug_frame   0x00000308       0x98 Cards/Slot_Tester.o
 .debug_frame   0x000003a0       0x70 ICs/AD5752.o
 .debug_frame   0x00000410       0x84 ICs/MCP23S08.o
 .debug_frame   0x00000494       0x74 LTC1864.o
 .debug_frame   0x00000508      0x158 main.o
 .debug_frame   0x00000660      0x1c8 my_Timers.o
 .debug_frame   0x00000828      0x29c terminal.o
 .debug_frame   0x00000ac4      0x198 uart0.o
 .debug_frame   0x00000c5c      0x194 usart_spi.o

.debug_str      0x00000000     0x16c0
 *(.debug_str)
 .debug_str     0x00000000      0x3e6 C:/Program Files (x86)/Atmel/Studio/7.0/Packs/atmel/ATmega_DFP/1.2.132/gcc/dev/atmega2560/avr6/crtatmega2560.o
 .debug_str     0x000003e6      0x4ec ad5752.o
                                0x541 (size before relaxing)
 .debug_str     0x000008d2      0x116 Cards/Amplifier.o
                                0x4e6 (size before relaxing)
 .debug_str     0x000009e8       0xb4 Cards/LED_Source.o
                                0x4fa (size before relaxing)
 .debug_str     0x00000a9c      0x120 Cards/MOSFET_BreakDown.o
                                0x4e6 (size before relaxing)
 .debug_str     0x00000bbc       0xab Cards/Slot_Tester.o
                                0x4d2 (size before relaxing)
 .debug_str     0x00000c67       0x1e ICs/AD5752.o
                                0x442 (size before relaxing)
 .debug_str     0x00000c85       0x66 ICs/MCP23S08.o
                                0x496 (size before relaxing)
 .debug_str     0x00000ceb       0xb1 LTC1864.o
                                0x4f5 (size before relaxing)
 .debug_str     0x00000d9c      0x36f main.o
                                0x869 (size before relaxing)
 .debug_str     0x0000110b       0xc1 my_Timers.o
                                0x58c (size before relaxing)
 .debug_str     0x000011cc      0x16d terminal.o
                                0x93f (size before relaxing)
 .debug_str     0x00001339      0x1a3 uart0.o
                                0x5bf (size before relaxing)
 .debug_str     0x000014dc      0x1e4 usart_spi.o
                                0x65d (size before relaxing)

.debug_loc      0x00000000     0x4a05
 *(.debug_loc)
 .debug_loc     0x00000000      0x50e ad5752.o
 .debug_loc     0x0000050e      0x212 Cards/Amplifier.o
 .debug_loc     0x00000720      0x2c5 Cards/LED_Source.o
 .debug_loc     0x000009e5      0x2f6 Cards/MOSFET_BreakDown.o
 .debug_loc     0x00000cdb      0x64d Cards/Slot_Tester.o
 .debug_loc     0x00001328      0x227 ICs/AD5752.o
 .debug_loc     0x0000154f      0x21a ICs/MCP23S08.o
 .debug_loc     0x00001769      0x2ae LTC1864.o
 .debug_loc     0x00001a17      0x30c main.o
 .debug_loc     0x00001d23      0x2cc my_Timers.o
 .debug_loc     0x00001fef     0x232c terminal.o
 .debug_loc     0x0000431b      0x386 uart0.o
 .debug_loc     0x000046a1      0x364 usart_spi.o

.debug_macinfo
 *(.debug_macinfo)

.debug_weaknames
 *(.debug_weaknames)

.debug_funcnames
 *(.debug_funcnames)

.debug_typenames
 *(.debug_typenames)

.debug_varnames
 *(.debug_varnames)

.debug_pubtypes
 *(.debug_pubtypes)

.debug_ranges   0x00000000      0x420
 *(.debug_ranges)
 .debug_ranges  0x00000000       0x50 ad5752.o
 .debug_ranges  0x00000050       0x30 Cards/Amplifier.o
 .debug_ranges  0x00000080       0x30 Cards/LED_Source.o
 .debug_ranges  0x000000b0       0x38 Cards/MOSFET_BreakDown.o
 .debug_ranges  0x000000e8       0x30 Cards/Slot_Tester.o
 .debug_ranges  0x00000118       0x18 ICs/AD5752.o
 .debug_ranges  0x00000130       0x20 ICs/MCP23S08.o
 .debug_ranges  0x00000150       0x28 LTC1864.o
 .debug_ranges  0x00000178       0x68 main.o
 .debug_ranges  0x000001e0       0x68 my_Timers.o
 .debug_ranges  0x00000248       0xe8 terminal.o
 .debug_ranges  0x00000330       0x78 uart0.o
 .debug_ranges  0x000003a8       0x78 usart_spi.o

.debug_macro
 *(.debug_macro)
OUTPUT(MC_RthTEC_V0_0_5.elf elf32-avr)
LOAD linker stubs
