Archive member included to satisfy reference by file (symbol)

c:/program files (x86)/atmel/studio/7.0/toolchain/avr8/avr8-gnu-toolchain/bin/../lib/gcc/avr/5.4.0/avr6\libgcc.a(_udivmodhi4.o)
                              terminal.o (__udivmodhi4)
c:/program files (x86)/atmel/studio/7.0/toolchain/avr8/avr8-gnu-toolchain/bin/../lib/gcc/avr/5.4.0/avr6\libgcc.a(_udivmodsi4.o)
                              ad5752.o (__udivmodsi4)
c:/program files (x86)/atmel/studio/7.0/toolchain/avr8/avr8-gnu-toolchain/bin/../lib/gcc/avr/5.4.0/avr6\libgcc.a(_exit.o)
                              c:/program files (x86)/atmel/studio/7.0/toolchain/avr8/avr8-gnu-toolchain/bin/../lib/gcc/avr/5.4.0/../../../../avr/lib/avr6/crtatmega2560.o (exit)
c:/program files (x86)/atmel/studio/7.0/toolchain/avr8/avr8-gnu-toolchain/bin/../lib/gcc/avr/5.4.0/avr6\libgcc.a(_tablejump2.o)
                              Cards/Slot_Tester.o (__tablejump2__)
c:/program files (x86)/atmel/studio/7.0/toolchain/avr8/avr8-gnu-toolchain/bin/../lib/gcc/avr/5.4.0/avr6\libgcc.a(_copy_data.o)
                              Cards/FrontEnd.o (__do_copy_data)
c:/program files (x86)/atmel/studio/7.0/toolchain/avr8/avr8-gnu-toolchain/bin/../lib/gcc/avr/5.4.0/avr6\libgcc.a(_clear_bss.o)
                              ad5752.o (__do_clear_bss)
c:/program files (x86)/atmel/studio/7.0/toolchain/avr8/avr8-gnu-toolchain/bin/../lib/gcc/avr/5.4.0/avr6\libgcc.a(_umulhisi3.o)
                              ad5752.o (__umulhisi3)
c:/program files (x86)/atmel/studio/7.0/toolchain/avr8/avr8-gnu-toolchain/bin/../lib/gcc/avr/5.4.0/avr6\libgcc.a(_usmulhisi3.o)
                              LTC1864.o (__usmulhisi3)
c:/program files (x86)/atmel/studio/7.0/toolchain/avr8/avr8-gnu-toolchain/bin/../lib/gcc/avr/5.4.0/avr6\libgcc.a(_muluhisi3.o)
                              ad5752.o (__muluhisi3)
c:/program files (x86)/atmel/studio/7.0/toolchain/avr8/avr8-gnu-toolchain/bin/../lib/gcc/avr/5.4.0/../../../../avr/lib/avr6\libc.a(strcat.o)
                              terminal.o (strcat)
c:/program files (x86)/atmel/studio/7.0/toolchain/avr8/avr8-gnu-toolchain/bin/../lib/gcc/avr/5.4.0/../../../../avr/lib/avr6\libc.a(strcpy.o)
                              terminal.o (strcpy)
c:/program files (x86)/atmel/studio/7.0/toolchain/avr8/avr8-gnu-toolchain/bin/../lib/gcc/avr/5.4.0/../../../../avr/lib/avr6\libc.a(itoa_ncheck.o)
                              terminal.o (__itoa_ncheck)
c:/program files (x86)/atmel/studio/7.0/toolchain/avr8/avr8-gnu-toolchain/bin/../lib/gcc/avr/5.4.0/../../../../avr/lib/avr6\libc.a(ltoa_ncheck.o)
                              terminal.o (__ltoa_ncheck)
c:/program files (x86)/atmel/studio/7.0/toolchain/avr8/avr8-gnu-toolchain/bin/../lib/gcc/avr/5.4.0/../../../../avr/lib/avr6\libc.a(ultoa_ncheck.o)
                              c:/program files (x86)/atmel/studio/7.0/toolchain/avr8/avr8-gnu-toolchain/bin/../lib/gcc/avr/5.4.0/../../../../avr/lib/avr6\libc.a(ltoa_ncheck.o) (__ultoa_common)
c:/program files (x86)/atmel/studio/7.0/toolchain/avr8/avr8-gnu-toolchain/bin/../lib/gcc/avr/5.4.0/../../../../avr/lib/avr6\libc.a(utoa_ncheck.o)
                              c:/program files (x86)/atmel/studio/7.0/toolchain/avr8/avr8-gnu-toolchain/bin/../lib/gcc/avr/5.4.0/../../../../avr/lib/avr6\libc.a(itoa_ncheck.o) (__utoa_common)
c:/program files (x86)/atmel/studio/7.0/toolchain/avr8/avr8-gnu-toolchain/bin/../lib/gcc/avr/5.4.0/../../../../avr/lib/avr6\libc.a(strrev.o)
                              c:/program files (x86)/atmel/studio/7.0/toolchain/avr8/avr8-gnu-toolchain/bin/../lib/gcc/avr/5.4.0/../../../../avr/lib/avr6\libc.a(ultoa_ncheck.o) (strrev)
c:/program files (x86)/atmel/studio/7.0/toolchain/avr8/avr8-gnu-toolchain/bin/../lib/gcc/avr/5.4.0/../../../../avr/lib/avr6\libatmega2560.a(eerd_block.o)
                              main.o (eeprom_read_block)
c:/program files (x86)/atmel/studio/7.0/toolchain/avr8/avr8-gnu-toolchain/bin/../lib/gcc/avr/5.4.0/../../../../avr/lib/avr6\libatmega2560.a(eerd_byte.o)
                              main.o (eeprom_read_byte)
c:/program files (x86)/atmel/studio/7.0/toolchain/avr8/avr8-gnu-toolchain/bin/../lib/gcc/avr/5.4.0/../../../../avr/lib/avr6\libatmega2560.a(eerd_dword.o)
                              main.o (eeprom_read_dword)
c:/program files (x86)/atmel/studio/7.0/toolchain/avr8/avr8-gnu-toolchain/bin/../lib/gcc/avr/5.4.0/../../../../avr/lib/avr6\libatmega2560.a(eerd_word.o)
                              Cards/Amplifier.o (eeprom_read_word)
c:/program files (x86)/atmel/studio/7.0/toolchain/avr8/avr8-gnu-toolchain/bin/../lib/gcc/avr/5.4.0/../../../../avr/lib/avr6\libatmega2560.a(eewr_block.o)
                              main.o (eeprom_write_block)
c:/program files (x86)/atmel/studio/7.0/toolchain/avr8/avr8-gnu-toolchain/bin/../lib/gcc/avr/5.4.0/../../../../avr/lib/avr6\libatmega2560.a(eewr_byte.o)
                              main.o (eeprom_write_byte)
c:/program files (x86)/atmel/studio/7.0/toolchain/avr8/avr8-gnu-toolchain/bin/../lib/gcc/avr/5.4.0/../../../../avr/lib/avr6\libatmega2560.a(eewr_dword.o)
                              main.o (eeprom_write_dword)
c:/program files (x86)/atmel/studio/7.0/toolchain/avr8/avr8-gnu-toolchain/bin/../lib/gcc/avr/5.4.0/../../../../avr/lib/avr6\libatmega2560.a(eewr_word.o)
                              Cards/Amplifier.o (eeprom_write_word)

Allocating common symbols
Common symbol       size              file

heat_pulse_voltage  0x4               ad5752.o
frontEnd_offset_voltage_mV
                    0x10              ad5752.o
measure_pulse_voltage
                    0x2               ad5752.o
led_Source_Meas_Current_0mA1
                    0x10              ad5752.o
deterministic_pulse_length
                    0x2               ad5752.o
uart0_tx_buffer     0x80              uart0.o
interrupt_1ms       0x1               ad5752.o
heat_pulse_length   0x4               ad5752.o
deterministic_pulse_cycles
                    0x2               ad5752.o
interrupt_1hz       0x1               ad5752.o
uart0_rx            0x81              ad5752.o
deterministic_pulse_counter
                    0x2               my_Timers.o
string              0x2               terminal.o
measure_pulse_current
                    0x2               ad5752.o
heat_pulse_precount
                    0x1               my_Timers.o
led_Source_Heat_Current_mA
                    0x10              ad5752.o
usart_spi_tx_buffer
                    0x40              usart_spi.o
offset_voltage      0x2               ad5752.o
frontEnd_gain       0x10              ad5752.o
led_hp              0x1               ad5752.o
heat_pulse_current  0x2               ad5752.o
led_mp              0x1               ad5752.o
amplifier_gain      0x10              ad5752.o
usart_spi_rx        0x40              ad5752.o
measure_pulse_length
                    0x4               ad5752.o
debug_send          0x1               ad5752.o
amplifier_offset_voltage_mV
                    0x10              ad5752.o
current_source_enabled
                    0x1               ad5752.o
heat_pulse_lastcount
                    0x2               my_Timers.o
usart_spi_rx_buffer
                    0x40              usart_spi.o
startup_wait_counter
                    0x1               ad5752.o
measure_pules_voltage
                    0x4               ad5752.o
measure_pulse_precount
                    0x1               my_Timers.o
flag_standard_TTA   0x1               ad5752.o
window_offset       0x2               ad5752.o
interrupt_10hz      0x1               ad5752.o
uart0_active_timer  0x1               ad5752.o
flag_deterministic_TTA
                    0x1               ad5752.o
pulse_output_register
                    0x1               ad5752.o
measure_pulse_lastcount
                    0x2               my_Timers.o
len                 0x1               terminal.o
uart0_rx_buffer     0x80              uart0.o
terminal_timeout    0x1               ad5752.o
card_Type           0x8               ad5752.o

Discarded input sections

 .data          0x00000000        0x0 c:/program files (x86)/atmel/studio/7.0/toolchain/avr8/avr8-gnu-toolchain/bin/../lib/gcc/avr/5.4.0/../../../../avr/lib/avr6/crtatmega2560.o
 .bss           0x00000000        0x0 c:/program files (x86)/atmel/studio/7.0/toolchain/avr8/avr8-gnu-toolchain/bin/../lib/gcc/avr/5.4.0/../../../../avr/lib/avr6/crtatmega2560.o
 .text          0x00000000        0x0 ad5752.o
 .data          0x00000000        0x0 ad5752.o
 .bss           0x00000000        0x0 ad5752.o
 .text.DAC_TXWaiting
                0x00000000        0x6 ad5752.o
 .text.DAC_Range_and_PowerUp
                0x00000000       0x4e ad5752.o
 .text.DAC_Set  0x00000000       0x38 ad5752.o
 .text.FrontEnd_set_Offset_Voltage
                0x00000000       0x4e ad5752.o
 .text.DAC_Init
                0x00000000       0x76 ad5752.o
 .text          0x00000000        0x0 Cards/Amplifier.o
 .data          0x00000000        0x0 Cards/Amplifier.o
 .bss           0x00000000        0x0 Cards/Amplifier.o
 .text.Amplifier_Default_Values
                0x00000000       0x56 Cards/Amplifier.o
 .text          0x00000000        0x0 Cards/FrontEnd.o
 .data          0x00000000        0x0 Cards/FrontEnd.o
 .bss           0x00000000        0x0 Cards/FrontEnd.o
 .text.FrontEnd_Default_Values
                0x00000000       0x56 Cards/FrontEnd.o
 .text          0x00000000        0x0 Cards/LED_Source.o
 .data          0x00000000        0x0 Cards/LED_Source.o
 .bss           0x00000000        0x0 Cards/LED_Source.o
 .text.LED_Source_Default_Values
                0x00000000       0x56 Cards/LED_Source.o
 .text          0x00000000        0x0 Cards/MOSFET_BreakDown.o
 .data          0x00000000        0x0 Cards/MOSFET_BreakDown.o
 .bss           0x00000000        0x0 Cards/MOSFET_BreakDown.o
 .text          0x00000000        0x0 Cards/Slot_Tester.o
 .data          0x00000000        0x0 Cards/Slot_Tester.o
 .bss           0x00000000        0x0 Cards/Slot_Tester.o
 .text          0x00000000        0x0 ICs/AD5752.o
 .data          0x00000000        0x0 ICs/AD5752.o
 .bss           0x00000000        0x0 ICs/AD5752.o
 .text          0x00000000        0x0 ICs/MCP23S08.o
 .data          0x00000000        0x0 ICs/MCP23S08.o
 .bss           0x00000000        0x0 ICs/MCP23S08.o
 .text.IO_Expander_Init
                0x00000000        0x2 ICs/MCP23S08.o
 .text          0x00000000        0x0 LTC1864.o
 .data          0x00000000        0x0 LTC1864.o
 .bss           0x00000000        0x0 LTC1864.o
 .text.Measure_Voltage_LED
                0x00000000        0x8 LTC1864.o
 .text          0x00000000        0x0 main.o
 .data          0x00000000        0x0 main.o
 .bss           0x00000000        0x0 main.o
 .progmem.data.firmware_version
                0x00000000       0x2a main.o
 .text          0x00000000        0x0 my_Timers.o
 .data          0x00000000        0x0 my_Timers.o
 .bss           0x00000000        0x0 my_Timers.o
 .text          0x00000000        0x0 terminal.o
 .data          0x00000000        0x0 terminal.o
 .bss           0x00000000        0x0 terminal.o
 .text.ParseBool
                0x00000000       0x20 terminal.o
 .text.TransmitInt0
                0x00000000      0x104 terminal.o
 .text.TransmitByte
                0x00000000       0x74 terminal.o
 .text          0x00000000        0x0 uart0.o
 .data          0x00000000        0x0 uart0.o
 .bss           0x00000000        0x0 uart0.o
 .text.UART0ReceiveLen
                0x00000000       0x78 uart0.o
 .text.UART0CharsWaiting
                0x00000000       0x18 uart0.o
 .text.UART0SendWaiting
                0x00000000        0xc uart0.o
 .text.UART0TransmitBytes
                0x00000000       0x26 uart0.o
 .text.UART0DoRxTx
                0x00000000       0xe0 uart0.o
 .bss.uart0_rx_frames
                0x00000000        0x1 uart0.o
 .bss.uart0_rx_lenght
                0x00000000        0x1 uart0.o
 .text          0x00000000        0x0 usart_spi.o
 .data          0x00000000        0x0 usart_spi.o
 .bss           0x00000000        0x0 usart_spi.o
 .text.USART_SPI_Init
                0x00000000        0xa usart_spi.o
 .text.USART_SPI_DoRxTx
                0x00000000       0xd6 usart_spi.o
 .bss.usart_spi_rx_lenght
                0x00000000        0x1 usart_spi.o
 .text          0x00000000        0x0 c:/program files (x86)/atmel/studio/7.0/toolchain/avr8/avr8-gnu-toolchain/bin/../lib/gcc/avr/5.4.0/avr6\libgcc.a(_udivmodhi4.o)
 .data          0x00000000        0x0 c:/program files (x86)/atmel/studio/7.0/toolchain/avr8/avr8-gnu-toolchain/bin/../lib/gcc/avr/5.4.0/avr6\libgcc.a(_udivmodhi4.o)
 .bss           0x00000000        0x0 c:/program files (x86)/atmel/studio/7.0/toolchain/avr8/avr8-gnu-toolchain/bin/../lib/gcc/avr/5.4.0/avr6\libgcc.a(_udivmodhi4.o)
 .text.libgcc.mul
                0x00000000        0x0 c:/program files (x86)/atmel/studio/7.0/toolchain/avr8/avr8-gnu-toolchain/bin/../lib/gcc/avr/5.4.0/avr6\libgcc.a(_udivmodhi4.o)
 .text.libgcc   0x00000000        0x0 c:/program files (x86)/atmel/studio/7.0/toolchain/avr8/avr8-gnu-toolchain/bin/../lib/gcc/avr/5.4.0/avr6\libgcc.a(_udivmodhi4.o)
 .text.libgcc.prologue
                0x00000000        0x0 c:/program files (x86)/atmel/studio/7.0/toolchain/avr8/avr8-gnu-toolchain/bin/../lib/gcc/avr/5.4.0/avr6\libgcc.a(_udivmodhi4.o)
 .text.libgcc.builtins
                0x00000000        0x0 c:/program files (x86)/atmel/studio/7.0/toolchain/avr8/avr8-gnu-toolchain/bin/../lib/gcc/avr/5.4.0/avr6\libgcc.a(_udivmodhi4.o)
 .text.libgcc.fmul
                0x00000000        0x0 c:/program files (x86)/atmel/studio/7.0/toolchain/avr8/avr8-gnu-toolchain/bin/../lib/gcc/avr/5.4.0/avr6\libgcc.a(_udivmodhi4.o)
 .text.libgcc.fixed
                0x00000000        0x0 c:/program files (x86)/atmel/studio/7.0/toolchain/avr8/avr8-gnu-toolchain/bin/../lib/gcc/avr/5.4.0/avr6\libgcc.a(_udivmodhi4.o)
 .text          0x00000000        0x0 c:/program files (x86)/atmel/studio/7.0/toolchain/avr8/avr8-gnu-toolchain/bin/../lib/gcc/avr/5.4.0/avr6\libgcc.a(_udivmodsi4.o)
 .data          0x00000000        0x0 c:/program files (x86)/atmel/studio/7.0/toolchain/avr8/avr8-gnu-toolchain/bin/../lib/gcc/avr/5.4.0/avr6\libgcc.a(_udivmodsi4.o)
 .bss           0x00000000        0x0 c:/program files (x86)/atmel/studio/7.0/toolchain/avr8/avr8-gnu-toolchain/bin/../lib/gcc/avr/5.4.0/avr6\libgcc.a(_udivmodsi4.o)
 .text.libgcc.mul
                0x00000000        0x0 c:/program files (x86)/atmel/studio/7.0/toolchain/avr8/avr8-gnu-toolchain/bin/../lib/gcc/avr/5.4.0/avr6\libgcc.a(_udivmodsi4.o)
 .text.libgcc   0x00000000        0x0 c:/program files (x86)/atmel/studio/7.0/toolchain/avr8/avr8-gnu-toolchain/bin/../lib/gcc/avr/5.4.0/avr6\libgcc.a(_udivmodsi4.o)
 .text.libgcc.prologue
                0x00000000        0x0 c:/program files (x86)/atmel/studio/7.0/toolchain/avr8/avr8-gnu-toolchain/bin/../lib/gcc/avr/5.4.0/avr6\libgcc.a(_udivmodsi4.o)
 .text.libgcc.builtins
                0x00000000        0x0 c:/program files (x86)/atmel/studio/7.0/toolchain/avr8/avr8-gnu-toolchain/bin/../lib/gcc/avr/5.4.0/avr6\libgcc.a(_udivmodsi4.o)
 .text.libgcc.fmul
                0x00000000        0x0 c:/program files (x86)/atmel/studio/7.0/toolchain/avr8/avr8-gnu-toolchain/bin/../lib/gcc/avr/5.4.0/avr6\libgcc.a(_udivmodsi4.o)
 .text.libgcc.fixed
                0x00000000        0x0 c:/program files (x86)/atmel/studio/7.0/toolchain/avr8/avr8-gnu-toolchain/bin/../lib/gcc/avr/5.4.0/avr6\libgcc.a(_udivmodsi4.o)
 .text          0x00000000        0x0 c:/program files (x86)/atmel/studio/7.0/toolchain/avr8/avr8-gnu-toolchain/bin/../lib/gcc/avr/5.4.0/avr6\libgcc.a(_exit.o)
 .data          0x00000000        0x0 c:/program files (x86)/atmel/studio/7.0/toolchain/avr8/avr8-gnu-toolchain/bin/../lib/gcc/avr/5.4.0/avr6\libgcc.a(_exit.o)
 .bss           0x00000000        0x0 c:/program files (x86)/atmel/studio/7.0/toolchain/avr8/avr8-gnu-toolchain/bin/../lib/gcc/avr/5.4.0/avr6\libgcc.a(_exit.o)
 .text.libgcc.mul
                0x00000000        0x0 c:/program files (x86)/atmel/studio/7.0/toolchain/avr8/avr8-gnu-toolchain/bin/../lib/gcc/avr/5.4.0/avr6\libgcc.a(_exit.o)
 .text.libgcc.div
                0x00000000        0x0 c:/program files (x86)/atmel/studio/7.0/toolchain/avr8/avr8-gnu-toolchain/bin/../lib/gcc/avr/5.4.0/avr6\libgcc.a(_exit.o)
 .text.libgcc   0x00000000        0x0 c:/program files (x86)/atmel/studio/7.0/toolchain/avr8/avr8-gnu-toolchain/bin/../lib/gcc/avr/5.4.0/avr6\libgcc.a(_exit.o)
 .text.libgcc.prologue
                0x00000000        0x0 c:/program files (x86)/atmel/studio/7.0/toolchain/avr8/avr8-gnu-toolchain/bin/../lib/gcc/avr/5.4.0/avr6\libgcc.a(_exit.o)
 .text.libgcc.builtins
                0x00000000        0x0 c:/program files (x86)/atmel/studio/7.0/toolchain/avr8/avr8-gnu-toolchain/bin/../lib/gcc/avr/5.4.0/avr6\libgcc.a(_exit.o)
 .text.libgcc.fmul
                0x00000000        0x0 c:/program files (x86)/atmel/studio/7.0/toolchain/avr8/avr8-gnu-toolchain/bin/../lib/gcc/avr/5.4.0/avr6\libgcc.a(_exit.o)
 .text.libgcc.fixed
                0x00000000        0x0 c:/program files (x86)/atmel/studio/7.0/toolchain/avr8/avr8-gnu-toolchain/bin/../lib/gcc/avr/5.4.0/avr6\libgcc.a(_exit.o)
 .text          0x00000000        0x0 c:/program files (x86)/atmel/studio/7.0/toolchain/avr8/avr8-gnu-toolchain/bin/../lib/gcc/avr/5.4.0/avr6\libgcc.a(_tablejump2.o)
 .data          0x00000000        0x0 c:/program files (x86)/atmel/studio/7.0/toolchain/avr8/avr8-gnu-toolchain/bin/../lib/gcc/avr/5.4.0/avr6\libgcc.a(_tablejump2.o)
 .bss           0x00000000        0x0 c:/program files (x86)/atmel/studio/7.0/toolchain/avr8/avr8-gnu-toolchain/bin/../lib/gcc/avr/5.4.0/avr6\libgcc.a(_tablejump2.o)
 .text.libgcc.mul
                0x00000000        0x0 c:/program files (x86)/atmel/studio/7.0/toolchain/avr8/avr8-gnu-toolchain/bin/../lib/gcc/avr/5.4.0/avr6\libgcc.a(_tablejump2.o)
 .text.libgcc.div
                0x00000000        0x0 c:/program files (x86)/atmel/studio/7.0/toolchain/avr8/avr8-gnu-toolchain/bin/../lib/gcc/avr/5.4.0/avr6\libgcc.a(_tablejump2.o)
 .text.libgcc.prologue
                0x00000000        0x0 c:/program files (x86)/atmel/studio/7.0/toolchain/avr8/avr8-gnu-toolchain/bin/../lib/gcc/avr/5.4.0/avr6\libgcc.a(_tablejump2.o)
 .text.libgcc.builtins
                0x00000000        0x0 c:/program files (x86)/atmel/studio/7.0/toolchain/avr8/avr8-gnu-toolchain/bin/../lib/gcc/avr/5.4.0/avr6\libgcc.a(_tablejump2.o)
 .text.libgcc.fmul
                0x00000000        0x0 c:/program files (x86)/atmel/studio/7.0/toolchain/avr8/avr8-gnu-toolchain/bin/../lib/gcc/avr/5.4.0/avr6\libgcc.a(_tablejump2.o)
 .text.libgcc.fixed
                0x00000000        0x0 c:/program files (x86)/atmel/studio/7.0/toolchain/avr8/avr8-gnu-toolchain/bin/../lib/gcc/avr/5.4.0/avr6\libgcc.a(_tablejump2.o)
 .text          0x00000000        0x0 c:/program files (x86)/atmel/studio/7.0/toolchain/avr8/avr8-gnu-toolchain/bin/../lib/gcc/avr/5.4.0/avr6\libgcc.a(_copy_data.o)
 .data          0x00000000        0x0 c:/program files (x86)/atmel/studio/7.0/toolchain/avr8/avr8-gnu-toolchain/bin/../lib/gcc/avr/5.4.0/avr6\libgcc.a(_copy_data.o)
 .bss           0x00000000        0x0 c:/program files (x86)/atmel/studio/7.0/toolchain/avr8/avr8-gnu-toolchain/bin/../lib/gcc/avr/5.4.0/avr6\libgcc.a(_copy_data.o)
 .text.libgcc.mul
                0x00000000        0x0 c:/program files (x86)/atmel/studio/7.0/toolchain/avr8/avr8-gnu-toolchain/bin/../lib/gcc/avr/5.4.0/avr6\libgcc.a(_copy_data.o)
 .text.libgcc.div
                0x00000000        0x0 c:/program files (x86)/atmel/studio/7.0/toolchain/avr8/avr8-gnu-toolchain/bin/../lib/gcc/avr/5.4.0/avr6\libgcc.a(_copy_data.o)
 .text.libgcc   0x00000000        0x0 c:/program files (x86)/atmel/studio/7.0/toolchain/avr8/avr8-gnu-toolchain/bin/../lib/gcc/avr/5.4.0/avr6\libgcc.a(_copy_data.o)
 .text.libgcc.prologue
                0x00000000        0x0 c:/program files (x86)/atmel/studio/7.0/toolchain/avr8/avr8-gnu-toolchain/bin/../lib/gcc/avr/5.4.0/avr6\libgcc.a(_copy_data.o)
 .text.libgcc.builtins
                0x00000000        0x0 c:/program files (x86)/atmel/studio/7.0/toolchain/avr8/avr8-gnu-toolchain/bin/../lib/gcc/avr/5.4.0/avr6\libgcc.a(_copy_data.o)
 .text.libgcc.fmul
                0x00000000        0x0 c:/program files (x86)/atmel/studio/7.0/toolchain/avr8/avr8-gnu-toolchain/bin/../lib/gcc/avr/5.4.0/avr6\libgcc.a(_copy_data.o)
 .text.libgcc.fixed
                0x00000000        0x0 c:/program files (x86)/atmel/studio/7.0/toolchain/avr8/avr8-gnu-toolchain/bin/../lib/gcc/avr/5.4.0/avr6\libgcc.a(_copy_data.o)
 .text          0x00000000        0x0 c:/program files (x86)/atmel/studio/7.0/toolchain/avr8/avr8-gnu-toolchain/bin/../lib/gcc/avr/5.4.0/avr6\libgcc.a(_clear_bss.o)
 .data          0x00000000        0x0 c:/program files (x86)/atmel/studio/7.0/toolchain/avr8/avr8-gnu-toolchain/bin/../lib/gcc/avr/5.4.0/avr6\libgcc.a(_clear_bss.o)
 .bss           0x00000000        0x0 c:/program files (x86)/atmel/studio/7.0/toolchain/avr8/avr8-gnu-toolchain/bin/../lib/gcc/avr/5.4.0/avr6\libgcc.a(_clear_bss.o)
 .text.libgcc.mul
                0x00000000        0x0 c:/program files (x86)/atmel/studio/7.0/toolchain/avr8/avr8-gnu-toolchain/bin/../lib/gcc/avr/5.4.0/avr6\libgcc.a(_clear_bss.o)
 .text.libgcc.div
                0x00000000        0x0 c:/program files (x86)/atmel/studio/7.0/toolchain/avr8/avr8-gnu-toolchain/bin/../lib/gcc/avr/5.4.0/avr6\libgcc.a(_clear_bss.o)
 .text.libgcc   0x00000000        0x0 c:/program files (x86)/atmel/studio/7.0/toolchain/avr8/avr8-gnu-toolchain/bin/../lib/gcc/avr/5.4.0/avr6\libgcc.a(_clear_bss.o)
 .text.libgcc.prologue
                0x00000000        0x0 c:/program files (x86)/atmel/studio/7.0/toolchain/avr8/avr8-gnu-toolchain/bin/../lib/gcc/avr/5.4.0/avr6\libgcc.a(_clear_bss.o)
 .text.libgcc.builtins
                0x00000000        0x0 c:/program files (x86)/atmel/studio/7.0/toolchain/avr8/avr8-gnu-toolchain/bin/../lib/gcc/avr/5.4.0/avr6\libgcc.a(_clear_bss.o)
 .text.libgcc.fmul
                0x00000000        0x0 c:/program files (x86)/atmel/studio/7.0/toolchain/avr8/avr8-gnu-toolchain/bin/../lib/gcc/avr/5.4.0/avr6\libgcc.a(_clear_bss.o)
 .text.libgcc.fixed
                0x00000000        0x0 c:/program files (x86)/atmel/studio/7.0/toolchain/avr8/avr8-gnu-toolchain/bin/../lib/gcc/avr/5.4.0/avr6\libgcc.a(_clear_bss.o)
 .text          0x00000000        0x0 c:/program files (x86)/atmel/studio/7.0/toolchain/avr8/avr8-gnu-toolchain/bin/../lib/gcc/avr/5.4.0/avr6\libgcc.a(_umulhisi3.o)
 .data          0x00000000        0x0 c:/program files (x86)/atmel/studio/7.0/toolchain/avr8/avr8-gnu-toolchain/bin/../lib/gcc/avr/5.4.0/avr6\libgcc.a(_umulhisi3.o)
 .bss           0x00000000        0x0 c:/program files (x86)/atmel/studio/7.0/toolchain/avr8/avr8-gnu-toolchain/bin/../lib/gcc/avr/5.4.0/avr6\libgcc.a(_umulhisi3.o)
 .text.libgcc.div
                0x00000000        0x0 c:/program files (x86)/atmel/studio/7.0/toolchain/avr8/avr8-gnu-toolchain/bin/../lib/gcc/avr/5.4.0/avr6\libgcc.a(_umulhisi3.o)
 .text.libgcc   0x00000000        0x0 c:/program files (x86)/atmel/studio/7.0/toolchain/avr8/avr8-gnu-toolchain/bin/../lib/gcc/avr/5.4.0/avr6\libgcc.a(_umulhisi3.o)
 .text.libgcc.prologue
                0x00000000        0x0 c:/program files (x86)/atmel/studio/7.0/toolchain/avr8/avr8-gnu-toolchain/bin/../lib/gcc/avr/5.4.0/avr6\libgcc.a(_umulhisi3.o)
 .text.libgcc.builtins
                0x00000000        0x0 c:/program files (x86)/atmel/studio/7.0/toolchain/avr8/avr8-gnu-toolchain/bin/../lib/gcc/avr/5.4.0/avr6\libgcc.a(_umulhisi3.o)
 .text.libgcc.fmul
                0x00000000        0x0 c:/program files (x86)/atmel/studio/7.0/toolchain/avr8/avr8-gnu-toolchain/bin/../lib/gcc/avr/5.4.0/avr6\libgcc.a(_umulhisi3.o)
 .text.libgcc.fixed
                0x00000000        0x0 c:/program files (x86)/atmel/studio/7.0/toolchain/avr8/avr8-gnu-toolchain/bin/../lib/gcc/avr/5.4.0/avr6\libgcc.a(_umulhisi3.o)
 .text          0x00000000        0x0 c:/program files (x86)/atmel/studio/7.0/toolchain/avr8/avr8-gnu-toolchain/bin/../lib/gcc/avr/5.4.0/avr6\libgcc.a(_usmulhisi3.o)
 .data          0x00000000        0x0 c:/program files (x86)/atmel/studio/7.0/toolchain/avr8/avr8-gnu-toolchain/bin/../lib/gcc/avr/5.4.0/avr6\libgcc.a(_usmulhisi3.o)
 .bss           0x00000000        0x0 c:/program files (x86)/atmel/studio/7.0/toolchain/avr8/avr8-gnu-toolchain/bin/../lib/gcc/avr/5.4.0/avr6\libgcc.a(_usmulhisi3.o)
 .text.libgcc.div
                0x00000000        0x0 c:/program files (x86)/atmel/studio/7.0/toolchain/avr8/avr8-gnu-toolchain/bin/../lib/gcc/avr/5.4.0/avr6\libgcc.a(_usmulhisi3.o)
 .text.libgcc   0x00000000        0x0 c:/program files (x86)/atmel/studio/7.0/toolchain/avr8/avr8-gnu-toolchain/bin/../lib/gcc/avr/5.4.0/avr6\libgcc.a(_usmulhisi3.o)
 .text.libgcc.prologue
                0x00000000        0x0 c:/program files (x86)/atmel/studio/7.0/toolchain/avr8/avr8-gnu-toolchain/bin/../lib/gcc/avr/5.4.0/avr6\libgcc.a(_usmulhisi3.o)
 .text.libgcc.builtins
                0x00000000        0x0 c:/program files (x86)/atmel/studio/7.0/toolchain/avr8/avr8-gnu-toolchain/bin/../lib/gcc/avr/5.4.0/avr6\libgcc.a(_usmulhisi3.o)
 .text.libgcc.fmul
                0x00000000        0x0 c:/program files (x86)/atmel/studio/7.0/toolchain/avr8/avr8-gnu-toolchain/bin/../lib/gcc/avr/5.4.0/avr6\libgcc.a(_usmulhisi3.o)
 .text.libgcc.fixed
                0x00000000        0x0 c:/program files (x86)/atmel/studio/7.0/toolchain/avr8/avr8-gnu-toolchain/bin/../lib/gcc/avr/5.4.0/avr6\libgcc.a(_usmulhisi3.o)
 .text          0x00000000        0x0 c:/program files (x86)/atmel/studio/7.0/toolchain/avr8/avr8-gnu-toolchain/bin/../lib/gcc/avr/5.4.0/avr6\libgcc.a(_muluhisi3.o)
 .data          0x00000000        0x0 c:/program files (x86)/atmel/studio/7.0/toolchain/avr8/avr8-gnu-toolchain/bin/../lib/gcc/avr/5.4.0/avr6\libgcc.a(_muluhisi3.o)
 .bss           0x00000000        0x0 c:/program files (x86)/atmel/studio/7.0/toolchain/avr8/avr8-gnu-toolchain/bin/../lib/gcc/avr/5.4.0/avr6\libgcc.a(_muluhisi3.o)
 .text.libgcc.div
                0x00000000        0x0 c:/program files (x86)/atmel/studio/7.0/toolchain/avr8/avr8-gnu-toolchain/bin/../lib/gcc/avr/5.4.0/avr6\libgcc.a(_muluhisi3.o)
 .text.libgcc   0x00000000        0x0 c:/program files (x86)/atmel/studio/7.0/toolchain/avr8/avr8-gnu-toolchain/bin/../lib/gcc/avr/5.4.0/avr6\libgcc.a(_muluhisi3.o)
 .text.libgcc.prologue
                0x00000000        0x0 c:/program files (x86)/atmel/studio/7.0/toolchain/avr8/avr8-gnu-toolchain/bin/../lib/gcc/avr/5.4.0/avr6\libgcc.a(_muluhisi3.o)
 .text.libgcc.builtins
                0x00000000        0x0 c:/program files (x86)/atmel/studio/7.0/toolchain/avr8/avr8-gnu-toolchain/bin/../lib/gcc/avr/5.4.0/avr6\libgcc.a(_muluhisi3.o)
 .text.libgcc.fmul
                0x00000000        0x0 c:/program files (x86)/atmel/studio/7.0/toolchain/avr8/avr8-gnu-toolchain/bin/../lib/gcc/avr/5.4.0/avr6\libgcc.a(_muluhisi3.o)
 .text.libgcc.fixed
                0x00000000        0x0 c:/program files (x86)/atmel/studio/7.0/toolchain/avr8/avr8-gnu-toolchain/bin/../lib/gcc/avr/5.4.0/avr6\libgcc.a(_muluhisi3.o)
 .text          0x00000000        0x0 c:/program files (x86)/atmel/studio/7.0/toolchain/avr8/avr8-gnu-toolchain/bin/../lib/gcc/avr/5.4.0/../../../../avr/lib/avr6\libc.a(strcat.o)
 .data          0x00000000        0x0 c:/program files (x86)/atmel/studio/7.0/toolchain/avr8/avr8-gnu-toolchain/bin/../lib/gcc/avr/5.4.0/../../../../avr/lib/avr6\libc.a(strcat.o)
 .bss           0x00000000        0x0 c:/program files (x86)/atmel/studio/7.0/toolchain/avr8/avr8-gnu-toolchain/bin/../lib/gcc/avr/5.4.0/../../../../avr/lib/avr6\libc.a(strcat.o)
 .text          0x00000000        0x0 c:/program files (x86)/atmel/studio/7.0/toolchain/avr8/avr8-gnu-toolchain/bin/../lib/gcc/avr/5.4.0/../../../../avr/lib/avr6\libc.a(strcpy.o)
 .data          0x00000000        0x0 c:/program files (x86)/atmel/studio/7.0/toolchain/avr8/avr8-gnu-toolchain/bin/../lib/gcc/avr/5.4.0/../../../../avr/lib/avr6\libc.a(strcpy.o)
 .bss           0x00000000        0x0 c:/program files (x86)/atmel/studio/7.0/toolchain/avr8/avr8-gnu-toolchain/bin/../lib/gcc/avr/5.4.0/../../../../avr/lib/avr6\libc.a(strcpy.o)
 .text          0x00000000        0x0 c:/program files (x86)/atmel/studio/7.0/toolchain/avr8/avr8-gnu-toolchain/bin/../lib/gcc/avr/5.4.0/../../../../avr/lib/avr6\libc.a(itoa_ncheck.o)
 .data          0x00000000        0x0 c:/program files (x86)/atmel/studio/7.0/toolchain/avr8/avr8-gnu-toolchain/bin/../lib/gcc/avr/5.4.0/../../../../avr/lib/avr6\libc.a(itoa_ncheck.o)
 .bss           0x00000000        0x0 c:/program files (x86)/atmel/studio/7.0/toolchain/avr8/avr8-gnu-toolchain/bin/../lib/gcc/avr/5.4.0/../../../../avr/lib/avr6\libc.a(itoa_ncheck.o)
 .text          0x00000000        0x0 c:/program files (x86)/atmel/studio/7.0/toolchain/avr8/avr8-gnu-toolchain/bin/../lib/gcc/avr/5.4.0/../../../../avr/lib/avr6\libc.a(ltoa_ncheck.o)
 .data          0x00000000        0x0 c:/program files (x86)/atmel/studio/7.0/toolchain/avr8/avr8-gnu-toolchain/bin/../lib/gcc/avr/5.4.0/../../../../avr/lib/avr6\libc.a(ltoa_ncheck.o)
 .bss           0x00000000        0x0 c:/program files (x86)/atmel/studio/7.0/toolchain/avr8/avr8-gnu-toolchain/bin/../lib/gcc/avr/5.4.0/../../../../avr/lib/avr6\libc.a(ltoa_ncheck.o)
 .text          0x00000000        0x0 c:/program files (x86)/atmel/studio/7.0/toolchain/avr8/avr8-gnu-toolchain/bin/../lib/gcc/avr/5.4.0/../../../../avr/lib/avr6\libc.a(ultoa_ncheck.o)
 .data          0x00000000        0x0 c:/program files (x86)/atmel/studio/7.0/toolchain/avr8/avr8-gnu-toolchain/bin/../lib/gcc/avr/5.4.0/../../../../avr/lib/avr6\libc.a(ultoa_ncheck.o)
 .bss           0x00000000        0x0 c:/program files (x86)/atmel/studio/7.0/toolchain/avr8/avr8-gnu-toolchain/bin/../lib/gcc/avr/5.4.0/../../../../avr/lib/avr6\libc.a(ultoa_ncheck.o)
 .text          0x00000000        0x0 c:/program files (x86)/atmel/studio/7.0/toolchain/avr8/avr8-gnu-toolchain/bin/../lib/gcc/avr/5.4.0/../../../../avr/lib/avr6\libc.a(utoa_ncheck.o)
 .data          0x00000000        0x0 c:/program files (x86)/atmel/studio/7.0/toolchain/avr8/avr8-gnu-toolchain/bin/../lib/gcc/avr/5.4.0/../../../../avr/lib/avr6\libc.a(utoa_ncheck.o)
 .bss           0x00000000        0x0 c:/program files (x86)/atmel/studio/7.0/toolchain/avr8/avr8-gnu-toolchain/bin/../lib/gcc/avr/5.4.0/../../../../avr/lib/avr6\libc.a(utoa_ncheck.o)
 .text          0x00000000        0x0 c:/program files (x86)/atmel/studio/7.0/toolchain/avr8/avr8-gnu-toolchain/bin/../lib/gcc/avr/5.4.0/../../../../avr/lib/avr6\libc.a(strrev.o)
 .data          0x00000000        0x0 c:/program files (x86)/atmel/studio/7.0/toolchain/avr8/avr8-gnu-toolchain/bin/../lib/gcc/avr/5.4.0/../../../../avr/lib/avr6\libc.a(strrev.o)
 .bss           0x00000000        0x0 c:/program files (x86)/atmel/studio/7.0/toolchain/avr8/avr8-gnu-toolchain/bin/../lib/gcc/avr/5.4.0/../../../../avr/lib/avr6\libc.a(strrev.o)
 .text          0x00000000        0x0 c:/program files (x86)/atmel/studio/7.0/toolchain/avr8/avr8-gnu-toolchain/bin/../lib/gcc/avr/5.4.0/../../../../avr/lib/avr6\libatmega2560.a(eerd_block.o)
 .data          0x00000000        0x0 c:/program files (x86)/atmel/studio/7.0/toolchain/avr8/avr8-gnu-toolchain/bin/../lib/gcc/avr/5.4.0/../../../../avr/lib/avr6\libatmega2560.a(eerd_block.o)
 .bss           0x00000000        0x0 c:/program files (x86)/atmel/studio/7.0/toolchain/avr8/avr8-gnu-toolchain/bin/../lib/gcc/avr/5.4.0/../../../../avr/lib/avr6\libatmega2560.a(eerd_block.o)
 .text          0x00000000        0x0 c:/program files (x86)/atmel/studio/7.0/toolchain/avr8/avr8-gnu-toolchain/bin/../lib/gcc/avr/5.4.0/../../../../avr/lib/avr6\libatmega2560.a(eerd_byte.o)
 .data          0x00000000        0x0 c:/program files (x86)/atmel/studio/7.0/toolchain/avr8/avr8-gnu-toolchain/bin/../lib/gcc/avr/5.4.0/../../../../avr/lib/avr6\libatmega2560.a(eerd_byte.o)
 .bss           0x00000000        0x0 c:/program files (x86)/atmel/studio/7.0/toolchain/avr8/avr8-gnu-toolchain/bin/../lib/gcc/avr/5.4.0/../../../../avr/lib/avr6\libatmega2560.a(eerd_byte.o)
 .text          0x00000000        0x0 c:/program files (x86)/atmel/studio/7.0/toolchain/avr8/avr8-gnu-toolchain/bin/../lib/gcc/avr/5.4.0/../../../../avr/lib/avr6\libatmega2560.a(eerd_dword.o)
 .data          0x00000000        0x0 c:/program files (x86)/atmel/studio/7.0/toolchain/avr8/avr8-gnu-toolchain/bin/../lib/gcc/avr/5.4.0/../../../../avr/lib/avr6\libatmega2560.a(eerd_dword.o)
 .bss           0x00000000        0x0 c:/program files (x86)/atmel/studio/7.0/toolchain/avr8/avr8-gnu-toolchain/bin/../lib/gcc/avr/5.4.0/../../../../avr/lib/avr6\libatmega2560.a(eerd_dword.o)
 .text          0x00000000        0x0 c:/program files (x86)/atmel/studio/7.0/toolchain/avr8/avr8-gnu-toolchain/bin/../lib/gcc/avr/5.4.0/../../../../avr/lib/avr6\libatmega2560.a(eerd_word.o)
 .data          0x00000000        0x0 c:/program files (x86)/atmel/studio/7.0/toolchain/avr8/avr8-gnu-toolchain/bin/../lib/gcc/avr/5.4.0/../../../../avr/lib/avr6\libatmega2560.a(eerd_word.o)
 .bss           0x00000000        0x0 c:/program files (x86)/atmel/studio/7.0/toolchain/avr8/avr8-gnu-toolchain/bin/../lib/gcc/avr/5.4.0/../../../../avr/lib/avr6\libatmega2560.a(eerd_word.o)
 .text          0x00000000        0x0 c:/program files (x86)/atmel/studio/7.0/toolchain/avr8/avr8-gnu-toolchain/bin/../lib/gcc/avr/5.4.0/../../../../avr/lib/avr6\libatmega2560.a(eewr_block.o)
 .data          0x00000000        0x0 c:/program files (x86)/atmel/studio/7.0/toolchain/avr8/avr8-gnu-toolchain/bin/../lib/gcc/avr/5.4.0/../../../../avr/lib/avr6\libatmega2560.a(eewr_block.o)
 .bss           0x00000000        0x0 c:/program files (x86)/atmel/studio/7.0/toolchain/avr8/avr8-gnu-toolchain/bin/../lib/gcc/avr/5.4.0/../../../../avr/lib/avr6\libatmega2560.a(eewr_block.o)
 .text          0x00000000        0x0 c:/program files (x86)/atmel/studio/7.0/toolchain/avr8/avr8-gnu-toolchain/bin/../lib/gcc/avr/5.4.0/../../../../avr/lib/avr6\libatmega2560.a(eewr_byte.o)
 .data          0x00000000        0x0 c:/program files (x86)/atmel/studio/7.0/toolchain/avr8/avr8-gnu-toolchain/bin/../lib/gcc/avr/5.4.0/../../../../avr/lib/avr6\libatmega2560.a(eewr_byte.o)
 .bss           0x00000000        0x0 c:/program files (x86)/atmel/studio/7.0/toolchain/avr8/avr8-gnu-toolchain/bin/../lib/gcc/avr/5.4.0/../../../../avr/lib/avr6\libatmega2560.a(eewr_byte.o)
 .text          0x00000000        0x0 c:/program files (x86)/atmel/studio/7.0/toolchain/avr8/avr8-gnu-toolchain/bin/../lib/gcc/avr/5.4.0/../../../../avr/lib/avr6\libatmega2560.a(eewr_dword.o)
 .data          0x00000000        0x0 c:/program files (x86)/atmel/studio/7.0/toolchain/avr8/avr8-gnu-toolchain/bin/../lib/gcc/avr/5.4.0/../../../../avr/lib/avr6\libatmega2560.a(eewr_dword.o)
 .bss           0x00000000        0x0 c:/program files (x86)/atmel/studio/7.0/toolchain/avr8/avr8-gnu-toolchain/bin/../lib/gcc/avr/5.4.0/../../../../avr/lib/avr6\libatmega2560.a(eewr_dword.o)
 .text          0x00000000        0x0 c:/program files (x86)/atmel/studio/7.0/toolchain/avr8/avr8-gnu-toolchain/bin/../lib/gcc/avr/5.4.0/../../../../avr/lib/avr6\libatmega2560.a(eewr_word.o)
 .data          0x00000000        0x0 c:/program files (x86)/atmel/studio/7.0/toolchain/avr8/avr8-gnu-toolchain/bin/../lib/gcc/avr/5.4.0/../../../../avr/lib/avr6\libatmega2560.a(eewr_word.o)
 .bss           0x00000000        0x0 c:/program files (x86)/atmel/studio/7.0/toolchain/avr8/avr8-gnu-toolchain/bin/../lib/gcc/avr/5.4.0/../../../../avr/lib/avr6\libatmega2560.a(eewr_word.o)

Memory Configuration

Name             Origin             Length             Attributes
text             0x00000000         0x00100000         xr
data             0x00800200         0x0000fe00         rw !x
eeprom           0x00810000         0x00010000         rw !x
fuse             0x00820000         0x00000003         rw !x
lock             0x00830000         0x00000400         rw !x
signature        0x00840000         0x00000400         rw !x
user_signatures  0x00850000         0x00000400         rw !x
*default*        0x00000000         0xffffffff

Linker script and memory map

Address of section .data set to 0x800200
LOAD c:/program files (x86)/atmel/studio/7.0/toolchain/avr8/avr8-gnu-toolchain/bin/../lib/gcc/avr/5.4.0/../../../../avr/lib/avr6/crtatmega2560.o
LOAD ad5752.o
LOAD Cards/Amplifier.o
LOAD Cards/FrontEnd.o
LOAD Cards/LED_Source.o
LOAD Cards/MOSFET_BreakDown.o
LOAD Cards/Slot_Tester.o
LOAD ICs/AD5752.o
LOAD ICs/MCP23S08.o
LOAD LTC1864.o
LOAD main.o
LOAD my_Timers.o
LOAD terminal.o
LOAD uart0.o
LOAD usart_spi.o
START GROUP
LOAD c:/program files (x86)/atmel/studio/7.0/toolchain/avr8/avr8-gnu-toolchain/bin/../lib/gcc/avr/5.4.0/../../../../avr/lib/avr6\libm.a
END GROUP
START GROUP
LOAD c:/program files (x86)/atmel/studio/7.0/toolchain/avr8/avr8-gnu-toolchain/bin/../lib/gcc/avr/5.4.0/avr6\libgcc.a
LOAD c:/program files (x86)/atmel/studio/7.0/toolchain/avr8/avr8-gnu-toolchain/bin/../lib/gcc/avr/5.4.0/../../../../avr/lib/avr6\libm.a
LOAD c:/program files (x86)/atmel/studio/7.0/toolchain/avr8/avr8-gnu-toolchain/bin/../lib/gcc/avr/5.4.0/../../../../avr/lib/avr6\libc.a
LOAD c:/program files (x86)/atmel/studio/7.0/toolchain/avr8/avr8-gnu-toolchain/bin/../lib/gcc/avr/5.4.0/../../../../avr/lib/avr6\libatmega2560.a
END GROUP
                0x00100000                __TEXT_REGION_LENGTH__ = DEFINED (__TEXT_REGION_LENGTH__)?__TEXT_REGION_LENGTH__:0x100000
                0x0000fe00                __DATA_REGION_LENGTH__ = DEFINED (__DATA_REGION_LENGTH__)?__DATA_REGION_LENGTH__:0xfe00
                0x00010000                __EEPROM_REGION_LENGTH__ = DEFINED (__EEPROM_REGION_LENGTH__)?__EEPROM_REGION_LENGTH__:0x10000
                [0x00000003]                __FUSE_REGION_LENGTH__ = DEFINED (__FUSE_REGION_LENGTH__)?__FUSE_REGION_LENGTH__:0x400
                0x00000400                __LOCK_REGION_LENGTH__ = DEFINED (__LOCK_REGION_LENGTH__)?__LOCK_REGION_LENGTH__:0x400
                0x00000400                __SIGNATURE_REGION_LENGTH__ = DEFINED (__SIGNATURE_REGION_LENGTH__)?__SIGNATURE_REGION_LENGTH__:0x400
                0x00000400                __USER_SIGNATURE_REGION_LENGTH__ = DEFINED (__USER_SIGNATURE_REGION_LENGTH__)?__USER_SIGNATURE_REGION_LENGTH__:0x400

.hash
 *(.hash)

.dynsym
 *(.dynsym)

.dynstr
 *(.dynstr)

.gnu.version
 *(.gnu.version)

.gnu.version_d
 *(.gnu.version_d)

.gnu.version_r
 *(.gnu.version_r)

.rel.init
 *(.rel.init)

.rela.init
 *(.rela.init)

.rel.text
 *(.rel.text)
 *(.rel.text.*)
 *(.rel.gnu.linkonce.t*)

.rela.text
 *(.rela.text)
 *(.rela.text.*)
 *(.rela.gnu.linkonce.t*)

.rel.fini
 *(.rel.fini)

.rela.fini
 *(.rela.fini)

.rel.rodata
 *(.rel.rodata)
 *(.rel.rodata.*)
 *(.rel.gnu.linkonce.r*)

.rela.rodata
 *(.rela.rodata)
 *(.rela.rodata.*)
 *(.rela.gnu.linkonce.r*)

.rel.data
 *(.rel.data)
 *(.rel.data.*)
 *(.rel.gnu.linkonce.d*)

.rela.data
 *(.rela.data)
 *(.rela.data.*)
 *(.rela.gnu.linkonce.d*)

.rel.ctors
 *(.rel.ctors)

.rela.ctors
 *(.rela.ctors)

.rel.dtors
 *(.rel.dtors)

.rela.dtors
 *(.rela.dtors)

.rel.got
 *(.rel.got)

.rela.got
 *(.rela.got)

.rel.bss
 *(.rel.bss)

.rela.bss
 *(.rela.bss)

.rel.plt
 *(.rel.plt)

.rela.plt
 *(.rela.plt)

.text           0x00000000     0x37b2
 *(.vectors)
 .vectors       0x00000000       0xe4 c:/program files (x86)/atmel/studio/7.0/toolchain/avr8/avr8-gnu-toolchain/bin/../lib/gcc/avr/5.4.0/../../../../avr/lib/avr6/crtatmega2560.o
                0x00000000                __vector_default
                0x00000000                __vectors
 *(.vectors)
 *(.progmem.gcc*)
 .progmem.gcc_sw_table.Slot_Tester_set_7Segment
                0x000000e4       0x14 Cards/Slot_Tester.o
 .progmem.gcc_sw_table.TerminalParseCommand
                0x000000f8       0x28 terminal.o
                0x00000120                . = ALIGN (0x2)
                0x00000120                __trampolines_start = .
 *(.trampolines)
 .trampolines   0x00000120        0x0 linker stubs
 *(.trampolines*)
                0x00000120                __trampolines_end = .
 *libprintf_flt.a:*(.progmem.data)
 *libc.a:*(.progmem.data)
 *(.progmem*)
                0x00000120                . = ALIGN (0x2)
 *(.jumptables)
 *(.jumptables*)
 *(.lowtext)
 *(.lowtext*)
                0x00000120                __ctors_start = .
 *(.ctors)
                0x00000120                __ctors_end = .
                0x00000120                __dtors_start = .
 *(.dtors)
                0x00000120                __dtors_end = .
 SORT(*)(.ctors)
 SORT(*)(.dtors)
 *(.init0)
 .init0         0x00000120        0x0 c:/program files (x86)/atmel/studio/7.0/toolchain/avr8/avr8-gnu-toolchain/bin/../lib/gcc/avr/5.4.0/../../../../avr/lib/avr6/crtatmega2560.o
                0x00000120                __init
 *(.init0)
 *(.init1)
 *(.init1)
 *(.init2)
 .init2         0x00000120       0x10 c:/program files (x86)/atmel/studio/7.0/toolchain/avr8/avr8-gnu-toolchain/bin/../lib/gcc/avr/5.4.0/../../../../avr/lib/avr6/crtatmega2560.o
 *(.init2)
 *(.init3)
 *(.init3)
 *(.init4)
 .init4         0x00000130       0x1a c:/program files (x86)/atmel/studio/7.0/toolchain/avr8/avr8-gnu-toolchain/bin/../lib/gcc/avr/5.4.0/avr6\libgcc.a(_copy_data.o)
                0x00000130                __do_copy_data
 .init4         0x0000014a       0x10 c:/program files (x86)/atmel/studio/7.0/toolchain/avr8/avr8-gnu-toolchain/bin/../lib/gcc/avr/5.4.0/avr6\libgcc.a(_clear_bss.o)
                0x0000014a                __do_clear_bss
 *(.init4)
 *(.init5)
 *(.init5)
 *(.init6)
 *(.init6)
 *(.init7)
 *(.init7)
 *(.init8)
 *(.init8)
 *(.init9)
 .init9         0x0000015a        0x8 c:/program files (x86)/atmel/studio/7.0/toolchain/avr8/avr8-gnu-toolchain/bin/../lib/gcc/avr/5.4.0/../../../../avr/lib/avr6/crtatmega2560.o
 *(.init9)
 *(.text)
 .text          0x00000162        0x2 c:/program files (x86)/atmel/studio/7.0/toolchain/avr8/avr8-gnu-toolchain/bin/../lib/gcc/avr/5.4.0/../../../../avr/lib/avr6/crtatmega2560.o
                0x00000162                __vector_38
                0x00000162                __vector_22
                0x00000162                __vector_28
                0x00000162                __vector_1
                0x00000162                __vector_32
                0x00000162                __vector_34
                0x00000162                __vector_12
                0x00000162                __vector_55
                0x00000162                __vector_46
                0x00000162                __bad_interrupt
                0x00000162                __vector_6
                0x00000162                __vector_31
                0x00000162                __vector_35
                0x00000162                __vector_39
                0x00000162                __vector_3
                0x00000162                __vector_23
                0x00000162                __vector_30
                0x00000162                __vector_45
                0x00000162                __vector_11
                0x00000162                __vector_54
                0x00000162                __vector_17
                0x00000162                __vector_19
                0x00000162                __vector_56
                0x00000162                __vector_7
                0x00000162                __vector_41
                0x00000162                __vector_43
                0x00000162                __vector_5
                0x00000162                __vector_33
                0x00000162                __vector_52
                0x00000162                __vector_37
                0x00000162                __vector_4
                0x00000162                __vector_44
                0x00000162                __vector_9
                0x00000162                __vector_2
                0x00000162                __vector_21
                0x00000162                __vector_15
                0x00000162                __vector_36
                0x00000162                __vector_29
                0x00000162                __vector_40
                0x00000162                __vector_8
                0x00000162                __vector_26
                0x00000162                __vector_14
                0x00000162                __vector_53
                0x00000162                __vector_10
                0x00000162                __vector_16
                0x00000162                __vector_18
                0x00000162                __vector_20
                0x00000162                __vector_42
                0x00000164                . = ALIGN (0x2)
 *(.text.*)
 .text.SPI_Send
                0x00000164       0x5a ad5752.o
                0x00000164                SPI_Send
 .text.MOSFETSource_set_Heat_Current
                0x000001be       0x48 ad5752.o
                0x000001be                MOSFETSource_set_Heat_Current
 .text.MOSFETSource_set_Meas_Current
                0x00000206       0x48 ad5752.o
                0x00000206                MOSFETSource_set_Meas_Current
 .text.MOSFETSource_set_Meas_Voltage
                0x0000024e       0x62 ad5752.o
                0x0000024e                MOSFETSource_set_Meas_Voltage
 .text.Amplifier_Variables_from_EEPROM
                0x000002b0       0x38 Cards/Amplifier.o
                0x000002b0                Amplifier_Variables_from_EEPROM
 .text.Amplifier_Set_Gain
                0x000002e8        0x2 Cards/Amplifier.o
                0x000002e8                Amplifier_Set_Gain
 .text.Amplifier_Set_Offset_Voltage
                0x000002ea       0x2e Cards/Amplifier.o
                0x000002ea                Amplifier_Set_Offset_Voltage
 .text.Amplifier_Init
                0x00000318       0xaa Cards/Amplifier.o
                0x00000318                Amplifier_Init
 .text.FrontEnd_Variables_from_EEPROM
                0x000003c2       0x38 Cards/FrontEnd.o
                0x000003c2                FrontEnd_Variables_from_EEPROM
 .text.FrontEnd_Set_Gain
                0x000003fa       0x40 Cards/FrontEnd.o
                0x000003fa                FrontEnd_Set_Gain
 .text.FrontEnd_Set_Offset_Voltage
                0x0000043a       0x2e Cards/FrontEnd.o
                0x0000043a                FrontEnd_Set_Offset_Voltage
 .text.FrontEnd_Init
                0x00000468       0xd4 Cards/FrontEnd.o
                0x00000468                FrontEnd_Init
 .text.Terminal_SET_FrontEND
                0x0000053c      0x1e0 Cards/FrontEnd.o
                0x0000053c                Terminal_SET_FrontEND
 .text.LED_Source_Variables_from_EEPROM
                0x0000071c       0x38 Cards/LED_Source.o
                0x0000071c                LED_Source_Variables_from_EEPROM
 .text.LED_Source_Set_Heat_Current
                0x00000754       0x2e Cards/LED_Source.o
                0x00000754                LED_Source_Set_Heat_Current
 .text.LED_Source_Set_Meas_Current
                0x00000782       0x2e Cards/LED_Source.o
                0x00000782                LED_Source_Set_Meas_Current
 .text.LED_Source_Init
                0x000007b0       0xb8 Cards/LED_Source.o
                0x000007b0                LED_Source_Init
 .text.MOSFET_BreakDown_Init
                0x00000868       0x9a Cards/MOSFET_BreakDown.o
                0x00000868                MOSFET_BreakDown_Init
 .text.B_Set_Relais_to_BreakDownTest
                0x00000902       0x34 Cards/MOSFET_BreakDown.o
                0x00000902                B_Set_Relais_to_BreakDownTest
 .text.B_Set_Relais_to_Leakage_GS
                0x00000936       0x34 Cards/MOSFET_BreakDown.o
                0x00000936                B_Set_Relais_to_Leakage_GS
 .text.B_Set_Relais_to_Characteristic_Curve
                0x0000096a       0x34 Cards/MOSFET_BreakDown.o
                0x0000096a                B_Set_Relais_to_Characteristic_Curve
 .text.B_Set_Relais_to_BodyDiode_Curve
                0x0000099e       0x34 Cards/MOSFET_BreakDown.o
                0x0000099e                B_Set_Relais_to_BodyDiode_Curve
 .text.B_Set_Relais_all_off
                0x000009d2       0x22 Cards/MOSFET_BreakDown.o
                0x000009d2                B_Set_Relais_all_off
 .text.Slot_Tester_Init
                0x000009f4       0xb8 Cards/Slot_Tester.o
                0x000009f4                Slot_Tester_Init
 .text.Slot_Tester_set_7Segment
                0x00000aac       0xae Cards/Slot_Tester.o
                0x00000aac                Slot_Tester_set_7Segment
 .text.Slot_Tester_get_7Segment
                0x00000b5a       0xc8 Cards/Slot_Tester.o
                0x00000b5a                Slot_Tester_get_7Segment
 .text.Slot_Tester_IO_Lauflicht
                0x00000c22       0xe6 Cards/Slot_Tester.o
                0x00000c22                Slot_Tester_IO_Lauflicht
 .text.Slot_Tester_Gesamtablauf
                0x00000d08       0x1c Cards/Slot_Tester.o
                0x00000d08                Slot_Tester_Gesamtablauf
 .text.DAC_AD5752_Range_and_PowerUp
                0x00000d24       0x56 ICs/AD5752.o
                0x00000d24                DAC_AD5752_Range_and_PowerUp
 .text.DAC_AD5752_Set
                0x00000d7a       0x4a ICs/AD5752.o
                0x00000d7a                DAC_AD5752_Set
 .text.IO_Expander_set_Register
                0x00000dc4       0x44 ICs/MCP23S08.o
                0x00000dc4                IO_Expander_set_Register
 .text.IO_Expander_get_Register
                0x00000e08       0x64 ICs/MCP23S08.o
                0x00000e08                IO_Expander_get_Register
 .text.Measure_Voltage_MOSFET_with_DataAnalyse
                0x00000e6c       0x72 LTC1864.o
                0x00000e6c                Measure_Voltage_MOSFET_with_DataAnalyse
 .text.Measure_Voltage_MOSFET_without_DataAnalyse
                0x00000ede       0x46 LTC1864.o
                0x00000ede                Measure_Voltage_MOSFET_without_DataAnalyse
 .text.Measure_Voltage_MOSFET_get_Data
                0x00000f24       0x26 LTC1864.o
                0x00000f24                Measure_Voltage_MOSFET_get_Data
 .text.Init_IO_Pins
                0x00000f4a       0xc4 main.o
                0x00000f4a                Init_IO_Pins
 .text.Lauflicht
                0x0000100e       0x84 main.o
                0x0000100e                Lauflicht
 .text.EEPROM_default_Values
                0x00001092       0xc8 main.o
                0x00001092                EEPROM_default_Values
 .text.EEPROM_last_Values
                0x0000115a       0xf0 main.o
                0x0000115a                EEPROM_last_Values
 .text.Init_All_Cards
                0x0000124a       0x72 main.o
                0x0000124a                Init_All_Cards
 .text.PulseStop
                0x000012bc        0xe main.o
                0x000012bc                PulseStop
 .text.Init     0x000012ca       0x90 main.o
                0x000012ca                Init
 .text.main     0x0000135a       0x70 main.o
                0x0000135a                main
 .text.PulseStart_stdTTA
                0x000013ca       0x3c main.o
                0x000013ca                PulseStart_stdTTA
 .text.PulseStart_Sensitivity
                0x00001406        0xc main.o
                0x00001406                PulseStart_Sensitivity
 .text.PulseStart_detTTA
                0x00001412       0x1c main.o
                0x00001412                PulseStart_detTTA
 .text.PulseStart_PrePulse
                0x0000142e       0x20 main.o
                0x0000142e                PulseStart_PrePulse
 .text.Init_Timer_1ms
                0x0000144e       0x1a my_Timers.o
                0x0000144e                Init_Timer_1ms
 .text.__vector_13
                0x00001468       0x22 my_Timers.o
                0x00001468                __vector_13
 .text.Init_Timer_100us
                0x0000148a       0x3c my_Timers.o
                0x0000148a                Init_Timer_100us
 .text.Start_Timer_100us
                0x000014c6        0xc my_Timers.o
                0x000014c6                Start_Timer_100us
 .text.Stop_Timer_100us
                0x000014d2       0x18 my_Timers.o
                0x000014d2                Stop_Timer_100us
 .text.Init_Counter_100us
                0x000014ea       0x3c my_Timers.o
                0x000014ea                Init_Counter_100us
 .text.Setup_Counter_for_stdTTA
                0x00001526      0x184 my_Timers.o
                0x00001526                Setup_Counter_for_stdTTA
 .text.Setup_Counter_for_detTTA
                0x000016aa       0x66 my_Timers.o
                0x000016aa                Setup_Counter_for_detTTA
 .text.__vector_50
                0x00001710       0xc8 my_Timers.o
                0x00001710                __vector_50
 .text.__vector_47
                0x000017d8       0x18 my_Timers.o
                0x000017d8                __vector_47
 .text.__vector_48
                0x000017f0       0x82 my_Timers.o
                0x000017f0                __vector_48
 .text.__vector_49
                0x00001872       0x54 my_Timers.o
                0x00001872                __vector_49
 .text.TerminalInit
                0x000018c6        0xa terminal.o
                0x000018c6                TerminalInit
 .text.ParseIntLn
                0x000018d0       0xea terminal.o
                0x000018d0                ParseIntLn
 .text.ParseLongLn
                0x000019ba      0x140 terminal.o
                0x000019ba                ParseLongLn
 .text.ParseByte
                0x00001afa       0x3c terminal.o
                0x00001afa                ParseByte
 .text.TransmitString
                0x00001b36        0x6 terminal.o
                0x00001b36                TransmitString
 .text.TransmitStringLn
                0x00001b3c        0x6 terminal.o
                0x00001b3c                TransmitStringLn
 .text.TransmitInt
                0x00001b42       0xcc terminal.o
                0x00001b42                TransmitInt
 .text.TransmitLong
                0x00001c0e       0xd4 terminal.o
                0x00001c0e                TransmitLong
 .text.TransmitFloat
                0x00001ce2      0x198 terminal.o
                0x00001ce2                TransmitFloat
 .text.TransmitByte_Reverse
                0x00001e7a       0x72 terminal.o
                0x00001e7a                TransmitByte_Reverse
 .text.TerminalParseCommand
                0x00001eec      0xfe2 terminal.o
                0x00001eec                TerminalParseCommand
 .text.TerminalCheckCommand
                0x00002ece       0x1a terminal.o
                0x00002ece                TerminalCheckCommand
 .text.__vector_25
                0x00002ee8       0xa8 uart0.o
                0x00002ee8                __vector_25
 .text.__vector_27
                0x00002f90       0x74 uart0.o
                0x00002f90                __vector_27
 .text.UART0InitBaudrate
                0x00003004       0x82 uart0.o
                0x00003004                UART0InitBaudrate
 .text.UART0Init
                0x00003086        0x8 uart0.o
                0x00003086                UART0Init
 .text.UART0ClearRx
                0x0000308e       0x2c uart0.o
                0x0000308e                UART0ClearRx
 .text.UART0ReceiveLine
                0x000030ba       0x9c uart0.o
                0x000030ba                UART0ReceiveLine
 .text.UART0TxByte
                0x00003156       0x6c uart0.o
                0x00003156                UART0TxByte
 .text.UART0TransmitString
                0x000031c2       0x22 uart0.o
                0x000031c2                UART0TransmitString
 .text.UART0TransmitStringLn
                0x000031e4       0x2a uart0.o
                0x000031e4                UART0TransmitStringLn
 .text.USART_SPI_InitBaudrate
                0x0000320e       0x28 usart_spi.o
                0x0000320e                USART_SPI_InitBaudrate
 .text.USART_SPI_SetCS
                0x00003236       0x16 usart_spi.o
                0x00003236                USART_SPI_SetCS
 .text.USART_SPI_ToggleCS
                0x0000324c       0x58 usart_spi.o
                0x0000324c                USART_SPI_ToggleCS
 .text.USART_SPI_ReceiveLen
                0x000032a4       0x56 usart_spi.o
                0x000032a4                USART_SPI_ReceiveLen
 .text.USART_SPI_RXWaiting
                0x000032fa       0x18 usart_spi.o
                0x000032fa                USART_SPI_RXWaiting
 .text.USART_SPI_TXWaiting
                0x00003312        0xc usart_spi.o
                0x00003312                USART_SPI_TXWaiting
 .text.USART_SPI_ClearRx
                0x0000331e       0x20 usart_spi.o
                0x0000331e                USART_SPI_ClearRx
 .text.__vector_51
                0x0000333e       0xa6 usart_spi.o
                0x0000333e                __vector_51
 .text.__vector_24
                0x000033e4      0x108 usart_spi.o
                0x000033e4                __vector_24
 .text.USART_SPI_TxByte
                0x000034ec       0x70 usart_spi.o
                0x000034ec                USART_SPI_TxByte
 .text.USART_SPI_TxBytes
                0x0000355c       0x24 usart_spi.o
                0x0000355c                USART_SPI_TxBytes
 .text.USART_SPI_RxBytes
                0x00003580        0xa usart_spi.o
                0x00003580                USART_SPI_RxBytes
 .text.libgcc.div
                0x0000358a       0x28 c:/program files (x86)/atmel/studio/7.0/toolchain/avr8/avr8-gnu-toolchain/bin/../lib/gcc/avr/5.4.0/avr6\libgcc.a(_udivmodhi4.o)
                0x0000358a                __udivmodhi4
 .text.libgcc.div
                0x000035b2       0x44 c:/program files (x86)/atmel/studio/7.0/toolchain/avr8/avr8-gnu-toolchain/bin/../lib/gcc/avr/5.4.0/avr6\libgcc.a(_udivmodsi4.o)
                0x000035b2                __udivmodsi4
 .text.libgcc   0x000035f6       0x10 c:/program files (x86)/atmel/studio/7.0/toolchain/avr8/avr8-gnu-toolchain/bin/../lib/gcc/avr/5.4.0/avr6\libgcc.a(_tablejump2.o)
                0x000035f6                __tablejump2__
 .text.libgcc.mul
                0x00003606       0x1e c:/program files (x86)/atmel/studio/7.0/toolchain/avr8/avr8-gnu-toolchain/bin/../lib/gcc/avr/5.4.0/avr6\libgcc.a(_umulhisi3.o)
                0x00003606                __umulhisi3
 .text.libgcc.mul
                0x00003624        0xc c:/program files (x86)/atmel/studio/7.0/toolchain/avr8/avr8-gnu-toolchain/bin/../lib/gcc/avr/5.4.0/avr6\libgcc.a(_usmulhisi3.o)
                0x00003624                __usmulhisi3
                0x00003626                __usmulhisi3_tail
 .text.libgcc.mul
                0x00003630       0x14 c:/program files (x86)/atmel/studio/7.0/toolchain/avr8/avr8-gnu-toolchain/bin/../lib/gcc/avr/5.4.0/avr6\libgcc.a(_muluhisi3.o)
                0x00003630                __muluhisi3
 .text.avr-libc
                0x00003644       0x16 c:/program files (x86)/atmel/studio/7.0/toolchain/avr8/avr8-gnu-toolchain/bin/../lib/gcc/avr/5.4.0/../../../../avr/lib/avr6\libc.a(strcat.o)
                0x00003644                strcat
 .text.avr-libc
                0x0000365a        0xe c:/program files (x86)/atmel/studio/7.0/toolchain/avr8/avr8-gnu-toolchain/bin/../lib/gcc/avr/5.4.0/../../../../avr/lib/avr6\libc.a(strcpy.o)
                0x0000365a                strcpy
 .text.avr-libc
                0x00003668       0x14 c:/program files (x86)/atmel/studio/7.0/toolchain/avr8/avr8-gnu-toolchain/bin/../lib/gcc/avr/5.4.0/../../../../avr/lib/avr6\libc.a(itoa_ncheck.o)
                0x00003668                __itoa_ncheck
 .text.avr-libc
                0x0000367c       0x1c c:/program files (x86)/atmel/studio/7.0/toolchain/avr8/avr8-gnu-toolchain/bin/../lib/gcc/avr/5.4.0/../../../../avr/lib/avr6\libc.a(ltoa_ncheck.o)
                0x0000367c                __ltoa_ncheck
 .text.avr-libc
                0x00003698       0x42 c:/program files (x86)/atmel/studio/7.0/toolchain/avr8/avr8-gnu-toolchain/bin/../lib/gcc/avr/5.4.0/../../../../avr/lib/avr6\libc.a(ultoa_ncheck.o)
                0x00003698                __ultoa_ncheck
                0x0000369a                __ultoa_common
 .text.avr-libc
                0x000036da       0x32 c:/program files (x86)/atmel/studio/7.0/toolchain/avr8/avr8-gnu-toolchain/bin/../lib/gcc/avr/5.4.0/../../../../avr/lib/avr6\libc.a(utoa_ncheck.o)
                0x000036da                __utoa_ncheck
                0x000036dc                __utoa_common
 .text.avr-libc
                0x0000370c       0x20 c:/program files (x86)/atmel/studio/7.0/toolchain/avr8/avr8-gnu-toolchain/bin/../lib/gcc/avr/5.4.0/../../../../avr/lib/avr6\libc.a(strrev.o)
                0x0000370c                strrev
 .text.avr-libc
                0x0000372c       0x20 c:/program files (x86)/atmel/studio/7.0/toolchain/avr8/avr8-gnu-toolchain/bin/../lib/gcc/avr/5.4.0/../../../../avr/lib/avr6\libatmega2560.a(eerd_block.o)
                0x0000372c                eeprom_read_block
                0x00003730                eeprom_read_blraw
 .text.avr-libc
                0x0000374c       0x10 c:/program files (x86)/atmel/studio/7.0/toolchain/avr8/avr8-gnu-toolchain/bin/../lib/gcc/avr/5.4.0/../../../../avr/lib/avr6\libatmega2560.a(eerd_byte.o)
                0x0000374c                eeprom_read_byte
 .text.avr-libc
                0x0000375c        0xa c:/program files (x86)/atmel/studio/7.0/toolchain/avr8/avr8-gnu-toolchain/bin/../lib/gcc/avr/5.4.0/../../../../avr/lib/avr6\libatmega2560.a(eerd_dword.o)
                0x0000375c                eeprom_read_float
                0x0000375c                eeprom_read_dword
 .text.avr-libc
                0x00003766        0xa c:/program files (x86)/atmel/studio/7.0/toolchain/avr8/avr8-gnu-toolchain/bin/../lib/gcc/avr/5.4.0/../../../../avr/lib/avr6\libatmega2560.a(eerd_word.o)
                0x00003766                eeprom_read_word
 .text.avr-libc
                0x00003770       0x12 c:/program files (x86)/atmel/studio/7.0/toolchain/avr8/avr8-gnu-toolchain/bin/../lib/gcc/avr/5.4.0/../../../../avr/lib/avr6\libatmega2560.a(eewr_block.o)
                0x00003770                eeprom_write_block
 .text.avr-libc
                0x00003782       0x1c c:/program files (x86)/atmel/studio/7.0/toolchain/avr8/avr8-gnu-toolchain/bin/../lib/gcc/avr/5.4.0/../../../../avr/lib/avr6\libatmega2560.a(eewr_byte.o)
                0x00003782                eeprom_write_byte
                0x00003784                eeprom_write_r18
 .text.avr-libc
                0x0000379e        0xa c:/program files (x86)/atmel/studio/7.0/toolchain/avr8/avr8-gnu-toolchain/bin/../lib/gcc/avr/5.4.0/../../../../avr/lib/avr6\libatmega2560.a(eewr_dword.o)
                0x0000379e                eeprom_write_dword
                0x0000379e                eeprom_write_float
 .text.avr-libc
                0x000037a8        0x6 c:/program files (x86)/atmel/studio/7.0/toolchain/avr8/avr8-gnu-toolchain/bin/../lib/gcc/avr/5.4.0/../../../../avr/lib/avr6\libatmega2560.a(eewr_word.o)
                0x000037a8                eeprom_write_word
                0x000037ae                . = ALIGN (0x2)
 *(.fini9)
 .fini9         0x000037ae        0x0 c:/program files (x86)/atmel/studio/7.0/toolchain/avr8/avr8-gnu-toolchain/bin/../lib/gcc/avr/5.4.0/avr6\libgcc.a(_exit.o)
                0x000037ae                _exit
                0x000037ae                exit
 *(.fini9)
 *(.fini8)
 *(.fini8)
 *(.fini7)
 *(.fini7)
 *(.fini6)
 *(.fini6)
 *(.fini5)
 *(.fini5)
 *(.fini4)
 *(.fini4)
 *(.fini3)
 *(.fini3)
 *(.fini2)
 *(.fini2)
 *(.fini1)
 *(.fini1)
 *(.fini0)
 .fini0         0x000037ae        0x4 c:/program files (x86)/atmel/studio/7.0/toolchain/avr8/avr8-gnu-toolchain/bin/../lib/gcc/avr/5.4.0/avr6\libgcc.a(_exit.o)
 *(.fini0)
                0x000037b2                _etext = .

.data           0x00800200      0x1d2 load address 0x000037b2
                0x00800200                PROVIDE (__data_start, .)
 *(.data)
 *(.data*)
 .data.uart0_tx_empty
                0x00800200        0x1 uart0.o
                0x00800200                uart0_tx_empty
 .data.usart_spi_cs_len
                0x00800201        0x1 usart_spi.o
                0x00800201                usart_spi_cs_len
 .data.usart_spi_cs_port
                0x00800202        0x2 usart_spi.o
                0x00800202                usart_spi_cs_port
 .data.usart_spi_tx_buffer_empty
                0x00800204        0x1 usart_spi.o
                0x00800204                usart_spi_tx_buffer_empty
 *(.gnu.linkonce.d*)
 *(.rodata)
 .rodata        0x00800205        0x9 main.o
 *(.rodata*)
 .rodata.str1.1
                0x0080020e       0x40 Cards/FrontEnd.o
 .rodata.str1.1
                0x0080024e      0x180 terminal.o
                                0x1c2 (size before relaxing)
 .rodata.str1.1
                0x008003ce        0x3 usart_spi.o
 *(.gnu.linkonce.r*)
                0x008003d2                . = ALIGN (0x2)
 *fill*         0x008003d1        0x1 
                0x008003d2                _edata = .
                0x008003d2                PROVIDE (__data_end, .)

.bss            0x008003d2      0x2f2
                0x008003d2                PROVIDE (__bss_start, .)
 *(.bss)
 *(.bss*)
 .bss.last_ChipSelectPin
                0x008003d2        0x1 ad5752.o
                0x008003d2                last_ChipSelectPin
 .bss.last_ChipSelectPort
                0x008003d3        0x2 ad5752.o
                0x008003d3                last_ChipSelectPort
 .bss.uart0_tx_char_write
                0x008003d5        0x1 uart0.o
                0x008003d5                uart0_tx_char_write
 .bss.uart0_tx_char_read
                0x008003d6        0x1 uart0.o
                0x008003d6                uart0_tx_char_read
 .bss.uart0_rx_blocked
                0x008003d7        0x1 uart0.o
                0x008003d7                uart0_rx_blocked
 .bss.uart0_rx_lines
                0x008003d8        0x1 uart0.o
                0x008003d8                uart0_rx_lines
 .bss.uart0_rx_overrun
                0x008003d9        0x1 uart0.o
                0x008003d9                uart0_rx_overrun
 .bss.uart0_rx_char_write
                0x008003da        0x1 uart0.o
                0x008003da                uart0_rx_char_write
 .bss.uart0_rx_char_read
                0x008003db        0x1 uart0.o
                0x008003db                uart0_rx_char_read
 .bss.usart_spi_byte_count
                0x008003dc        0x1 usart_spi.o
                0x008003dc                usart_spi_byte_count
 .bss.usart_spi_cs_neg
                0x008003dd        0x1 usart_spi.o
                0x008003dd                usart_spi_cs_neg
 .bss.usart_spi_cs_pin
                0x008003de        0x1 usart_spi.o
                0x008003de                usart_spi_cs_pin
 .bss.usart_spi_tx_char_write
                0x008003df        0x1 usart_spi.o
                0x008003df                usart_spi_tx_char_write
 .bss.usart_spi_tx_char_read
                0x008003e0        0x1 usart_spi.o
                0x008003e0                usart_spi_tx_char_read
 .bss.usart_spi_rx_flag
                0x008003e1        0x1 usart_spi.o
                0x008003e1                usart_spi_rx_flag
 .bss.usart_spi_rx_buffer_overrun
                0x008003e2        0x1 usart_spi.o
                0x008003e2                usart_spi_rx_buffer_overrun
 .bss.usart_spi_rx_char_write
                0x008003e3        0x1 usart_spi.o
                0x008003e3                usart_spi_rx_char_write
 .bss.usart_spi_rx_char_read
                0x008003e4        0x1 usart_spi.o
                0x008003e4                usart_spi_rx_char_read
 *(COMMON)
 COMMON         0x008003e5      0x154 ad5752.o
                0x008003e5                heat_pulse_voltage
                0x008003e9                frontEnd_offset_voltage_mV
                0x008003f9                measure_pulse_voltage
                0x008003fb                led_Source_Meas_Current_0mA1
                0x0080040b                deterministic_pulse_length
                0x0080040d                interrupt_1ms
                0x0080040e                heat_pulse_length
                0x00800412                deterministic_pulse_cycles
                0x00800414                interrupt_1hz
                0x00800415                uart0_rx
                0x00800496                measure_pulse_current
                0x00800498                led_Source_Heat_Current_mA
                0x008004a8                offset_voltage
                0x008004aa                frontEnd_gain
                0x008004ba                led_hp
                0x008004bb                heat_pulse_current
                0x008004bd                led_mp
                0x008004be                amplifier_gain
                0x008004ce                usart_spi_rx
                0x0080050e                measure_pulse_length
                0x00800512                debug_send
                0x00800513                amplifier_offset_voltage_mV
                0x00800523                current_source_enabled
                0x00800524                startup_wait_counter
                0x00800525                measure_pules_voltage
                0x00800529                flag_standard_TTA
                0x0080052a                window_offset
                0x0080052c                interrupt_10hz
                0x0080052d                uart0_active_timer
                0x0080052e                flag_deterministic_TTA
                0x0080052f                pulse_output_register
                0x00800530                terminal_timeout
                0x00800531                card_Type
 COMMON         0x00800539        0x8 my_Timers.o
                0x00800539                deterministic_pulse_counter
                0x0080053b                heat_pulse_precount
                0x0080053c                heat_pulse_lastcount
                0x0080053e                measure_pulse_precount
                0x0080053f                measure_pulse_lastcount
 COMMON         0x00800541        0x3 terminal.o
                0x00800541                string
                0x00800543                len
 COMMON         0x00800544      0x100 uart0.o
                0x00800544                uart0_tx_buffer
                0x008005c4                uart0_rx_buffer
 COMMON         0x00800644       0x80 usart_spi.o
                0x00800644                usart_spi_tx_buffer
                0x00800684                usart_spi_rx_buffer
                0x008006c4                PROVIDE (__bss_end, .)
                0x000037b2                __data_load_start = LOADADDR (.data)
                0x00003984                __data_load_end = (__data_load_start + SIZEOF (.data))

.noinit         0x008006c4        0x0
                [!provide]                PROVIDE (__noinit_start, .)
 *(.noinit*)
                [!provide]                PROVIDE (__noinit_end, .)
                0x008006c4                _end = .
                [!provide]                PROVIDE (__heap_start, .)

.eeprom         0x00810000       0x51
 *(.eeprom*)
 .eeprom        0x00810000       0x51 main.o
                0x00810000                parameter3_eeprom
                0x00810010                parameter2_eeprom
                0x00810020                parameter1_eeprom
                0x00810030                card_Type_register_eeprom
                0x00810038                pulse_output_register_eeprom
                0x00810039                deterministic_pulse_cycles_eeprom
                0x0081003b                deterministic_pulse_length_eeprom
                0x0081003d                window_offset_eeprom
                0x0081003f                offset_voltage_eeprom
                0x00810041                measure_pulse_voltage_eeprom
                0x00810043                measure_pulse_length_eeprom
                0x00810047                measure_pulse_current_eeprom
                0x00810049                heat_pulse_length_eeprom
                0x0081004d                heat_pulse_current_eeprom
                0x0081004f                firmware_code_eeprom
                0x00810051                __eeprom_end = .

.fuse
 *(.fuse)
 *(.lfuse)
 *(.hfuse)
 *(.efuse)

.lock
 *(.lock*)

.signature
 *(.signature*)

.user_signatures
 *(.user_signatures*)

.stab
 *(.stab)

.stabstr
 *(.stabstr)

.stab.excl
 *(.stab.excl)

.stab.exclstr
 *(.stab.exclstr)

.stab.index
 *(.stab.index)

.stab.indexstr
 *(.stab.indexstr)

.comment        0x00000000       0x30
 *(.comment)
 .comment       0x00000000       0x30 ad5752.o
                                 0x31 (size before relaxing)
 .comment       0x00000030       0x31 Cards/Amplifier.o
 .comment       0x00000030       0x31 Cards/FrontEnd.o
 .comment       0x00000030       0x31 Cards/LED_Source.o
 .comment       0x00000030       0x31 Cards/MOSFET_BreakDown.o
 .comment       0x00000030       0x31 Cards/Slot_Tester.o
 .comment       0x00000030       0x31 ICs/AD5752.o
 .comment       0x00000030       0x31 ICs/MCP23S08.o
 .comment       0x00000030       0x31 LTC1864.o
 .comment       0x00000030       0x31 main.o
 .comment       0x00000030       0x31 my_Timers.o
 .comment       0x00000030       0x31 terminal.o
 .comment       0x00000030       0x31 uart0.o
 .comment       0x00000030       0x31 usart_spi.o

.note.gnu.avr.deviceinfo
                0x00000000       0x40
 .note.gnu.avr.deviceinfo
                0x00000000       0x40 c:/program files (x86)/atmel/studio/7.0/toolchain/avr8/avr8-gnu-toolchain/bin/../lib/gcc/avr/5.4.0/../../../../avr/lib/avr6/crtatmega2560.o

.note.gnu.build-id
 *(.note.gnu.build-id)

.debug
 *(.debug)

.line
 *(.line)

.debug_srcinfo
 *(.debug_srcinfo)

.debug_sfnames
 *(.debug_sfnames)

.debug_aranges  0x00000000      0x4d0
 *(.debug_aranges)
 .debug_aranges
                0x00000000       0x60 ad5752.o
 .debug_aranges
                0x00000060       0x40 Cards/Amplifier.o
 .debug_aranges
                0x000000a0       0x48 Cards/FrontEnd.o
 .debug_aranges
                0x000000e8       0x40 Cards/LED_Source.o
 .debug_aranges
                0x00000128       0x48 Cards/MOSFET_BreakDown.o
 .debug_aranges
                0x00000170       0x40 Cards/Slot_Tester.o
 .debug_aranges
                0x000001b0       0x28 ICs/AD5752.o
 .debug_aranges
                0x000001d8       0x30 ICs/MCP23S08.o
 .debug_aranges
                0x00000208       0x38 LTC1864.o
 .debug_aranges
                0x00000240       0x78 main.o
 .debug_aranges
                0x000002b8       0x78 my_Timers.o
 .debug_aranges
                0x00000330       0x90 terminal.o
 .debug_aranges
                0x000003c0       0x88 uart0.o
 .debug_aranges
                0x00000448       0x88 usart_spi.o

.debug_pubnames
 *(.debug_pubnames)

.debug_info     0x00000000     0xa613
 *(.debug_info .gnu.linkonce.wi.*)
 .debug_info    0x00000000      0xbbc c:/program files (x86)/atmel/studio/7.0/toolchain/avr8/avr8-gnu-toolchain/bin/../lib/gcc/avr/5.4.0/../../../../avr/lib/avr6/crtatmega2560.o
 .debug_info    0x00000bbc      0x9ef ad5752.o
 .debug_info    0x000015ab      0x517 Cards/Amplifier.o
 .debug_info    0x00001ac2      0x95d Cards/FrontEnd.o
 .debug_info    0x0000241f      0x55b Cards/LED_Source.o
 .debug_info    0x0000297a      0x73f Cards/MOSFET_BreakDown.o
 .debug_info    0x000030b9      0x831 Cards/Slot_Tester.o
 .debug_info    0x000038ea      0x519 ICs/AD5752.o
 .debug_info    0x00003e03      0x52f ICs/MCP23S08.o
 .debug_info    0x00004332      0x5f6 LTC1864.o
 .debug_info    0x00004928      0xd0c main.o
 .debug_info    0x00005634      0x50b my_Timers.o
 .debug_info    0x00005b3f     0x3bcc terminal.o
 .debug_info    0x0000970b      0x702 uart0.o
 .debug_info    0x00009e0d      0x806 usart_spi.o

.debug_abbrev   0x00000000     0x20a9
 *(.debug_abbrev)
 .debug_abbrev  0x00000000      0xb1a c:/program files (x86)/atmel/studio/7.0/toolchain/avr8/avr8-gnu-toolchain/bin/../lib/gcc/avr/5.4.0/../../../../avr/lib/avr6/crtatmega2560.o
 .debug_abbrev  0x00000b1a      0x14f ad5752.o
 .debug_abbrev  0x00000c69      0x116 Cards/Amplifier.o
 .debug_abbrev  0x00000d7f      0x131 Cards/FrontEnd.o
 .debug_abbrev  0x00000eb0       0xed Cards/LED_Source.o
 .debug_abbrev  0x00000f9d      0x144 Cards/MOSFET_BreakDown.o
 .debug_abbrev  0x000010e1      0x17e Cards/Slot_Tester.o
 .debug_abbrev  0x0000125f       0xe5 ICs/AD5752.o
 .debug_abbrev  0x00001344      0x126 ICs/MCP23S08.o
 .debug_abbrev  0x0000146a      0x18e LTC1864.o
 .debug_abbrev  0x000015f8      0x227 main.o
 .debug_abbrev  0x0000181f       0xe0 my_Timers.o
 .debug_abbrev  0x000018ff      0x346 terminal.o
 .debug_abbrev  0x00001c45      0x1fd uart0.o
 .debug_abbrev  0x00001e42      0x267 usart_spi.o

.debug_line     0x00000000     0x3e0d
 *(.debug_line .debug_line.* .debug_line_end)
 .debug_line    0x00000000       0x1a c:/program files (x86)/atmel/studio/7.0/toolchain/avr8/avr8-gnu-toolchain/bin/../lib/gcc/avr/5.4.0/../../../../avr/lib/avr6/crtatmega2560.o
 .debug_line    0x0000001a      0x2e1 ad5752.o
 .debug_line    0x000002fb      0x266 Cards/Amplifier.o
 .debug_line    0x00000561      0x3af Cards/FrontEnd.o
 .debug_line    0x00000910      0x272 Cards/LED_Source.o
 .debug_line    0x00000b82      0x2d4 Cards/MOSFET_BreakDown.o
 .debug_line    0x00000e56      0x475 Cards/Slot_Tester.o
 .debug_line    0x000012cb      0x17d ICs/AD5752.o
 .debug_line    0x00001448      0x18c ICs/MCP23S08.o
 .debug_line    0x000015d4      0x251 LTC1864.o
 .debug_line    0x00001825      0x71c main.o
 .debug_line    0x00001f41      0x36e my_Timers.o
 .debug_line    0x000022af     0x1121 terminal.o
 .debug_line    0x000033d0      0x541 uart0.o
 .debug_line    0x00003911      0x4fc usart_spi.o

.debug_frame    0x00000000      0xec4
 *(.debug_frame)
 .debug_frame   0x00000000      0x124 ad5752.o
 .debug_frame   0x00000124       0xa0 Cards/Amplifier.o
 .debug_frame   0x000001c4       0xd4 Cards/FrontEnd.o
 .debug_frame   0x00000298       0xa8 Cards/LED_Source.o
 .debug_frame   0x00000340       0x9c Cards/MOSFET_BreakDown.o
 .debug_frame   0x000003dc       0x98 Cards/Slot_Tester.o
 .debug_frame   0x00000474       0x70 ICs/AD5752.o
 .debug_frame   0x000004e4       0x84 ICs/MCP23S08.o
 .debug_frame   0x00000568       0x74 LTC1864.o
 .debug_frame   0x000005dc      0x158 main.o
 .debug_frame   0x00000734      0x1c8 my_Timers.o
 .debug_frame   0x000008fc      0x29c terminal.o
 .debug_frame   0x00000b98      0x198 uart0.o
 .debug_frame   0x00000d30      0x194 usart_spi.o

.debug_str      0x00000000     0x17b8
 *(.debug_str)
 .debug_str     0x00000000      0x3e6 c:/program files (x86)/atmel/studio/7.0/toolchain/avr8/avr8-gnu-toolchain/bin/../lib/gcc/avr/5.4.0/../../../../avr/lib/avr6/crtatmega2560.o
 .debug_str     0x000003e6      0x52e ad5752.o
                                0x583 (size before relaxing)
 .debug_str     0x00000914      0x116 Cards/Amplifier.o
                                0x528 (size before relaxing)
 .debug_str     0x00000a2a       0xfb Cards/FrontEnd.o
                                0x5bd (size before relaxing)
 .debug_str     0x00000b25       0xb4 Cards/LED_Source.o
                                0x53c (size before relaxing)
 .debug_str     0x00000bd9      0x107 Cards/MOSFET_BreakDown.o
                                0x528 (size before relaxing)
 .debug_str     0x00000ce0       0xab Cards/Slot_Tester.o
                                0x514 (size before relaxing)
 .debug_str     0x00000d8b       0x1e ICs/AD5752.o
                                0x484 (size before relaxing)
 .debug_str     0x00000da9       0x66 ICs/MCP23S08.o
                                0x4d8 (size before relaxing)
 .debug_str     0x00000e0f       0xb1 LTC1864.o
                                0x537 (size before relaxing)
 .debug_str     0x00000ec0      0x36f main.o
                                0x8d8 (size before relaxing)
 .debug_str     0x0000122f       0xc1 my_Timers.o
                                0x5ce (size before relaxing)
 .debug_str     0x000012f0      0x141 terminal.o
                                0x997 (size before relaxing)
 .debug_str     0x00001431      0x1a3 uart0.o
                                0x601 (size before relaxing)
 .debug_str     0x000015d4      0x1e4 usart_spi.o
                                0x69f (size before relaxing)

.debug_loc      0x00000000     0x4e47
 *(.debug_loc)
 .debug_loc     0x00000000      0x50e ad5752.o
 .debug_loc     0x0000050e      0x212 Cards/Amplifier.o
 .debug_loc     0x00000720      0x468 Cards/FrontEnd.o
 .debug_loc     0x00000b88      0x2c5 Cards/LED_Source.o
 .debug_loc     0x00000e4d      0x2f6 Cards/MOSFET_BreakDown.o
 .debug_loc     0x00001143      0x64d Cards/Slot_Tester.o
 .debug_loc     0x00001790      0x227 ICs/AD5752.o
 .debug_loc     0x000019b7      0x21a ICs/MCP23S08.o
 .debug_loc     0x00001bd1      0x2ae LTC1864.o
 .debug_loc     0x00001e7f      0x30c main.o
 .debug_loc     0x0000218b      0x2cc my_Timers.o
 .debug_loc     0x00002457     0x2306 terminal.o
 .debug_loc     0x0000475d      0x386 uart0.o
 .debug_loc     0x00004ae3      0x364 usart_spi.o

.debug_macinfo
 *(.debug_macinfo)

.debug_weaknames
 *(.debug_weaknames)

.debug_funcnames
 *(.debug_funcnames)

.debug_typenames
 *(.debug_typenames)

.debug_varnames
 *(.debug_varnames)

.debug_pubtypes
 *(.debug_pubtypes)

.debug_ranges   0x00000000      0x458
 *(.debug_ranges)
 .debug_ranges  0x00000000       0x50 ad5752.o
 .debug_ranges  0x00000050       0x30 Cards/Amplifier.o
 .debug_ranges  0x00000080       0x38 Cards/FrontEnd.o
 .debug_ranges  0x000000b8       0x30 Cards/LED_Source.o
 .debug_ranges  0x000000e8       0x38 Cards/MOSFET_BreakDown.o
 .debug_ranges  0x00000120       0x30 Cards/Slot_Tester.o
 .debug_ranges  0x00000150       0x18 ICs/AD5752.o
 .debug_ranges  0x00000168       0x20 ICs/MCP23S08.o
 .debug_ranges  0x00000188       0x28 LTC1864.o
 .debug_ranges  0x000001b0       0x68 main.o
 .debug_ranges  0x00000218       0x68 my_Timers.o
 .debug_ranges  0x00000280       0xe8 terminal.o
 .debug_ranges  0x00000368       0x78 uart0.o
 .debug_ranges  0x000003e0       0x78 usart_spi.o

.debug_macro
 *(.debug_macro)
OUTPUT(MC_RthTEC_V0_0_5.elf elf32-avr)
LOAD linker stubs
