Archive member included to satisfy reference by file (symbol)

c:/program files (x86)/atmel/studio/7.0/toolchain/avr8/avr8-gnu-toolchain/bin/../lib/gcc/avr/5.4.0/avr6\libgcc.a(_udivmodhi4.o)
                              terminal.o (__udivmodhi4)
c:/program files (x86)/atmel/studio/7.0/toolchain/avr8/avr8-gnu-toolchain/bin/../lib/gcc/avr/5.4.0/avr6\libgcc.a(_udivmodsi4.o)
                              ad5752.o (__udivmodsi4)
c:/program files (x86)/atmel/studio/7.0/toolchain/avr8/avr8-gnu-toolchain/bin/../lib/gcc/avr/5.4.0/avr6\libgcc.a(_divmodsi4.o)
                              Cards/MOSFET_BreakDown.o (__divmodsi4)
c:/program files (x86)/atmel/studio/7.0/toolchain/avr8/avr8-gnu-toolchain/bin/../lib/gcc/avr/5.4.0/avr6\libgcc.a(_negsi2.o)
                              c:/program files (x86)/atmel/studio/7.0/toolchain/avr8/avr8-gnu-toolchain/bin/../lib/gcc/avr/5.4.0/avr6\libgcc.a(_divmodsi4.o) (__negsi2)
c:/program files (x86)/atmel/studio/7.0/toolchain/avr8/avr8-gnu-toolchain/bin/../lib/gcc/avr/5.4.0/avr6\libgcc.a(_exit.o)
                              c:/program files (x86)/atmel/studio/7.0/toolchain/avr8/avr8-gnu-toolchain/bin/../lib/gcc/avr/5.4.0/../../../../avr/lib/avr6/crtatmega2560.o (exit)
c:/program files (x86)/atmel/studio/7.0/toolchain/avr8/avr8-gnu-toolchain/bin/../lib/gcc/avr/5.4.0/avr6\libgcc.a(_tablejump2.o)
                              Cards/Slot_Tester.o (__tablejump2__)
c:/program files (x86)/atmel/studio/7.0/toolchain/avr8/avr8-gnu-toolchain/bin/../lib/gcc/avr/5.4.0/avr6\libgcc.a(_copy_data.o)
                              Cards/FrontEnd.o (__do_copy_data)
c:/program files (x86)/atmel/studio/7.0/toolchain/avr8/avr8-gnu-toolchain/bin/../lib/gcc/avr/5.4.0/avr6\libgcc.a(_clear_bss.o)
                              ad5752.o (__do_clear_bss)
c:/program files (x86)/atmel/studio/7.0/toolchain/avr8/avr8-gnu-toolchain/bin/../lib/gcc/avr/5.4.0/avr6\libgcc.a(_umulhisi3.o)
                              ad5752.o (__umulhisi3)
c:/program files (x86)/atmel/studio/7.0/toolchain/avr8/avr8-gnu-toolchain/bin/../lib/gcc/avr/5.4.0/avr6\libgcc.a(_usmulhisi3.o)
                              Cards/MOSFET_BreakDown.o (__usmulhisi3)
c:/program files (x86)/atmel/studio/7.0/toolchain/avr8/avr8-gnu-toolchain/bin/../lib/gcc/avr/5.4.0/avr6\libgcc.a(_muluhisi3.o)
                              Cards/MOSFET_Source.o (__muluhisi3)
c:/program files (x86)/atmel/studio/7.0/toolchain/avr8/avr8-gnu-toolchain/bin/../lib/gcc/avr/5.4.0/avr6\libgcc.a(_umulsidi3.o)
                              Cards/MOSFET_Source.o (__umulsidi3)
c:/program files (x86)/atmel/studio/7.0/toolchain/avr8/avr8-gnu-toolchain/bin/../lib/gcc/avr/5.4.0/avr6\libgcc.a(_ashrdi3.o)
                              Cards/MOSFET_Source.o (__lshrdi3)
c:/program files (x86)/atmel/studio/7.0/toolchain/avr8/avr8-gnu-toolchain/bin/../lib/gcc/avr/5.4.0/avr6\libgcc.a(_muldi3_6.o)
                              c:/program files (x86)/atmel/studio/7.0/toolchain/avr8/avr8-gnu-toolchain/bin/../lib/gcc/avr/5.4.0/avr6\libgcc.a(_umulsidi3.o) (__muldi3_6)
c:/program files (x86)/atmel/studio/7.0/toolchain/avr8/avr8-gnu-toolchain/bin/../lib/gcc/avr/5.4.0/../../../../avr/lib/avr6\libc.a(strcat.o)
                              terminal.o (strcat)
c:/program files (x86)/atmel/studio/7.0/toolchain/avr8/avr8-gnu-toolchain/bin/../lib/gcc/avr/5.4.0/../../../../avr/lib/avr6\libc.a(strcpy.o)
                              terminal.o (strcpy)
c:/program files (x86)/atmel/studio/7.0/toolchain/avr8/avr8-gnu-toolchain/bin/../lib/gcc/avr/5.4.0/../../../../avr/lib/avr6\libc.a(itoa_ncheck.o)
                              terminal.o (__itoa_ncheck)
c:/program files (x86)/atmel/studio/7.0/toolchain/avr8/avr8-gnu-toolchain/bin/../lib/gcc/avr/5.4.0/../../../../avr/lib/avr6\libc.a(ltoa_ncheck.o)
                              terminal.o (__ltoa_ncheck)
c:/program files (x86)/atmel/studio/7.0/toolchain/avr8/avr8-gnu-toolchain/bin/../lib/gcc/avr/5.4.0/../../../../avr/lib/avr6\libc.a(ultoa_ncheck.o)
                              c:/program files (x86)/atmel/studio/7.0/toolchain/avr8/avr8-gnu-toolchain/bin/../lib/gcc/avr/5.4.0/../../../../avr/lib/avr6\libc.a(ltoa_ncheck.o) (__ultoa_common)
c:/program files (x86)/atmel/studio/7.0/toolchain/avr8/avr8-gnu-toolchain/bin/../lib/gcc/avr/5.4.0/../../../../avr/lib/avr6\libc.a(utoa_ncheck.o)
                              c:/program files (x86)/atmel/studio/7.0/toolchain/avr8/avr8-gnu-toolchain/bin/../lib/gcc/avr/5.4.0/../../../../avr/lib/avr6\libc.a(itoa_ncheck.o) (__utoa_common)
c:/program files (x86)/atmel/studio/7.0/toolchain/avr8/avr8-gnu-toolchain/bin/../lib/gcc/avr/5.4.0/../../../../avr/lib/avr6\libc.a(strrev.o)
                              c:/program files (x86)/atmel/studio/7.0/toolchain/avr8/avr8-gnu-toolchain/bin/../lib/gcc/avr/5.4.0/../../../../avr/lib/avr6\libc.a(ultoa_ncheck.o) (strrev)
c:/program files (x86)/atmel/studio/7.0/toolchain/avr8/avr8-gnu-toolchain/bin/../lib/gcc/avr/5.4.0/../../../../avr/lib/avr6\libatmega2560.a(eerd_block.o)
                              main.o (eeprom_read_block)
c:/program files (x86)/atmel/studio/7.0/toolchain/avr8/avr8-gnu-toolchain/bin/../lib/gcc/avr/5.4.0/../../../../avr/lib/avr6\libatmega2560.a(eerd_byte.o)
                              main.o (eeprom_read_byte)
c:/program files (x86)/atmel/studio/7.0/toolchain/avr8/avr8-gnu-toolchain/bin/../lib/gcc/avr/5.4.0/../../../../avr/lib/avr6\libatmega2560.a(eerd_dword.o)
                              main.o (eeprom_read_dword)
c:/program files (x86)/atmel/studio/7.0/toolchain/avr8/avr8-gnu-toolchain/bin/../lib/gcc/avr/5.4.0/../../../../avr/lib/avr6\libatmega2560.a(eerd_word.o)
                              Cards/Amplifier.o (eeprom_read_word)
c:/program files (x86)/atmel/studio/7.0/toolchain/avr8/avr8-gnu-toolchain/bin/../lib/gcc/avr/5.4.0/../../../../avr/lib/avr6\libatmega2560.a(eewr_block.o)
                              main.o (eeprom_write_block)
c:/program files (x86)/atmel/studio/7.0/toolchain/avr8/avr8-gnu-toolchain/bin/../lib/gcc/avr/5.4.0/../../../../avr/lib/avr6\libatmega2560.a(eewr_byte.o)
                              main.o (eeprom_write_byte)
c:/program files (x86)/atmel/studio/7.0/toolchain/avr8/avr8-gnu-toolchain/bin/../lib/gcc/avr/5.4.0/../../../../avr/lib/avr6\libatmega2560.a(eewr_dword.o)
                              main.o (eeprom_write_dword)
c:/program files (x86)/atmel/studio/7.0/toolchain/avr8/avr8-gnu-toolchain/bin/../lib/gcc/avr/5.4.0/../../../../avr/lib/avr6\libatmega2560.a(eewr_word.o)
                              Cards/Amplifier.o (eeprom_write_word)

Allocating common symbols
Common symbol       size              file

heat_pulse_voltage  0x4               ad5752.o
frontEnd_offset_voltage_mV
                    0x10              ad5752.o
measure_pulse_voltage
                    0x2               ad5752.o
led_Source_Meas_Current_0mA1
                    0x10              ad5752.o
deterministic_pulse_length
                    0x2               ad5752.o
mosfet_Source_Meas_Current_0mA1
                    0x10              ad5752.o
uart0_tx_buffer     0x80              uart0.o
flag_DPA_TTA        0x1               ad5752.o
interrupt_1ms       0x1               ad5752.o
heat_pulse_length   0x4               ad5752.o
deterministic_pulse_cycles
                    0x2               ad5752.o
interrupt_1hz       0x1               ad5752.o
uart0_rx            0x81              ad5752.o
deterministic_pulse_counter
                    0x2               my_Timers.o
string              0x2               terminal.o
measure_pulse_current
                    0x2               ad5752.o
heat_pulse_precount
                    0x1               my_Timers.o
measured_binary_meas
                    0x10              ad5752.o
led_Source_Heat_Current_mA
                    0x10              ad5752.o
usart_spi_tx_buffer
                    0x40              usart_spi.o
offset_voltage      0x2               ad5752.o
frontEnd_gain       0x10              ad5752.o
mosfet_Source_Heat_Current_mA
                    0x10              ad5752.o
led_hp              0x1               ad5752.o
heat_pulse_current  0x2               ad5752.o
flag_std_TTA        0x1               ad5752.o
led_mp              0x1               ad5752.o
amplifier_gain      0x10              ad5752.o
mosfet_Source_Meas_Voltage_10mV
                    0x10              ad5752.o
usart_spi_rx        0x40              ad5752.o
measure_pulse_length
                    0x4               ad5752.o
debug_send          0x1               ad5752.o
amplifier_offset_voltage_mV
                    0x10              ad5752.o
current_source_enabled
                    0x1               ad5752.o
heat_pulse_lastcount
                    0x2               my_Timers.o
usart_spi_rx_buffer
                    0x40              usart_spi.o
startup_wait_counter
                    0x1               ad5752.o
measure_pules_voltage
                    0x4               ad5752.o
measure_pulse_precount
                    0x1               my_Timers.o
window_offset       0x2               ad5752.o
interrupt_10hz      0x1               ad5752.o
uart0_active_timer  0x1               ad5752.o
breakDown_V_GS_mV   0x10              Cards/MOSFET_BreakDown.o
pulse_output_register
                    0x1               ad5752.o
measure_pulse_lastcount
                    0x2               my_Timers.o
flag_HPP_TTA        0x1               ad5752.o
len                 0x1               terminal.o
measured_binary_heat
                    0x10              ad5752.o
uart0_rx_buffer     0x80              uart0.o
terminal_timeout    0x1               ad5752.o
card_Type           0x8               ad5752.o

Discarded input sections

 .data          0x00000000        0x0 c:/program files (x86)/atmel/studio/7.0/toolchain/avr8/avr8-gnu-toolchain/bin/../lib/gcc/avr/5.4.0/../../../../avr/lib/avr6/crtatmega2560.o
 .bss           0x00000000        0x0 c:/program files (x86)/atmel/studio/7.0/toolchain/avr8/avr8-gnu-toolchain/bin/../lib/gcc/avr/5.4.0/../../../../avr/lib/avr6/crtatmega2560.o
 .text          0x00000000        0x0 ad5752.o
 .data          0x00000000        0x0 ad5752.o
 .bss           0x00000000        0x0 ad5752.o
 .text.DAC_TXWaiting
                0x00000000        0x6 ad5752.o
 .text.SPI_Send
                0x00000000       0x5a ad5752.o
 .text.DAC_Range_and_PowerUp
                0x00000000       0x4e ad5752.o
 .text.DAC_Set  0x00000000       0x38 ad5752.o
 .text.FrontEnd_set_Offset_Voltage
                0x00000000       0x4e ad5752.o
 .text.DAC_Init
                0x00000000       0x76 ad5752.o
 .bss.last_ChipSelectPin
                0x00000000        0x1 ad5752.o
 .bss.last_ChipSelectPort
                0x00000000        0x2 ad5752.o
 .text          0x00000000        0x0 Cards/Amplifier.o
 .data          0x00000000        0x0 Cards/Amplifier.o
 .bss           0x00000000        0x0 Cards/Amplifier.o
 .text.Amplifier_Default_Values
                0x00000000       0x56 Cards/Amplifier.o
 .text          0x00000000        0x0 Cards/FrontEnd.o
 .data          0x00000000        0x0 Cards/FrontEnd.o
 .bss           0x00000000        0x0 Cards/FrontEnd.o
 .text.FrontEnd_Default_Values
                0x00000000       0x56 Cards/FrontEnd.o
 .text          0x00000000        0x0 Cards/LED_Source.o
 .data          0x00000000        0x0 Cards/LED_Source.o
 .bss           0x00000000        0x0 Cards/LED_Source.o
 .text.LED_Source_Default_Values
                0x00000000       0x56 Cards/LED_Source.o
 .text          0x00000000        0x0 Cards/MOSFET_BreakDown.o
 .data          0x00000000        0x0 Cards/MOSFET_BreakDown.o
 .bss           0x00000000        0x0 Cards/MOSFET_BreakDown.o
 .text.BreakDown_Default_Values
                0x00000000       0x1e Cards/MOSFET_BreakDown.o
 .text          0x00000000        0x0 Cards/MOSFET_Source.o
 .data          0x00000000        0x0 Cards/MOSFET_Source.o
 .bss           0x00000000        0x0 Cards/MOSFET_Source.o
 .text.MOSFET_Source_Default_Values
                0x00000000       0x80 Cards/MOSFET_Source.o
 .text          0x00000000        0x0 Cards/Slot_Tester.o
 .data          0x00000000        0x0 Cards/Slot_Tester.o
 .bss           0x00000000        0x0 Cards/Slot_Tester.o
 .text          0x00000000        0x0 ICs/AD5752.o
 .data          0x00000000        0x0 ICs/AD5752.o
 .bss           0x00000000        0x0 ICs/AD5752.o
 .text          0x00000000        0x0 ICs/LTC1864.o
 .data          0x00000000        0x0 ICs/LTC1864.o
 .bss           0x00000000        0x0 ICs/LTC1864.o
 .text          0x00000000        0x0 ICs/MCP23S08.o
 .data          0x00000000        0x0 ICs/MCP23S08.o
 .bss           0x00000000        0x0 ICs/MCP23S08.o
 .text.IO_Expander_Init
                0x00000000        0x2 ICs/MCP23S08.o
 .text          0x00000000        0x0 main.o
 .data          0x00000000        0x0 main.o
 .bss           0x00000000        0x0 main.o
 .text.PulseStart_DPA_TTA_HighStart
                0x00000000       0x2e main.o
 .progmem.data.firmware_version
                0x00000000       0x2d main.o
 .text          0x00000000        0x0 my_Timers.o
 .data          0x00000000        0x0 my_Timers.o
 .bss           0x00000000        0x0 my_Timers.o
 .text.Setup_Counter_for_DPA_TTA_HighLevel
                0x00000000       0xd6 my_Timers.o
 .text          0x00000000        0x0 terminal.o
 .data          0x00000000        0x0 terminal.o
 .bss           0x00000000        0x0 terminal.o
 .text.ParseBool
                0x00000000       0x20 terminal.o
 .text.TransmitInt0
                0x00000000      0x104 terminal.o
 .text          0x00000000        0x0 uart0.o
 .data          0x00000000        0x0 uart0.o
 .bss           0x00000000        0x0 uart0.o
 .text.UART0ReceiveLen
                0x00000000       0x78 uart0.o
 .text.UART0CharsWaiting
                0x00000000       0x18 uart0.o
 .text.UART0SendWaiting
                0x00000000        0xc uart0.o
 .text.UART0TransmitBytes
                0x00000000       0x26 uart0.o
 .text.UART0DoRxTx
                0x00000000       0xe0 uart0.o
 .bss.uart0_rx_frames
                0x00000000        0x1 uart0.o
 .bss.uart0_rx_lenght
                0x00000000        0x1 uart0.o
 .text          0x00000000        0x0 usart_spi.o
 .data          0x00000000        0x0 usart_spi.o
 .bss           0x00000000        0x0 usart_spi.o
 .text.USART_SPI_Init
                0x00000000        0xa usart_spi.o
 .text.USART_SPI_DoRxTx
                0x00000000       0xd6 usart_spi.o
 .bss.usart_spi_rx_lenght
                0x00000000        0x1 usart_spi.o
 .text          0x00000000        0x0 c:/program files (x86)/atmel/studio/7.0/toolchain/avr8/avr8-gnu-toolchain/bin/../lib/gcc/avr/5.4.0/avr6\libgcc.a(_udivmodhi4.o)
 .data          0x00000000        0x0 c:/program files (x86)/atmel/studio/7.0/toolchain/avr8/avr8-gnu-toolchain/bin/../lib/gcc/avr/5.4.0/avr6\libgcc.a(_udivmodhi4.o)
 .bss           0x00000000        0x0 c:/program files (x86)/atmel/studio/7.0/toolchain/avr8/avr8-gnu-toolchain/bin/../lib/gcc/avr/5.4.0/avr6\libgcc.a(_udivmodhi4.o)
 .text.libgcc.mul
                0x00000000        0x0 c:/program files (x86)/atmel/studio/7.0/toolchain/avr8/avr8-gnu-toolchain/bin/../lib/gcc/avr/5.4.0/avr6\libgcc.a(_udivmodhi4.o)
 .text.libgcc   0x00000000        0x0 c:/program files (x86)/atmel/studio/7.0/toolchain/avr8/avr8-gnu-toolchain/bin/../lib/gcc/avr/5.4.0/avr6\libgcc.a(_udivmodhi4.o)
 .text.libgcc.prologue
                0x00000000        0x0 c:/program files (x86)/atmel/studio/7.0/toolchain/avr8/avr8-gnu-toolchain/bin/../lib/gcc/avr/5.4.0/avr6\libgcc.a(_udivmodhi4.o)
 .text.libgcc.builtins
                0x00000000        0x0 c:/program files (x86)/atmel/studio/7.0/toolchain/avr8/avr8-gnu-toolchain/bin/../lib/gcc/avr/5.4.0/avr6\libgcc.a(_udivmodhi4.o)
 .text.libgcc.fmul
                0x00000000        0x0 c:/program files (x86)/atmel/studio/7.0/toolchain/avr8/avr8-gnu-toolchain/bin/../lib/gcc/avr/5.4.0/avr6\libgcc.a(_udivmodhi4.o)
 .text.libgcc.fixed
                0x00000000        0x0 c:/program files (x86)/atmel/studio/7.0/toolchain/avr8/avr8-gnu-toolchain/bin/../lib/gcc/avr/5.4.0/avr6\libgcc.a(_udivmodhi4.o)
 .text          0x00000000        0x0 c:/program files (x86)/atmel/studio/7.0/toolchain/avr8/avr8-gnu-toolchain/bin/../lib/gcc/avr/5.4.0/avr6\libgcc.a(_udivmodsi4.o)
 .data          0x00000000        0x0 c:/program files (x86)/atmel/studio/7.0/toolchain/avr8/avr8-gnu-toolchain/bin/../lib/gcc/avr/5.4.0/avr6\libgcc.a(_udivmodsi4.o)
 .bss           0x00000000        0x0 c:/program files (x86)/atmel/studio/7.0/toolchain/avr8/avr8-gnu-toolchain/bin/../lib/gcc/avr/5.4.0/avr6\libgcc.a(_udivmodsi4.o)
 .text.libgcc.mul
                0x00000000        0x0 c:/program files (x86)/atmel/studio/7.0/toolchain/avr8/avr8-gnu-toolchain/bin/../lib/gcc/avr/5.4.0/avr6\libgcc.a(_udivmodsi4.o)
 .text.libgcc   0x00000000        0x0 c:/program files (x86)/atmel/studio/7.0/toolchain/avr8/avr8-gnu-toolchain/bin/../lib/gcc/avr/5.4.0/avr6\libgcc.a(_udivmodsi4.o)
 .text.libgcc.prologue
                0x00000000        0x0 c:/program files (x86)/atmel/studio/7.0/toolchain/avr8/avr8-gnu-toolchain/bin/../lib/gcc/avr/5.4.0/avr6\libgcc.a(_udivmodsi4.o)
 .text.libgcc.builtins
                0x00000000        0x0 c:/program files (x86)/atmel/studio/7.0/toolchain/avr8/avr8-gnu-toolchain/bin/../lib/gcc/avr/5.4.0/avr6\libgcc.a(_udivmodsi4.o)
 .text.libgcc.fmul
                0x00000000        0x0 c:/program files (x86)/atmel/studio/7.0/toolchain/avr8/avr8-gnu-toolchain/bin/../lib/gcc/avr/5.4.0/avr6\libgcc.a(_udivmodsi4.o)
 .text.libgcc.fixed
                0x00000000        0x0 c:/program files (x86)/atmel/studio/7.0/toolchain/avr8/avr8-gnu-toolchain/bin/../lib/gcc/avr/5.4.0/avr6\libgcc.a(_udivmodsi4.o)
 .text          0x00000000        0x0 c:/program files (x86)/atmel/studio/7.0/toolchain/avr8/avr8-gnu-toolchain/bin/../lib/gcc/avr/5.4.0/avr6\libgcc.a(_divmodsi4.o)
 .data          0x00000000        0x0 c:/program files (x86)/atmel/studio/7.0/toolchain/avr8/avr8-gnu-toolchain/bin/../lib/gcc/avr/5.4.0/avr6\libgcc.a(_divmodsi4.o)
 .bss           0x00000000        0x0 c:/program files (x86)/atmel/studio/7.0/toolchain/avr8/avr8-gnu-toolchain/bin/../lib/gcc/avr/5.4.0/avr6\libgcc.a(_divmodsi4.o)
 .text.libgcc.mul
                0x00000000        0x0 c:/program files (x86)/atmel/studio/7.0/toolchain/avr8/avr8-gnu-toolchain/bin/../lib/gcc/avr/5.4.0/avr6\libgcc.a(_divmodsi4.o)
 .text.libgcc   0x00000000        0x0 c:/program files (x86)/atmel/studio/7.0/toolchain/avr8/avr8-gnu-toolchain/bin/../lib/gcc/avr/5.4.0/avr6\libgcc.a(_divmodsi4.o)
 .text.libgcc.prologue
                0x00000000        0x0 c:/program files (x86)/atmel/studio/7.0/toolchain/avr8/avr8-gnu-toolchain/bin/../lib/gcc/avr/5.4.0/avr6\libgcc.a(_divmodsi4.o)
 .text.libgcc.builtins
                0x00000000        0x0 c:/program files (x86)/atmel/studio/7.0/toolchain/avr8/avr8-gnu-toolchain/bin/../lib/gcc/avr/5.4.0/avr6\libgcc.a(_divmodsi4.o)
 .text.libgcc.fmul
                0x00000000        0x0 c:/program files (x86)/atmel/studio/7.0/toolchain/avr8/avr8-gnu-toolchain/bin/../lib/gcc/avr/5.4.0/avr6\libgcc.a(_divmodsi4.o)
 .text.libgcc.fixed
                0x00000000        0x0 c:/program files (x86)/atmel/studio/7.0/toolchain/avr8/avr8-gnu-toolchain/bin/../lib/gcc/avr/5.4.0/avr6\libgcc.a(_divmodsi4.o)
 .text          0x00000000        0x0 c:/program files (x86)/atmel/studio/7.0/toolchain/avr8/avr8-gnu-toolchain/bin/../lib/gcc/avr/5.4.0/avr6\libgcc.a(_negsi2.o)
 .data          0x00000000        0x0 c:/program files (x86)/atmel/studio/7.0/toolchain/avr8/avr8-gnu-toolchain/bin/../lib/gcc/avr/5.4.0/avr6\libgcc.a(_negsi2.o)
 .bss           0x00000000        0x0 c:/program files (x86)/atmel/studio/7.0/toolchain/avr8/avr8-gnu-toolchain/bin/../lib/gcc/avr/5.4.0/avr6\libgcc.a(_negsi2.o)
 .text.libgcc.mul
                0x00000000        0x0 c:/program files (x86)/atmel/studio/7.0/toolchain/avr8/avr8-gnu-toolchain/bin/../lib/gcc/avr/5.4.0/avr6\libgcc.a(_negsi2.o)
 .text.libgcc   0x00000000        0x0 c:/program files (x86)/atmel/studio/7.0/toolchain/avr8/avr8-gnu-toolchain/bin/../lib/gcc/avr/5.4.0/avr6\libgcc.a(_negsi2.o)
 .text.libgcc.prologue
                0x00000000        0x0 c:/program files (x86)/atmel/studio/7.0/toolchain/avr8/avr8-gnu-toolchain/bin/../lib/gcc/avr/5.4.0/avr6\libgcc.a(_negsi2.o)
 .text.libgcc.builtins
                0x00000000        0x0 c:/program files (x86)/atmel/studio/7.0/toolchain/avr8/avr8-gnu-toolchain/bin/../lib/gcc/avr/5.4.0/avr6\libgcc.a(_negsi2.o)
 .text.libgcc.fmul
                0x00000000        0x0 c:/program files (x86)/atmel/studio/7.0/toolchain/avr8/avr8-gnu-toolchain/bin/../lib/gcc/avr/5.4.0/avr6\libgcc.a(_negsi2.o)
 .text.libgcc.fixed
                0x00000000        0x0 c:/program files (x86)/atmel/studio/7.0/toolchain/avr8/avr8-gnu-toolchain/bin/../lib/gcc/avr/5.4.0/avr6\libgcc.a(_negsi2.o)
 .text          0x00000000        0x0 c:/program files (x86)/atmel/studio/7.0/toolchain/avr8/avr8-gnu-toolchain/bin/../lib/gcc/avr/5.4.0/avr6\libgcc.a(_exit.o)
 .data          0x00000000        0x0 c:/program files (x86)/atmel/studio/7.0/toolchain/avr8/avr8-gnu-toolchain/bin/../lib/gcc/avr/5.4.0/avr6\libgcc.a(_exit.o)
 .bss           0x00000000        0x0 c:/program files (x86)/atmel/studio/7.0/toolchain/avr8/avr8-gnu-toolchain/bin/../lib/gcc/avr/5.4.0/avr6\libgcc.a(_exit.o)
 .text.libgcc.mul
                0x00000000        0x0 c:/program files (x86)/atmel/studio/7.0/toolchain/avr8/avr8-gnu-toolchain/bin/../lib/gcc/avr/5.4.0/avr6\libgcc.a(_exit.o)
 .text.libgcc.div
                0x00000000        0x0 c:/program files (x86)/atmel/studio/7.0/toolchain/avr8/avr8-gnu-toolchain/bin/../lib/gcc/avr/5.4.0/avr6\libgcc.a(_exit.o)
 .text.libgcc   0x00000000        0x0 c:/program files (x86)/atmel/studio/7.0/toolchain/avr8/avr8-gnu-toolchain/bin/../lib/gcc/avr/5.4.0/avr6\libgcc.a(_exit.o)
 .text.libgcc.prologue
                0x00000000        0x0 c:/program files (x86)/atmel/studio/7.0/toolchain/avr8/avr8-gnu-toolchain/bin/../lib/gcc/avr/5.4.0/avr6\libgcc.a(_exit.o)
 .text.libgcc.builtins
                0x00000000        0x0 c:/program files (x86)/atmel/studio/7.0/toolchain/avr8/avr8-gnu-toolchain/bin/../lib/gcc/avr/5.4.0/avr6\libgcc.a(_exit.o)
 .text.libgcc.fmul
                0x00000000        0x0 c:/program files (x86)/atmel/studio/7.0/toolchain/avr8/avr8-gnu-toolchain/bin/../lib/gcc/avr/5.4.0/avr6\libgcc.a(_exit.o)
 .text.libgcc.fixed
                0x00000000        0x0 c:/program files (x86)/atmel/studio/7.0/toolchain/avr8/avr8-gnu-toolchain/bin/../lib/gcc/avr/5.4.0/avr6\libgcc.a(_exit.o)
 .text          0x00000000        0x0 c:/program files (x86)/atmel/studio/7.0/toolchain/avr8/avr8-gnu-toolchain/bin/../lib/gcc/avr/5.4.0/avr6\libgcc.a(_tablejump2.o)
 .data          0x00000000        0x0 c:/program files (x86)/atmel/studio/7.0/toolchain/avr8/avr8-gnu-toolchain/bin/../lib/gcc/avr/5.4.0/avr6\libgcc.a(_tablejump2.o)
 .bss           0x00000000        0x0 c:/program files (x86)/atmel/studio/7.0/toolchain/avr8/avr8-gnu-toolchain/bin/../lib/gcc/avr/5.4.0/avr6\libgcc.a(_tablejump2.o)
 .text.libgcc.mul
                0x00000000        0x0 c:/program files (x86)/atmel/studio/7.0/toolchain/avr8/avr8-gnu-toolchain/bin/../lib/gcc/avr/5.4.0/avr6\libgcc.a(_tablejump2.o)
 .text.libgcc.div
                0x00000000        0x0 c:/program files (x86)/atmel/studio/7.0/toolchain/avr8/avr8-gnu-toolchain/bin/../lib/gcc/avr/5.4.0/avr6\libgcc.a(_tablejump2.o)
 .text.libgcc.prologue
                0x00000000        0x0 c:/program files (x86)/atmel/studio/7.0/toolchain/avr8/avr8-gnu-toolchain/bin/../lib/gcc/avr/5.4.0/avr6\libgcc.a(_tablejump2.o)
 .text.libgcc.builtins
                0x00000000        0x0 c:/program files (x86)/atmel/studio/7.0/toolchain/avr8/avr8-gnu-toolchain/bin/../lib/gcc/avr/5.4.0/avr6\libgcc.a(_tablejump2.o)
 .text.libgcc.fmul
                0x00000000        0x0 c:/program files (x86)/atmel/studio/7.0/toolchain/avr8/avr8-gnu-toolchain/bin/../lib/gcc/avr/5.4.0/avr6\libgcc.a(_tablejump2.o)
 .text.libgcc.fixed
                0x00000000        0x0 c:/program files (x86)/atmel/studio/7.0/toolchain/avr8/avr8-gnu-toolchain/bin/../lib/gcc/avr/5.4.0/avr6\libgcc.a(_tablejump2.o)
 .text          0x00000000        0x0 c:/program files (x86)/atmel/studio/7.0/toolchain/avr8/avr8-gnu-toolchain/bin/../lib/gcc/avr/5.4.0/avr6\libgcc.a(_copy_data.o)
 .data          0x00000000        0x0 c:/program files (x86)/atmel/studio/7.0/toolchain/avr8/avr8-gnu-toolchain/bin/../lib/gcc/avr/5.4.0/avr6\libgcc.a(_copy_data.o)
 .bss           0x00000000        0x0 c:/program files (x86)/atmel/studio/7.0/toolchain/avr8/avr8-gnu-toolchain/bin/../lib/gcc/avr/5.4.0/avr6\libgcc.a(_copy_data.o)
 .text.libgcc.mul
                0x00000000        0x0 c:/program files (x86)/atmel/studio/7.0/toolchain/avr8/avr8-gnu-toolchain/bin/../lib/gcc/avr/5.4.0/avr6\libgcc.a(_copy_data.o)
 .text.libgcc.div
                0x00000000        0x0 c:/program files (x86)/atmel/studio/7.0/toolchain/avr8/avr8-gnu-toolchain/bin/../lib/gcc/avr/5.4.0/avr6\libgcc.a(_copy_data.o)
 .text.libgcc   0x00000000        0x0 c:/program files (x86)/atmel/studio/7.0/toolchain/avr8/avr8-gnu-toolchain/bin/../lib/gcc/avr/5.4.0/avr6\libgcc.a(_copy_data.o)
 .text.libgcc.prologue
                0x00000000        0x0 c:/program files (x86)/atmel/studio/7.0/toolchain/avr8/avr8-gnu-toolchain/bin/../lib/gcc/avr/5.4.0/avr6\libgcc.a(_copy_data.o)
 .text.libgcc.builtins
                0x00000000        0x0 c:/program files (x86)/atmel/studio/7.0/toolchain/avr8/avr8-gnu-toolchain/bin/../lib/gcc/avr/5.4.0/avr6\libgcc.a(_copy_data.o)
 .text.libgcc.fmul
                0x00000000        0x0 c:/program files (x86)/atmel/studio/7.0/toolchain/avr8/avr8-gnu-toolchain/bin/../lib/gcc/avr/5.4.0/avr6\libgcc.a(_copy_data.o)
 .text.libgcc.fixed
                0x00000000        0x0 c:/program files (x86)/atmel/studio/7.0/toolchain/avr8/avr8-gnu-toolchain/bin/../lib/gcc/avr/5.4.0/avr6\libgcc.a(_copy_data.o)
 .text          0x00000000        0x0 c:/program files (x86)/atmel/studio/7.0/toolchain/avr8/avr8-gnu-toolchain/bin/../lib/gcc/avr/5.4.0/avr6\libgcc.a(_clear_bss.o)
 .data          0x00000000        0x0 c:/program files (x86)/atmel/studio/7.0/toolchain/avr8/avr8-gnu-toolchain/bin/../lib/gcc/avr/5.4.0/avr6\libgcc.a(_clear_bss.o)
 .bss           0x00000000        0x0 c:/program files (x86)/atmel/studio/7.0/toolchain/avr8/avr8-gnu-toolchain/bin/../lib/gcc/avr/5.4.0/avr6\libgcc.a(_clear_bss.o)
 .text.libgcc.mul
                0x00000000        0x0 c:/program files (x86)/atmel/studio/7.0/toolchain/avr8/avr8-gnu-toolchain/bin/../lib/gcc/avr/5.4.0/avr6\libgcc.a(_clear_bss.o)
 .text.libgcc.div
                0x00000000        0x0 c:/program files (x86)/atmel/studio/7.0/toolchain/avr8/avr8-gnu-toolchain/bin/../lib/gcc/avr/5.4.0/avr6\libgcc.a(_clear_bss.o)
 .text.libgcc   0x00000000        0x0 c:/program files (x86)/atmel/studio/7.0/toolchain/avr8/avr8-gnu-toolchain/bin/../lib/gcc/avr/5.4.0/avr6\libgcc.a(_clear_bss.o)
 .text.libgcc.prologue
                0x00000000        0x0 c:/program files (x86)/atmel/studio/7.0/toolchain/avr8/avr8-gnu-toolchain/bin/../lib/gcc/avr/5.4.0/avr6\libgcc.a(_clear_bss.o)
 .text.libgcc.builtins
                0x00000000        0x0 c:/program files (x86)/atmel/studio/7.0/toolchain/avr8/avr8-gnu-toolchain/bin/../lib/gcc/avr/5.4.0/avr6\libgcc.a(_clear_bss.o)
 .text.libgcc.fmul
                0x00000000        0x0 c:/program files (x86)/atmel/studio/7.0/toolchain/avr8/avr8-gnu-toolchain/bin/../lib/gcc/avr/5.4.0/avr6\libgcc.a(_clear_bss.o)
 .text.libgcc.fixed
                0x00000000        0x0 c:/program files (x86)/atmel/studio/7.0/toolchain/avr8/avr8-gnu-toolchain/bin/../lib/gcc/avr/5.4.0/avr6\libgcc.a(_clear_bss.o)
 .text          0x00000000        0x0 c:/program files (x86)/atmel/studio/7.0/toolchain/avr8/avr8-gnu-toolchain/bin/../lib/gcc/avr/5.4.0/avr6\libgcc.a(_umulhisi3.o)
 .data          0x00000000        0x0 c:/program files (x86)/atmel/studio/7.0/toolchain/avr8/avr8-gnu-toolchain/bin/../lib/gcc/avr/5.4.0/avr6\libgcc.a(_umulhisi3.o)
 .bss           0x00000000        0x0 c:/program files (x86)/atmel/studio/7.0/toolchain/avr8/avr8-gnu-toolchain/bin/../lib/gcc/avr/5.4.0/avr6\libgcc.a(_umulhisi3.o)
 .text.libgcc.div
                0x00000000        0x0 c:/program files (x86)/atmel/studio/7.0/toolchain/avr8/avr8-gnu-toolchain/bin/../lib/gcc/avr/5.4.0/avr6\libgcc.a(_umulhisi3.o)
 .text.libgcc   0x00000000        0x0 c:/program files (x86)/atmel/studio/7.0/toolchain/avr8/avr8-gnu-toolchain/bin/../lib/gcc/avr/5.4.0/avr6\libgcc.a(_umulhisi3.o)
 .text.libgcc.prologue
                0x00000000        0x0 c:/program files (x86)/atmel/studio/7.0/toolchain/avr8/avr8-gnu-toolchain/bin/../lib/gcc/avr/5.4.0/avr6\libgcc.a(_umulhisi3.o)
 .text.libgcc.builtins
                0x00000000        0x0 c:/program files (x86)/atmel/studio/7.0/toolchain/avr8/avr8-gnu-toolchain/bin/../lib/gcc/avr/5.4.0/avr6\libgcc.a(_umulhisi3.o)
 .text.libgcc.fmul
                0x00000000        0x0 c:/program files (x86)/atmel/studio/7.0/toolchain/avr8/avr8-gnu-toolchain/bin/../lib/gcc/avr/5.4.0/avr6\libgcc.a(_umulhisi3.o)
 .text.libgcc.fixed
                0x00000000        0x0 c:/program files (x86)/atmel/studio/7.0/toolchain/avr8/avr8-gnu-toolchain/bin/../lib/gcc/avr/5.4.0/avr6\libgcc.a(_umulhisi3.o)
 .text          0x00000000        0x0 c:/program files (x86)/atmel/studio/7.0/toolchain/avr8/avr8-gnu-toolchain/bin/../lib/gcc/avr/5.4.0/avr6\libgcc.a(_usmulhisi3.o)
 .data          0x00000000        0x0 c:/program files (x86)/atmel/studio/7.0/toolchain/avr8/avr8-gnu-toolchain/bin/../lib/gcc/avr/5.4.0/avr6\libgcc.a(_usmulhisi3.o)
 .bss           0x00000000        0x0 c:/program files (x86)/atmel/studio/7.0/toolchain/avr8/avr8-gnu-toolchain/bin/../lib/gcc/avr/5.4.0/avr6\libgcc.a(_usmulhisi3.o)
 .text.libgcc.div
                0x00000000        0x0 c:/program files (x86)/atmel/studio/7.0/toolchain/avr8/avr8-gnu-toolchain/bin/../lib/gcc/avr/5.4.0/avr6\libgcc.a(_usmulhisi3.o)
 .text.libgcc   0x00000000        0x0 c:/program files (x86)/atmel/studio/7.0/toolchain/avr8/avr8-gnu-toolchain/bin/../lib/gcc/avr/5.4.0/avr6\libgcc.a(_usmulhisi3.o)
 .text.libgcc.prologue
                0x00000000        0x0 c:/program files (x86)/atmel/studio/7.0/toolchain/avr8/avr8-gnu-toolchain/bin/../lib/gcc/avr/5.4.0/avr6\libgcc.a(_usmulhisi3.o)
 .text.libgcc.builtins
                0x00000000        0x0 c:/program files (x86)/atmel/studio/7.0/toolchain/avr8/avr8-gnu-toolchain/bin/../lib/gcc/avr/5.4.0/avr6\libgcc.a(_usmulhisi3.o)
 .text.libgcc.fmul
                0x00000000        0x0 c:/program files (x86)/atmel/studio/7.0/toolchain/avr8/avr8-gnu-toolchain/bin/../lib/gcc/avr/5.4.0/avr6\libgcc.a(_usmulhisi3.o)
 .text.libgcc.fixed
                0x00000000        0x0 c:/program files (x86)/atmel/studio/7.0/toolchain/avr8/avr8-gnu-toolchain/bin/../lib/gcc/avr/5.4.0/avr6\libgcc.a(_usmulhisi3.o)
 .text          0x00000000        0x0 c:/program files (x86)/atmel/studio/7.0/toolchain/avr8/avr8-gnu-toolchain/bin/../lib/gcc/avr/5.4.0/avr6\libgcc.a(_muluhisi3.o)
 .data          0x00000000        0x0 c:/program files (x86)/atmel/studio/7.0/toolchain/avr8/avr8-gnu-toolchain/bin/../lib/gcc/avr/5.4.0/avr6\libgcc.a(_muluhisi3.o)
 .bss           0x00000000        0x0 c:/program files (x86)/atmel/studio/7.0/toolchain/avr8/avr8-gnu-toolchain/bin/../lib/gcc/avr/5.4.0/avr6\libgcc.a(_muluhisi3.o)
 .text.libgcc.div
                0x00000000        0x0 c:/program files (x86)/atmel/studio/7.0/toolchain/avr8/avr8-gnu-toolchain/bin/../lib/gcc/avr/5.4.0/avr6\libgcc.a(_muluhisi3.o)
 .text.libgcc   0x00000000        0x0 c:/program files (x86)/atmel/studio/7.0/toolchain/avr8/avr8-gnu-toolchain/bin/../lib/gcc/avr/5.4.0/avr6\libgcc.a(_muluhisi3.o)
 .text.libgcc.prologue
                0x00000000        0x0 c:/program files (x86)/atmel/studio/7.0/toolchain/avr8/avr8-gnu-toolchain/bin/../lib/gcc/avr/5.4.0/avr6\libgcc.a(_muluhisi3.o)
 .text.libgcc.builtins
                0x00000000        0x0 c:/program files (x86)/atmel/studio/7.0/toolchain/avr8/avr8-gnu-toolchain/bin/../lib/gcc/avr/5.4.0/avr6\libgcc.a(_muluhisi3.o)
 .text.libgcc.fmul
                0x00000000        0x0 c:/program files (x86)/atmel/studio/7.0/toolchain/avr8/avr8-gnu-toolchain/bin/../lib/gcc/avr/5.4.0/avr6\libgcc.a(_muluhisi3.o)
 .text.libgcc.fixed
                0x00000000        0x0 c:/program files (x86)/atmel/studio/7.0/toolchain/avr8/avr8-gnu-toolchain/bin/../lib/gcc/avr/5.4.0/avr6\libgcc.a(_muluhisi3.o)
 .text          0x00000000        0x0 c:/program files (x86)/atmel/studio/7.0/toolchain/avr8/avr8-gnu-toolchain/bin/../lib/gcc/avr/5.4.0/avr6\libgcc.a(_umulsidi3.o)
 .data          0x00000000        0x0 c:/program files (x86)/atmel/studio/7.0/toolchain/avr8/avr8-gnu-toolchain/bin/../lib/gcc/avr/5.4.0/avr6\libgcc.a(_umulsidi3.o)
 .bss           0x00000000        0x0 c:/program files (x86)/atmel/studio/7.0/toolchain/avr8/avr8-gnu-toolchain/bin/../lib/gcc/avr/5.4.0/avr6\libgcc.a(_umulsidi3.o)
 .text.libgcc.div
                0x00000000        0x0 c:/program files (x86)/atmel/studio/7.0/toolchain/avr8/avr8-gnu-toolchain/bin/../lib/gcc/avr/5.4.0/avr6\libgcc.a(_umulsidi3.o)
 .text.libgcc   0x00000000        0x0 c:/program files (x86)/atmel/studio/7.0/toolchain/avr8/avr8-gnu-toolchain/bin/../lib/gcc/avr/5.4.0/avr6\libgcc.a(_umulsidi3.o)
 .text.libgcc.prologue
                0x00000000        0x0 c:/program files (x86)/atmel/studio/7.0/toolchain/avr8/avr8-gnu-toolchain/bin/../lib/gcc/avr/5.4.0/avr6\libgcc.a(_umulsidi3.o)
 .text.libgcc.builtins
                0x00000000        0x0 c:/program files (x86)/atmel/studio/7.0/toolchain/avr8/avr8-gnu-toolchain/bin/../lib/gcc/avr/5.4.0/avr6\libgcc.a(_umulsidi3.o)
 .text.libgcc.fmul
                0x00000000        0x0 c:/program files (x86)/atmel/studio/7.0/toolchain/avr8/avr8-gnu-toolchain/bin/../lib/gcc/avr/5.4.0/avr6\libgcc.a(_umulsidi3.o)
 .text.libgcc.fixed
                0x00000000        0x0 c:/program files (x86)/atmel/studio/7.0/toolchain/avr8/avr8-gnu-toolchain/bin/../lib/gcc/avr/5.4.0/avr6\libgcc.a(_umulsidi3.o)
 .text          0x00000000        0x0 c:/program files (x86)/atmel/studio/7.0/toolchain/avr8/avr8-gnu-toolchain/bin/../lib/gcc/avr/5.4.0/avr6\libgcc.a(_ashrdi3.o)
 .data          0x00000000        0x0 c:/program files (x86)/atmel/studio/7.0/toolchain/avr8/avr8-gnu-toolchain/bin/../lib/gcc/avr/5.4.0/avr6\libgcc.a(_ashrdi3.o)
 .bss           0x00000000        0x0 c:/program files (x86)/atmel/studio/7.0/toolchain/avr8/avr8-gnu-toolchain/bin/../lib/gcc/avr/5.4.0/avr6\libgcc.a(_ashrdi3.o)
 .text.libgcc.mul
                0x00000000        0x0 c:/program files (x86)/atmel/studio/7.0/toolchain/avr8/avr8-gnu-toolchain/bin/../lib/gcc/avr/5.4.0/avr6\libgcc.a(_ashrdi3.o)
 .text.libgcc.div
                0x00000000        0x0 c:/program files (x86)/atmel/studio/7.0/toolchain/avr8/avr8-gnu-toolchain/bin/../lib/gcc/avr/5.4.0/avr6\libgcc.a(_ashrdi3.o)
 .text.libgcc   0x00000000        0x0 c:/program files (x86)/atmel/studio/7.0/toolchain/avr8/avr8-gnu-toolchain/bin/../lib/gcc/avr/5.4.0/avr6\libgcc.a(_ashrdi3.o)
 .text.libgcc.prologue
                0x00000000        0x0 c:/program files (x86)/atmel/studio/7.0/toolchain/avr8/avr8-gnu-toolchain/bin/../lib/gcc/avr/5.4.0/avr6\libgcc.a(_ashrdi3.o)
 .text.libgcc.fmul
                0x00000000        0x0 c:/program files (x86)/atmel/studio/7.0/toolchain/avr8/avr8-gnu-toolchain/bin/../lib/gcc/avr/5.4.0/avr6\libgcc.a(_ashrdi3.o)
 .text.libgcc.fixed
                0x00000000        0x0 c:/program files (x86)/atmel/studio/7.0/toolchain/avr8/avr8-gnu-toolchain/bin/../lib/gcc/avr/5.4.0/avr6\libgcc.a(_ashrdi3.o)
 .text          0x00000000        0x0 c:/program files (x86)/atmel/studio/7.0/toolchain/avr8/avr8-gnu-toolchain/bin/../lib/gcc/avr/5.4.0/avr6\libgcc.a(_muldi3_6.o)
 .data          0x00000000        0x0 c:/program files (x86)/atmel/studio/7.0/toolchain/avr8/avr8-gnu-toolchain/bin/../lib/gcc/avr/5.4.0/avr6\libgcc.a(_muldi3_6.o)
 .bss           0x00000000        0x0 c:/program files (x86)/atmel/studio/7.0/toolchain/avr8/avr8-gnu-toolchain/bin/../lib/gcc/avr/5.4.0/avr6\libgcc.a(_muldi3_6.o)
 .text.libgcc.div
                0x00000000        0x0 c:/program files (x86)/atmel/studio/7.0/toolchain/avr8/avr8-gnu-toolchain/bin/../lib/gcc/avr/5.4.0/avr6\libgcc.a(_muldi3_6.o)
 .text.libgcc   0x00000000        0x0 c:/program files (x86)/atmel/studio/7.0/toolchain/avr8/avr8-gnu-toolchain/bin/../lib/gcc/avr/5.4.0/avr6\libgcc.a(_muldi3_6.o)
 .text.libgcc.prologue
                0x00000000        0x0 c:/program files (x86)/atmel/studio/7.0/toolchain/avr8/avr8-gnu-toolchain/bin/../lib/gcc/avr/5.4.0/avr6\libgcc.a(_muldi3_6.o)
 .text.libgcc.builtins
                0x00000000        0x0 c:/program files (x86)/atmel/studio/7.0/toolchain/avr8/avr8-gnu-toolchain/bin/../lib/gcc/avr/5.4.0/avr6\libgcc.a(_muldi3_6.o)
 .text.libgcc.fmul
                0x00000000        0x0 c:/program files (x86)/atmel/studio/7.0/toolchain/avr8/avr8-gnu-toolchain/bin/../lib/gcc/avr/5.4.0/avr6\libgcc.a(_muldi3_6.o)
 .text.libgcc.fixed
                0x00000000        0x0 c:/program files (x86)/atmel/studio/7.0/toolchain/avr8/avr8-gnu-toolchain/bin/../lib/gcc/avr/5.4.0/avr6\libgcc.a(_muldi3_6.o)
 .text          0x00000000        0x0 c:/program files (x86)/atmel/studio/7.0/toolchain/avr8/avr8-gnu-toolchain/bin/../lib/gcc/avr/5.4.0/../../../../avr/lib/avr6\libc.a(strcat.o)
 .data          0x00000000        0x0 c:/program files (x86)/atmel/studio/7.0/toolchain/avr8/avr8-gnu-toolchain/bin/../lib/gcc/avr/5.4.0/../../../../avr/lib/avr6\libc.a(strcat.o)
 .bss           0x00000000        0x0 c:/program files (x86)/atmel/studio/7.0/toolchain/avr8/avr8-gnu-toolchain/bin/../lib/gcc/avr/5.4.0/../../../../avr/lib/avr6\libc.a(strcat.o)
 .text          0x00000000        0x0 c:/program files (x86)/atmel/studio/7.0/toolchain/avr8/avr8-gnu-toolchain/bin/../lib/gcc/avr/5.4.0/../../../../avr/lib/avr6\libc.a(strcpy.o)
 .data          0x00000000        0x0 c:/program files (x86)/atmel/studio/7.0/toolchain/avr8/avr8-gnu-toolchain/bin/../lib/gcc/avr/5.4.0/../../../../avr/lib/avr6\libc.a(strcpy.o)
 .bss           0x00000000        0x0 c:/program files (x86)/atmel/studio/7.0/toolchain/avr8/avr8-gnu-toolchain/bin/../lib/gcc/avr/5.4.0/../../../../avr/lib/avr6\libc.a(strcpy.o)
 .text          0x00000000        0x0 c:/program files (x86)/atmel/studio/7.0/toolchain/avr8/avr8-gnu-toolchain/bin/../lib/gcc/avr/5.4.0/../../../../avr/lib/avr6\libc.a(itoa_ncheck.o)
 .data          0x00000000        0x0 c:/program files (x86)/atmel/studio/7.0/toolchain/avr8/avr8-gnu-toolchain/bin/../lib/gcc/avr/5.4.0/../../../../avr/lib/avr6\libc.a(itoa_ncheck.o)
 .bss           0x00000000        0x0 c:/program files (x86)/atmel/studio/7.0/toolchain/avr8/avr8-gnu-toolchain/bin/../lib/gcc/avr/5.4.0/../../../../avr/lib/avr6\libc.a(itoa_ncheck.o)
 .text          0x00000000        0x0 c:/program files (x86)/atmel/studio/7.0/toolchain/avr8/avr8-gnu-toolchain/bin/../lib/gcc/avr/5.4.0/../../../../avr/lib/avr6\libc.a(ltoa_ncheck.o)
 .data          0x00000000        0x0 c:/program files (x86)/atmel/studio/7.0/toolchain/avr8/avr8-gnu-toolchain/bin/../lib/gcc/avr/5.4.0/../../../../avr/lib/avr6\libc.a(ltoa_ncheck.o)
 .bss           0x00000000        0x0 c:/program files (x86)/atmel/studio/7.0/toolchain/avr8/avr8-gnu-toolchain/bin/../lib/gcc/avr/5.4.0/../../../../avr/lib/avr6\libc.a(ltoa_ncheck.o)
 .text          0x00000000        0x0 c:/program files (x86)/atmel/studio/7.0/toolchain/avr8/avr8-gnu-toolchain/bin/../lib/gcc/avr/5.4.0/../../../../avr/lib/avr6\libc.a(ultoa_ncheck.o)
 .data          0x00000000        0x0 c:/program files (x86)/atmel/studio/7.0/toolchain/avr8/avr8-gnu-toolchain/bin/../lib/gcc/avr/5.4.0/../../../../avr/lib/avr6\libc.a(ultoa_ncheck.o)
 .bss           0x00000000        0x0 c:/program files (x86)/atmel/studio/7.0/toolchain/avr8/avr8-gnu-toolchain/bin/../lib/gcc/avr/5.4.0/../../../../avr/lib/avr6\libc.a(ultoa_ncheck.o)
 .text          0x00000000        0x0 c:/program files (x86)/atmel/studio/7.0/toolchain/avr8/avr8-gnu-toolchain/bin/../lib/gcc/avr/5.4.0/../../../../avr/lib/avr6\libc.a(utoa_ncheck.o)
 .data          0x00000000        0x0 c:/program files (x86)/atmel/studio/7.0/toolchain/avr8/avr8-gnu-toolchain/bin/../lib/gcc/avr/5.4.0/../../../../avr/lib/avr6\libc.a(utoa_ncheck.o)
 .bss           0x00000000        0x0 c:/program files (x86)/atmel/studio/7.0/toolchain/avr8/avr8-gnu-toolchain/bin/../lib/gcc/avr/5.4.0/../../../../avr/lib/avr6\libc.a(utoa_ncheck.o)
 .text          0x00000000        0x0 c:/program files (x86)/atmel/studio/7.0/toolchain/avr8/avr8-gnu-toolchain/bin/../lib/gcc/avr/5.4.0/../../../../avr/lib/avr6\libc.a(strrev.o)
 .data          0x00000000        0x0 c:/program files (x86)/atmel/studio/7.0/toolchain/avr8/avr8-gnu-toolchain/bin/../lib/gcc/avr/5.4.0/../../../../avr/lib/avr6\libc.a(strrev.o)
 .bss           0x00000000        0x0 c:/program files (x86)/atmel/studio/7.0/toolchain/avr8/avr8-gnu-toolchain/bin/../lib/gcc/avr/5.4.0/../../../../avr/lib/avr6\libc.a(strrev.o)
 .text          0x00000000        0x0 c:/program files (x86)/atmel/studio/7.0/toolchain/avr8/avr8-gnu-toolchain/bin/../lib/gcc/avr/5.4.0/../../../../avr/lib/avr6\libatmega2560.a(eerd_block.o)
 .data          0x00000000        0x0 c:/program files (x86)/atmel/studio/7.0/toolchain/avr8/avr8-gnu-toolchain/bin/../lib/gcc/avr/5.4.0/../../../../avr/lib/avr6\libatmega2560.a(eerd_block.o)
 .bss           0x00000000        0x0 c:/program files (x86)/atmel/studio/7.0/toolchain/avr8/avr8-gnu-toolchain/bin/../lib/gcc/avr/5.4.0/../../../../avr/lib/avr6\libatmega2560.a(eerd_block.o)
 .text          0x00000000        0x0 c:/program files (x86)/atmel/studio/7.0/toolchain/avr8/avr8-gnu-toolchain/bin/../lib/gcc/avr/5.4.0/../../../../avr/lib/avr6\libatmega2560.a(eerd_byte.o)
 .data          0x00000000        0x0 c:/program files (x86)/atmel/studio/7.0/toolchain/avr8/avr8-gnu-toolchain/bin/../lib/gcc/avr/5.4.0/../../../../avr/lib/avr6\libatmega2560.a(eerd_byte.o)
 .bss           0x00000000        0x0 c:/program files (x86)/atmel/studio/7.0/toolchain/avr8/avr8-gnu-toolchain/bin/../lib/gcc/avr/5.4.0/../../../../avr/lib/avr6\libatmega2560.a(eerd_byte.o)
 .text          0x00000000        0x0 c:/program files (x86)/atmel/studio/7.0/toolchain/avr8/avr8-gnu-toolchain/bin/../lib/gcc/avr/5.4.0/../../../../avr/lib/avr6\libatmega2560.a(eerd_dword.o)
 .data          0x00000000        0x0 c:/program files (x86)/atmel/studio/7.0/toolchain/avr8/avr8-gnu-toolchain/bin/../lib/gcc/avr/5.4.0/../../../../avr/lib/avr6\libatmega2560.a(eerd_dword.o)
 .bss           0x00000000        0x0 c:/program files (x86)/atmel/studio/7.0/toolchain/avr8/avr8-gnu-toolchain/bin/../lib/gcc/avr/5.4.0/../../../../avr/lib/avr6\libatmega2560.a(eerd_dword.o)
 .text          0x00000000        0x0 c:/program files (x86)/atmel/studio/7.0/toolchain/avr8/avr8-gnu-toolchain/bin/../lib/gcc/avr/5.4.0/../../../../avr/lib/avr6\libatmega2560.a(eerd_word.o)
 .data          0x00000000        0x0 c:/program files (x86)/atmel/studio/7.0/toolchain/avr8/avr8-gnu-toolchain/bin/../lib/gcc/avr/5.4.0/../../../../avr/lib/avr6\libatmega2560.a(eerd_word.o)
 .bss           0x00000000        0x0 c:/program files (x86)/atmel/studio/7.0/toolchain/avr8/avr8-gnu-toolchain/bin/../lib/gcc/avr/5.4.0/../../../../avr/lib/avr6\libatmega2560.a(eerd_word.o)
 .text          0x00000000        0x0 c:/program files (x86)/atmel/studio/7.0/toolchain/avr8/avr8-gnu-toolchain/bin/../lib/gcc/avr/5.4.0/../../../../avr/lib/avr6\libatmega2560.a(eewr_block.o)
 .data          0x00000000        0x0 c:/program files (x86)/atmel/studio/7.0/toolchain/avr8/avr8-gnu-toolchain/bin/../lib/gcc/avr/5.4.0/../../../../avr/lib/avr6\libatmega2560.a(eewr_block.o)
 .bss           0x00000000        0x0 c:/program files (x86)/atmel/studio/7.0/toolchain/avr8/avr8-gnu-toolchain/bin/../lib/gcc/avr/5.4.0/../../../../avr/lib/avr6\libatmega2560.a(eewr_block.o)
 .text          0x00000000        0x0 c:/program files (x86)/atmel/studio/7.0/toolchain/avr8/avr8-gnu-toolchain/bin/../lib/gcc/avr/5.4.0/../../../../avr/lib/avr6\libatmega2560.a(eewr_byte.o)
 .data          0x00000000        0x0 c:/program files (x86)/atmel/studio/7.0/toolchain/avr8/avr8-gnu-toolchain/bin/../lib/gcc/avr/5.4.0/../../../../avr/lib/avr6\libatmega2560.a(eewr_byte.o)
 .bss           0x00000000        0x0 c:/program files (x86)/atmel/studio/7.0/toolchain/avr8/avr8-gnu-toolchain/bin/../lib/gcc/avr/5.4.0/../../../../avr/lib/avr6\libatmega2560.a(eewr_byte.o)
 .text          0x00000000        0x0 c:/program files (x86)/atmel/studio/7.0/toolchain/avr8/avr8-gnu-toolchain/bin/../lib/gcc/avr/5.4.0/../../../../avr/lib/avr6\libatmega2560.a(eewr_dword.o)
 .data          0x00000000        0x0 c:/program files (x86)/atmel/studio/7.0/toolchain/avr8/avr8-gnu-toolchain/bin/../lib/gcc/avr/5.4.0/../../../../avr/lib/avr6\libatmega2560.a(eewr_dword.o)
 .bss           0x00000000        0x0 c:/program files (x86)/atmel/studio/7.0/toolchain/avr8/avr8-gnu-toolchain/bin/../lib/gcc/avr/5.4.0/../../../../avr/lib/avr6\libatmega2560.a(eewr_dword.o)
 .text          0x00000000        0x0 c:/program files (x86)/atmel/studio/7.0/toolchain/avr8/avr8-gnu-toolchain/bin/../lib/gcc/avr/5.4.0/../../../../avr/lib/avr6\libatmega2560.a(eewr_word.o)
 .data          0x00000000        0x0 c:/program files (x86)/atmel/studio/7.0/toolchain/avr8/avr8-gnu-toolchain/bin/../lib/gcc/avr/5.4.0/../../../../avr/lib/avr6\libatmega2560.a(eewr_word.o)
 .bss           0x00000000        0x0 c:/program files (x86)/atmel/studio/7.0/toolchain/avr8/avr8-gnu-toolchain/bin/../lib/gcc/avr/5.4.0/../../../../avr/lib/avr6\libatmega2560.a(eewr_word.o)

Memory Configuration

Name             Origin             Length             Attributes
text             0x00000000         0x00100000         xr
data             0x00800200         0x0000fe00         rw !x
eeprom           0x00810000         0x00010000         rw !x
fuse             0x00820000         0x00000003         rw !x
lock             0x00830000         0x00000400         rw !x
signature        0x00840000         0x00000400         rw !x
user_signatures  0x00850000         0x00000400         rw !x
*default*        0x00000000         0xffffffff

Linker script and memory map

Address of section .data set to 0x800200
LOAD c:/program files (x86)/atmel/studio/7.0/toolchain/avr8/avr8-gnu-toolchain/bin/../lib/gcc/avr/5.4.0/../../../../avr/lib/avr6/crtatmega2560.o
LOAD ad5752.o
LOAD Cards/Amplifier.o
LOAD Cards/FrontEnd.o
LOAD Cards/LED_Source.o
LOAD Cards/MOSFET_BreakDown.o
LOAD Cards/MOSFET_Source.o
LOAD Cards/Slot_Tester.o
LOAD ICs/AD5752.o
LOAD ICs/LTC1864.o
LOAD ICs/MCP23S08.o
LOAD main.o
LOAD my_Timers.o
LOAD terminal.o
LOAD uart0.o
LOAD usart_spi.o
START GROUP
LOAD c:/program files (x86)/atmel/studio/7.0/toolchain/avr8/avr8-gnu-toolchain/bin/../lib/gcc/avr/5.4.0/../../../../avr/lib/avr6\libm.a
END GROUP
START GROUP
LOAD c:/program files (x86)/atmel/studio/7.0/toolchain/avr8/avr8-gnu-toolchain/bin/../lib/gcc/avr/5.4.0/avr6\libgcc.a
LOAD c:/program files (x86)/atmel/studio/7.0/toolchain/avr8/avr8-gnu-toolchain/bin/../lib/gcc/avr/5.4.0/../../../../avr/lib/avr6\libm.a
LOAD c:/program files (x86)/atmel/studio/7.0/toolchain/avr8/avr8-gnu-toolchain/bin/../lib/gcc/avr/5.4.0/../../../../avr/lib/avr6\libc.a
LOAD c:/program files (x86)/atmel/studio/7.0/toolchain/avr8/avr8-gnu-toolchain/bin/../lib/gcc/avr/5.4.0/../../../../avr/lib/avr6\libatmega2560.a
END GROUP
                0x00100000                __TEXT_REGION_LENGTH__ = DEFINED (__TEXT_REGION_LENGTH__)?__TEXT_REGION_LENGTH__:0x100000
                0x0000fe00                __DATA_REGION_LENGTH__ = DEFINED (__DATA_REGION_LENGTH__)?__DATA_REGION_LENGTH__:0xfe00
                0x00010000                __EEPROM_REGION_LENGTH__ = DEFINED (__EEPROM_REGION_LENGTH__)?__EEPROM_REGION_LENGTH__:0x10000
                [0x00000003]                __FUSE_REGION_LENGTH__ = DEFINED (__FUSE_REGION_LENGTH__)?__FUSE_REGION_LENGTH__:0x400
                0x00000400                __LOCK_REGION_LENGTH__ = DEFINED (__LOCK_REGION_LENGTH__)?__LOCK_REGION_LENGTH__:0x400
                0x00000400                __SIGNATURE_REGION_LENGTH__ = DEFINED (__SIGNATURE_REGION_LENGTH__)?__SIGNATURE_REGION_LENGTH__:0x400
                0x00000400                __USER_SIGNATURE_REGION_LENGTH__ = DEFINED (__USER_SIGNATURE_REGION_LENGTH__)?__USER_SIGNATURE_REGION_LENGTH__:0x400

.hash
 *(.hash)

.dynsym
 *(.dynsym)

.dynstr
 *(.dynstr)

.gnu.version
 *(.gnu.version)

.gnu.version_d
 *(.gnu.version_d)

.gnu.version_r
 *(.gnu.version_r)

.rel.init
 *(.rel.init)

.rela.init
 *(.rela.init)

.rel.text
 *(.rel.text)
 *(.rel.text.*)
 *(.rel.gnu.linkonce.t*)

.rela.text
 *(.rela.text)
 *(.rela.text.*)
 *(.rela.gnu.linkonce.t*)

.rel.fini
 *(.rel.fini)

.rela.fini
 *(.rela.fini)

.rel.rodata
 *(.rel.rodata)
 *(.rel.rodata.*)
 *(.rel.gnu.linkonce.r*)

.rela.rodata
 *(.rela.rodata)
 *(.rela.rodata.*)
 *(.rela.gnu.linkonce.r*)

.rel.data
 *(.rel.data)
 *(.rel.data.*)
 *(.rel.gnu.linkonce.d*)

.rela.data
 *(.rela.data)
 *(.rela.data.*)
 *(.rela.gnu.linkonce.d*)

.rel.ctors
 *(.rel.ctors)

.rela.ctors
 *(.rela.ctors)

.rel.dtors
 *(.rel.dtors)

.rela.dtors
 *(.rela.dtors)

.rel.got
 *(.rel.got)

.rela.got
 *(.rela.got)

.rel.bss
 *(.rel.bss)

.rela.bss
 *(.rela.bss)

.rel.plt
 *(.rel.plt)

.rela.plt
 *(.rela.plt)

.text           0x00000000     0x435e
 *(.vectors)
 .vectors       0x00000000       0xe4 c:/program files (x86)/atmel/studio/7.0/toolchain/avr8/avr8-gnu-toolchain/bin/../lib/gcc/avr/5.4.0/../../../../avr/lib/avr6/crtatmega2560.o
                0x00000000                __vector_default
                0x00000000                __vectors
 *(.vectors)
 *(.progmem.gcc*)
 .progmem.gcc_sw_table.Slot_Tester_set_7Segment
                0x000000e4       0x14 Cards/Slot_Tester.o
 .progmem.gcc_sw_table.TerminalParseCommand
                0x000000f8       0x28 terminal.o
                0x00000120                . = ALIGN (0x2)
                0x00000120                __trampolines_start = .
 *(.trampolines)
 .trampolines   0x00000120        0x0 linker stubs
 *(.trampolines*)
                0x00000120                __trampolines_end = .
 *libprintf_flt.a:*(.progmem.data)
 *libc.a:*(.progmem.data)
 *(.progmem*)
                0x00000120                . = ALIGN (0x2)
 *(.jumptables)
 *(.jumptables*)
 *(.lowtext)
 *(.lowtext*)
                0x00000120                __ctors_start = .
 *(.ctors)
                0x00000120                __ctors_end = .
                0x00000120                __dtors_start = .
 *(.dtors)
                0x00000120                __dtors_end = .
 SORT(*)(.ctors)
 SORT(*)(.dtors)
 *(.init0)
 .init0         0x00000120        0x0 c:/program files (x86)/atmel/studio/7.0/toolchain/avr8/avr8-gnu-toolchain/bin/../lib/gcc/avr/5.4.0/../../../../avr/lib/avr6/crtatmega2560.o
                0x00000120                __init
 *(.init0)
 *(.init1)
 *(.init1)
 *(.init2)
 .init2         0x00000120       0x10 c:/program files (x86)/atmel/studio/7.0/toolchain/avr8/avr8-gnu-toolchain/bin/../lib/gcc/avr/5.4.0/../../../../avr/lib/avr6/crtatmega2560.o
 *(.init2)
 *(.init3)
 *(.init3)
 *(.init4)
 .init4         0x00000130       0x1a c:/program files (x86)/atmel/studio/7.0/toolchain/avr8/avr8-gnu-toolchain/bin/../lib/gcc/avr/5.4.0/avr6\libgcc.a(_copy_data.o)
                0x00000130                __do_copy_data
 .init4         0x0000014a       0x10 c:/program files (x86)/atmel/studio/7.0/toolchain/avr8/avr8-gnu-toolchain/bin/../lib/gcc/avr/5.4.0/avr6\libgcc.a(_clear_bss.o)
                0x0000014a                __do_clear_bss
 *(.init4)
 *(.init5)
 *(.init5)
 *(.init6)
 *(.init6)
 *(.init7)
 *(.init7)
 *(.init8)
 *(.init8)
 *(.init9)
 .init9         0x0000015a        0x8 c:/program files (x86)/atmel/studio/7.0/toolchain/avr8/avr8-gnu-toolchain/bin/../lib/gcc/avr/5.4.0/../../../../avr/lib/avr6/crtatmega2560.o
 *(.init9)
 *(.text)
 .text          0x00000162        0x2 c:/program files (x86)/atmel/studio/7.0/toolchain/avr8/avr8-gnu-toolchain/bin/../lib/gcc/avr/5.4.0/../../../../avr/lib/avr6/crtatmega2560.o
                0x00000162                __vector_38
                0x00000162                __vector_22
                0x00000162                __vector_28
                0x00000162                __vector_1
                0x00000162                __vector_32
                0x00000162                __vector_34
                0x00000162                __vector_12
                0x00000162                __vector_55
                0x00000162                __vector_46
                0x00000162                __bad_interrupt
                0x00000162                __vector_6
                0x00000162                __vector_31
                0x00000162                __vector_35
                0x00000162                __vector_39
                0x00000162                __vector_3
                0x00000162                __vector_23
                0x00000162                __vector_30
                0x00000162                __vector_45
                0x00000162                __vector_11
                0x00000162                __vector_54
                0x00000162                __vector_17
                0x00000162                __vector_19
                0x00000162                __vector_56
                0x00000162                __vector_7
                0x00000162                __vector_41
                0x00000162                __vector_43
                0x00000162                __vector_5
                0x00000162                __vector_33
                0x00000162                __vector_52
                0x00000162                __vector_37
                0x00000162                __vector_4
                0x00000162                __vector_44
                0x00000162                __vector_9
                0x00000162                __vector_2
                0x00000162                __vector_21
                0x00000162                __vector_15
                0x00000162                __vector_36
                0x00000162                __vector_29
                0x00000162                __vector_40
                0x00000162                __vector_8
                0x00000162                __vector_26
                0x00000162                __vector_14
                0x00000162                __vector_53
                0x00000162                __vector_10
                0x00000162                __vector_16
                0x00000162                __vector_18
                0x00000162                __vector_20
                0x00000162                __vector_42
                0x00000164                . = ALIGN (0x2)
 *(.text.*)
 .text.Amplifier_Variables_from_EEPROM
                0x00000164       0x38 Cards/Amplifier.o
                0x00000164                Amplifier_Variables_from_EEPROM
 .text.Amplifier_Set_Gain
                0x0000019c        0x2 Cards/Amplifier.o
                0x0000019c                Amplifier_Set_Gain
 .text.Amplifier_Set_Offset_Voltage
                0x0000019e       0x30 Cards/Amplifier.o
                0x0000019e                Amplifier_Set_Offset_Voltage
 .text.Amplifier_Init
                0x000001ce       0xac Cards/Amplifier.o
                0x000001ce                Amplifier_Init
 .text.FrontEnd_Variables_from_EEPROM
                0x0000027a       0x38 Cards/FrontEnd.o
                0x0000027a                FrontEnd_Variables_from_EEPROM
 .text.FrontEnd_Set_Gain
                0x000002b2       0x46 Cards/FrontEnd.o
                0x000002b2                FrontEnd_Set_Gain
 .text.FrontEnd_Set_Offset_Voltage
                0x000002f8       0x30 Cards/FrontEnd.o
                0x000002f8                FrontEnd_Set_Offset_Voltage
 .text.FrontEnd_Init
                0x00000328       0xda Cards/FrontEnd.o
                0x00000328                FrontEnd_Init
 .text.FrontEnd_Get_Voltage_in_mV_FullRange
                0x00000402       0x18 Cards/FrontEnd.o
                0x00000402                FrontEnd_Get_Voltage_in_mV_FullRange
 .text.FrontEnd_Reset_FlipFlops
                0x0000041a       0x3c Cards/FrontEnd.o
                0x0000041a                FrontEnd_Reset_FlipFlops
 .text.Terminal_SET_FrontEnd
                0x00000456      0x21e Cards/FrontEnd.o
                0x00000456                Terminal_SET_FrontEnd
 .text.Terminal_GET_FrontEnd
                0x00000674      0x12e Cards/FrontEnd.o
                0x00000674                Terminal_GET_FrontEnd
 .text.LED_Source_Variables_from_EEPROM
                0x000007a2       0x38 Cards/LED_Source.o
                0x000007a2                LED_Source_Variables_from_EEPROM
 .text.LED_Source_Set_Heat_Current
                0x000007da       0x48 Cards/LED_Source.o
                0x000007da                LED_Source_Set_Heat_Current
 .text.LED_Source_Set_Meas_Current
                0x00000822       0x30 Cards/LED_Source.o
                0x00000822                LED_Source_Set_Meas_Current
 .text.LED_Source_Init
                0x00000852       0xba Cards/LED_Source.o
                0x00000852                LED_Source_Init
 .text.Terminal_SET_LED_Source
                0x0000090c      0x1d2 Cards/LED_Source.o
                0x0000090c                Terminal_SET_LED_Source
 .text.Terminal_GET_LED_Source
                0x00000ade       0xaa Cards/LED_Source.o
                0x00000ade                Terminal_GET_LED_Source
 .text.BreakDown_Variables_from_EEPROM
                0x00000b88       0x24 Cards/MOSFET_BreakDown.o
                0x00000b88                BreakDown_Variables_from_EEPROM
 .text.B_Set_Relais_to_BreakDownTest
                0x00000bac       0x38 Cards/MOSFET_BreakDown.o
                0x00000bac                B_Set_Relais_to_BreakDownTest
 .text.B_Set_Relais_to_Leakage_GS
                0x00000be4       0x38 Cards/MOSFET_BreakDown.o
                0x00000be4                B_Set_Relais_to_Leakage_GS
 .text.B_Set_Relais_to_Characteristic_Curve
                0x00000c1c       0x38 Cards/MOSFET_BreakDown.o
                0x00000c1c                B_Set_Relais_to_Characteristic_Curve
 .text.B_Set_Relais_to_BodyDiode_Curve
                0x00000c54       0x38 Cards/MOSFET_BreakDown.o
                0x00000c54                B_Set_Relais_to_BodyDiode_Curve
 .text.B_Set_Relais_all_off
                0x00000c8c       0x24 Cards/MOSFET_BreakDown.o
                0x00000c8c                B_Set_Relais_all_off
 .text.BreakDown_Set_V_GS_mV
                0x00000cb0       0x2e Cards/MOSFET_BreakDown.o
                0x00000cb0                BreakDown_Set_V_GS_mV
 .text.MOSFET_BreakDown_Init
                0x00000cde       0xc2 Cards/MOSFET_BreakDown.o
                0x00000cde                MOSFET_BreakDown_Init
 .text.B_Get_V_DS_in_mV
                0x00000da0       0x14 Cards/MOSFET_BreakDown.o
                0x00000da0                B_Get_V_DS_in_mV
 .text.B_Get_I_DS_in_mA
                0x00000db4       0x14 Cards/MOSFET_BreakDown.o
                0x00000db4                B_Get_I_DS_in_mA
 .text.Terminal_SET_BreakDown
                0x00000dc8      0x2f4 Cards/MOSFET_BreakDown.o
                0x00000dc8                Terminal_SET_BreakDown
 .text.Terminal_GET_BreakDown
                0x000010bc       0xdc Cards/MOSFET_BreakDown.o
                0x000010bc                Terminal_GET_BreakDown
 .text.MOSFET_Source_Variables_from_EEPROM
                0x00001198       0x4c Cards/MOSFET_Source.o
                0x00001198                MOSFET_Source_Variables_from_EEPROM
 .text.MOSFET_Source_Set_Heat_Current
                0x000011e4       0x2e Cards/MOSFET_Source.o
                0x000011e4                MOSFET_Source_Set_Heat_Current
 .text.MOSFET_Source_Set_Meas_Current
                0x00001212       0x2e Cards/MOSFET_Source.o
                0x00001212                MOSFET_Source_Set_Meas_Current
 .text.MOSFET_Source_Set_Meas_Voltage
                0x00001240       0xc6 Cards/MOSFET_Source.o
                0x00001240                MOSFET_Source_Set_Meas_Voltage
 .text.MOSFET_Source_Init
                0x00001306       0xda Cards/MOSFET_Source.o
                0x00001306                MOSFET_Source_Init
 .text.MOSFET_Source_Get_measured_Heat_Voltage_in_mV
                0x000013e0       0x26 Cards/MOSFET_Source.o
                0x000013e0                MOSFET_Source_Get_measured_Heat_Voltage_in_mV
 .text.MOSFET_Source_Get_measured_Meas_Voltage_in_mV
                0x00001406       0x26 Cards/MOSFET_Source.o
                0x00001406                MOSFET_Source_Get_measured_Meas_Voltage_in_mV
 .text.MOSFET_Source_sample_Heat
                0x0000142c        0xc Cards/MOSFET_Source.o
                0x0000142c                MOSFET_Source_sample_Heat
 .text.MOSFET_Source_sample_Meas_receive_Heat
                0x00001438        0xc Cards/MOSFET_Source.o
                0x00001438                MOSFET_Source_sample_Meas_receive_Heat
 .text.MOSFET_Source_receive_Meas
                0x00001444        0xc Cards/MOSFET_Source.o
                0x00001444                MOSFET_Source_receive_Meas
 .text.Terminal_SET_MOSFET_Source
                0x00001450      0x250 Cards/MOSFET_Source.o
                0x00001450                Terminal_SET_MOSFET_Source
 .text.Terminal_GET_MOSFET_Source
                0x000016a0      0x16c Cards/MOSFET_Source.o
                0x000016a0                Terminal_GET_MOSFET_Source
 .text.Slot_Tester_Init
                0x0000180c       0xb8 Cards/Slot_Tester.o
                0x0000180c                Slot_Tester_Init
 .text.Slot_Tester_set_7Segment
                0x000018c4       0xae Cards/Slot_Tester.o
                0x000018c4                Slot_Tester_set_7Segment
 .text.Slot_Tester_get_7Segment
                0x00001972       0xc8 Cards/Slot_Tester.o
                0x00001972                Slot_Tester_get_7Segment
 .text.Slot_Tester_IO_Lauflicht
                0x00001a3a       0xe6 Cards/Slot_Tester.o
                0x00001a3a                Slot_Tester_IO_Lauflicht
 .text.Slot_Tester_Gesamtablauf
                0x00001b20       0x1c Cards/Slot_Tester.o
                0x00001b20                Slot_Tester_Gesamtablauf
 .text.DAC_AD5752_Range_and_PowerUp
                0x00001b3c       0x56 ICs/AD5752.o
                0x00001b3c                DAC_AD5752_Range_and_PowerUp
 .text.DAC_AD5752_Set
                0x00001b92       0x4a ICs/AD5752.o
                0x00001b92                DAC_AD5752_Set
 .text.LTC1864_getBIT_OneShot
                0x00001bdc       0x98 ICs/LTC1864.o
                0x00001bdc                LTC1864_getBIT_OneShot
 .text.LTC1864_getBIT_LastSample_and_NewShot
                0x00001c74       0x66 ICs/LTC1864.o
                0x00001c74                LTC1864_getBIT_LastSample_and_NewShot
 .text.IO_Expander_set_Register
                0x00001cda       0x44 ICs/MCP23S08.o
                0x00001cda                IO_Expander_set_Register
 .text.IO_Expander_get_Register
                0x00001d1e       0x64 ICs/MCP23S08.o
                0x00001d1e                IO_Expander_get_Register
 .text.Init_IO_Pins
                0x00001d82       0xc4 main.o
                0x00001d82                Init_IO_Pins
 .text.Lauflicht
                0x00001e46       0x84 main.o
                0x00001e46                Lauflicht
 .text.EEPROM_default_Values
                0x00001eca       0xc8 main.o
                0x00001eca                EEPROM_default_Values
 .text.EEPROM_last_Values
                0x00001f92      0x112 main.o
                0x00001f92                EEPROM_last_Values
 .text.Init_All_Cards
                0x000020a4       0x84 main.o
                0x000020a4                Init_All_Cards
 .text.PulseStop
                0x00002128        0xe main.o
                0x00002128                PulseStop
 .text.Init     0x00002136       0xa2 main.o
                0x00002136                Init
 .text.main     0x000021d8       0x70 main.o
                0x000021d8                main
 .text.PulseStart_stdTTA
                0x00002248       0x40 main.o
                0x00002248                PulseStart_stdTTA
 .text.PulseStart_Sensitivity
                0x00002288        0xc main.o
                0x00002288                PulseStart_Sensitivity
 .text.PulseStart_DPA_TTA
                0x00002294       0x20 main.o
                0x00002294                PulseStart_DPA_TTA
 .text.PulseStart_DPA_TTA_fromHPP
                0x000022b4       0x18 main.o
                0x000022b4                PulseStart_DPA_TTA_fromHPP
 .text.PulseStart_PrePulse
                0x000022cc       0x20 main.o
                0x000022cc                PulseStart_PrePulse
 .text.Init_Timer_1ms
                0x000022ec       0x1a my_Timers.o
                0x000022ec                Init_Timer_1ms
 .text.__vector_13
                0x00002306       0x22 my_Timers.o
                0x00002306                __vector_13
 .text.Init_Timer_100us
                0x00002328       0x3c my_Timers.o
                0x00002328                Init_Timer_100us
 .text.Start_Timer_100us
                0x00002364        0xc my_Timers.o
                0x00002364                Start_Timer_100us
 .text.Stop_Timer_100us
                0x00002370       0x18 my_Timers.o
                0x00002370                Stop_Timer_100us
 .text.Init_Counter_100us
                0x00002388       0x3c my_Timers.o
                0x00002388                Init_Counter_100us
 .text.Setup_Counter_for_stdTTA
                0x000023c4      0x184 my_Timers.o
                0x000023c4                Setup_Counter_for_stdTTA
 .text.Setup_Counter_for_DPA_TTA
                0x00002548       0x66 my_Timers.o
                0x00002548                Setup_Counter_for_DPA_TTA
 .text.__vector_50
                0x000025ae       0xf0 my_Timers.o
                0x000025ae                __vector_50
 .text.__vector_47
                0x0000269e       0x5c my_Timers.o
                0x0000269e                __vector_47
 .text.__vector_48
                0x000026fa      0x104 my_Timers.o
                0x000026fa                __vector_48
 .text.__vector_49
                0x000027fe       0xba my_Timers.o
                0x000027fe                __vector_49
 .text.TerminalInit
                0x000028b8        0xa terminal.o
                0x000028b8                TerminalInit
 .text.ParseIntLn
                0x000028c2       0xea terminal.o
                0x000028c2                ParseIntLn
 .text.ParseLongLn
                0x000029ac      0x140 terminal.o
                0x000029ac                ParseLongLn
 .text.ParseByte
                0x00002aec       0x3c terminal.o
                0x00002aec                ParseByte
 .text.TransmitString
                0x00002b28        0x6 terminal.o
                0x00002b28                TransmitString
 .text.TransmitStringLn
                0x00002b2e        0x6 terminal.o
                0x00002b2e                TransmitStringLn
 .text.TransmitInt
                0x00002b34       0xcc terminal.o
                0x00002b34                TransmitInt
 .text.TransmitLong
                0x00002c00       0xd2 terminal.o
                0x00002c00                TransmitLong
 .text.TransmitFloat
                0x00002cd2      0x196 terminal.o
                0x00002cd2                TransmitFloat
 .text.TransmitByte
                0x00002e68       0x72 terminal.o
                0x00002e68                TransmitByte
 .text.TransmitByte_Reverse
                0x00002eda       0x70 terminal.o
                0x00002eda                TransmitByte_Reverse
 .text.TerminalParseCommand
                0x00002f4a      0xa5e terminal.o
                0x00002f4a                TerminalParseCommand
 .text.TerminalCheckCommand
                0x000039a8       0x1a terminal.o
                0x000039a8                TerminalCheckCommand
 .text.__vector_25
                0x000039c2       0xa8 uart0.o
                0x000039c2                __vector_25
 .text.__vector_27
                0x00003a6a       0x74 uart0.o
                0x00003a6a                __vector_27
 .text.UART0InitBaudrate
                0x00003ade       0x82 uart0.o
                0x00003ade                UART0InitBaudrate
 .text.UART0Init
                0x00003b60        0x8 uart0.o
                0x00003b60                UART0Init
 .text.UART0ClearRx
                0x00003b68       0x2c uart0.o
                0x00003b68                UART0ClearRx
 .text.UART0ReceiveLine
                0x00003b94       0x9c uart0.o
                0x00003b94                UART0ReceiveLine
 .text.UART0TxByte
                0x00003c30       0x6c uart0.o
                0x00003c30                UART0TxByte
 .text.UART0TransmitString
                0x00003c9c       0x22 uart0.o
                0x00003c9c                UART0TransmitString
 .text.UART0TransmitStringLn
                0x00003cbe       0x2a uart0.o
                0x00003cbe                UART0TransmitStringLn
 .text.USART_SPI_InitBaudrate
                0x00003ce8       0x28 usart_spi.o
                0x00003ce8                USART_SPI_InitBaudrate
 .text.USART_SPI_SetCS
                0x00003d10       0x16 usart_spi.o
                0x00003d10                USART_SPI_SetCS
 .text.USART_SPI_ToggleCS
                0x00003d26       0x58 usart_spi.o
                0x00003d26                USART_SPI_ToggleCS
 .text.USART_SPI_ReceiveLen
                0x00003d7e       0x56 usart_spi.o
                0x00003d7e                USART_SPI_ReceiveLen
 .text.USART_SPI_RXWaiting
                0x00003dd4       0x18 usart_spi.o
                0x00003dd4                USART_SPI_RXWaiting
 .text.USART_SPI_TXWaiting
                0x00003dec        0xc usart_spi.o
                0x00003dec                USART_SPI_TXWaiting
 .text.USART_SPI_ClearRx
                0x00003df8       0x20 usart_spi.o
                0x00003df8                USART_SPI_ClearRx
 .text.__vector_51
                0x00003e18       0xa6 usart_spi.o
                0x00003e18                __vector_51
 .text.__vector_24
                0x00003ebe      0x108 usart_spi.o
                0x00003ebe                __vector_24
 .text.USART_SPI_TxByte
                0x00003fc6       0x70 usart_spi.o
                0x00003fc6                USART_SPI_TxByte
 .text.USART_SPI_TxBytes
                0x00004036       0x24 usart_spi.o
                0x00004036                USART_SPI_TxBytes
 .text.USART_SPI_RxBytes
                0x0000405a        0xa usart_spi.o
                0x0000405a                USART_SPI_RxBytes
 .text.libgcc.div
                0x00004064       0x28 c:/program files (x86)/atmel/studio/7.0/toolchain/avr8/avr8-gnu-toolchain/bin/../lib/gcc/avr/5.4.0/avr6\libgcc.a(_udivmodhi4.o)
                0x00004064                __udivmodhi4
 .text.libgcc.div
                0x0000408c       0x44 c:/program files (x86)/atmel/studio/7.0/toolchain/avr8/avr8-gnu-toolchain/bin/../lib/gcc/avr/5.4.0/avr6\libgcc.a(_udivmodsi4.o)
                0x0000408c                __udivmodsi4
 .text.libgcc.div
                0x000040d0       0x28 c:/program files (x86)/atmel/studio/7.0/toolchain/avr8/avr8-gnu-toolchain/bin/../lib/gcc/avr/5.4.0/avr6\libgcc.a(_divmodsi4.o)
                0x000040d0                __divmodsi4
 .text.libgcc.div
                0x000040f8       0x10 c:/program files (x86)/atmel/studio/7.0/toolchain/avr8/avr8-gnu-toolchain/bin/../lib/gcc/avr/5.4.0/avr6\libgcc.a(_negsi2.o)
                0x000040f8                __negsi2
 .text.libgcc   0x00004108       0x10 c:/program files (x86)/atmel/studio/7.0/toolchain/avr8/avr8-gnu-toolchain/bin/../lib/gcc/avr/5.4.0/avr6\libgcc.a(_tablejump2.o)
                0x00004108                __tablejump2__
 .text.libgcc.mul
                0x00004118       0x1e c:/program files (x86)/atmel/studio/7.0/toolchain/avr8/avr8-gnu-toolchain/bin/../lib/gcc/avr/5.4.0/avr6\libgcc.a(_umulhisi3.o)
                0x00004118                __umulhisi3
 .text.libgcc.mul
                0x00004136        0xc c:/program files (x86)/atmel/studio/7.0/toolchain/avr8/avr8-gnu-toolchain/bin/../lib/gcc/avr/5.4.0/avr6\libgcc.a(_usmulhisi3.o)
                0x00004136                __usmulhisi3
                0x00004138                __usmulhisi3_tail
 .text.libgcc.mul
                0x00004142       0x14 c:/program files (x86)/atmel/studio/7.0/toolchain/avr8/avr8-gnu-toolchain/bin/../lib/gcc/avr/5.4.0/avr6\libgcc.a(_muluhisi3.o)
                0x00004142                __muluhisi3
 .text.libgcc.mul
                0x00004156       0x4e c:/program files (x86)/atmel/studio/7.0/toolchain/avr8/avr8-gnu-toolchain/bin/../lib/gcc/avr/5.4.0/avr6\libgcc.a(_umulsidi3.o)
                0x00004156                __umulsidi3
                0x00004158                __umulsidi3_helper
 .text.libgcc.builtins
                0x000041a4       0x3c c:/program files (x86)/atmel/studio/7.0/toolchain/avr8/avr8-gnu-toolchain/bin/../lib/gcc/avr/5.4.0/avr6\libgcc.a(_ashrdi3.o)
                0x000041a4                __ashrdi3
                0x000041a8                __lshrdi3
 .text.libgcc.mul
                0x000041e0       0x10 c:/program files (x86)/atmel/studio/7.0/toolchain/avr8/avr8-gnu-toolchain/bin/../lib/gcc/avr/5.4.0/avr6\libgcc.a(_muldi3_6.o)
                0x000041e0                __muldi3_6
 .text.avr-libc
                0x000041f0       0x16 c:/program files (x86)/atmel/studio/7.0/toolchain/avr8/avr8-gnu-toolchain/bin/../lib/gcc/avr/5.4.0/../../../../avr/lib/avr6\libc.a(strcat.o)
                0x000041f0                strcat
 .text.avr-libc
                0x00004206        0xe c:/program files (x86)/atmel/studio/7.0/toolchain/avr8/avr8-gnu-toolchain/bin/../lib/gcc/avr/5.4.0/../../../../avr/lib/avr6\libc.a(strcpy.o)
                0x00004206                strcpy
 .text.avr-libc
                0x00004214       0x14 c:/program files (x86)/atmel/studio/7.0/toolchain/avr8/avr8-gnu-toolchain/bin/../lib/gcc/avr/5.4.0/../../../../avr/lib/avr6\libc.a(itoa_ncheck.o)
                0x00004214                __itoa_ncheck
 .text.avr-libc
                0x00004228       0x1c c:/program files (x86)/atmel/studio/7.0/toolchain/avr8/avr8-gnu-toolchain/bin/../lib/gcc/avr/5.4.0/../../../../avr/lib/avr6\libc.a(ltoa_ncheck.o)
                0x00004228                __ltoa_ncheck
 .text.avr-libc
                0x00004244       0x42 c:/program files (x86)/atmel/studio/7.0/toolchain/avr8/avr8-gnu-toolchain/bin/../lib/gcc/avr/5.4.0/../../../../avr/lib/avr6\libc.a(ultoa_ncheck.o)
                0x00004244                __ultoa_ncheck
                0x00004246                __ultoa_common
 .text.avr-libc
                0x00004286       0x32 c:/program files (x86)/atmel/studio/7.0/toolchain/avr8/avr8-gnu-toolchain/bin/../lib/gcc/avr/5.4.0/../../../../avr/lib/avr6\libc.a(utoa_ncheck.o)
                0x00004286                __utoa_ncheck
                0x00004288                __utoa_common
 .text.avr-libc
                0x000042b8       0x20 c:/program files (x86)/atmel/studio/7.0/toolchain/avr8/avr8-gnu-toolchain/bin/../lib/gcc/avr/5.4.0/../../../../avr/lib/avr6\libc.a(strrev.o)
                0x000042b8                strrev
 .text.avr-libc
                0x000042d8       0x20 c:/program files (x86)/atmel/studio/7.0/toolchain/avr8/avr8-gnu-toolchain/bin/../lib/gcc/avr/5.4.0/../../../../avr/lib/avr6\libatmega2560.a(eerd_block.o)
                0x000042d8                eeprom_read_block
                0x000042dc                eeprom_read_blraw
 .text.avr-libc
                0x000042f8       0x10 c:/program files (x86)/atmel/studio/7.0/toolchain/avr8/avr8-gnu-toolchain/bin/../lib/gcc/avr/5.4.0/../../../../avr/lib/avr6\libatmega2560.a(eerd_byte.o)
                0x000042f8                eeprom_read_byte
 .text.avr-libc
                0x00004308        0xa c:/program files (x86)/atmel/studio/7.0/toolchain/avr8/avr8-gnu-toolchain/bin/../lib/gcc/avr/5.4.0/../../../../avr/lib/avr6\libatmega2560.a(eerd_dword.o)
                0x00004308                eeprom_read_float
                0x00004308                eeprom_read_dword
 .text.avr-libc
                0x00004312        0xa c:/program files (x86)/atmel/studio/7.0/toolchain/avr8/avr8-gnu-toolchain/bin/../lib/gcc/avr/5.4.0/../../../../avr/lib/avr6\libatmega2560.a(eerd_word.o)
                0x00004312                eeprom_read_word
 .text.avr-libc
                0x0000431c       0x12 c:/program files (x86)/atmel/studio/7.0/toolchain/avr8/avr8-gnu-toolchain/bin/../lib/gcc/avr/5.4.0/../../../../avr/lib/avr6\libatmega2560.a(eewr_block.o)
                0x0000431c                eeprom_write_block
 .text.avr-libc
                0x0000432e       0x1c c:/program files (x86)/atmel/studio/7.0/toolchain/avr8/avr8-gnu-toolchain/bin/../lib/gcc/avr/5.4.0/../../../../avr/lib/avr6\libatmega2560.a(eewr_byte.o)
                0x0000432e                eeprom_write_byte
                0x00004330                eeprom_write_r18
 .text.avr-libc
                0x0000434a        0xa c:/program files (x86)/atmel/studio/7.0/toolchain/avr8/avr8-gnu-toolchain/bin/../lib/gcc/avr/5.4.0/../../../../avr/lib/avr6\libatmega2560.a(eewr_dword.o)
                0x0000434a                eeprom_write_dword
                0x0000434a                eeprom_write_float
 .text.avr-libc
                0x00004354        0x6 c:/program files (x86)/atmel/studio/7.0/toolchain/avr8/avr8-gnu-toolchain/bin/../lib/gcc/avr/5.4.0/../../../../avr/lib/avr6\libatmega2560.a(eewr_word.o)
                0x00004354                eeprom_write_word
                0x0000435a                . = ALIGN (0x2)
 *(.fini9)
 .fini9         0x0000435a        0x0 c:/program files (x86)/atmel/studio/7.0/toolchain/avr8/avr8-gnu-toolchain/bin/../lib/gcc/avr/5.4.0/avr6\libgcc.a(_exit.o)
                0x0000435a                _exit
                0x0000435a                exit
 *(.fini9)
 *(.fini8)
 *(.fini8)
 *(.fini7)
 *(.fini7)
 *(.fini6)
 *(.fini6)
 *(.fini5)
 *(.fini5)
 *(.fini4)
 *(.fini4)
 *(.fini3)
 *(.fini3)
 *(.fini2)
 *(.fini2)
 *(.fini1)
 *(.fini1)
 *(.fini0)
 .fini0         0x0000435a        0x4 c:/program files (x86)/atmel/studio/7.0/toolchain/avr8/avr8-gnu-toolchain/bin/../lib/gcc/avr/5.4.0/avr6\libgcc.a(_exit.o)
 *(.fini0)
                0x0000435e                _etext = .

.data           0x00800200      0x200 load address 0x0000435e
                0x00800200                PROVIDE (__data_start, .)
 *(.data)
 *(.data*)
 .data.uart0_tx_empty
                0x00800200        0x1 uart0.o
                0x00800200                uart0_tx_empty
 .data.usart_spi_cs_len
                0x00800201        0x1 usart_spi.o
                0x00800201                usart_spi_cs_len
 .data.usart_spi_cs_port
                0x00800202        0x2 usart_spi.o
                0x00800202                usart_spi_cs_port
 .data.usart_spi_tx_buffer_empty
                0x00800204        0x1 usart_spi.o
                0x00800204                usart_spi_tx_buffer_empty
 *(.gnu.linkonce.d*)
 *(.rodata)
 .rodata        0x00800205        0x9 main.o
 *(.rodata*)
 .rodata.str1.1
                0x0080020e       0x56 Cards/FrontEnd.o
                                 0x59 (size before relaxing)
 .rodata.str1.1
                0x00800264       0x17 Cards/LED_Source.o
                                 0x3f (size before relaxing)
 .rodata.str1.1
                0x0080027b       0x2b Cards/MOSFET_BreakDown.o
                                 0x5e (size before relaxing)
 .rodata.str1.1
                0x008002a6       0x33 Cards/MOSFET_Source.o
                                 0x6a (size before relaxing)
 .rodata.str1.1
                0x008002d9      0x124 terminal.o
                                0x16e (size before relaxing)
 .rodata.str1.1
                0x008003fd        0x3 usart_spi.o
 *(.gnu.linkonce.r*)
                0x00800400                . = ALIGN (0x2)
                0x00800400                _edata = .
                0x00800400                PROVIDE (__data_end, .)

.bss            0x00800400      0x350
                0x00800400                PROVIDE (__bss_start, .)
 *(.bss)
 *(.bss*)
 .bss.uart0_tx_char_write
                0x00800400        0x1 uart0.o
                0x00800400                uart0_tx_char_write
 .bss.uart0_tx_char_read
                0x00800401        0x1 uart0.o
                0x00800401                uart0_tx_char_read
 .bss.uart0_rx_blocked
                0x00800402        0x1 uart0.o
                0x00800402                uart0_rx_blocked
 .bss.uart0_rx_lines
                0x00800403        0x1 uart0.o
                0x00800403                uart0_rx_lines
 .bss.uart0_rx_overrun
                0x00800404        0x1 uart0.o
                0x00800404                uart0_rx_overrun
 .bss.uart0_rx_char_write
                0x00800405        0x1 uart0.o
                0x00800405                uart0_rx_char_write
 .bss.uart0_rx_char_read
                0x00800406        0x1 uart0.o
                0x00800406                uart0_rx_char_read
 .bss.usart_spi_byte_count
                0x00800407        0x1 usart_spi.o
                0x00800407                usart_spi_byte_count
 .bss.usart_spi_cs_neg
                0x00800408        0x1 usart_spi.o
                0x00800408                usart_spi_cs_neg
 .bss.usart_spi_cs_pin
                0x00800409        0x1 usart_spi.o
                0x00800409                usart_spi_cs_pin
 .bss.usart_spi_tx_char_write
                0x0080040a        0x1 usart_spi.o
                0x0080040a                usart_spi_tx_char_write
 .bss.usart_spi_tx_char_read
                0x0080040b        0x1 usart_spi.o
                0x0080040b                usart_spi_tx_char_read
 .bss.usart_spi_rx_flag
                0x0080040c        0x1 usart_spi.o
                0x0080040c                usart_spi_rx_flag
 .bss.usart_spi_rx_buffer_overrun
                0x0080040d        0x1 usart_spi.o
                0x0080040d                usart_spi_rx_buffer_overrun
 .bss.usart_spi_rx_char_write
                0x0080040e        0x1 usart_spi.o
                0x0080040e                usart_spi_rx_char_write
 .bss.usart_spi_rx_char_read
                0x0080040f        0x1 usart_spi.o
                0x0080040f                usart_spi_rx_char_read
 *(COMMON)
 COMMON         0x00800410      0x1a5 ad5752.o
                0x00800410                heat_pulse_voltage
                0x00800414                frontEnd_offset_voltage_mV
                0x00800424                measure_pulse_voltage
                0x00800426                led_Source_Meas_Current_0mA1
                0x00800436                deterministic_pulse_length
                0x00800438                mosfet_Source_Meas_Current_0mA1
                0x00800448                flag_DPA_TTA
                0x00800449                interrupt_1ms
                0x0080044a                heat_pulse_length
                0x0080044e                deterministic_pulse_cycles
                0x00800450                interrupt_1hz
                0x00800451                uart0_rx
                0x008004d2                measure_pulse_current
                0x008004d4                measured_binary_meas
                0x008004e4                led_Source_Heat_Current_mA
                0x008004f4                offset_voltage
                0x008004f6                frontEnd_gain
                0x00800506                mosfet_Source_Heat_Current_mA
                0x00800516                led_hp
                0x00800517                heat_pulse_current
                0x00800519                flag_std_TTA
                0x0080051a                led_mp
                0x0080051b                amplifier_gain
                0x0080052b                mosfet_Source_Meas_Voltage_10mV
                0x0080053b                usart_spi_rx
                0x0080057b                measure_pulse_length
                0x0080057f                debug_send
                0x00800580                amplifier_offset_voltage_mV
                0x00800590                current_source_enabled
                0x00800591                startup_wait_counter
                0x00800592                measure_pules_voltage
                0x00800596                window_offset
                0x00800598                interrupt_10hz
                0x00800599                uart0_active_timer
                0x0080059a                pulse_output_register
                0x0080059b                flag_HPP_TTA
                0x0080059c                measured_binary_heat
                0x008005ac                terminal_timeout
                0x008005ad                card_Type
 COMMON         0x008005b5       0x10 Cards/MOSFET_BreakDown.o
                0x008005b5                breakDown_V_GS_mV
 COMMON         0x008005c5        0x8 my_Timers.o
                0x008005c5                deterministic_pulse_counter
                0x008005c7                heat_pulse_precount
                0x008005c8                heat_pulse_lastcount
                0x008005ca                measure_pulse_precount
                0x008005cb                measure_pulse_lastcount
 COMMON         0x008005cd        0x3 terminal.o
                0x008005cd                string
                0x008005cf                len
 COMMON         0x008005d0      0x100 uart0.o
                0x008005d0                uart0_tx_buffer
                0x00800650                uart0_rx_buffer
 COMMON         0x008006d0       0x80 usart_spi.o
                0x008006d0                usart_spi_tx_buffer
                0x00800710                usart_spi_rx_buffer
                0x00800750                PROVIDE (__bss_end, .)
                0x0000435e                __data_load_start = LOADADDR (.data)
                0x0000455e                __data_load_end = (__data_load_start + SIZEOF (.data))

.noinit         0x00800750        0x0
                [!provide]                PROVIDE (__noinit_start, .)
 *(.noinit*)
                [!provide]                PROVIDE (__noinit_end, .)
                0x00800750                _end = .
                [!provide]                PROVIDE (__heap_start, .)

.eeprom         0x00810000       0x51
 *(.eeprom*)
 .eeprom        0x00810000       0x51 main.o
                0x00810000                parameter3_eeprom
                0x00810010                parameter2_eeprom
                0x00810020                parameter1_eeprom
                0x00810030                card_Type_register_eeprom
                0x00810038                pulse_output_register_eeprom
                0x00810039                deterministic_pulse_cycles_eeprom
                0x0081003b                deterministic_pulse_length_eeprom
                0x0081003d                window_offset_eeprom
                0x0081003f                offset_voltage_eeprom
                0x00810041                measure_pulse_voltage_eeprom
                0x00810043                measure_pulse_length_eeprom
                0x00810047                measure_pulse_current_eeprom
                0x00810049                heat_pulse_length_eeprom
                0x0081004d                heat_pulse_current_eeprom
                0x0081004f                firmware_code_eeprom
                0x00810051                __eeprom_end = .

.fuse
 *(.fuse)
 *(.lfuse)
 *(.hfuse)
 *(.efuse)

.lock
 *(.lock*)

.signature
 *(.signature*)

.user_signatures
 *(.user_signatures*)

.stab
 *(.stab)

.stabstr
 *(.stabstr)

.stab.excl
 *(.stab.excl)

.stab.exclstr
 *(.stab.exclstr)

.stab.index
 *(.stab.index)

.stab.indexstr
 *(.stab.indexstr)

.comment        0x00000000       0x30
 *(.comment)
 .comment       0x00000000       0x30 ad5752.o
                                 0x31 (size before relaxing)
 .comment       0x00000030       0x31 Cards/Amplifier.o
 .comment       0x00000030       0x31 Cards/FrontEnd.o
 .comment       0x00000030       0x31 Cards/LED_Source.o
 .comment       0x00000030       0x31 Cards/MOSFET_BreakDown.o
 .comment       0x00000030       0x31 Cards/MOSFET_Source.o
 .comment       0x00000030       0x31 Cards/Slot_Tester.o
 .comment       0x00000030       0x31 ICs/AD5752.o
 .comment       0x00000030       0x31 ICs/LTC1864.o
 .comment       0x00000030       0x31 ICs/MCP23S08.o
 .comment       0x00000030       0x31 main.o
 .comment       0x00000030       0x31 my_Timers.o
 .comment       0x00000030       0x31 terminal.o
 .comment       0x00000030       0x31 uart0.o
 .comment       0x00000030       0x31 usart_spi.o

.note.gnu.avr.deviceinfo
                0x00000000       0x40
 .note.gnu.avr.deviceinfo
                0x00000000       0x40 c:/program files (x86)/atmel/studio/7.0/toolchain/avr8/avr8-gnu-toolchain/bin/../lib/gcc/avr/5.4.0/../../../../avr/lib/avr6/crtatmega2560.o

.note.gnu.build-id
 *(.note.gnu.build-id)

.debug
 *(.debug)

.line
 *(.line)

.debug_srcinfo
 *(.debug_srcinfo)

.debug_sfnames
 *(.debug_sfnames)

.debug_aranges  0x00000000      0x5a0
 *(.debug_aranges)
 .debug_aranges
                0x00000000       0x48 ad5752.o
 .debug_aranges
                0x00000048       0x40 Cards/Amplifier.o
 .debug_aranges
                0x00000088       0x60 Cards/FrontEnd.o
 .debug_aranges
                0x000000e8       0x50 Cards/LED_Source.o
 .debug_aranges
                0x00000138       0x80 Cards/MOSFET_BreakDown.o
 .debug_aranges
                0x000001b8       0x80 Cards/MOSFET_Source.o
 .debug_aranges
                0x00000238       0x40 Cards/Slot_Tester.o
 .debug_aranges
                0x00000278       0x28 ICs/AD5752.o
 .debug_aranges
                0x000002a0       0x28 ICs/LTC1864.o
 .debug_aranges
                0x000002c8       0x30 ICs/MCP23S08.o
 .debug_aranges
                0x000002f8       0x88 main.o
 .debug_aranges
                0x00000380       0x80 my_Timers.o
 .debug_aranges
                0x00000400       0x90 terminal.o
 .debug_aranges
                0x00000490       0x88 uart0.o
 .debug_aranges
                0x00000518       0x88 usart_spi.o

.debug_pubnames
 *(.debug_pubnames)

.debug_info     0x00000000     0xbf16
 *(.debug_info .gnu.linkonce.wi.*)
 .debug_info    0x00000000      0xbbc c:/program files (x86)/atmel/studio/7.0/toolchain/avr8/avr8-gnu-toolchain/bin/../lib/gcc/avr/5.4.0/../../../../avr/lib/avr6/crtatmega2560.o
 .debug_info    0x00000bbc      0x865 ad5752.o
 .debug_info    0x00001421      0x583 Cards/Amplifier.o
 .debug_info    0x000019a4      0xe59 Cards/FrontEnd.o
 .debug_info    0x000027fd      0xaa5 Cards/LED_Source.o
 .debug_info    0x000032a2     0x124b Cards/MOSFET_BreakDown.o
 .debug_info    0x000044ed      0xed4 Cards/MOSFET_Source.o
 .debug_info    0x000053c1      0x89d Cards/Slot_Tester.o
 .debug_info    0x00005c5e      0x585 ICs/AD5752.o
 .debug_info    0x000061e3      0x611 ICs/LTC1864.o
 .debug_info    0x000067f4      0x59b ICs/MCP23S08.o
 .debug_info    0x00006d8f      0xf0a main.o
 .debug_info    0x00007c99      0x5fc my_Timers.o
 .debug_info    0x00008295     0x2ca0 terminal.o
 .debug_info    0x0000af35      0x76e uart0.o
 .debug_info    0x0000b6a3      0x873 usart_spi.o

.debug_abbrev   0x00000000     0x23b3
 *(.debug_abbrev)
 .debug_abbrev  0x00000000      0xb1a c:/program files (x86)/atmel/studio/7.0/toolchain/avr8/avr8-gnu-toolchain/bin/../lib/gcc/avr/5.4.0/../../../../avr/lib/avr6/crtatmega2560.o
 .debug_abbrev  0x00000b1a      0x126 ad5752.o
 .debug_abbrev  0x00000c40      0x116 Cards/Amplifier.o
 .debug_abbrev  0x00000d56      0x1a6 Cards/FrontEnd.o
 .debug_abbrev  0x00000efc      0x117 Cards/LED_Source.o
 .debug_abbrev  0x00001013      0x1ed Cards/MOSFET_BreakDown.o
 .debug_abbrev  0x00001200      0x185 Cards/MOSFET_Source.o
 .debug_abbrev  0x00001385      0x17e Cards/Slot_Tester.o
 .debug_abbrev  0x00001503       0xe5 ICs/AD5752.o
 .debug_abbrev  0x000015e8      0x15e ICs/LTC1864.o
 .debug_abbrev  0x00001746      0x126 ICs/MCP23S08.o
 .debug_abbrev  0x0000186c      0x281 main.o
 .debug_abbrev  0x00001aed      0x134 my_Timers.o
 .debug_abbrev  0x00001c21      0x32e terminal.o
 .debug_abbrev  0x00001f4f      0x1fd uart0.o
 .debug_abbrev  0x0000214c      0x267 usart_spi.o

.debug_line     0x00000000     0x4821
 *(.debug_line .debug_line.* .debug_line_end)
 .debug_line    0x00000000       0x1a c:/program files (x86)/atmel/studio/7.0/toolchain/avr8/avr8-gnu-toolchain/bin/../lib/gcc/avr/5.4.0/../../../../avr/lib/avr6/crtatmega2560.o
 .debug_line    0x0000001a      0x273 ad5752.o
 .debug_line    0x0000028d      0x279 Cards/Amplifier.o
 .debug_line    0x00000506      0x4f8 Cards/FrontEnd.o
 .debug_line    0x000009fe      0x3f1 Cards/LED_Source.o
 .debug_line    0x00000def      0x6ad Cards/MOSFET_BreakDown.o
 .debug_line    0x0000149c      0x55a Cards/MOSFET_Source.o
 .debug_line    0x000019f6      0x488 Cards/Slot_Tester.o
 .debug_line    0x00001e7e      0x190 ICs/AD5752.o
 .debug_line    0x0000200e      0x229 ICs/LTC1864.o
 .debug_line    0x00002237      0x19f ICs/MCP23S08.o
 .debug_line    0x000023d6      0x7f5 main.o
 .debug_line    0x00002bcb      0x41d my_Timers.o
 .debug_line    0x00002fe8      0xdd6 terminal.o
 .debug_line    0x00003dbe      0x554 uart0.o
 .debug_line    0x00004312      0x50f usart_spi.o

.debug_frame    0x00000000     0x1224
 *(.debug_frame)
 .debug_frame   0x00000000       0xc4 ad5752.o
 .debug_frame   0x000000c4       0xa0 Cards/Amplifier.o
 .debug_frame   0x00000164      0x11c Cards/FrontEnd.o
 .debug_frame   0x00000280      0x108 Cards/LED_Source.o
 .debug_frame   0x00000388      0x158 Cards/MOSFET_BreakDown.o
 .debug_frame   0x000004e0      0x1b0 Cards/MOSFET_Source.o
 .debug_frame   0x00000690       0x98 Cards/Slot_Tester.o
 .debug_frame   0x00000728       0x70 ICs/AD5752.o
 .debug_frame   0x00000798       0x74 ICs/LTC1864.o
 .debug_frame   0x0000080c       0x84 ICs/MCP23S08.o
 .debug_frame   0x00000890      0x178 main.o
 .debug_frame   0x00000a08      0x254 my_Timers.o
 .debug_frame   0x00000c5c      0x29c terminal.o
 .debug_frame   0x00000ef8      0x198 uart0.o
 .debug_frame   0x00001090      0x194 usart_spi.o

.debug_str      0x00000000     0x1b93
 *(.debug_str)
 .debug_str     0x00000000      0x3e6 c:/program files (x86)/atmel/studio/7.0/toolchain/avr8/avr8-gnu-toolchain/bin/../lib/gcc/avr/5.4.0/../../../../avr/lib/avr6/crtatmega2560.o
 .debug_str     0x000003e6      0x573 ad5752.o
                                0x5c8 (size before relaxing)
 .debug_str     0x00000959      0x116 Cards/Amplifier.o
                                0x591 (size before relaxing)
 .debug_str     0x00000a6f      0x191 Cards/FrontEnd.o
                                0x6bc (size before relaxing)
 .debug_str     0x00000c00       0xe4 Cards/LED_Source.o
                                0x641 (size before relaxing)
 .debug_str     0x00000ce4      0x1b8 Cards/MOSFET_BreakDown.o
                                0x748 (size before relaxing)
 .debug_str     0x00000e9c      0x1fd Cards/MOSFET_Source.o
                                0x775 (size before relaxing)
 .debug_str     0x00001099       0x92 Cards/Slot_Tester.o
                                0x57d (size before relaxing)
 .debug_str     0x0000112b       0x1e ICs/AD5752.o
                                0x4ed (size before relaxing)
 .debug_str     0x00001149       0x63 ICs/LTC1864.o
                                0x565 (size before relaxing)
 .debug_str     0x000011ac       0x23 ICs/MCP23S08.o
                                0x541 (size before relaxing)
 .debug_str     0x000011cf      0x44d main.o
                                0xa88 (size before relaxing)
 .debug_str     0x0000161c       0xc1 my_Timers.o
                                0x660 (size before relaxing)
 .debug_str     0x000016dd      0x12f terminal.o
                                0x90c (size before relaxing)
 .debug_str     0x0000180c      0x1a3 uart0.o
                                0x66a (size before relaxing)
 .debug_str     0x000019af      0x1e4 usart_spi.o
                                0x708 (size before relaxing)

.debug_loc      0x00000000     0x5c97
 *(.debug_loc)
 .debug_loc     0x00000000      0x354 ad5752.o
 .debug_loc     0x00000354      0x212 Cards/Amplifier.o
 .debug_loc     0x00000566      0x749 Cards/FrontEnd.o
 .debug_loc     0x00000caf      0x5a2 Cards/LED_Source.o
 .debug_loc     0x00001251      0x9e6 Cards/MOSFET_BreakDown.o
 .debug_loc     0x00001c37      0x898 Cards/MOSFET_Source.o
 .debug_loc     0x000024cf      0x64d Cards/Slot_Tester.o
 .debug_loc     0x00002b1c      0x227 ICs/AD5752.o
 .debug_loc     0x00002d43      0x22c ICs/LTC1864.o
 .debug_loc     0x00002f6f      0x21a ICs/MCP23S08.o
 .debug_loc     0x00003189      0x320 main.o
 .debug_loc     0x000034a9      0x441 my_Timers.o
 .debug_loc     0x000038ea     0x1cc3 terminal.o
 .debug_loc     0x000055ad      0x386 uart0.o
 .debug_loc     0x00005933      0x364 usart_spi.o

.debug_macinfo
 *(.debug_macinfo)

.debug_weaknames
 *(.debug_weaknames)

.debug_funcnames
 *(.debug_funcnames)

.debug_typenames
 *(.debug_typenames)

.debug_varnames
 *(.debug_varnames)

.debug_pubtypes
 *(.debug_pubtypes)

.debug_ranges   0x00000000      0x518
 *(.debug_ranges)
 .debug_ranges  0x00000000       0x38 ad5752.o
 .debug_ranges  0x00000038       0x30 Cards/Amplifier.o
 .debug_ranges  0x00000068       0x50 Cards/FrontEnd.o
 .debug_ranges  0x000000b8       0x40 Cards/LED_Source.o
 .debug_ranges  0x000000f8       0x70 Cards/MOSFET_BreakDown.o
 .debug_ranges  0x00000168       0x70 Cards/MOSFET_Source.o
 .debug_ranges  0x000001d8       0x30 Cards/Slot_Tester.o
 .debug_ranges  0x00000208       0x18 ICs/AD5752.o
 .debug_ranges  0x00000220       0x18 ICs/LTC1864.o
 .debug_ranges  0x00000238       0x20 ICs/MCP23S08.o
 .debug_ranges  0x00000258       0x78 main.o
 .debug_ranges  0x000002d0       0x70 my_Timers.o
 .debug_ranges  0x00000340       0xe8 terminal.o
 .debug_ranges  0x00000428       0x78 uart0.o
 .debug_ranges  0x000004a0       0x78 usart_spi.o

.debug_macro
 *(.debug_macro)
OUTPUT(MC_RthTEC_V0_0_5.elf elf32-avr)
LOAD linker stubs
