Archive member included to satisfy reference by file (symbol)

c:/program files (x86)/atmel/studio/7.0/toolchain/avr8/avr8-gnu-toolchain/bin/../lib/gcc/avr/5.4.0/avr6\libgcc.a(_udivmodhi4.o)
                              terminal.o (__udivmodhi4)
c:/program files (x86)/atmel/studio/7.0/toolchain/avr8/avr8-gnu-toolchain/bin/../lib/gcc/avr/5.4.0/avr6\libgcc.a(_udivmodsi4.o)
                              ad5752.o (__udivmodsi4)
c:/program files (x86)/atmel/studio/7.0/toolchain/avr8/avr8-gnu-toolchain/bin/../lib/gcc/avr/5.4.0/avr6\libgcc.a(_exit.o)
                              C:/Program Files (x86)/Atmel/Studio/7.0/Packs/atmel/ATmega_DFP/1.2.150/gcc/dev/atmega2560/avr6/crtatmega2560.o (exit)
c:/program files (x86)/atmel/studio/7.0/toolchain/avr8/avr8-gnu-toolchain/bin/../lib/gcc/avr/5.4.0/avr6\libgcc.a(_tablejump2.o)
                              Cards/Slot_Tester.o (__tablejump2__)
c:/program files (x86)/atmel/studio/7.0/toolchain/avr8/avr8-gnu-toolchain/bin/../lib/gcc/avr/5.4.0/avr6\libgcc.a(_copy_data.o)
                              terminal.o (__do_copy_data)
c:/program files (x86)/atmel/studio/7.0/toolchain/avr8/avr8-gnu-toolchain/bin/../lib/gcc/avr/5.4.0/avr6\libgcc.a(_clear_bss.o)
                              ad5752.o (__do_clear_bss)
c:/program files (x86)/atmel/studio/7.0/toolchain/avr8/avr8-gnu-toolchain/bin/../lib/gcc/avr/5.4.0/avr6\libgcc.a(_umulhisi3.o)
                              ad5752.o (__umulhisi3)
c:/program files (x86)/atmel/studio/7.0/toolchain/avr8/avr8-gnu-toolchain/bin/../lib/gcc/avr/5.4.0/avr6\libgcc.a(_usmulhisi3.o)
                              LTC1864.o (__usmulhisi3)
c:/program files (x86)/atmel/studio/7.0/toolchain/avr8/avr8-gnu-toolchain/bin/../lib/gcc/avr/5.4.0/avr6\libgcc.a(_muluhisi3.o)
                              ad5752.o (__muluhisi3)
c:/program files (x86)/atmel/studio/7.0/toolchain/avr8/avr8-gnu-toolchain/bin/../lib/gcc/avr/5.4.0/../../../../avr/lib/avr6\libc.a(strcat.o)
                              terminal.o (strcat)
c:/program files (x86)/atmel/studio/7.0/toolchain/avr8/avr8-gnu-toolchain/bin/../lib/gcc/avr/5.4.0/../../../../avr/lib/avr6\libc.a(strcpy.o)
                              terminal.o (strcpy)
c:/program files (x86)/atmel/studio/7.0/toolchain/avr8/avr8-gnu-toolchain/bin/../lib/gcc/avr/5.4.0/../../../../avr/lib/avr6\libc.a(itoa_ncheck.o)
                              terminal.o (__itoa_ncheck)
c:/program files (x86)/atmel/studio/7.0/toolchain/avr8/avr8-gnu-toolchain/bin/../lib/gcc/avr/5.4.0/../../../../avr/lib/avr6\libc.a(ltoa_ncheck.o)
                              terminal.o (__ltoa_ncheck)
c:/program files (x86)/atmel/studio/7.0/toolchain/avr8/avr8-gnu-toolchain/bin/../lib/gcc/avr/5.4.0/../../../../avr/lib/avr6\libc.a(ultoa_ncheck.o)
                              c:/program files (x86)/atmel/studio/7.0/toolchain/avr8/avr8-gnu-toolchain/bin/../lib/gcc/avr/5.4.0/../../../../avr/lib/avr6\libc.a(ltoa_ncheck.o) (__ultoa_common)
c:/program files (x86)/atmel/studio/7.0/toolchain/avr8/avr8-gnu-toolchain/bin/../lib/gcc/avr/5.4.0/../../../../avr/lib/avr6\libc.a(utoa_ncheck.o)
                              c:/program files (x86)/atmel/studio/7.0/toolchain/avr8/avr8-gnu-toolchain/bin/../lib/gcc/avr/5.4.0/../../../../avr/lib/avr6\libc.a(itoa_ncheck.o) (__utoa_common)
c:/program files (x86)/atmel/studio/7.0/toolchain/avr8/avr8-gnu-toolchain/bin/../lib/gcc/avr/5.4.0/../../../../avr/lib/avr6\libc.a(strrev.o)
                              c:/program files (x86)/atmel/studio/7.0/toolchain/avr8/avr8-gnu-toolchain/bin/../lib/gcc/avr/5.4.0/../../../../avr/lib/avr6\libc.a(ultoa_ncheck.o) (strrev)
C:/Program Files (x86)/Atmel/Studio/7.0/Packs/atmel/ATmega_DFP/1.2.150/gcc/dev/atmega2560/avr6\libatmega2560.a(eerd_byte.o)
                              main.o (eeprom_read_byte)
C:/Program Files (x86)/Atmel/Studio/7.0/Packs/atmel/ATmega_DFP/1.2.150/gcc/dev/atmega2560/avr6\libatmega2560.a(eerd_dword.o)
                              main.o (eeprom_read_dword)
C:/Program Files (x86)/Atmel/Studio/7.0/Packs/atmel/ATmega_DFP/1.2.150/gcc/dev/atmega2560/avr6\libatmega2560.a(eerd_word.o)
                              main.o (eeprom_read_word)
C:/Program Files (x86)/Atmel/Studio/7.0/Packs/atmel/ATmega_DFP/1.2.150/gcc/dev/atmega2560/avr6\libatmega2560.a(eewr_byte.o)
                              main.o (eeprom_write_byte)
C:/Program Files (x86)/Atmel/Studio/7.0/Packs/atmel/ATmega_DFP/1.2.150/gcc/dev/atmega2560/avr6\libatmega2560.a(eewr_dword.o)
                              main.o (eeprom_write_dword)
C:/Program Files (x86)/Atmel/Studio/7.0/Packs/atmel/ATmega_DFP/1.2.150/gcc/dev/atmega2560/avr6\libatmega2560.a(eewr_word.o)
                              main.o (eeprom_write_word)
C:/Program Files (x86)/Atmel/Studio/7.0/Packs/atmel/ATmega_DFP/1.2.150/gcc/dev/atmega2560/avr6\libatmega2560.a(eerd_block.o)
                              C:/Program Files (x86)/Atmel/Studio/7.0/Packs/atmel/ATmega_DFP/1.2.150/gcc/dev/atmega2560/avr6\libatmega2560.a(eerd_dword.o) (eeprom_read_blraw)

Allocating common symbols
Common symbol       size              file

heat_pulse_voltage  0x4               ad5752.o
measure_pulse_voltage
                    0x2               ad5752.o
deterministic_pulse_length
                    0x2               ad5752.o
uart0_tx_buffer     0x80              uart0.o
interrupt_1ms       0x1               ad5752.o
heat_pulse_length   0x4               ad5752.o
deterministic_pulse_cycles
                    0x2               ad5752.o
interrupt_1hz       0x1               ad5752.o
uart0_rx            0x81              ad5752.o
deterministic_pulse_counter
                    0x2               my_Timers.o
string              0x2               terminal.o
measure_pulse_current
                    0x2               ad5752.o
heat_pulse_precount
                    0x1               my_Timers.o
usart_spi_tx_buffer
                    0x40              usart_spi.o
offset_voltage      0x2               ad5752.o
led_hp              0x1               ad5752.o
heat_pulse_current  0x2               ad5752.o
led_mp              0x1               ad5752.o
usart_spi_rx        0x40              ad5752.o
measure_pulse_length
                    0x4               ad5752.o
debug_send          0x1               ad5752.o
current_source_enabled
                    0x1               ad5752.o
heat_pulse_lastcount
                    0x2               my_Timers.o
usart_spi_rx_buffer
                    0x40              usart_spi.o
startup_wait_counter
                    0x1               ad5752.o
measure_pules_voltage
                    0x4               ad5752.o
measure_pulse_precount
                    0x1               my_Timers.o
flag_standard_TTA   0x1               ad5752.o
window_offset       0x2               ad5752.o
interrupt_10hz      0x1               ad5752.o
uart0_active_timer  0x1               ad5752.o
flag_deterministic_TTA
                    0x1               ad5752.o
pulse_output_register
                    0x1               ad5752.o
measure_pulse_lastcount
                    0x2               my_Timers.o
len                 0x1               terminal.o
uart0_rx_buffer     0x80              uart0.o
terminal_timeout    0x1               ad5752.o

Discarded input sections

 .data          0x00000000        0x0 C:/Program Files (x86)/Atmel/Studio/7.0/Packs/atmel/ATmega_DFP/1.2.150/gcc/dev/atmega2560/avr6/crtatmega2560.o
 .bss           0x00000000        0x0 C:/Program Files (x86)/Atmel/Studio/7.0/Packs/atmel/ATmega_DFP/1.2.150/gcc/dev/atmega2560/avr6/crtatmega2560.o
 .text          0x00000000        0x0 ad5752.o
 .data          0x00000000        0x0 ad5752.o
 .bss           0x00000000        0x0 ad5752.o
 .text.DAC_TXWaiting
                0x00000000        0x6 ad5752.o
 .text.DAC_Set  0x00000000       0x38 ad5752.o
 .text          0x00000000        0x0 Cards/LED_Source.o
 .data          0x00000000        0x0 Cards/LED_Source.o
 .bss           0x00000000        0x0 Cards/LED_Source.o
 .text          0x00000000        0x0 Cards/MOSFET_BreakDown.o
 .data          0x00000000        0x0 Cards/MOSFET_BreakDown.o
 .bss           0x00000000        0x0 Cards/MOSFET_BreakDown.o
 .text          0x00000000        0x0 Cards/Slot_Tester.o
 .data          0x00000000        0x0 Cards/Slot_Tester.o
 .bss           0x00000000        0x0 Cards/Slot_Tester.o
 .text          0x00000000        0x0 ICs/AD5752.o
 .data          0x00000000        0x0 ICs/AD5752.o
 .bss           0x00000000        0x0 ICs/AD5752.o
 .text          0x00000000        0x0 ICs/MCP23S08.o
 .data          0x00000000        0x0 ICs/MCP23S08.o
 .bss           0x00000000        0x0 ICs/MCP23S08.o
 .text.IO_Expander_Init
                0x00000000        0x2 ICs/MCP23S08.o
 .text          0x00000000        0x0 LTC1864.o
 .data          0x00000000        0x0 LTC1864.o
 .bss           0x00000000        0x0 LTC1864.o
 .text.Measure_Voltage_LED
                0x00000000        0x8 LTC1864.o
 .text          0x00000000        0x0 main.o
 .data          0x00000000        0x0 main.o
 .bss           0x00000000        0x0 main.o
 .progmem.data.firmware_version
                0x00000000       0x2a main.o
 .text          0x00000000        0x0 my_Timers.o
 .data          0x00000000        0x0 my_Timers.o
 .bss           0x00000000        0x0 my_Timers.o
 .text          0x00000000        0x0 terminal.o
 .data          0x00000000        0x0 terminal.o
 .bss           0x00000000        0x0 terminal.o
 .text.ParseBool
                0x00000000       0x20 terminal.o
 .text.TransmitString
                0x00000000        0x6 terminal.o
 .text.TransmitInt0
                0x00000000      0x104 terminal.o
 .text          0x00000000        0x0 uart0.o
 .data          0x00000000        0x0 uart0.o
 .bss           0x00000000        0x0 uart0.o
 .text.UART0ReceiveLen
                0x00000000       0x78 uart0.o
 .text.UART0CharsWaiting
                0x00000000       0x18 uart0.o
 .text.UART0SendWaiting
                0x00000000        0xc uart0.o
 .text.UART0TransmitBytes
                0x00000000       0x26 uart0.o
 .text.UART0DoRxTx
                0x00000000       0xe0 uart0.o
 .bss.uart0_rx_frames
                0x00000000        0x1 uart0.o
 .bss.uart0_rx_lenght
                0x00000000        0x1 uart0.o
 .text          0x00000000        0x0 usart_spi.o
 .data          0x00000000        0x0 usart_spi.o
 .bss           0x00000000        0x0 usart_spi.o
 .text.USART_SPI_Init
                0x00000000        0xa usart_spi.o
 .text.USART_SPI_DoRxTx
                0x00000000       0xd6 usart_spi.o
 .bss.usart_spi_rx_lenght
                0x00000000        0x1 usart_spi.o
 .text          0x00000000        0x0 c:/program files (x86)/atmel/studio/7.0/toolchain/avr8/avr8-gnu-toolchain/bin/../lib/gcc/avr/5.4.0/avr6\libgcc.a(_udivmodhi4.o)
 .data          0x00000000        0x0 c:/program files (x86)/atmel/studio/7.0/toolchain/avr8/avr8-gnu-toolchain/bin/../lib/gcc/avr/5.4.0/avr6\libgcc.a(_udivmodhi4.o)
 .bss           0x00000000        0x0 c:/program files (x86)/atmel/studio/7.0/toolchain/avr8/avr8-gnu-toolchain/bin/../lib/gcc/avr/5.4.0/avr6\libgcc.a(_udivmodhi4.o)
 .text.libgcc.mul
                0x00000000        0x0 c:/program files (x86)/atmel/studio/7.0/toolchain/avr8/avr8-gnu-toolchain/bin/../lib/gcc/avr/5.4.0/avr6\libgcc.a(_udivmodhi4.o)
 .text.libgcc   0x00000000        0x0 c:/program files (x86)/atmel/studio/7.0/toolchain/avr8/avr8-gnu-toolchain/bin/../lib/gcc/avr/5.4.0/avr6\libgcc.a(_udivmodhi4.o)
 .text.libgcc.prologue
                0x00000000        0x0 c:/program files (x86)/atmel/studio/7.0/toolchain/avr8/avr8-gnu-toolchain/bin/../lib/gcc/avr/5.4.0/avr6\libgcc.a(_udivmodhi4.o)
 .text.libgcc.builtins
                0x00000000        0x0 c:/program files (x86)/atmel/studio/7.0/toolchain/avr8/avr8-gnu-toolchain/bin/../lib/gcc/avr/5.4.0/avr6\libgcc.a(_udivmodhi4.o)
 .text.libgcc.fmul
                0x00000000        0x0 c:/program files (x86)/atmel/studio/7.0/toolchain/avr8/avr8-gnu-toolchain/bin/../lib/gcc/avr/5.4.0/avr6\libgcc.a(_udivmodhi4.o)
 .text.libgcc.fixed
                0x00000000        0x0 c:/program files (x86)/atmel/studio/7.0/toolchain/avr8/avr8-gnu-toolchain/bin/../lib/gcc/avr/5.4.0/avr6\libgcc.a(_udivmodhi4.o)
 .text          0x00000000        0x0 c:/program files (x86)/atmel/studio/7.0/toolchain/avr8/avr8-gnu-toolchain/bin/../lib/gcc/avr/5.4.0/avr6\libgcc.a(_udivmodsi4.o)
 .data          0x00000000        0x0 c:/program files (x86)/atmel/studio/7.0/toolchain/avr8/avr8-gnu-toolchain/bin/../lib/gcc/avr/5.4.0/avr6\libgcc.a(_udivmodsi4.o)
 .bss           0x00000000        0x0 c:/program files (x86)/atmel/studio/7.0/toolchain/avr8/avr8-gnu-toolchain/bin/../lib/gcc/avr/5.4.0/avr6\libgcc.a(_udivmodsi4.o)
 .text.libgcc.mul
                0x00000000        0x0 c:/program files (x86)/atmel/studio/7.0/toolchain/avr8/avr8-gnu-toolchain/bin/../lib/gcc/avr/5.4.0/avr6\libgcc.a(_udivmodsi4.o)
 .text.libgcc   0x00000000        0x0 c:/program files (x86)/atmel/studio/7.0/toolchain/avr8/avr8-gnu-toolchain/bin/../lib/gcc/avr/5.4.0/avr6\libgcc.a(_udivmodsi4.o)
 .text.libgcc.prologue
                0x00000000        0x0 c:/program files (x86)/atmel/studio/7.0/toolchain/avr8/avr8-gnu-toolchain/bin/../lib/gcc/avr/5.4.0/avr6\libgcc.a(_udivmodsi4.o)
 .text.libgcc.builtins
                0x00000000        0x0 c:/program files (x86)/atmel/studio/7.0/toolchain/avr8/avr8-gnu-toolchain/bin/../lib/gcc/avr/5.4.0/avr6\libgcc.a(_udivmodsi4.o)
 .text.libgcc.fmul
                0x00000000        0x0 c:/program files (x86)/atmel/studio/7.0/toolchain/avr8/avr8-gnu-toolchain/bin/../lib/gcc/avr/5.4.0/avr6\libgcc.a(_udivmodsi4.o)
 .text.libgcc.fixed
                0x00000000        0x0 c:/program files (x86)/atmel/studio/7.0/toolchain/avr8/avr8-gnu-toolchain/bin/../lib/gcc/avr/5.4.0/avr6\libgcc.a(_udivmodsi4.o)
 .text          0x00000000        0x0 c:/program files (x86)/atmel/studio/7.0/toolchain/avr8/avr8-gnu-toolchain/bin/../lib/gcc/avr/5.4.0/avr6\libgcc.a(_exit.o)
 .data          0x00000000        0x0 c:/program files (x86)/atmel/studio/7.0/toolchain/avr8/avr8-gnu-toolchain/bin/../lib/gcc/avr/5.4.0/avr6\libgcc.a(_exit.o)
 .bss           0x00000000        0x0 c:/program files (x86)/atmel/studio/7.0/toolchain/avr8/avr8-gnu-toolchain/bin/../lib/gcc/avr/5.4.0/avr6\libgcc.a(_exit.o)
 .text.libgcc.mul
                0x00000000        0x0 c:/program files (x86)/atmel/studio/7.0/toolchain/avr8/avr8-gnu-toolchain/bin/../lib/gcc/avr/5.4.0/avr6\libgcc.a(_exit.o)
 .text.libgcc.div
                0x00000000        0x0 c:/program files (x86)/atmel/studio/7.0/toolchain/avr8/avr8-gnu-toolchain/bin/../lib/gcc/avr/5.4.0/avr6\libgcc.a(_exit.o)
 .text.libgcc   0x00000000        0x0 c:/program files (x86)/atmel/studio/7.0/toolchain/avr8/avr8-gnu-toolchain/bin/../lib/gcc/avr/5.4.0/avr6\libgcc.a(_exit.o)
 .text.libgcc.prologue
                0x00000000        0x0 c:/program files (x86)/atmel/studio/7.0/toolchain/avr8/avr8-gnu-toolchain/bin/../lib/gcc/avr/5.4.0/avr6\libgcc.a(_exit.o)
 .text.libgcc.builtins
                0x00000000        0x0 c:/program files (x86)/atmel/studio/7.0/toolchain/avr8/avr8-gnu-toolchain/bin/../lib/gcc/avr/5.4.0/avr6\libgcc.a(_exit.o)
 .text.libgcc.fmul
                0x00000000        0x0 c:/program files (x86)/atmel/studio/7.0/toolchain/avr8/avr8-gnu-toolchain/bin/../lib/gcc/avr/5.4.0/avr6\libgcc.a(_exit.o)
 .text.libgcc.fixed
                0x00000000        0x0 c:/program files (x86)/atmel/studio/7.0/toolchain/avr8/avr8-gnu-toolchain/bin/../lib/gcc/avr/5.4.0/avr6\libgcc.a(_exit.o)
 .text          0x00000000        0x0 c:/program files (x86)/atmel/studio/7.0/toolchain/avr8/avr8-gnu-toolchain/bin/../lib/gcc/avr/5.4.0/avr6\libgcc.a(_tablejump2.o)
 .data          0x00000000        0x0 c:/program files (x86)/atmel/studio/7.0/toolchain/avr8/avr8-gnu-toolchain/bin/../lib/gcc/avr/5.4.0/avr6\libgcc.a(_tablejump2.o)
 .bss           0x00000000        0x0 c:/program files (x86)/atmel/studio/7.0/toolchain/avr8/avr8-gnu-toolchain/bin/../lib/gcc/avr/5.4.0/avr6\libgcc.a(_tablejump2.o)
 .text.libgcc.mul
                0x00000000        0x0 c:/program files (x86)/atmel/studio/7.0/toolchain/avr8/avr8-gnu-toolchain/bin/../lib/gcc/avr/5.4.0/avr6\libgcc.a(_tablejump2.o)
 .text.libgcc.div
                0x00000000        0x0 c:/program files (x86)/atmel/studio/7.0/toolchain/avr8/avr8-gnu-toolchain/bin/../lib/gcc/avr/5.4.0/avr6\libgcc.a(_tablejump2.o)
 .text.libgcc.prologue
                0x00000000        0x0 c:/program files (x86)/atmel/studio/7.0/toolchain/avr8/avr8-gnu-toolchain/bin/../lib/gcc/avr/5.4.0/avr6\libgcc.a(_tablejump2.o)
 .text.libgcc.builtins
                0x00000000        0x0 c:/program files (x86)/atmel/studio/7.0/toolchain/avr8/avr8-gnu-toolchain/bin/../lib/gcc/avr/5.4.0/avr6\libgcc.a(_tablejump2.o)
 .text.libgcc.fmul
                0x00000000        0x0 c:/program files (x86)/atmel/studio/7.0/toolchain/avr8/avr8-gnu-toolchain/bin/../lib/gcc/avr/5.4.0/avr6\libgcc.a(_tablejump2.o)
 .text.libgcc.fixed
                0x00000000        0x0 c:/program files (x86)/atmel/studio/7.0/toolchain/avr8/avr8-gnu-toolchain/bin/../lib/gcc/avr/5.4.0/avr6\libgcc.a(_tablejump2.o)
 .text          0x00000000        0x0 c:/program files (x86)/atmel/studio/7.0/toolchain/avr8/avr8-gnu-toolchain/bin/../lib/gcc/avr/5.4.0/avr6\libgcc.a(_copy_data.o)
 .data          0x00000000        0x0 c:/program files (x86)/atmel/studio/7.0/toolchain/avr8/avr8-gnu-toolchain/bin/../lib/gcc/avr/5.4.0/avr6\libgcc.a(_copy_data.o)
 .bss           0x00000000        0x0 c:/program files (x86)/atmel/studio/7.0/toolchain/avr8/avr8-gnu-toolchain/bin/../lib/gcc/avr/5.4.0/avr6\libgcc.a(_copy_data.o)
 .text.libgcc.mul
                0x00000000        0x0 c:/program files (x86)/atmel/studio/7.0/toolchain/avr8/avr8-gnu-toolchain/bin/../lib/gcc/avr/5.4.0/avr6\libgcc.a(_copy_data.o)
 .text.libgcc.div
                0x00000000        0x0 c:/program files (x86)/atmel/studio/7.0/toolchain/avr8/avr8-gnu-toolchain/bin/../lib/gcc/avr/5.4.0/avr6\libgcc.a(_copy_data.o)
 .text.libgcc   0x00000000        0x0 c:/program files (x86)/atmel/studio/7.0/toolchain/avr8/avr8-gnu-toolchain/bin/../lib/gcc/avr/5.4.0/avr6\libgcc.a(_copy_data.o)
 .text.libgcc.prologue
                0x00000000        0x0 c:/program files (x86)/atmel/studio/7.0/toolchain/avr8/avr8-gnu-toolchain/bin/../lib/gcc/avr/5.4.0/avr6\libgcc.a(_copy_data.o)
 .text.libgcc.builtins
                0x00000000        0x0 c:/program files (x86)/atmel/studio/7.0/toolchain/avr8/avr8-gnu-toolchain/bin/../lib/gcc/avr/5.4.0/avr6\libgcc.a(_copy_data.o)
 .text.libgcc.fmul
                0x00000000        0x0 c:/program files (x86)/atmel/studio/7.0/toolchain/avr8/avr8-gnu-toolchain/bin/../lib/gcc/avr/5.4.0/avr6\libgcc.a(_copy_data.o)
 .text.libgcc.fixed
                0x00000000        0x0 c:/program files (x86)/atmel/studio/7.0/toolchain/avr8/avr8-gnu-toolchain/bin/../lib/gcc/avr/5.4.0/avr6\libgcc.a(_copy_data.o)
 .text          0x00000000        0x0 c:/program files (x86)/atmel/studio/7.0/toolchain/avr8/avr8-gnu-toolchain/bin/../lib/gcc/avr/5.4.0/avr6\libgcc.a(_clear_bss.o)
 .data          0x00000000        0x0 c:/program files (x86)/atmel/studio/7.0/toolchain/avr8/avr8-gnu-toolchain/bin/../lib/gcc/avr/5.4.0/avr6\libgcc.a(_clear_bss.o)
 .bss           0x00000000        0x0 c:/program files (x86)/atmel/studio/7.0/toolchain/avr8/avr8-gnu-toolchain/bin/../lib/gcc/avr/5.4.0/avr6\libgcc.a(_clear_bss.o)
 .text.libgcc.mul
                0x00000000        0x0 c:/program files (x86)/atmel/studio/7.0/toolchain/avr8/avr8-gnu-toolchain/bin/../lib/gcc/avr/5.4.0/avr6\libgcc.a(_clear_bss.o)
 .text.libgcc.div
                0x00000000        0x0 c:/program files (x86)/atmel/studio/7.0/toolchain/avr8/avr8-gnu-toolchain/bin/../lib/gcc/avr/5.4.0/avr6\libgcc.a(_clear_bss.o)
 .text.libgcc   0x00000000        0x0 c:/program files (x86)/atmel/studio/7.0/toolchain/avr8/avr8-gnu-toolchain/bin/../lib/gcc/avr/5.4.0/avr6\libgcc.a(_clear_bss.o)
 .text.libgcc.prologue
                0x00000000        0x0 c:/program files (x86)/atmel/studio/7.0/toolchain/avr8/avr8-gnu-toolchain/bin/../lib/gcc/avr/5.4.0/avr6\libgcc.a(_clear_bss.o)
 .text.libgcc.builtins
                0x00000000        0x0 c:/program files (x86)/atmel/studio/7.0/toolchain/avr8/avr8-gnu-toolchain/bin/../lib/gcc/avr/5.4.0/avr6\libgcc.a(_clear_bss.o)
 .text.libgcc.fmul
                0x00000000        0x0 c:/program files (x86)/atmel/studio/7.0/toolchain/avr8/avr8-gnu-toolchain/bin/../lib/gcc/avr/5.4.0/avr6\libgcc.a(_clear_bss.o)
 .text.libgcc.fixed
                0x00000000        0x0 c:/program files (x86)/atmel/studio/7.0/toolchain/avr8/avr8-gnu-toolchain/bin/../lib/gcc/avr/5.4.0/avr6\libgcc.a(_clear_bss.o)
 .text          0x00000000        0x0 c:/program files (x86)/atmel/studio/7.0/toolchain/avr8/avr8-gnu-toolchain/bin/../lib/gcc/avr/5.4.0/avr6\libgcc.a(_umulhisi3.o)
 .data          0x00000000        0x0 c:/program files (x86)/atmel/studio/7.0/toolchain/avr8/avr8-gnu-toolchain/bin/../lib/gcc/avr/5.4.0/avr6\libgcc.a(_umulhisi3.o)
 .bss           0x00000000        0x0 c:/program files (x86)/atmel/studio/7.0/toolchain/avr8/avr8-gnu-toolchain/bin/../lib/gcc/avr/5.4.0/avr6\libgcc.a(_umulhisi3.o)
 .text.libgcc.div
                0x00000000        0x0 c:/program files (x86)/atmel/studio/7.0/toolchain/avr8/avr8-gnu-toolchain/bin/../lib/gcc/avr/5.4.0/avr6\libgcc.a(_umulhisi3.o)
 .text.libgcc   0x00000000        0x0 c:/program files (x86)/atmel/studio/7.0/toolchain/avr8/avr8-gnu-toolchain/bin/../lib/gcc/avr/5.4.0/avr6\libgcc.a(_umulhisi3.o)
 .text.libgcc.prologue
                0x00000000        0x0 c:/program files (x86)/atmel/studio/7.0/toolchain/avr8/avr8-gnu-toolchain/bin/../lib/gcc/avr/5.4.0/avr6\libgcc.a(_umulhisi3.o)
 .text.libgcc.builtins
                0x00000000        0x0 c:/program files (x86)/atmel/studio/7.0/toolchain/avr8/avr8-gnu-toolchain/bin/../lib/gcc/avr/5.4.0/avr6\libgcc.a(_umulhisi3.o)
 .text.libgcc.fmul
                0x00000000        0x0 c:/program files (x86)/atmel/studio/7.0/toolchain/avr8/avr8-gnu-toolchain/bin/../lib/gcc/avr/5.4.0/avr6\libgcc.a(_umulhisi3.o)
 .text.libgcc.fixed
                0x00000000        0x0 c:/program files (x86)/atmel/studio/7.0/toolchain/avr8/avr8-gnu-toolchain/bin/../lib/gcc/avr/5.4.0/avr6\libgcc.a(_umulhisi3.o)
 .text          0x00000000        0x0 c:/program files (x86)/atmel/studio/7.0/toolchain/avr8/avr8-gnu-toolchain/bin/../lib/gcc/avr/5.4.0/avr6\libgcc.a(_usmulhisi3.o)
 .data          0x00000000        0x0 c:/program files (x86)/atmel/studio/7.0/toolchain/avr8/avr8-gnu-toolchain/bin/../lib/gcc/avr/5.4.0/avr6\libgcc.a(_usmulhisi3.o)
 .bss           0x00000000        0x0 c:/program files (x86)/atmel/studio/7.0/toolchain/avr8/avr8-gnu-toolchain/bin/../lib/gcc/avr/5.4.0/avr6\libgcc.a(_usmulhisi3.o)
 .text.libgcc.div
                0x00000000        0x0 c:/program files (x86)/atmel/studio/7.0/toolchain/avr8/avr8-gnu-toolchain/bin/../lib/gcc/avr/5.4.0/avr6\libgcc.a(_usmulhisi3.o)
 .text.libgcc   0x00000000        0x0 c:/program files (x86)/atmel/studio/7.0/toolchain/avr8/avr8-gnu-toolchain/bin/../lib/gcc/avr/5.4.0/avr6\libgcc.a(_usmulhisi3.o)
 .text.libgcc.prologue
                0x00000000        0x0 c:/program files (x86)/atmel/studio/7.0/toolchain/avr8/avr8-gnu-toolchain/bin/../lib/gcc/avr/5.4.0/avr6\libgcc.a(_usmulhisi3.o)
 .text.libgcc.builtins
                0x00000000        0x0 c:/program files (x86)/atmel/studio/7.0/toolchain/avr8/avr8-gnu-toolchain/bin/../lib/gcc/avr/5.4.0/avr6\libgcc.a(_usmulhisi3.o)
 .text.libgcc.fmul
                0x00000000        0x0 c:/program files (x86)/atmel/studio/7.0/toolchain/avr8/avr8-gnu-toolchain/bin/../lib/gcc/avr/5.4.0/avr6\libgcc.a(_usmulhisi3.o)
 .text.libgcc.fixed
                0x00000000        0x0 c:/program files (x86)/atmel/studio/7.0/toolchain/avr8/avr8-gnu-toolchain/bin/../lib/gcc/avr/5.4.0/avr6\libgcc.a(_usmulhisi3.o)
 .text          0x00000000        0x0 c:/program files (x86)/atmel/studio/7.0/toolchain/avr8/avr8-gnu-toolchain/bin/../lib/gcc/avr/5.4.0/avr6\libgcc.a(_muluhisi3.o)
 .data          0x00000000        0x0 c:/program files (x86)/atmel/studio/7.0/toolchain/avr8/avr8-gnu-toolchain/bin/../lib/gcc/avr/5.4.0/avr6\libgcc.a(_muluhisi3.o)
 .bss           0x00000000        0x0 c:/program files (x86)/atmel/studio/7.0/toolchain/avr8/avr8-gnu-toolchain/bin/../lib/gcc/avr/5.4.0/avr6\libgcc.a(_muluhisi3.o)
 .text.libgcc.div
                0x00000000        0x0 c:/program files (x86)/atmel/studio/7.0/toolchain/avr8/avr8-gnu-toolchain/bin/../lib/gcc/avr/5.4.0/avr6\libgcc.a(_muluhisi3.o)
 .text.libgcc   0x00000000        0x0 c:/program files (x86)/atmel/studio/7.0/toolchain/avr8/avr8-gnu-toolchain/bin/../lib/gcc/avr/5.4.0/avr6\libgcc.a(_muluhisi3.o)
 .text.libgcc.prologue
                0x00000000        0x0 c:/program files (x86)/atmel/studio/7.0/toolchain/avr8/avr8-gnu-toolchain/bin/../lib/gcc/avr/5.4.0/avr6\libgcc.a(_muluhisi3.o)
 .text.libgcc.builtins
                0x00000000        0x0 c:/program files (x86)/atmel/studio/7.0/toolchain/avr8/avr8-gnu-toolchain/bin/../lib/gcc/avr/5.4.0/avr6\libgcc.a(_muluhisi3.o)
 .text.libgcc.fmul
                0x00000000        0x0 c:/program files (x86)/atmel/studio/7.0/toolchain/avr8/avr8-gnu-toolchain/bin/../lib/gcc/avr/5.4.0/avr6\libgcc.a(_muluhisi3.o)
 .text.libgcc.fixed
                0x00000000        0x0 c:/program files (x86)/atmel/studio/7.0/toolchain/avr8/avr8-gnu-toolchain/bin/../lib/gcc/avr/5.4.0/avr6\libgcc.a(_muluhisi3.o)
 .text          0x00000000        0x0 c:/program files (x86)/atmel/studio/7.0/toolchain/avr8/avr8-gnu-toolchain/bin/../lib/gcc/avr/5.4.0/../../../../avr/lib/avr6\libc.a(strcat.o)
 .data          0x00000000        0x0 c:/program files (x86)/atmel/studio/7.0/toolchain/avr8/avr8-gnu-toolchain/bin/../lib/gcc/avr/5.4.0/../../../../avr/lib/avr6\libc.a(strcat.o)
 .bss           0x00000000        0x0 c:/program files (x86)/atmel/studio/7.0/toolchain/avr8/avr8-gnu-toolchain/bin/../lib/gcc/avr/5.4.0/../../../../avr/lib/avr6\libc.a(strcat.o)
 .text          0x00000000        0x0 c:/program files (x86)/atmel/studio/7.0/toolchain/avr8/avr8-gnu-toolchain/bin/../lib/gcc/avr/5.4.0/../../../../avr/lib/avr6\libc.a(strcpy.o)
 .data          0x00000000        0x0 c:/program files (x86)/atmel/studio/7.0/toolchain/avr8/avr8-gnu-toolchain/bin/../lib/gcc/avr/5.4.0/../../../../avr/lib/avr6\libc.a(strcpy.o)
 .bss           0x00000000        0x0 c:/program files (x86)/atmel/studio/7.0/toolchain/avr8/avr8-gnu-toolchain/bin/../lib/gcc/avr/5.4.0/../../../../avr/lib/avr6\libc.a(strcpy.o)
 .text          0x00000000        0x0 c:/program files (x86)/atmel/studio/7.0/toolchain/avr8/avr8-gnu-toolchain/bin/../lib/gcc/avr/5.4.0/../../../../avr/lib/avr6\libc.a(itoa_ncheck.o)
 .data          0x00000000        0x0 c:/program files (x86)/atmel/studio/7.0/toolchain/avr8/avr8-gnu-toolchain/bin/../lib/gcc/avr/5.4.0/../../../../avr/lib/avr6\libc.a(itoa_ncheck.o)
 .bss           0x00000000        0x0 c:/program files (x86)/atmel/studio/7.0/toolchain/avr8/avr8-gnu-toolchain/bin/../lib/gcc/avr/5.4.0/../../../../avr/lib/avr6\libc.a(itoa_ncheck.o)
 .text          0x00000000        0x0 c:/program files (x86)/atmel/studio/7.0/toolchain/avr8/avr8-gnu-toolchain/bin/../lib/gcc/avr/5.4.0/../../../../avr/lib/avr6\libc.a(ltoa_ncheck.o)
 .data          0x00000000        0x0 c:/program files (x86)/atmel/studio/7.0/toolchain/avr8/avr8-gnu-toolchain/bin/../lib/gcc/avr/5.4.0/../../../../avr/lib/avr6\libc.a(ltoa_ncheck.o)
 .bss           0x00000000        0x0 c:/program files (x86)/atmel/studio/7.0/toolchain/avr8/avr8-gnu-toolchain/bin/../lib/gcc/avr/5.4.0/../../../../avr/lib/avr6\libc.a(ltoa_ncheck.o)
 .text          0x00000000        0x0 c:/program files (x86)/atmel/studio/7.0/toolchain/avr8/avr8-gnu-toolchain/bin/../lib/gcc/avr/5.4.0/../../../../avr/lib/avr6\libc.a(ultoa_ncheck.o)
 .data          0x00000000        0x0 c:/program files (x86)/atmel/studio/7.0/toolchain/avr8/avr8-gnu-toolchain/bin/../lib/gcc/avr/5.4.0/../../../../avr/lib/avr6\libc.a(ultoa_ncheck.o)
 .bss           0x00000000        0x0 c:/program files (x86)/atmel/studio/7.0/toolchain/avr8/avr8-gnu-toolchain/bin/../lib/gcc/avr/5.4.0/../../../../avr/lib/avr6\libc.a(ultoa_ncheck.o)
 .text          0x00000000        0x0 c:/program files (x86)/atmel/studio/7.0/toolchain/avr8/avr8-gnu-toolchain/bin/../lib/gcc/avr/5.4.0/../../../../avr/lib/avr6\libc.a(utoa_ncheck.o)
 .data          0x00000000        0x0 c:/program files (x86)/atmel/studio/7.0/toolchain/avr8/avr8-gnu-toolchain/bin/../lib/gcc/avr/5.4.0/../../../../avr/lib/avr6\libc.a(utoa_ncheck.o)
 .bss           0x00000000        0x0 c:/program files (x86)/atmel/studio/7.0/toolchain/avr8/avr8-gnu-toolchain/bin/../lib/gcc/avr/5.4.0/../../../../avr/lib/avr6\libc.a(utoa_ncheck.o)
 .text          0x00000000        0x0 c:/program files (x86)/atmel/studio/7.0/toolchain/avr8/avr8-gnu-toolchain/bin/../lib/gcc/avr/5.4.0/../../../../avr/lib/avr6\libc.a(strrev.o)
 .data          0x00000000        0x0 c:/program files (x86)/atmel/studio/7.0/toolchain/avr8/avr8-gnu-toolchain/bin/../lib/gcc/avr/5.4.0/../../../../avr/lib/avr6\libc.a(strrev.o)
 .bss           0x00000000        0x0 c:/program files (x86)/atmel/studio/7.0/toolchain/avr8/avr8-gnu-toolchain/bin/../lib/gcc/avr/5.4.0/../../../../avr/lib/avr6\libc.a(strrev.o)
 .text          0x00000000        0x0 C:/Program Files (x86)/Atmel/Studio/7.0/Packs/atmel/ATmega_DFP/1.2.150/gcc/dev/atmega2560/avr6\libatmega2560.a(eerd_byte.o)
 .data          0x00000000        0x0 C:/Program Files (x86)/Atmel/Studio/7.0/Packs/atmel/ATmega_DFP/1.2.150/gcc/dev/atmega2560/avr6\libatmega2560.a(eerd_byte.o)
 .bss           0x00000000        0x0 C:/Program Files (x86)/Atmel/Studio/7.0/Packs/atmel/ATmega_DFP/1.2.150/gcc/dev/atmega2560/avr6\libatmega2560.a(eerd_byte.o)
 .text          0x00000000        0x0 C:/Program Files (x86)/Atmel/Studio/7.0/Packs/atmel/ATmega_DFP/1.2.150/gcc/dev/atmega2560/avr6\libatmega2560.a(eerd_dword.o)
 .data          0x00000000        0x0 C:/Program Files (x86)/Atmel/Studio/7.0/Packs/atmel/ATmega_DFP/1.2.150/gcc/dev/atmega2560/avr6\libatmega2560.a(eerd_dword.o)
 .bss           0x00000000        0x0 C:/Program Files (x86)/Atmel/Studio/7.0/Packs/atmel/ATmega_DFP/1.2.150/gcc/dev/atmega2560/avr6\libatmega2560.a(eerd_dword.o)
 .text          0x00000000        0x0 C:/Program Files (x86)/Atmel/Studio/7.0/Packs/atmel/ATmega_DFP/1.2.150/gcc/dev/atmega2560/avr6\libatmega2560.a(eerd_word.o)
 .data          0x00000000        0x0 C:/Program Files (x86)/Atmel/Studio/7.0/Packs/atmel/ATmega_DFP/1.2.150/gcc/dev/atmega2560/avr6\libatmega2560.a(eerd_word.o)
 .bss           0x00000000        0x0 C:/Program Files (x86)/Atmel/Studio/7.0/Packs/atmel/ATmega_DFP/1.2.150/gcc/dev/atmega2560/avr6\libatmega2560.a(eerd_word.o)
 .text          0x00000000        0x0 C:/Program Files (x86)/Atmel/Studio/7.0/Packs/atmel/ATmega_DFP/1.2.150/gcc/dev/atmega2560/avr6\libatmega2560.a(eewr_byte.o)
 .data          0x00000000        0x0 C:/Program Files (x86)/Atmel/Studio/7.0/Packs/atmel/ATmega_DFP/1.2.150/gcc/dev/atmega2560/avr6\libatmega2560.a(eewr_byte.o)
 .bss           0x00000000        0x0 C:/Program Files (x86)/Atmel/Studio/7.0/Packs/atmel/ATmega_DFP/1.2.150/gcc/dev/atmega2560/avr6\libatmega2560.a(eewr_byte.o)
 .text          0x00000000        0x0 C:/Program Files (x86)/Atmel/Studio/7.0/Packs/atmel/ATmega_DFP/1.2.150/gcc/dev/atmega2560/avr6\libatmega2560.a(eewr_dword.o)
 .data          0x00000000        0x0 C:/Program Files (x86)/Atmel/Studio/7.0/Packs/atmel/ATmega_DFP/1.2.150/gcc/dev/atmega2560/avr6\libatmega2560.a(eewr_dword.o)
 .bss           0x00000000        0x0 C:/Program Files (x86)/Atmel/Studio/7.0/Packs/atmel/ATmega_DFP/1.2.150/gcc/dev/atmega2560/avr6\libatmega2560.a(eewr_dword.o)
 .text          0x00000000        0x0 C:/Program Files (x86)/Atmel/Studio/7.0/Packs/atmel/ATmega_DFP/1.2.150/gcc/dev/atmega2560/avr6\libatmega2560.a(eewr_word.o)
 .data          0x00000000        0x0 C:/Program Files (x86)/Atmel/Studio/7.0/Packs/atmel/ATmega_DFP/1.2.150/gcc/dev/atmega2560/avr6\libatmega2560.a(eewr_word.o)
 .bss           0x00000000        0x0 C:/Program Files (x86)/Atmel/Studio/7.0/Packs/atmel/ATmega_DFP/1.2.150/gcc/dev/atmega2560/avr6\libatmega2560.a(eewr_word.o)
 .text          0x00000000        0x0 C:/Program Files (x86)/Atmel/Studio/7.0/Packs/atmel/ATmega_DFP/1.2.150/gcc/dev/atmega2560/avr6\libatmega2560.a(eerd_block.o)
 .data          0x00000000        0x0 C:/Program Files (x86)/Atmel/Studio/7.0/Packs/atmel/ATmega_DFP/1.2.150/gcc/dev/atmega2560/avr6\libatmega2560.a(eerd_block.o)
 .bss           0x00000000        0x0 C:/Program Files (x86)/Atmel/Studio/7.0/Packs/atmel/ATmega_DFP/1.2.150/gcc/dev/atmega2560/avr6\libatmega2560.a(eerd_block.o)

Memory Configuration

Name             Origin             Length             Attributes
text             0x00000000         0x00100000         xr
data             0x00800200         0x0000fe00         rw !x
eeprom           0x00810000         0x00010000         rw !x
fuse             0x00820000         0x00000003         rw !x
lock             0x00830000         0x00000400         rw !x
signature        0x00840000         0x00000400         rw !x
user_signatures  0x00850000         0x00000400         rw !x
*default*        0x00000000         0xffffffff

Linker script and memory map

Address of section .data set to 0x800200
LOAD C:/Program Files (x86)/Atmel/Studio/7.0/Packs/atmel/ATmega_DFP/1.2.150/gcc/dev/atmega2560/avr6/crtatmega2560.o
LOAD ad5752.o
LOAD Cards/LED_Source.o
LOAD Cards/MOSFET_BreakDown.o
LOAD Cards/Slot_Tester.o
LOAD ICs/AD5752.o
LOAD ICs/MCP23S08.o
LOAD LTC1864.o
LOAD main.o
LOAD my_Timers.o
LOAD terminal.o
LOAD uart0.o
LOAD usart_spi.o
START GROUP
LOAD c:/program files (x86)/atmel/studio/7.0/toolchain/avr8/avr8-gnu-toolchain/bin/../lib/gcc/avr/5.4.0/../../../../avr/lib/avr6\libm.a
END GROUP
START GROUP
LOAD c:/program files (x86)/atmel/studio/7.0/toolchain/avr8/avr8-gnu-toolchain/bin/../lib/gcc/avr/5.4.0/avr6\libgcc.a
LOAD c:/program files (x86)/atmel/studio/7.0/toolchain/avr8/avr8-gnu-toolchain/bin/../lib/gcc/avr/5.4.0/../../../../avr/lib/avr6\libm.a
LOAD c:/program files (x86)/atmel/studio/7.0/toolchain/avr8/avr8-gnu-toolchain/bin/../lib/gcc/avr/5.4.0/../../../../avr/lib/avr6\libc.a
LOAD C:/Program Files (x86)/Atmel/Studio/7.0/Packs/atmel/ATmega_DFP/1.2.150/gcc/dev/atmega2560/avr6\libatmega2560.a
END GROUP
                0x00100000                __TEXT_REGION_LENGTH__ = DEFINED (__TEXT_REGION_LENGTH__)?__TEXT_REGION_LENGTH__:0x100000
                0x0000fe00                __DATA_REGION_LENGTH__ = DEFINED (__DATA_REGION_LENGTH__)?__DATA_REGION_LENGTH__:0xfe00
                0x00010000                __EEPROM_REGION_LENGTH__ = DEFINED (__EEPROM_REGION_LENGTH__)?__EEPROM_REGION_LENGTH__:0x10000
                [0x00000003]                __FUSE_REGION_LENGTH__ = DEFINED (__FUSE_REGION_LENGTH__)?__FUSE_REGION_LENGTH__:0x400
                0x00000400                __LOCK_REGION_LENGTH__ = DEFINED (__LOCK_REGION_LENGTH__)?__LOCK_REGION_LENGTH__:0x400
                0x00000400                __SIGNATURE_REGION_LENGTH__ = DEFINED (__SIGNATURE_REGION_LENGTH__)?__SIGNATURE_REGION_LENGTH__:0x400
                0x00000400                __USER_SIGNATURE_REGION_LENGTH__ = DEFINED (__USER_SIGNATURE_REGION_LENGTH__)?__USER_SIGNATURE_REGION_LENGTH__:0x400

.hash
 *(.hash)

.dynsym
 *(.dynsym)

.dynstr
 *(.dynstr)

.gnu.version
 *(.gnu.version)

.gnu.version_d
 *(.gnu.version_d)

.gnu.version_r
 *(.gnu.version_r)

.rel.init
 *(.rel.init)

.rela.init
 *(.rela.init)

.rel.text
 *(.rel.text)
 *(.rel.text.*)
 *(.rel.gnu.linkonce.t*)

.rela.text
 *(.rela.text)
 *(.rela.text.*)
 *(.rela.gnu.linkonce.t*)

.rel.fini
 *(.rel.fini)

.rela.fini
 *(.rela.fini)

.rel.rodata
 *(.rel.rodata)
 *(.rel.rodata.*)
 *(.rel.gnu.linkonce.r*)

.rela.rodata
 *(.rela.rodata)
 *(.rela.rodata.*)
 *(.rela.gnu.linkonce.r*)

.rel.data
 *(.rel.data)
 *(.rel.data.*)
 *(.rel.gnu.linkonce.d*)

.rela.data
 *(.rela.data)
 *(.rela.data.*)
 *(.rela.gnu.linkonce.d*)

.rel.ctors
 *(.rel.ctors)

.rela.ctors
 *(.rela.ctors)

.rel.dtors
 *(.rel.dtors)

.rela.dtors
 *(.rela.dtors)

.rel.got
 *(.rel.got)

.rela.got
 *(.rela.got)

.rel.bss
 *(.rel.bss)

.rela.bss
 *(.rela.bss)

.rel.plt
 *(.rel.plt)

.rela.plt
 *(.rela.plt)

.text           0x00000000     0x2f10
 *(.vectors)
 .vectors       0x00000000       0xe4 C:/Program Files (x86)/Atmel/Studio/7.0/Packs/atmel/ATmega_DFP/1.2.150/gcc/dev/atmega2560/avr6/crtatmega2560.o
                0x00000000                __vector_default
                0x00000000                __vectors
 *(.vectors)
 *(.progmem.gcc*)
 .progmem.gcc_sw_table.Slot_Tester_set_7Segment
                0x000000e4       0x14 Cards/Slot_Tester.o
                0x000000f8                . = ALIGN (0x2)
                0x000000f8                __trampolines_start = .
 *(.trampolines)
 .trampolines   0x000000f8        0x0 linker stubs
 *(.trampolines*)
                0x000000f8                __trampolines_end = .
 *libprintf_flt.a:*(.progmem.data)
 *libc.a:*(.progmem.data)
 *(.progmem*)
                0x000000f8                . = ALIGN (0x2)
 *(.jumptables)
 *(.jumptables*)
 *(.lowtext)
 *(.lowtext*)
                0x000000f8                __ctors_start = .
 *(.ctors)
                0x000000f8                __ctors_end = .
                0x000000f8                __dtors_start = .
 *(.dtors)
                0x000000f8                __dtors_end = .
 SORT(*)(.ctors)
 SORT(*)(.dtors)
 *(.init0)
 .init0         0x000000f8        0x0 C:/Program Files (x86)/Atmel/Studio/7.0/Packs/atmel/ATmega_DFP/1.2.150/gcc/dev/atmega2560/avr6/crtatmega2560.o
                0x000000f8                __init
 *(.init0)
 *(.init1)
 *(.init1)
 *(.init2)
 .init2         0x000000f8       0x10 C:/Program Files (x86)/Atmel/Studio/7.0/Packs/atmel/ATmega_DFP/1.2.150/gcc/dev/atmega2560/avr6/crtatmega2560.o
 *(.init2)
 *(.init3)
 *(.init3)
 *(.init4)
 .init4         0x00000108       0x1a c:/program files (x86)/atmel/studio/7.0/toolchain/avr8/avr8-gnu-toolchain/bin/../lib/gcc/avr/5.4.0/avr6\libgcc.a(_copy_data.o)
                0x00000108                __do_copy_data
 .init4         0x00000122       0x10 c:/program files (x86)/atmel/studio/7.0/toolchain/avr8/avr8-gnu-toolchain/bin/../lib/gcc/avr/5.4.0/avr6\libgcc.a(_clear_bss.o)
                0x00000122                __do_clear_bss
 *(.init4)
 *(.init5)
 *(.init5)
 *(.init6)
 *(.init6)
 *(.init7)
 *(.init7)
 *(.init8)
 *(.init8)
 *(.init9)
 .init9         0x00000132        0x6 C:/Program Files (x86)/Atmel/Studio/7.0/Packs/atmel/ATmega_DFP/1.2.150/gcc/dev/atmega2560/avr6/crtatmega2560.o
 *(.init9)
 *(.text)
 .text          0x00000138        0x2 C:/Program Files (x86)/Atmel/Studio/7.0/Packs/atmel/ATmega_DFP/1.2.150/gcc/dev/atmega2560/avr6/crtatmega2560.o
                0x00000138                __vector_38
                0x00000138                __vector_22
                0x00000138                __vector_28
                0x00000138                __vector_1
                0x00000138                __vector_32
                0x00000138                __vector_34
                0x00000138                __vector_12
                0x00000138                __vector_55
                0x00000138                __vector_46
                0x00000138                __bad_interrupt
                0x00000138                __vector_6
                0x00000138                __vector_31
                0x00000138                __vector_35
                0x00000138                __vector_39
                0x00000138                __vector_3
                0x00000138                __vector_23
                0x00000138                __vector_30
                0x00000138                __vector_45
                0x00000138                __vector_11
                0x00000138                __vector_54
                0x00000138                __vector_17
                0x00000138                __vector_19
                0x00000138                __vector_56
                0x00000138                __vector_7
                0x00000138                __vector_41
                0x00000138                __vector_43
                0x00000138                __vector_5
                0x00000138                __vector_33
                0x00000138                __vector_52
                0x00000138                __vector_37
                0x00000138                __vector_4
                0x00000138                __vector_44
                0x00000138                __vector_9
                0x00000138                __vector_2
                0x00000138                __vector_21
                0x00000138                __vector_15
                0x00000138                __vector_36
                0x00000138                __vector_29
                0x00000138                __vector_40
                0x00000138                __vector_8
                0x00000138                __vector_26
                0x00000138                __vector_14
                0x00000138                __vector_53
                0x00000138                __vector_10
                0x00000138                __vector_16
                0x00000138                __vector_18
                0x00000138                __vector_20
                0x00000138                __vector_42
                0x0000013a                . = ALIGN (0x2)
 *(.text.*)
 .text.SPI_Send
                0x0000013a       0x5a ad5752.o
                0x0000013a                SPI_Send
 .text.DAC_Range_and_PowerUp
                0x00000194       0x42 ad5752.o
                0x00000194                DAC_Range_and_PowerUp
 .text.LEDSource_set_Heat_Current
                0x000001d6       0x48 ad5752.o
                0x000001d6                LEDSource_set_Heat_Current
 .text.LEDSource_set_Meas_Current
                0x0000021e       0x48 ad5752.o
                0x0000021e                LEDSource_set_Meas_Current
 .text.MOSFETSource_set_Heat_Current
                0x00000266       0x48 ad5752.o
                0x00000266                MOSFETSource_set_Heat_Current
 .text.MOSFETSource_set_Meas_Current
                0x000002ae       0x48 ad5752.o
                0x000002ae                MOSFETSource_set_Meas_Current
 .text.MOSFETSource_set_Meas_Voltage
                0x000002f6       0x62 ad5752.o
                0x000002f6                MOSFETSource_set_Meas_Voltage
 .text.FrontEnd_set_Offset_Voltage
                0x00000358       0x48 ad5752.o
                0x00000358                FrontEnd_set_Offset_Voltage
 .text.DAC_Init
                0x000003a0       0x7e ad5752.o
                0x000003a0                DAC_Init
 .text.LED_Source_Init
                0x0000041e       0x88 Cards/LED_Source.o
                0x0000041e                LED_Source_Init
 .text.LED_Source_Set_Heat_Current
                0x000004a6       0x2e Cards/LED_Source.o
                0x000004a6                LED_Source_Set_Heat_Current
 .text.LED_Source_Set_Meas_Current
                0x000004d4       0x2e Cards/LED_Source.o
                0x000004d4                LED_Source_Set_Meas_Current
 .text.MOSFET_BreakDown_Init
                0x00000502       0x9a Cards/MOSFET_BreakDown.o
                0x00000502                MOSFET_BreakDown_Init
 .text.B_Set_Relais_to_BreakDownTest
                0x0000059c       0x34 Cards/MOSFET_BreakDown.o
                0x0000059c                B_Set_Relais_to_BreakDownTest
 .text.B_Set_Relais_to_Leakage_GS
                0x000005d0       0x34 Cards/MOSFET_BreakDown.o
                0x000005d0                B_Set_Relais_to_Leakage_GS
 .text.B_Set_Relais_to_Characteristic_Curve
                0x00000604       0x34 Cards/MOSFET_BreakDown.o
                0x00000604                B_Set_Relais_to_Characteristic_Curve
 .text.B_Set_Relais_to_BodyDiode_Curve
                0x00000638       0x34 Cards/MOSFET_BreakDown.o
                0x00000638                B_Set_Relais_to_BodyDiode_Curve
 .text.B_Set_Relais_all_off
                0x0000066c       0x22 Cards/MOSFET_BreakDown.o
                0x0000066c                B_Set_Relais_all_off
 .text.Slot_Tester_Init
                0x0000068e       0xb8 Cards/Slot_Tester.o
                0x0000068e                Slot_Tester_Init
 .text.Slot_Tester_set_7Segment
                0x00000746       0xae Cards/Slot_Tester.o
                0x00000746                Slot_Tester_set_7Segment
 .text.Slot_Tester_get_7Segment
                0x000007f4       0xc8 Cards/Slot_Tester.o
                0x000007f4                Slot_Tester_get_7Segment
 .text.Slot_Tester_IO_Lauflicht
                0x000008bc       0xe6 Cards/Slot_Tester.o
                0x000008bc                Slot_Tester_IO_Lauflicht
 .text.Slot_Tester_Gesamtablauf
                0x000009a2       0x1c Cards/Slot_Tester.o
                0x000009a2                Slot_Tester_Gesamtablauf
 .text.DAC_AD5752_Range_and_PowerUp
                0x000009be       0x56 ICs/AD5752.o
                0x000009be                DAC_AD5752_Range_and_PowerUp
 .text.DAC_AD5752_Set
                0x00000a14       0x4a ICs/AD5752.o
                0x00000a14                DAC_AD5752_Set
 .text.IO_Expander_set_Register
                0x00000a5e       0x44 ICs/MCP23S08.o
                0x00000a5e                IO_Expander_set_Register
 .text.IO_Expander_get_Register
                0x00000aa2       0x64 ICs/MCP23S08.o
                0x00000aa2                IO_Expander_get_Register
 .text.Measure_Voltage_MOSFET_with_DataAnalyse
                0x00000b06       0x72 LTC1864.o
                0x00000b06                Measure_Voltage_MOSFET_with_DataAnalyse
 .text.Measure_Voltage_MOSFET_without_DataAnalyse
                0x00000b78       0x46 LTC1864.o
                0x00000b78                Measure_Voltage_MOSFET_without_DataAnalyse
 .text.Measure_Voltage_MOSFET_get_Data
                0x00000bbe       0x26 LTC1864.o
                0x00000bbe                Measure_Voltage_MOSFET_get_Data
 .text.Init_IO_Pins
                0x00000be4       0xc0 main.o
                0x00000be4                Init_IO_Pins
 .text.Lauflicht
                0x00000ca4       0x84 main.o
                0x00000ca4                Lauflicht
 .text.PulseStop
                0x00000d28        0xe main.o
                0x00000d28                PulseStop
 .text.Init     0x00000d36      0x160 main.o
                0x00000d36                Init
 .text.main     0x00000e96       0x70 main.o
                0x00000e96                main
 .text.PulseStart_stdTTA
                0x00000f06       0x3c main.o
                0x00000f06                PulseStart_stdTTA
 .text.PulseStart_Sensitivity
                0x00000f42        0xc main.o
                0x00000f42                PulseStart_Sensitivity
 .text.PulseStart_detTTA
                0x00000f4e       0x1c main.o
                0x00000f4e                PulseStart_detTTA
 .text.PulseStart_PrePulse
                0x00000f6a       0x20 main.o
                0x00000f6a                PulseStart_PrePulse
 .text.Init_Timer_1ms
                0x00000f8a       0x1a my_Timers.o
                0x00000f8a                Init_Timer_1ms
 .text.__vector_13
                0x00000fa4       0x22 my_Timers.o
                0x00000fa4                __vector_13
 .text.Init_Timer_100us
                0x00000fc6       0x3c my_Timers.o
                0x00000fc6                Init_Timer_100us
 .text.Start_Timer_100us
                0x00001002        0xc my_Timers.o
                0x00001002                Start_Timer_100us
 .text.Stop_Timer_100us
                0x0000100e       0x18 my_Timers.o
                0x0000100e                Stop_Timer_100us
 .text.Init_Counter_100us
                0x00001026       0x3c my_Timers.o
                0x00001026                Init_Counter_100us
 .text.Setup_Counter_for_stdTTA
                0x00001062      0x184 my_Timers.o
                0x00001062                Setup_Counter_for_stdTTA
 .text.Setup_Counter_for_detTTA
                0x000011e6       0x66 my_Timers.o
                0x000011e6                Setup_Counter_for_detTTA
 .text.__vector_50
                0x0000124c       0xc8 my_Timers.o
                0x0000124c                __vector_50
 .text.__vector_47
                0x00001314       0x18 my_Timers.o
                0x00001314                __vector_47
 .text.__vector_48
                0x0000132c       0x82 my_Timers.o
                0x0000132c                __vector_48
 .text.__vector_49
                0x000013ae       0x54 my_Timers.o
                0x000013ae                __vector_49
 .text.TerminalInit
                0x00001402        0xa terminal.o
                0x00001402                TerminalInit
 .text.ParseIntLn
                0x0000140c       0xea terminal.o
                0x0000140c                ParseIntLn
 .text.ParseLongLn
                0x000014f6      0x140 terminal.o
                0x000014f6                ParseLongLn
 .text.ParseByte
                0x00001636       0xac terminal.o
                0x00001636                ParseByte
 .text.TransmitStringLn
                0x000016e2        0x6 terminal.o
                0x000016e2                TransmitStringLn
 .text.TransmitInt
                0x000016e8       0xcc terminal.o
                0x000016e8                TransmitInt
 .text.TransmitLong
                0x000017b4       0xd4 terminal.o
                0x000017b4                TransmitLong
 .text.TransmitFloat
                0x00001888      0x196 terminal.o
                0x00001888                TransmitFloat
 .text.TransmitByte
                0x00001a1e       0x72 terminal.o
                0x00001a1e                TransmitByte
 .text.TerminalParseCommand
                0x00001a90      0xbae terminal.o
                0x00001a90                TerminalParseCommand
 .text.TerminalCheckCommand
                0x0000263e       0x1a terminal.o
                0x0000263e                TerminalCheckCommand
 .text.__vector_25
                0x00002658       0xa8 uart0.o
                0x00002658                __vector_25
 .text.__vector_27
                0x00002700       0x74 uart0.o
                0x00002700                __vector_27
 .text.UART0InitBaudrate
                0x00002774       0x82 uart0.o
                0x00002774                UART0InitBaudrate
 .text.UART0Init
                0x000027f6        0x8 uart0.o
                0x000027f6                UART0Init
 .text.UART0ClearRx
                0x000027fe       0x2c uart0.o
                0x000027fe                UART0ClearRx
 .text.UART0ReceiveLine
                0x0000282a       0x9c uart0.o
                0x0000282a                UART0ReceiveLine
 .text.UART0TxByte
                0x000028c6       0x6c uart0.o
                0x000028c6                UART0TxByte
 .text.UART0TransmitString
                0x00002932       0x22 uart0.o
                0x00002932                UART0TransmitString
 .text.UART0TransmitStringLn
                0x00002954       0x2a uart0.o
                0x00002954                UART0TransmitStringLn
 .text.USART_SPI_InitBaudrate
                0x0000297e       0x28 usart_spi.o
                0x0000297e                USART_SPI_InitBaudrate
 .text.USART_SPI_SetCS
                0x000029a6       0x16 usart_spi.o
                0x000029a6                USART_SPI_SetCS
 .text.USART_SPI_ToggleCS
                0x000029bc       0x58 usart_spi.o
                0x000029bc                USART_SPI_ToggleCS
 .text.USART_SPI_ReceiveLen
                0x00002a14       0x56 usart_spi.o
                0x00002a14                USART_SPI_ReceiveLen
 .text.USART_SPI_RXWaiting
                0x00002a6a       0x18 usart_spi.o
                0x00002a6a                USART_SPI_RXWaiting
 .text.USART_SPI_TXWaiting
                0x00002a82        0xc usart_spi.o
                0x00002a82                USART_SPI_TXWaiting
 .text.USART_SPI_ClearRx
                0x00002a8e       0x20 usart_spi.o
                0x00002a8e                USART_SPI_ClearRx
 .text.__vector_51
                0x00002aae       0xa6 usart_spi.o
                0x00002aae                __vector_51
 .text.__vector_24
                0x00002b54      0x108 usart_spi.o
                0x00002b54                __vector_24
 .text.USART_SPI_TxByte
                0x00002c5c       0x70 usart_spi.o
                0x00002c5c                USART_SPI_TxByte
 .text.USART_SPI_TxBytes
                0x00002ccc       0x24 usart_spi.o
                0x00002ccc                USART_SPI_TxBytes
 .text.USART_SPI_RxBytes
                0x00002cf0        0xa usart_spi.o
                0x00002cf0                USART_SPI_RxBytes
 .text.libgcc.div
                0x00002cfa       0x28 c:/program files (x86)/atmel/studio/7.0/toolchain/avr8/avr8-gnu-toolchain/bin/../lib/gcc/avr/5.4.0/avr6\libgcc.a(_udivmodhi4.o)
                0x00002cfa                __udivmodhi4
 .text.libgcc.div
                0x00002d22       0x44 c:/program files (x86)/atmel/studio/7.0/toolchain/avr8/avr8-gnu-toolchain/bin/../lib/gcc/avr/5.4.0/avr6\libgcc.a(_udivmodsi4.o)
                0x00002d22                __udivmodsi4
 .text.libgcc   0x00002d66       0x10 c:/program files (x86)/atmel/studio/7.0/toolchain/avr8/avr8-gnu-toolchain/bin/../lib/gcc/avr/5.4.0/avr6\libgcc.a(_tablejump2.o)
                0x00002d66                __tablejump2__
 .text.libgcc.mul
                0x00002d76       0x1e c:/program files (x86)/atmel/studio/7.0/toolchain/avr8/avr8-gnu-toolchain/bin/../lib/gcc/avr/5.4.0/avr6\libgcc.a(_umulhisi3.o)
                0x00002d76                __umulhisi3
 .text.libgcc.mul
                0x00002d94        0xc c:/program files (x86)/atmel/studio/7.0/toolchain/avr8/avr8-gnu-toolchain/bin/../lib/gcc/avr/5.4.0/avr6\libgcc.a(_usmulhisi3.o)
                0x00002d94                __usmulhisi3
                0x00002d96                __usmulhisi3_tail
 .text.libgcc.mul
                0x00002da0       0x14 c:/program files (x86)/atmel/studio/7.0/toolchain/avr8/avr8-gnu-toolchain/bin/../lib/gcc/avr/5.4.0/avr6\libgcc.a(_muluhisi3.o)
                0x00002da0                __muluhisi3
 .text.avr-libc
                0x00002db4       0x16 c:/program files (x86)/atmel/studio/7.0/toolchain/avr8/avr8-gnu-toolchain/bin/../lib/gcc/avr/5.4.0/../../../../avr/lib/avr6\libc.a(strcat.o)
                0x00002db4                strcat
 .text.avr-libc
                0x00002dca        0xe c:/program files (x86)/atmel/studio/7.0/toolchain/avr8/avr8-gnu-toolchain/bin/../lib/gcc/avr/5.4.0/../../../../avr/lib/avr6\libc.a(strcpy.o)
                0x00002dca                strcpy
 .text.avr-libc
                0x00002dd8       0x14 c:/program files (x86)/atmel/studio/7.0/toolchain/avr8/avr8-gnu-toolchain/bin/../lib/gcc/avr/5.4.0/../../../../avr/lib/avr6\libc.a(itoa_ncheck.o)
                0x00002dd8                __itoa_ncheck
 .text.avr-libc
                0x00002dec       0x1c c:/program files (x86)/atmel/studio/7.0/toolchain/avr8/avr8-gnu-toolchain/bin/../lib/gcc/avr/5.4.0/../../../../avr/lib/avr6\libc.a(ltoa_ncheck.o)
                0x00002dec                __ltoa_ncheck
 .text.avr-libc
                0x00002e08       0x42 c:/program files (x86)/atmel/studio/7.0/toolchain/avr8/avr8-gnu-toolchain/bin/../lib/gcc/avr/5.4.0/../../../../avr/lib/avr6\libc.a(ultoa_ncheck.o)
                0x00002e08                __ultoa_ncheck
                0x00002e0a                __ultoa_common
 .text.avr-libc
                0x00002e4a       0x32 c:/program files (x86)/atmel/studio/7.0/toolchain/avr8/avr8-gnu-toolchain/bin/../lib/gcc/avr/5.4.0/../../../../avr/lib/avr6\libc.a(utoa_ncheck.o)
                0x00002e4a                __utoa_ncheck
                0x00002e4c                __utoa_common
 .text.avr-libc
                0x00002e7c       0x20 c:/program files (x86)/atmel/studio/7.0/toolchain/avr8/avr8-gnu-toolchain/bin/../lib/gcc/avr/5.4.0/../../../../avr/lib/avr6\libc.a(strrev.o)
                0x00002e7c                strrev
 .text.avr-libc
                0x00002e9c       0x10 C:/Program Files (x86)/Atmel/Studio/7.0/Packs/atmel/ATmega_DFP/1.2.150/gcc/dev/atmega2560/avr6\libatmega2560.a(eerd_byte.o)
                0x00002e9c                eeprom_read_byte
 .text.avr-libc
                0x00002eac        0xa C:/Program Files (x86)/Atmel/Studio/7.0/Packs/atmel/ATmega_DFP/1.2.150/gcc/dev/atmega2560/avr6\libatmega2560.a(eerd_dword.o)
                0x00002eac                eeprom_read_float
                0x00002eac                eeprom_read_dword
 .text.avr-libc
                0x00002eb6        0xa C:/Program Files (x86)/Atmel/Studio/7.0/Packs/atmel/ATmega_DFP/1.2.150/gcc/dev/atmega2560/avr6\libatmega2560.a(eerd_word.o)
                0x00002eb6                eeprom_read_word
 .text.avr-libc
                0x00002ec0       0x1c C:/Program Files (x86)/Atmel/Studio/7.0/Packs/atmel/ATmega_DFP/1.2.150/gcc/dev/atmega2560/avr6\libatmega2560.a(eewr_byte.o)
                0x00002ec0                eeprom_write_byte
                0x00002ec2                eeprom_write_r18
 .text.avr-libc
                0x00002edc        0xa C:/Program Files (x86)/Atmel/Studio/7.0/Packs/atmel/ATmega_DFP/1.2.150/gcc/dev/atmega2560/avr6\libatmega2560.a(eewr_dword.o)
                0x00002edc                eeprom_write_dword
                0x00002edc                eeprom_write_float
 .text.avr-libc
                0x00002ee6        0x6 C:/Program Files (x86)/Atmel/Studio/7.0/Packs/atmel/ATmega_DFP/1.2.150/gcc/dev/atmega2560/avr6\libatmega2560.a(eewr_word.o)
                0x00002ee6                eeprom_write_word
 .text.avr-libc
                0x00002eec       0x20 C:/Program Files (x86)/Atmel/Studio/7.0/Packs/atmel/ATmega_DFP/1.2.150/gcc/dev/atmega2560/avr6\libatmega2560.a(eerd_block.o)
                0x00002eec                eeprom_read_block
                0x00002ef0                eeprom_read_blraw
                0x00002f0c                . = ALIGN (0x2)
 *(.fini9)
 .fini9         0x00002f0c        0x0 c:/program files (x86)/atmel/studio/7.0/toolchain/avr8/avr8-gnu-toolchain/bin/../lib/gcc/avr/5.4.0/avr6\libgcc.a(_exit.o)
                0x00002f0c                _exit
                0x00002f0c                exit
 *(.fini9)
 *(.fini8)
 *(.fini8)
 *(.fini7)
 *(.fini7)
 *(.fini6)
 *(.fini6)
 *(.fini5)
 *(.fini5)
 *(.fini4)
 *(.fini4)
 *(.fini3)
 *(.fini3)
 *(.fini2)
 *(.fini2)
 *(.fini1)
 *(.fini1)
 *(.fini0)
 .fini0         0x00002f0c        0x4 c:/program files (x86)/atmel/studio/7.0/toolchain/avr8/avr8-gnu-toolchain/bin/../lib/gcc/avr/5.4.0/avr6\libgcc.a(_exit.o)
 *(.fini0)
                0x00002f10                _etext = .

.data           0x00800200      0x198 load address 0x00002f10
                0x00800200                PROVIDE (__data_start, .)
 *(.data)
 *(.data*)
 .data.uart0_tx_empty
                0x00800200        0x1 uart0.o
                0x00800200                uart0_tx_empty
 .data.usart_spi_cs_len
                0x00800201        0x1 usart_spi.o
                0x00800201                usart_spi_cs_len
 .data.usart_spi_cs_port
                0x00800202        0x2 usart_spi.o
                0x00800202                usart_spi_cs_port
 .data.usart_spi_tx_buffer_empty
                0x00800204        0x1 usart_spi.o
                0x00800204                usart_spi_tx_buffer_empty
 *(.gnu.linkonce.d*)
 *(.rodata)
 *(.rodata*)
 .rodata.str1.1
                0x00800205      0x18f terminal.o
                                0x196 (size before relaxing)
 .rodata.str1.1
                0x00800394        0x3 usart_spi.o
 *(.gnu.linkonce.r*)
                0x00800398                . = ALIGN (0x2)
 *fill*         0x00800397        0x1 
                0x00800398                _edata = .
                0x00800398                PROVIDE (__data_end, .)

.bss            0x00800398      0x28a
                0x00800398                PROVIDE (__bss_start, .)
 *(.bss)
 *(.bss*)
 .bss.last_ChipSelectPin
                0x00800398        0x1 ad5752.o
                0x00800398                last_ChipSelectPin
 .bss.last_ChipSelectPort
                0x00800399        0x2 ad5752.o
                0x00800399                last_ChipSelectPort
 .bss.uart0_tx_char_write
                0x0080039b        0x1 uart0.o
                0x0080039b                uart0_tx_char_write
 .bss.uart0_tx_char_read
                0x0080039c        0x1 uart0.o
                0x0080039c                uart0_tx_char_read
 .bss.uart0_rx_blocked
                0x0080039d        0x1 uart0.o
                0x0080039d                uart0_rx_blocked
 .bss.uart0_rx_lines
                0x0080039e        0x1 uart0.o
                0x0080039e                uart0_rx_lines
 .bss.uart0_rx_overrun
                0x0080039f        0x1 uart0.o
                0x0080039f                uart0_rx_overrun
 .bss.uart0_rx_char_write
                0x008003a0        0x1 uart0.o
                0x008003a0                uart0_rx_char_write
 .bss.uart0_rx_char_read
                0x008003a1        0x1 uart0.o
                0x008003a1                uart0_rx_char_read
 .bss.usart_spi_byte_count
                0x008003a2        0x1 usart_spi.o
                0x008003a2                usart_spi_byte_count
 .bss.usart_spi_cs_neg
                0x008003a3        0x1 usart_spi.o
                0x008003a3                usart_spi_cs_neg
 .bss.usart_spi_cs_pin
                0x008003a4        0x1 usart_spi.o
                0x008003a4                usart_spi_cs_pin
 .bss.usart_spi_tx_char_write
                0x008003a5        0x1 usart_spi.o
                0x008003a5                usart_spi_tx_char_write
 .bss.usart_spi_tx_char_read
                0x008003a6        0x1 usart_spi.o
                0x008003a6                usart_spi_tx_char_read
 .bss.usart_spi_rx_flag
                0x008003a7        0x1 usart_spi.o
                0x008003a7                usart_spi_rx_flag
 .bss.usart_spi_rx_buffer_overrun
                0x008003a8        0x1 usart_spi.o
                0x008003a8                usart_spi_rx_buffer_overrun
 .bss.usart_spi_rx_char_write
                0x008003a9        0x1 usart_spi.o
                0x008003a9                usart_spi_rx_char_write
 .bss.usart_spi_rx_char_read
                0x008003aa        0x1 usart_spi.o
                0x008003aa                usart_spi_rx_char_read
 *(COMMON)
 COMMON         0x008003ab       0xec ad5752.o
                0x008003ab                heat_pulse_voltage
                0x008003af                measure_pulse_voltage
                0x008003b1                deterministic_pulse_length
                0x008003b3                interrupt_1ms
                0x008003b4                heat_pulse_length
                0x008003b8                deterministic_pulse_cycles
                0x008003ba                interrupt_1hz
                0x008003bb                uart0_rx
                0x0080043c                measure_pulse_current
                0x0080043e                offset_voltage
                0x00800440                led_hp
                0x00800441                heat_pulse_current
                0x00800443                led_mp
                0x00800444                usart_spi_rx
                0x00800484                measure_pulse_length
                0x00800488                debug_send
                0x00800489                current_source_enabled
                0x0080048a                startup_wait_counter
                0x0080048b                measure_pules_voltage
                0x0080048f                flag_standard_TTA
                0x00800490                window_offset
                0x00800492                interrupt_10hz
                0x00800493                uart0_active_timer
                0x00800494                flag_deterministic_TTA
                0x00800495                pulse_output_register
                0x00800496                terminal_timeout
 COMMON         0x00800497        0x8 my_Timers.o
                0x00800497                deterministic_pulse_counter
                0x00800499                heat_pulse_precount
                0x0080049a                heat_pulse_lastcount
                0x0080049c                measure_pulse_precount
                0x0080049d                measure_pulse_lastcount
 COMMON         0x0080049f        0x3 terminal.o
                0x0080049f                string
                0x008004a1                len
 COMMON         0x008004a2      0x100 uart0.o
                0x008004a2                uart0_tx_buffer
                0x00800522                uart0_rx_buffer
 COMMON         0x008005a2       0x80 usart_spi.o
                0x008005a2                usart_spi_tx_buffer
                0x008005e2                usart_spi_rx_buffer
                0x00800622                PROVIDE (__bss_end, .)
                0x00002f10                __data_load_start = LOADADDR (.data)
                0x000030a8                __data_load_end = (__data_load_start + SIZEOF (.data))

.noinit         0x00800622        0x0
                [!provide]                PROVIDE (__noinit_start, .)
 *(.noinit*)
                [!provide]                PROVIDE (__noinit_end, .)
                0x00800622                _end = .
                [!provide]                PROVIDE (__heap_start, .)

.eeprom         0x00810000       0x19
 *(.eeprom*)
 .eeprom        0x00810000       0x19 main.o
                0x00810000                pulse_output_register_eeprom
                0x00810001                deterministic_pulse_cycles_eeprom
                0x00810003                deterministic_pulse_length_eeprom
                0x00810005                window_offset_eeprom
                0x00810007                offset_voltage_eeprom
                0x00810009                measure_pulse_voltage_eeprom
                0x0081000b                measure_pulse_length_eeprom
                0x0081000f                measure_pulse_current_eeprom
                0x00810011                heat_pulse_length_eeprom
                0x00810015                heat_pulse_current_eeprom
                0x00810017                firmware_code_eeprom
                0x00810019                __eeprom_end = .

.fuse
 *(.fuse)
 *(.lfuse)
 *(.hfuse)
 *(.efuse)

.lock
 *(.lock*)

.signature
 *(.signature*)

.user_signatures
 *(.user_signatures*)

.stab
 *(.stab)

.stabstr
 *(.stabstr)

.stab.excl
 *(.stab.excl)

.stab.exclstr
 *(.stab.exclstr)

.stab.index
 *(.stab.index)

.stab.indexstr
 *(.stab.indexstr)

.comment        0x00000000       0x30
 *(.comment)
 .comment       0x00000000       0x30 ad5752.o
                                 0x31 (size before relaxing)
 .comment       0x00000030       0x31 Cards/LED_Source.o
 .comment       0x00000030       0x31 Cards/MOSFET_BreakDown.o
 .comment       0x00000030       0x31 Cards/Slot_Tester.o
 .comment       0x00000030       0x31 ICs/AD5752.o
 .comment       0x00000030       0x31 ICs/MCP23S08.o
 .comment       0x00000030       0x31 LTC1864.o
 .comment       0x00000030       0x31 main.o
 .comment       0x00000030       0x31 my_Timers.o
 .comment       0x00000030       0x31 terminal.o
 .comment       0x00000030       0x31 uart0.o
 .comment       0x00000030       0x31 usart_spi.o

.note.gnu.avr.deviceinfo
                0x00000000       0x40
 .note.gnu.avr.deviceinfo
                0x00000000       0x40 C:/Program Files (x86)/Atmel/Studio/7.0/Packs/atmel/ATmega_DFP/1.2.150/gcc/dev/atmega2560/avr6/crtatmega2560.o

.note.gnu.build-id
 *(.note.gnu.build-id)

.debug
 *(.debug)

.line
 *(.line)

.debug_srcinfo
 *(.debug_srcinfo)

.debug_sfnames
 *(.debug_sfnames)

.debug_aranges  0x00000000      0x508
 *(.debug_aranges)
 .debug_aranges
                0x00000000       0x70 ad5752.o
 .debug_aranges
                0x00000070       0x30 Cards/LED_Source.o
 .debug_aranges
                0x000000a0       0x48 Cards/MOSFET_BreakDown.o
 .debug_aranges
                0x000000e8       0x40 Cards/Slot_Tester.o
 .debug_aranges
                0x00000128       0x28 ICs/AD5752.o
 .debug_aranges
                0x00000150       0x30 ICs/MCP23S08.o
 .debug_aranges
                0x00000180       0x38 LTC1864.o
 .debug_aranges
                0x000001b8       0x60 main.o
 .debug_aranges
                0x00000218       0x78 my_Timers.o
 .debug_aranges
                0x00000290       0x88 terminal.o
 .debug_aranges
                0x00000318       0x88 uart0.o
 .debug_aranges
                0x000003a0       0x88 usart_spi.o
 .debug_aranges
                0x00000428       0x20 C:/Program Files (x86)/Atmel/Studio/7.0/Packs/atmel/ATmega_DFP/1.2.150/gcc/dev/atmega2560/avr6\libatmega2560.a(eerd_byte.o)
 .debug_aranges
                0x00000448       0x20 C:/Program Files (x86)/Atmel/Studio/7.0/Packs/atmel/ATmega_DFP/1.2.150/gcc/dev/atmega2560/avr6\libatmega2560.a(eerd_dword.o)
 .debug_aranges
                0x00000468       0x20 C:/Program Files (x86)/Atmel/Studio/7.0/Packs/atmel/ATmega_DFP/1.2.150/gcc/dev/atmega2560/avr6\libatmega2560.a(eerd_word.o)
 .debug_aranges
                0x00000488       0x20 C:/Program Files (x86)/Atmel/Studio/7.0/Packs/atmel/ATmega_DFP/1.2.150/gcc/dev/atmega2560/avr6\libatmega2560.a(eewr_byte.o)
 .debug_aranges
                0x000004a8       0x20 C:/Program Files (x86)/Atmel/Studio/7.0/Packs/atmel/ATmega_DFP/1.2.150/gcc/dev/atmega2560/avr6\libatmega2560.a(eewr_dword.o)
 .debug_aranges
                0x000004c8       0x20 C:/Program Files (x86)/Atmel/Studio/7.0/Packs/atmel/ATmega_DFP/1.2.150/gcc/dev/atmega2560/avr6\libatmega2560.a(eewr_word.o)
 .debug_aranges
                0x000004e8       0x20 C:/Program Files (x86)/Atmel/Studio/7.0/Packs/atmel/ATmega_DFP/1.2.150/gcc/dev/atmega2560/avr6\libatmega2560.a(eerd_block.o)

.debug_pubnames
 *(.debug_pubnames)

.debug_info     0x00000000     0x87c3
 *(.debug_info .gnu.linkonce.wi.*)
 .debug_info    0x00000000      0xbbc C:/Program Files (x86)/Atmel/Studio/7.0/Packs/atmel/ATmega_DFP/1.2.150/gcc/dev/atmega2560/avr6/crtatmega2560.o
 .debug_info    0x00000bbc      0xad4 ad5752.o
 .debug_info    0x00001690      0x3c8 Cards/LED_Source.o
 .debug_info    0x00001a58      0x6a1 Cards/MOSFET_BreakDown.o
 .debug_info    0x000020f9      0x793 Cards/Slot_Tester.o
 .debug_info    0x0000288c      0x47b ICs/AD5752.o
 .debug_info    0x00002d07      0x491 ICs/MCP23S08.o
 .debug_info    0x00003198      0x558 LTC1864.o
 .debug_info    0x000036f0      0x975 main.o
 .debug_info    0x00004065      0x46d my_Timers.o
 .debug_info    0x000044d2     0x306e terminal.o
 .debug_info    0x00007540      0x664 uart0.o
 .debug_info    0x00007ba4      0x768 usart_spi.o
 .debug_info    0x0000830c       0xac C:/Program Files (x86)/Atmel/Studio/7.0/Packs/atmel/ATmega_DFP/1.2.150/gcc/dev/atmega2560/avr6\libatmega2560.a(eerd_byte.o)
 .debug_info    0x000083b8       0xad C:/Program Files (x86)/Atmel/Studio/7.0/Packs/atmel/ATmega_DFP/1.2.150/gcc/dev/atmega2560/avr6\libatmega2560.a(eerd_dword.o)
 .debug_info    0x00008465       0xac C:/Program Files (x86)/Atmel/Studio/7.0/Packs/atmel/ATmega_DFP/1.2.150/gcc/dev/atmega2560/avr6\libatmega2560.a(eerd_word.o)
 .debug_info    0x00008511       0xac C:/Program Files (x86)/Atmel/Studio/7.0/Packs/atmel/ATmega_DFP/1.2.150/gcc/dev/atmega2560/avr6\libatmega2560.a(eewr_byte.o)
 .debug_info    0x000085bd       0xad C:/Program Files (x86)/Atmel/Studio/7.0/Packs/atmel/ATmega_DFP/1.2.150/gcc/dev/atmega2560/avr6\libatmega2560.a(eewr_dword.o)
 .debug_info    0x0000866a       0xac C:/Program Files (x86)/Atmel/Studio/7.0/Packs/atmel/ATmega_DFP/1.2.150/gcc/dev/atmega2560/avr6\libatmega2560.a(eewr_word.o)
 .debug_info    0x00008716       0xad C:/Program Files (x86)/Atmel/Studio/7.0/Packs/atmel/ATmega_DFP/1.2.150/gcc/dev/atmega2560/avr6\libatmega2560.a(eerd_block.o)

.debug_abbrev   0x00000000     0x1e5f
 *(.debug_abbrev)
 .debug_abbrev  0x00000000      0xb1a C:/Program Files (x86)/Atmel/Studio/7.0/Packs/atmel/ATmega_DFP/1.2.150/gcc/dev/atmega2560/avr6/crtatmega2560.o
 .debug_abbrev  0x00000b1a      0x15c ad5752.o
 .debug_abbrev  0x00000c76       0xde Cards/LED_Source.o
 .debug_abbrev  0x00000d54      0x144 Cards/MOSFET_BreakDown.o
 .debug_abbrev  0x00000e98      0x17e Cards/Slot_Tester.o
 .debug_abbrev  0x00001016       0xe5 ICs/AD5752.o
 .debug_abbrev  0x000010fb      0x126 ICs/MCP23S08.o
 .debug_abbrev  0x00001221      0x18e LTC1864.o
 .debug_abbrev  0x000013af      0x1c1 main.o
 .debug_abbrev  0x00001570       0xe0 my_Timers.o
 .debug_abbrev  0x00001650      0x31f terminal.o
 .debug_abbrev  0x0000196f      0x1fd uart0.o
 .debug_abbrev  0x00001b6c      0x267 usart_spi.o
 .debug_abbrev  0x00001dd3       0x14 C:/Program Files (x86)/Atmel/Studio/7.0/Packs/atmel/ATmega_DFP/1.2.150/gcc/dev/atmega2560/avr6\libatmega2560.a(eerd_byte.o)
 .debug_abbrev  0x00001de7       0x14 C:/Program Files (x86)/Atmel/Studio/7.0/Packs/atmel/ATmega_DFP/1.2.150/gcc/dev/atmega2560/avr6\libatmega2560.a(eerd_dword.o)
 .debug_abbrev  0x00001dfb       0x14 C:/Program Files (x86)/Atmel/Studio/7.0/Packs/atmel/ATmega_DFP/1.2.150/gcc/dev/atmega2560/avr6\libatmega2560.a(eerd_word.o)
 .debug_abbrev  0x00001e0f       0x14 C:/Program Files (x86)/Atmel/Studio/7.0/Packs/atmel/ATmega_DFP/1.2.150/gcc/dev/atmega2560/avr6\libatmega2560.a(eewr_byte.o)
 .debug_abbrev  0x00001e23       0x14 C:/Program Files (x86)/Atmel/Studio/7.0/Packs/atmel/ATmega_DFP/1.2.150/gcc/dev/atmega2560/avr6\libatmega2560.a(eewr_dword.o)
 .debug_abbrev  0x00001e37       0x14 C:/Program Files (x86)/Atmel/Studio/7.0/Packs/atmel/ATmega_DFP/1.2.150/gcc/dev/atmega2560/avr6\libatmega2560.a(eewr_word.o)
 .debug_abbrev  0x00001e4b       0x14 C:/Program Files (x86)/Atmel/Studio/7.0/Packs/atmel/ATmega_DFP/1.2.150/gcc/dev/atmega2560/avr6\libatmega2560.a(eerd_block.o)

.debug_line     0x00000000     0x3729
 *(.debug_line .debug_line.* .debug_line_end)
 .debug_line    0x00000000      0x1f9 C:/Program Files (x86)/Atmel/Studio/7.0/Packs/atmel/ATmega_DFP/1.2.150/gcc/dev/atmega2560/avr6/crtatmega2560.o
 .debug_line    0x000001f9      0x313 ad5752.o
 .debug_line    0x0000050c      0x178 Cards/LED_Source.o
 .debug_line    0x00000684      0x295 Cards/MOSFET_BreakDown.o
 .debug_line    0x00000919      0x436 Cards/Slot_Tester.o
 .debug_line    0x00000d4f      0x140 ICs/AD5752.o
 .debug_line    0x00000e8f      0x14f ICs/MCP23S08.o
 .debug_line    0x00000fde      0x219 LTC1864.o
 .debug_line    0x000011f7      0x5c8 main.o
 .debug_line    0x000017bf      0x336 my_Timers.o
 .debug_line    0x00001af5      0xf12 terminal.o
 .debug_line    0x00002a07      0x509 uart0.o
 .debug_line    0x00002f10      0x4c4 usart_spi.o
 .debug_line    0x000033d4       0x7a C:/Program Files (x86)/Atmel/Studio/7.0/Packs/atmel/ATmega_DFP/1.2.150/gcc/dev/atmega2560/avr6\libatmega2560.a(eerd_byte.o)
 .debug_line    0x0000344e       0x68 C:/Program Files (x86)/Atmel/Studio/7.0/Packs/atmel/ATmega_DFP/1.2.150/gcc/dev/atmega2560/avr6\libatmega2560.a(eerd_dword.o)
 .debug_line    0x000034b6       0x67 C:/Program Files (x86)/Atmel/Studio/7.0/Packs/atmel/ATmega_DFP/1.2.150/gcc/dev/atmega2560/avr6\libatmega2560.a(eerd_word.o)
 .debug_line    0x0000351d       0x9e C:/Program Files (x86)/Atmel/Studio/7.0/Packs/atmel/ATmega_DFP/1.2.150/gcc/dev/atmega2560/avr6\libatmega2560.a(eewr_byte.o)
 .debug_line    0x000035bb       0x68 C:/Program Files (x86)/Atmel/Studio/7.0/Packs/atmel/ATmega_DFP/1.2.150/gcc/dev/atmega2560/avr6\libatmega2560.a(eewr_dword.o)
 .debug_line    0x00003623       0x5b C:/Program Files (x86)/Atmel/Studio/7.0/Packs/atmel/ATmega_DFP/1.2.150/gcc/dev/atmega2560/avr6\libatmega2560.a(eewr_word.o)
 .debug_line    0x0000367e       0xab C:/Program Files (x86)/Atmel/Studio/7.0/Packs/atmel/ATmega_DFP/1.2.150/gcc/dev/atmega2560/avr6\libatmega2560.a(eerd_block.o)

.debug_frame    0x00000000      0xc98
 *(.debug_frame)
 .debug_frame   0x00000000      0x164 ad5752.o
 .debug_frame   0x00000164       0x54 Cards/LED_Source.o
 .debug_frame   0x000001b8       0x9c Cards/MOSFET_BreakDown.o
 .debug_frame   0x00000254       0x98 Cards/Slot_Tester.o
 .debug_frame   0x000002ec       0x70 ICs/AD5752.o
 .debug_frame   0x0000035c       0x84 ICs/MCP23S08.o
 .debug_frame   0x000003e0       0x74 LTC1864.o
 .debug_frame   0x00000454       0xd4 main.o
 .debug_frame   0x00000528      0x1c8 my_Timers.o
 .debug_frame   0x000006f0      0x27c terminal.o
 .debug_frame   0x0000096c      0x198 uart0.o
 .debug_frame   0x00000b04      0x194 usart_spi.o

.debug_str      0x00000000     0x14dc
 *(.debug_str)
 .debug_str     0x00000000      0x3e6 C:/Program Files (x86)/Atmel/Studio/7.0/Packs/atmel/ATmega_DFP/1.2.150/gcc/dev/atmega2560/avr6/crtatmega2560.o
 .debug_str     0x000003e6      0x4d8 ad5752.o
                                0x523 (size before relaxing)
 .debug_str     0x000008be       0xad Cards/LED_Source.o
                                0x424 (size before relaxing)
 .debug_str     0x0000096b      0x120 Cards/MOSFET_BreakDown.o
                                0x492 (size before relaxing)
 .debug_str     0x00000a8b       0xab Cards/Slot_Tester.o
                                0x47e (size before relaxing)
 .debug_str     0x00000b36       0x1e ICs/AD5752.o
                                0x3ee (size before relaxing)
 .debug_str     0x00000b54       0x66 ICs/MCP23S08.o
                                0x442 (size before relaxing)
 .debug_str     0x00000bba       0xb1 LTC1864.o
                                0x4a1 (size before relaxing)
 .debug_str     0x00000c6b      0x2df main.o
                                0x6a9 (size before relaxing)
 .debug_str     0x00000f4a       0xc1 my_Timers.o
                                0x538 (size before relaxing)
 .debug_str     0x0000100b      0x14a terminal.o
                                0x85b (size before relaxing)
 .debug_str     0x00001155      0x1a3 uart0.o
                                0x56b (size before relaxing)
 .debug_str     0x000012f8      0x1e4 usart_spi.o
                                0x609 (size before relaxing)

.debug_loc      0x00000000     0x4792
 *(.debug_loc)
 .debug_loc     0x00000000      0x62a ad5752.o
 .debug_loc     0x0000062a      0x18e Cards/LED_Source.o
 .debug_loc     0x000007b8      0x2f6 Cards/MOSFET_BreakDown.o
 .debug_loc     0x00000aae      0x64d Cards/Slot_Tester.o
 .debug_loc     0x000010fb      0x227 ICs/AD5752.o
 .debug_loc     0x00001322      0x21a ICs/MCP23S08.o
 .debug_loc     0x0000153c      0x2ae LTC1864.o
 .debug_loc     0x000017ea      0x10a main.o
 .debug_loc     0x000018f4      0x2cc my_Timers.o
 .debug_loc     0x00001bc0     0x24e8 terminal.o
 .debug_loc     0x000040a8      0x386 uart0.o
 .debug_loc     0x0000442e      0x364 usart_spi.o

.debug_macinfo
 *(.debug_macinfo)

.debug_weaknames
 *(.debug_weaknames)

.debug_funcnames
 *(.debug_funcnames)

.debug_typenames
 *(.debug_typenames)

.debug_varnames
 *(.debug_varnames)

.debug_pubtypes
 *(.debug_pubtypes)

.debug_ranges   0x00000000      0x3b0
 *(.debug_ranges)
 .debug_ranges  0x00000000       0x60 ad5752.o
 .debug_ranges  0x00000060       0x20 Cards/LED_Source.o
 .debug_ranges  0x00000080       0x38 Cards/MOSFET_BreakDown.o
 .debug_ranges  0x000000b8       0x30 Cards/Slot_Tester.o
 .debug_ranges  0x000000e8       0x18 ICs/AD5752.o
 .debug_ranges  0x00000100       0x20 ICs/MCP23S08.o
 .debug_ranges  0x00000120       0x28 LTC1864.o
 .debug_ranges  0x00000148       0x50 main.o
 .debug_ranges  0x00000198       0x68 my_Timers.o
 .debug_ranges  0x00000200       0xc0 terminal.o
 .debug_ranges  0x000002c0       0x78 uart0.o
 .debug_ranges  0x00000338       0x78 usart_spi.o

.debug_macro
 *(.debug_macro)
OUTPUT(MC_RthTEC_V0_0_5.elf elf32-avr)
LOAD linker stubs
