Archive member included to satisfy reference by file (symbol)

c:/program files (x86)/atmel/studio/7.0/toolchain/avr8/avr8-gnu-toolchain/bin/../lib/gcc/avr/5.4.0/avr6\libgcc.a(_udivmodhi4.o)
                              Serial_ReadWrite.o (__udivmodhi4)
c:/program files (x86)/atmel/studio/7.0/toolchain/avr8/avr8-gnu-toolchain/bin/../lib/gcc/avr/5.4.0/avr6\libgcc.a(_udivmodsi4.o)
                              Cards/Amplifier.o (__udivmodsi4)
c:/program files (x86)/atmel/studio/7.0/toolchain/avr8/avr8-gnu-toolchain/bin/../lib/gcc/avr/5.4.0/avr6\libgcc.a(_divmodsi4.o)
                              Cards/MOSFET_BreakDown.o (__divmodsi4)
c:/program files (x86)/atmel/studio/7.0/toolchain/avr8/avr8-gnu-toolchain/bin/../lib/gcc/avr/5.4.0/avr6\libgcc.a(_negsi2.o)
                              c:/program files (x86)/atmel/studio/7.0/toolchain/avr8/avr8-gnu-toolchain/bin/../lib/gcc/avr/5.4.0/avr6\libgcc.a(_divmodsi4.o) (__negsi2)
c:/program files (x86)/atmel/studio/7.0/toolchain/avr8/avr8-gnu-toolchain/bin/../lib/gcc/avr/5.4.0/avr6\libgcc.a(_exit.o)
                              c:/program files (x86)/atmel/studio/7.0/toolchain/avr8/avr8-gnu-toolchain/bin/../lib/gcc/avr/5.4.0/../../../../avr/lib/avr6/crtatmega2560.o (exit)
c:/program files (x86)/atmel/studio/7.0/toolchain/avr8/avr8-gnu-toolchain/bin/../lib/gcc/avr/5.4.0/avr6\libgcc.a(_tablejump2.o)
                              Cards/Slot_Tester.o (__tablejump2__)
c:/program files (x86)/atmel/studio/7.0/toolchain/avr8/avr8-gnu-toolchain/bin/../lib/gcc/avr/5.4.0/avr6\libgcc.a(_copy_data.o)
                              Cards/Amplifier.o (__do_copy_data)
c:/program files (x86)/atmel/studio/7.0/toolchain/avr8/avr8-gnu-toolchain/bin/../lib/gcc/avr/5.4.0/avr6\libgcc.a(_clear_bss.o)
                              Cards/Amplifier.o (__do_clear_bss)
c:/program files (x86)/atmel/studio/7.0/toolchain/avr8/avr8-gnu-toolchain/bin/../lib/gcc/avr/5.4.0/avr6\libgcc.a(_umulhisi3.o)
                              Cards/Amplifier.o (__umulhisi3)
c:/program files (x86)/atmel/studio/7.0/toolchain/avr8/avr8-gnu-toolchain/bin/../lib/gcc/avr/5.4.0/avr6\libgcc.a(_usmulhisi3.o)
                              Cards/MOSFET_BreakDown.o (__usmulhisi3)
c:/program files (x86)/atmel/studio/7.0/toolchain/avr8/avr8-gnu-toolchain/bin/../lib/gcc/avr/5.4.0/avr6\libgcc.a(_muluhisi3.o)
                              Cards/MOSFET_Source.o (__muluhisi3)
c:/program files (x86)/atmel/studio/7.0/toolchain/avr8/avr8-gnu-toolchain/bin/../lib/gcc/avr/5.4.0/avr6\libgcc.a(_umulsidi3.o)
                              Cards/MOSFET_Source.o (__umulsidi3)
c:/program files (x86)/atmel/studio/7.0/toolchain/avr8/avr8-gnu-toolchain/bin/../lib/gcc/avr/5.4.0/avr6\libgcc.a(_ashrdi3.o)
                              Cards/MOSFET_Source.o (__lshrdi3)
c:/program files (x86)/atmel/studio/7.0/toolchain/avr8/avr8-gnu-toolchain/bin/../lib/gcc/avr/5.4.0/avr6\libgcc.a(_muldi3_6.o)
                              c:/program files (x86)/atmel/studio/7.0/toolchain/avr8/avr8-gnu-toolchain/bin/../lib/gcc/avr/5.4.0/avr6\libgcc.a(_umulsidi3.o) (__muldi3_6)
c:/program files (x86)/atmel/studio/7.0/toolchain/avr8/avr8-gnu-toolchain/bin/../lib/gcc/avr/5.4.0/../../../../avr/lib/avr6\libc.a(strcat.o)
                              Serial_ReadWrite.o (strcat)
c:/program files (x86)/atmel/studio/7.0/toolchain/avr8/avr8-gnu-toolchain/bin/../lib/gcc/avr/5.4.0/../../../../avr/lib/avr6\libc.a(strcpy.o)
                              Serial_ReadWrite.o (strcpy)
c:/program files (x86)/atmel/studio/7.0/toolchain/avr8/avr8-gnu-toolchain/bin/../lib/gcc/avr/5.4.0/../../../../avr/lib/avr6\libc.a(itoa_ncheck.o)
                              Serial_ReadWrite.o (__itoa_ncheck)
c:/program files (x86)/atmel/studio/7.0/toolchain/avr8/avr8-gnu-toolchain/bin/../lib/gcc/avr/5.4.0/../../../../avr/lib/avr6\libc.a(ltoa_ncheck.o)
                              Serial_ReadWrite.o (__ltoa_ncheck)
c:/program files (x86)/atmel/studio/7.0/toolchain/avr8/avr8-gnu-toolchain/bin/../lib/gcc/avr/5.4.0/../../../../avr/lib/avr6\libc.a(ultoa_ncheck.o)
                              c:/program files (x86)/atmel/studio/7.0/toolchain/avr8/avr8-gnu-toolchain/bin/../lib/gcc/avr/5.4.0/../../../../avr/lib/avr6\libc.a(ltoa_ncheck.o) (__ultoa_common)
c:/program files (x86)/atmel/studio/7.0/toolchain/avr8/avr8-gnu-toolchain/bin/../lib/gcc/avr/5.4.0/../../../../avr/lib/avr6\libc.a(utoa_ncheck.o)
                              c:/program files (x86)/atmel/studio/7.0/toolchain/avr8/avr8-gnu-toolchain/bin/../lib/gcc/avr/5.4.0/../../../../avr/lib/avr6\libc.a(itoa_ncheck.o) (__utoa_common)
c:/program files (x86)/atmel/studio/7.0/toolchain/avr8/avr8-gnu-toolchain/bin/../lib/gcc/avr/5.4.0/../../../../avr/lib/avr6\libc.a(strrev.o)
                              c:/program files (x86)/atmel/studio/7.0/toolchain/avr8/avr8-gnu-toolchain/bin/../lib/gcc/avr/5.4.0/../../../../avr/lib/avr6\libc.a(ultoa_ncheck.o) (strrev)
c:/program files (x86)/atmel/studio/7.0/toolchain/avr8/avr8-gnu-toolchain/bin/../lib/gcc/avr/5.4.0/../../../../avr/lib/avr6\libatmega2560.a(eerd_block.o)
                              main.o (eeprom_read_block)
c:/program files (x86)/atmel/studio/7.0/toolchain/avr8/avr8-gnu-toolchain/bin/../lib/gcc/avr/5.4.0/../../../../avr/lib/avr6\libatmega2560.a(eerd_byte.o)
                              main.o (eeprom_read_byte)
c:/program files (x86)/atmel/studio/7.0/toolchain/avr8/avr8-gnu-toolchain/bin/../lib/gcc/avr/5.4.0/../../../../avr/lib/avr6\libatmega2560.a(eerd_dword.o)
                              main.o (eeprom_read_dword)
c:/program files (x86)/atmel/studio/7.0/toolchain/avr8/avr8-gnu-toolchain/bin/../lib/gcc/avr/5.4.0/../../../../avr/lib/avr6\libatmega2560.a(eerd_word.o)
                              Cards/Amplifier.o (eeprom_read_word)
c:/program files (x86)/atmel/studio/7.0/toolchain/avr8/avr8-gnu-toolchain/bin/../lib/gcc/avr/5.4.0/../../../../avr/lib/avr6\libatmega2560.a(eewr_block.o)
                              Cards/Amplifier.o (eeprom_write_block)
c:/program files (x86)/atmel/studio/7.0/toolchain/avr8/avr8-gnu-toolchain/bin/../lib/gcc/avr/5.4.0/../../../../avr/lib/avr6\libatmega2560.a(eewr_byte.o)
                              main.o (eeprom_write_byte)
c:/program files (x86)/atmel/studio/7.0/toolchain/avr8/avr8-gnu-toolchain/bin/../lib/gcc/avr/5.4.0/../../../../avr/lib/avr6\libatmega2560.a(eewr_dword.o)
                              main.o (eeprom_write_dword)
c:/program files (x86)/atmel/studio/7.0/toolchain/avr8/avr8-gnu-toolchain/bin/../lib/gcc/avr/5.4.0/../../../../avr/lib/avr6\libatmega2560.a(eewr_word.o)
                              Cards/Amplifier.o (eeprom_write_word)

Allocating common symbols
Common symbol       size              file

frontEnd_offset_voltage_mV
                    0x10              Cards/FrontEnd.o
led_Source_Meas_Current_0mA1
                    0x10              Cards/LED_Source.o
deterministic_pulse_length
                    0x2               globalVAR.o
mosfet_Source_Meas_Current_0mA1
                    0x10              Cards/MOSFET_Source.o
uart0_tx_buffer     0x80              uart0.o
flag_DPA_TTA        0x1               main.o
interrupt_1ms       0x1               main.o
heat_pulse_length   0x4               globalVAR.o
deterministic_pulse_cycles
                    0x2               globalVAR.o
interrupt_1hz       0x1               main.o
uart0_rx            0x81              Cards/Amplifier.o
deterministic_pulse_counter
                    0x2               my_Timers.o
string              0x2               terminal.o
heat_pulse_precount
                    0x1               my_Timers.o
measured_binary_meas
                    0x10              globalVAR.o
led_Source_Heat_Current_mA
                    0x10              Cards/LED_Source.o
usart_spi_tx_buffer
                    0x40              usart_spi.o
frontEnd_gain       0x10              Cards/FrontEnd.o
mosfet_Source_Heat_Current_mA
                    0x10              Cards/MOSFET_Source.o
flag_std_TTA        0x1               main.o
amplifier_gain      0x10              Cards/Amplifier.o
mosfet_Source_Meas_Voltage_10mV
                    0x10              Cards/MOSFET_Source.o
usart_spi_rx        0x40              Cards/FrontEnd.o
measure_pulse_length
                    0x4               globalVAR.o
debug_send          0x1               main.o
amplifier_offset_voltage_mV
                    0x10              Cards/Amplifier.o
current_source_enabled
                    0x1               globalVAR.o
heat_pulse_lastcount
                    0x2               my_Timers.o
usart_spi_rx_buffer
                    0x40              usart_spi.o
startup_wait_counter
                    0x1               main.o
measure_pulse_precount
                    0x1               my_Timers.o
interrupt_10hz      0x1               main.o
uart0_active_timer  0x1               Cards/Amplifier.o
slot_Tester_Display_number
                    0x10              Cards/Slot_Tester.o
breakDown_V_GS_mV   0x10              Cards/MOSFET_BreakDown.o
pulse_output_register
                    0x1               globalVAR.o
measure_pulse_lastcount
                    0x2               my_Timers.o
flag_HPP_TTA        0x1               main.o
len                 0x1               terminal.o
measured_binary_heat
                    0x10              globalVAR.o
uart0_rx_buffer     0x80              uart0.o
terminal_timeout    0x1               main.o
card_Type           0x8               globalVAR.o

Discarded input sections

 .data          0x00000000        0x0 c:/program files (x86)/atmel/studio/7.0/toolchain/avr8/avr8-gnu-toolchain/bin/../lib/gcc/avr/5.4.0/../../../../avr/lib/avr6/crtatmega2560.o
 .bss           0x00000000        0x0 c:/program files (x86)/atmel/studio/7.0/toolchain/avr8/avr8-gnu-toolchain/bin/../lib/gcc/avr/5.4.0/../../../../avr/lib/avr6/crtatmega2560.o
 .text          0x00000000        0x0 Cards/Amplifier.o
 .data          0x00000000        0x0 Cards/Amplifier.o
 .bss           0x00000000        0x0 Cards/Amplifier.o
 .text.Amplifier_Set_Gain
                0x00000000        0x2 Cards/Amplifier.o
 .text          0x00000000        0x0 Cards/FrontEnd.o
 .data          0x00000000        0x0 Cards/FrontEnd.o
 .bss           0x00000000        0x0 Cards/FrontEnd.o
 .text          0x00000000        0x0 Cards/LED_Source.o
 .data          0x00000000        0x0 Cards/LED_Source.o
 .bss           0x00000000        0x0 Cards/LED_Source.o
 .text          0x00000000        0x0 Cards/MOSFET_BreakDown.o
 .data          0x00000000        0x0 Cards/MOSFET_BreakDown.o
 .bss           0x00000000        0x0 Cards/MOSFET_BreakDown.o
 .text          0x00000000        0x0 Cards/MOSFET_Source.o
 .data          0x00000000        0x0 Cards/MOSFET_Source.o
 .bss           0x00000000        0x0 Cards/MOSFET_Source.o
 .text          0x00000000        0x0 Cards/Slot_Tester.o
 .data          0x00000000        0x0 Cards/Slot_Tester.o
 .bss           0x00000000        0x0 Cards/Slot_Tester.o
 .text          0x00000000        0x0 globalVAR.o
 .data          0x00000000        0x0 globalVAR.o
 .bss           0x00000000        0x0 globalVAR.o
 .text          0x00000000        0x0 ICs/AD5752.o
 .data          0x00000000        0x0 ICs/AD5752.o
 .bss           0x00000000        0x0 ICs/AD5752.o
 .text          0x00000000        0x0 ICs/LTC1864.o
 .data          0x00000000        0x0 ICs/LTC1864.o
 .bss           0x00000000        0x0 ICs/LTC1864.o
 .text          0x00000000        0x0 ICs/MCP23S08.o
 .data          0x00000000        0x0 ICs/MCP23S08.o
 .bss           0x00000000        0x0 ICs/MCP23S08.o
 .text.IO_Expander_Init
                0x00000000        0x2 ICs/MCP23S08.o
 .text          0x00000000        0x0 main.o
 .data          0x00000000        0x0 main.o
 .bss           0x00000000        0x0 main.o
 .text.PulseStart_DPA_TTA_HighStart
                0x00000000       0x2e main.o
 .progmem.data.firmware_version
                0x00000000       0x2d main.o
 .text          0x00000000        0x0 my_Timers.o
 .data          0x00000000        0x0 my_Timers.o
 .bss           0x00000000        0x0 my_Timers.o
 .text.Setup_Counter_for_DPA_TTA_HighLevel
                0x00000000       0xd6 my_Timers.o
 .text          0x00000000        0x0 Serial_ReadWrite.o
 .data          0x00000000        0x0 Serial_ReadWrite.o
 .bss           0x00000000        0x0 Serial_ReadWrite.o
 .text.ParseBool
                0x00000000       0x20 Serial_ReadWrite.o
 .text.TransmitInt0
                0x00000000      0x104 Serial_ReadWrite.o
 .text          0x00000000        0x0 terminal.o
 .data          0x00000000        0x0 terminal.o
 .bss           0x00000000        0x0 terminal.o
 .text          0x00000000        0x0 uart0.o
 .data          0x00000000        0x0 uart0.o
 .bss           0x00000000        0x0 uart0.o
 .text.UART0ReceiveLen
                0x00000000       0x78 uart0.o
 .text.UART0CharsWaiting
                0x00000000       0x18 uart0.o
 .text.UART0SendWaiting
                0x00000000        0xc uart0.o
 .text.UART0TransmitBytes
                0x00000000       0x26 uart0.o
 .text.UART0DoRxTx
                0x00000000       0xe0 uart0.o
 .bss.uart0_rx_frames
                0x00000000        0x1 uart0.o
 .bss.uart0_rx_lenght
                0x00000000        0x1 uart0.o
 .text          0x00000000        0x0 usart_spi.o
 .data          0x00000000        0x0 usart_spi.o
 .bss           0x00000000        0x0 usart_spi.o
 .text.USART_SPI_Init
                0x00000000        0xa usart_spi.o
 .text.USART_SPI_DoRxTx
                0x00000000       0xd6 usart_spi.o
 .bss.usart_spi_rx_lenght
                0x00000000        0x1 usart_spi.o
 .text          0x00000000        0x0 c:/program files (x86)/atmel/studio/7.0/toolchain/avr8/avr8-gnu-toolchain/bin/../lib/gcc/avr/5.4.0/avr6\libgcc.a(_udivmodhi4.o)
 .data          0x00000000        0x0 c:/program files (x86)/atmel/studio/7.0/toolchain/avr8/avr8-gnu-toolchain/bin/../lib/gcc/avr/5.4.0/avr6\libgcc.a(_udivmodhi4.o)
 .bss           0x00000000        0x0 c:/program files (x86)/atmel/studio/7.0/toolchain/avr8/avr8-gnu-toolchain/bin/../lib/gcc/avr/5.4.0/avr6\libgcc.a(_udivmodhi4.o)
 .text.libgcc.mul
                0x00000000        0x0 c:/program files (x86)/atmel/studio/7.0/toolchain/avr8/avr8-gnu-toolchain/bin/../lib/gcc/avr/5.4.0/avr6\libgcc.a(_udivmodhi4.o)
 .text.libgcc   0x00000000        0x0 c:/program files (x86)/atmel/studio/7.0/toolchain/avr8/avr8-gnu-toolchain/bin/../lib/gcc/avr/5.4.0/avr6\libgcc.a(_udivmodhi4.o)
 .text.libgcc.prologue
                0x00000000        0x0 c:/program files (x86)/atmel/studio/7.0/toolchain/avr8/avr8-gnu-toolchain/bin/../lib/gcc/avr/5.4.0/avr6\libgcc.a(_udivmodhi4.o)
 .text.libgcc.builtins
                0x00000000        0x0 c:/program files (x86)/atmel/studio/7.0/toolchain/avr8/avr8-gnu-toolchain/bin/../lib/gcc/avr/5.4.0/avr6\libgcc.a(_udivmodhi4.o)
 .text.libgcc.fmul
                0x00000000        0x0 c:/program files (x86)/atmel/studio/7.0/toolchain/avr8/avr8-gnu-toolchain/bin/../lib/gcc/avr/5.4.0/avr6\libgcc.a(_udivmodhi4.o)
 .text.libgcc.fixed
                0x00000000        0x0 c:/program files (x86)/atmel/studio/7.0/toolchain/avr8/avr8-gnu-toolchain/bin/../lib/gcc/avr/5.4.0/avr6\libgcc.a(_udivmodhi4.o)
 .text          0x00000000        0x0 c:/program files (x86)/atmel/studio/7.0/toolchain/avr8/avr8-gnu-toolchain/bin/../lib/gcc/avr/5.4.0/avr6\libgcc.a(_udivmodsi4.o)
 .data          0x00000000        0x0 c:/program files (x86)/atmel/studio/7.0/toolchain/avr8/avr8-gnu-toolchain/bin/../lib/gcc/avr/5.4.0/avr6\libgcc.a(_udivmodsi4.o)
 .bss           0x00000000        0x0 c:/program files (x86)/atmel/studio/7.0/toolchain/avr8/avr8-gnu-toolchain/bin/../lib/gcc/avr/5.4.0/avr6\libgcc.a(_udivmodsi4.o)
 .text.libgcc.mul
                0x00000000        0x0 c:/program files (x86)/atmel/studio/7.0/toolchain/avr8/avr8-gnu-toolchain/bin/../lib/gcc/avr/5.4.0/avr6\libgcc.a(_udivmodsi4.o)
 .text.libgcc   0x00000000        0x0 c:/program files (x86)/atmel/studio/7.0/toolchain/avr8/avr8-gnu-toolchain/bin/../lib/gcc/avr/5.4.0/avr6\libgcc.a(_udivmodsi4.o)
 .text.libgcc.prologue
                0x00000000        0x0 c:/program files (x86)/atmel/studio/7.0/toolchain/avr8/avr8-gnu-toolchain/bin/../lib/gcc/avr/5.4.0/avr6\libgcc.a(_udivmodsi4.o)
 .text.libgcc.builtins
                0x00000000        0x0 c:/program files (x86)/atmel/studio/7.0/toolchain/avr8/avr8-gnu-toolchain/bin/../lib/gcc/avr/5.4.0/avr6\libgcc.a(_udivmodsi4.o)
 .text.libgcc.fmul
                0x00000000        0x0 c:/program files (x86)/atmel/studio/7.0/toolchain/avr8/avr8-gnu-toolchain/bin/../lib/gcc/avr/5.4.0/avr6\libgcc.a(_udivmodsi4.o)
 .text.libgcc.fixed
                0x00000000        0x0 c:/program files (x86)/atmel/studio/7.0/toolchain/avr8/avr8-gnu-toolchain/bin/../lib/gcc/avr/5.4.0/avr6\libgcc.a(_udivmodsi4.o)
 .text          0x00000000        0x0 c:/program files (x86)/atmel/studio/7.0/toolchain/avr8/avr8-gnu-toolchain/bin/../lib/gcc/avr/5.4.0/avr6\libgcc.a(_divmodsi4.o)
 .data          0x00000000        0x0 c:/program files (x86)/atmel/studio/7.0/toolchain/avr8/avr8-gnu-toolchain/bin/../lib/gcc/avr/5.4.0/avr6\libgcc.a(_divmodsi4.o)
 .bss           0x00000000        0x0 c:/program files (x86)/atmel/studio/7.0/toolchain/avr8/avr8-gnu-toolchain/bin/../lib/gcc/avr/5.4.0/avr6\libgcc.a(_divmodsi4.o)
 .text.libgcc.mul
                0x00000000        0x0 c:/program files (x86)/atmel/studio/7.0/toolchain/avr8/avr8-gnu-toolchain/bin/../lib/gcc/avr/5.4.0/avr6\libgcc.a(_divmodsi4.o)
 .text.libgcc   0x00000000        0x0 c:/program files (x86)/atmel/studio/7.0/toolchain/avr8/avr8-gnu-toolchain/bin/../lib/gcc/avr/5.4.0/avr6\libgcc.a(_divmodsi4.o)
 .text.libgcc.prologue
                0x00000000        0x0 c:/program files (x86)/atmel/studio/7.0/toolchain/avr8/avr8-gnu-toolchain/bin/../lib/gcc/avr/5.4.0/avr6\libgcc.a(_divmodsi4.o)
 .text.libgcc.builtins
                0x00000000        0x0 c:/program files (x86)/atmel/studio/7.0/toolchain/avr8/avr8-gnu-toolchain/bin/../lib/gcc/avr/5.4.0/avr6\libgcc.a(_divmodsi4.o)
 .text.libgcc.fmul
                0x00000000        0x0 c:/program files (x86)/atmel/studio/7.0/toolchain/avr8/avr8-gnu-toolchain/bin/../lib/gcc/avr/5.4.0/avr6\libgcc.a(_divmodsi4.o)
 .text.libgcc.fixed
                0x00000000        0x0 c:/program files (x86)/atmel/studio/7.0/toolchain/avr8/avr8-gnu-toolchain/bin/../lib/gcc/avr/5.4.0/avr6\libgcc.a(_divmodsi4.o)
 .text          0x00000000        0x0 c:/program files (x86)/atmel/studio/7.0/toolchain/avr8/avr8-gnu-toolchain/bin/../lib/gcc/avr/5.4.0/avr6\libgcc.a(_negsi2.o)
 .data          0x00000000        0x0 c:/program files (x86)/atmel/studio/7.0/toolchain/avr8/avr8-gnu-toolchain/bin/../lib/gcc/avr/5.4.0/avr6\libgcc.a(_negsi2.o)
 .bss           0x00000000        0x0 c:/program files (x86)/atmel/studio/7.0/toolchain/avr8/avr8-gnu-toolchain/bin/../lib/gcc/avr/5.4.0/avr6\libgcc.a(_negsi2.o)
 .text.libgcc.mul
                0x00000000        0x0 c:/program files (x86)/atmel/studio/7.0/toolchain/avr8/avr8-gnu-toolchain/bin/../lib/gcc/avr/5.4.0/avr6\libgcc.a(_negsi2.o)
 .text.libgcc   0x00000000        0x0 c:/program files (x86)/atmel/studio/7.0/toolchain/avr8/avr8-gnu-toolchain/bin/../lib/gcc/avr/5.4.0/avr6\libgcc.a(_negsi2.o)
 .text.libgcc.prologue
                0x00000000        0x0 c:/program files (x86)/atmel/studio/7.0/toolchain/avr8/avr8-gnu-toolchain/bin/../lib/gcc/avr/5.4.0/avr6\libgcc.a(_negsi2.o)
 .text.libgcc.builtins
                0x00000000        0x0 c:/program files (x86)/atmel/studio/7.0/toolchain/avr8/avr8-gnu-toolchain/bin/../lib/gcc/avr/5.4.0/avr6\libgcc.a(_negsi2.o)
 .text.libgcc.fmul
                0x00000000        0x0 c:/program files (x86)/atmel/studio/7.0/toolchain/avr8/avr8-gnu-toolchain/bin/../lib/gcc/avr/5.4.0/avr6\libgcc.a(_negsi2.o)
 .text.libgcc.fixed
                0x00000000        0x0 c:/program files (x86)/atmel/studio/7.0/toolchain/avr8/avr8-gnu-toolchain/bin/../lib/gcc/avr/5.4.0/avr6\libgcc.a(_negsi2.o)
 .text          0x00000000        0x0 c:/program files (x86)/atmel/studio/7.0/toolchain/avr8/avr8-gnu-toolchain/bin/../lib/gcc/avr/5.4.0/avr6\libgcc.a(_exit.o)
 .data          0x00000000        0x0 c:/program files (x86)/atmel/studio/7.0/toolchain/avr8/avr8-gnu-toolchain/bin/../lib/gcc/avr/5.4.0/avr6\libgcc.a(_exit.o)
 .bss           0x00000000        0x0 c:/program files (x86)/atmel/studio/7.0/toolchain/avr8/avr8-gnu-toolchain/bin/../lib/gcc/avr/5.4.0/avr6\libgcc.a(_exit.o)
 .text.libgcc.mul
                0x00000000        0x0 c:/program files (x86)/atmel/studio/7.0/toolchain/avr8/avr8-gnu-toolchain/bin/../lib/gcc/avr/5.4.0/avr6\libgcc.a(_exit.o)
 .text.libgcc.div
                0x00000000        0x0 c:/program files (x86)/atmel/studio/7.0/toolchain/avr8/avr8-gnu-toolchain/bin/../lib/gcc/avr/5.4.0/avr6\libgcc.a(_exit.o)
 .text.libgcc   0x00000000        0x0 c:/program files (x86)/atmel/studio/7.0/toolchain/avr8/avr8-gnu-toolchain/bin/../lib/gcc/avr/5.4.0/avr6\libgcc.a(_exit.o)
 .text.libgcc.prologue
                0x00000000        0x0 c:/program files (x86)/atmel/studio/7.0/toolchain/avr8/avr8-gnu-toolchain/bin/../lib/gcc/avr/5.4.0/avr6\libgcc.a(_exit.o)
 .text.libgcc.builtins
                0x00000000        0x0 c:/program files (x86)/atmel/studio/7.0/toolchain/avr8/avr8-gnu-toolchain/bin/../lib/gcc/avr/5.4.0/avr6\libgcc.a(_exit.o)
 .text.libgcc.fmul
                0x00000000        0x0 c:/program files (x86)/atmel/studio/7.0/toolchain/avr8/avr8-gnu-toolchain/bin/../lib/gcc/avr/5.4.0/avr6\libgcc.a(_exit.o)
 .text.libgcc.fixed
                0x00000000        0x0 c:/program files (x86)/atmel/studio/7.0/toolchain/avr8/avr8-gnu-toolchain/bin/../lib/gcc/avr/5.4.0/avr6\libgcc.a(_exit.o)
 .text          0x00000000        0x0 c:/program files (x86)/atmel/studio/7.0/toolchain/avr8/avr8-gnu-toolchain/bin/../lib/gcc/avr/5.4.0/avr6\libgcc.a(_tablejump2.o)
 .data          0x00000000        0x0 c:/program files (x86)/atmel/studio/7.0/toolchain/avr8/avr8-gnu-toolchain/bin/../lib/gcc/avr/5.4.0/avr6\libgcc.a(_tablejump2.o)
 .bss           0x00000000        0x0 c:/program files (x86)/atmel/studio/7.0/toolchain/avr8/avr8-gnu-toolchain/bin/../lib/gcc/avr/5.4.0/avr6\libgcc.a(_tablejump2.o)
 .text.libgcc.mul
                0x00000000        0x0 c:/program files (x86)/atmel/studio/7.0/toolchain/avr8/avr8-gnu-toolchain/bin/../lib/gcc/avr/5.4.0/avr6\libgcc.a(_tablejump2.o)
 .text.libgcc.div
                0x00000000        0x0 c:/program files (x86)/atmel/studio/7.0/toolchain/avr8/avr8-gnu-toolchain/bin/../lib/gcc/avr/5.4.0/avr6\libgcc.a(_tablejump2.o)
 .text.libgcc.prologue
                0x00000000        0x0 c:/program files (x86)/atmel/studio/7.0/toolchain/avr8/avr8-gnu-toolchain/bin/../lib/gcc/avr/5.4.0/avr6\libgcc.a(_tablejump2.o)
 .text.libgcc.builtins
                0x00000000        0x0 c:/program files (x86)/atmel/studio/7.0/toolchain/avr8/avr8-gnu-toolchain/bin/../lib/gcc/avr/5.4.0/avr6\libgcc.a(_tablejump2.o)
 .text.libgcc.fmul
                0x00000000        0x0 c:/program files (x86)/atmel/studio/7.0/toolchain/avr8/avr8-gnu-toolchain/bin/../lib/gcc/avr/5.4.0/avr6\libgcc.a(_tablejump2.o)
 .text.libgcc.fixed
                0x00000000        0x0 c:/program files (x86)/atmel/studio/7.0/toolchain/avr8/avr8-gnu-toolchain/bin/../lib/gcc/avr/5.4.0/avr6\libgcc.a(_tablejump2.o)
 .text          0x00000000        0x0 c:/program files (x86)/atmel/studio/7.0/toolchain/avr8/avr8-gnu-toolchain/bin/../lib/gcc/avr/5.4.0/avr6\libgcc.a(_copy_data.o)
 .data          0x00000000        0x0 c:/program files (x86)/atmel/studio/7.0/toolchain/avr8/avr8-gnu-toolchain/bin/../lib/gcc/avr/5.4.0/avr6\libgcc.a(_copy_data.o)
 .bss           0x00000000        0x0 c:/program files (x86)/atmel/studio/7.0/toolchain/avr8/avr8-gnu-toolchain/bin/../lib/gcc/avr/5.4.0/avr6\libgcc.a(_copy_data.o)
 .text.libgcc.mul
                0x00000000        0x0 c:/program files (x86)/atmel/studio/7.0/toolchain/avr8/avr8-gnu-toolchain/bin/../lib/gcc/avr/5.4.0/avr6\libgcc.a(_copy_data.o)
 .text.libgcc.div
                0x00000000        0x0 c:/program files (x86)/atmel/studio/7.0/toolchain/avr8/avr8-gnu-toolchain/bin/../lib/gcc/avr/5.4.0/avr6\libgcc.a(_copy_data.o)
 .text.libgcc   0x00000000        0x0 c:/program files (x86)/atmel/studio/7.0/toolchain/avr8/avr8-gnu-toolchain/bin/../lib/gcc/avr/5.4.0/avr6\libgcc.a(_copy_data.o)
 .text.libgcc.prologue
                0x00000000        0x0 c:/program files (x86)/atmel/studio/7.0/toolchain/avr8/avr8-gnu-toolchain/bin/../lib/gcc/avr/5.4.0/avr6\libgcc.a(_copy_data.o)
 .text.libgcc.builtins
                0x00000000        0x0 c:/program files (x86)/atmel/studio/7.0/toolchain/avr8/avr8-gnu-toolchain/bin/../lib/gcc/avr/5.4.0/avr6\libgcc.a(_copy_data.o)
 .text.libgcc.fmul
                0x00000000        0x0 c:/program files (x86)/atmel/studio/7.0/toolchain/avr8/avr8-gnu-toolchain/bin/../lib/gcc/avr/5.4.0/avr6\libgcc.a(_copy_data.o)
 .text.libgcc.fixed
                0x00000000        0x0 c:/program files (x86)/atmel/studio/7.0/toolchain/avr8/avr8-gnu-toolchain/bin/../lib/gcc/avr/5.4.0/avr6\libgcc.a(_copy_data.o)
 .text          0x00000000        0x0 c:/program files (x86)/atmel/studio/7.0/toolchain/avr8/avr8-gnu-toolchain/bin/../lib/gcc/avr/5.4.0/avr6\libgcc.a(_clear_bss.o)
 .data          0x00000000        0x0 c:/program files (x86)/atmel/studio/7.0/toolchain/avr8/avr8-gnu-toolchain/bin/../lib/gcc/avr/5.4.0/avr6\libgcc.a(_clear_bss.o)
 .bss           0x00000000        0x0 c:/program files (x86)/atmel/studio/7.0/toolchain/avr8/avr8-gnu-toolchain/bin/../lib/gcc/avr/5.4.0/avr6\libgcc.a(_clear_bss.o)
 .text.libgcc.mul
                0x00000000        0x0 c:/program files (x86)/atmel/studio/7.0/toolchain/avr8/avr8-gnu-toolchain/bin/../lib/gcc/avr/5.4.0/avr6\libgcc.a(_clear_bss.o)
 .text.libgcc.div
                0x00000000        0x0 c:/program files (x86)/atmel/studio/7.0/toolchain/avr8/avr8-gnu-toolchain/bin/../lib/gcc/avr/5.4.0/avr6\libgcc.a(_clear_bss.o)
 .text.libgcc   0x00000000        0x0 c:/program files (x86)/atmel/studio/7.0/toolchain/avr8/avr8-gnu-toolchain/bin/../lib/gcc/avr/5.4.0/avr6\libgcc.a(_clear_bss.o)
 .text.libgcc.prologue
                0x00000000        0x0 c:/program files (x86)/atmel/studio/7.0/toolchain/avr8/avr8-gnu-toolchain/bin/../lib/gcc/avr/5.4.0/avr6\libgcc.a(_clear_bss.o)
 .text.libgcc.builtins
                0x00000000        0x0 c:/program files (x86)/atmel/studio/7.0/toolchain/avr8/avr8-gnu-toolchain/bin/../lib/gcc/avr/5.4.0/avr6\libgcc.a(_clear_bss.o)
 .text.libgcc.fmul
                0x00000000        0x0 c:/program files (x86)/atmel/studio/7.0/toolchain/avr8/avr8-gnu-toolchain/bin/../lib/gcc/avr/5.4.0/avr6\libgcc.a(_clear_bss.o)
 .text.libgcc.fixed
                0x00000000        0x0 c:/program files (x86)/atmel/studio/7.0/toolchain/avr8/avr8-gnu-toolchain/bin/../lib/gcc/avr/5.4.0/avr6\libgcc.a(_clear_bss.o)
 .text          0x00000000        0x0 c:/program files (x86)/atmel/studio/7.0/toolchain/avr8/avr8-gnu-toolchain/bin/../lib/gcc/avr/5.4.0/avr6\libgcc.a(_umulhisi3.o)
 .data          0x00000000        0x0 c:/program files (x86)/atmel/studio/7.0/toolchain/avr8/avr8-gnu-toolchain/bin/../lib/gcc/avr/5.4.0/avr6\libgcc.a(_umulhisi3.o)
 .bss           0x00000000        0x0 c:/program files (x86)/atmel/studio/7.0/toolchain/avr8/avr8-gnu-toolchain/bin/../lib/gcc/avr/5.4.0/avr6\libgcc.a(_umulhisi3.o)
 .text.libgcc.div
                0x00000000        0x0 c:/program files (x86)/atmel/studio/7.0/toolchain/avr8/avr8-gnu-toolchain/bin/../lib/gcc/avr/5.4.0/avr6\libgcc.a(_umulhisi3.o)
 .text.libgcc   0x00000000        0x0 c:/program files (x86)/atmel/studio/7.0/toolchain/avr8/avr8-gnu-toolchain/bin/../lib/gcc/avr/5.4.0/avr6\libgcc.a(_umulhisi3.o)
 .text.libgcc.prologue
                0x00000000        0x0 c:/program files (x86)/atmel/studio/7.0/toolchain/avr8/avr8-gnu-toolchain/bin/../lib/gcc/avr/5.4.0/avr6\libgcc.a(_umulhisi3.o)
 .text.libgcc.builtins
                0x00000000        0x0 c:/program files (x86)/atmel/studio/7.0/toolchain/avr8/avr8-gnu-toolchain/bin/../lib/gcc/avr/5.4.0/avr6\libgcc.a(_umulhisi3.o)
 .text.libgcc.fmul
                0x00000000        0x0 c:/program files (x86)/atmel/studio/7.0/toolchain/avr8/avr8-gnu-toolchain/bin/../lib/gcc/avr/5.4.0/avr6\libgcc.a(_umulhisi3.o)
 .text.libgcc.fixed
                0x00000000        0x0 c:/program files (x86)/atmel/studio/7.0/toolchain/avr8/avr8-gnu-toolchain/bin/../lib/gcc/avr/5.4.0/avr6\libgcc.a(_umulhisi3.o)
 .text          0x00000000        0x0 c:/program files (x86)/atmel/studio/7.0/toolchain/avr8/avr8-gnu-toolchain/bin/../lib/gcc/avr/5.4.0/avr6\libgcc.a(_usmulhisi3.o)
 .data          0x00000000        0x0 c:/program files (x86)/atmel/studio/7.0/toolchain/avr8/avr8-gnu-toolchain/bin/../lib/gcc/avr/5.4.0/avr6\libgcc.a(_usmulhisi3.o)
 .bss           0x00000000        0x0 c:/program files (x86)/atmel/studio/7.0/toolchain/avr8/avr8-gnu-toolchain/bin/../lib/gcc/avr/5.4.0/avr6\libgcc.a(_usmulhisi3.o)
 .text.libgcc.div
                0x00000000        0x0 c:/program files (x86)/atmel/studio/7.0/toolchain/avr8/avr8-gnu-toolchain/bin/../lib/gcc/avr/5.4.0/avr6\libgcc.a(_usmulhisi3.o)
 .text.libgcc   0x00000000        0x0 c:/program files (x86)/atmel/studio/7.0/toolchain/avr8/avr8-gnu-toolchain/bin/../lib/gcc/avr/5.4.0/avr6\libgcc.a(_usmulhisi3.o)
 .text.libgcc.prologue
                0x00000000        0x0 c:/program files (x86)/atmel/studio/7.0/toolchain/avr8/avr8-gnu-toolchain/bin/../lib/gcc/avr/5.4.0/avr6\libgcc.a(_usmulhisi3.o)
 .text.libgcc.builtins
                0x00000000        0x0 c:/program files (x86)/atmel/studio/7.0/toolchain/avr8/avr8-gnu-toolchain/bin/../lib/gcc/avr/5.4.0/avr6\libgcc.a(_usmulhisi3.o)
 .text.libgcc.fmul
                0x00000000        0x0 c:/program files (x86)/atmel/studio/7.0/toolchain/avr8/avr8-gnu-toolchain/bin/../lib/gcc/avr/5.4.0/avr6\libgcc.a(_usmulhisi3.o)
 .text.libgcc.fixed
                0x00000000        0x0 c:/program files (x86)/atmel/studio/7.0/toolchain/avr8/avr8-gnu-toolchain/bin/../lib/gcc/avr/5.4.0/avr6\libgcc.a(_usmulhisi3.o)
 .text          0x00000000        0x0 c:/program files (x86)/atmel/studio/7.0/toolchain/avr8/avr8-gnu-toolchain/bin/../lib/gcc/avr/5.4.0/avr6\libgcc.a(_muluhisi3.o)
 .data          0x00000000        0x0 c:/program files (x86)/atmel/studio/7.0/toolchain/avr8/avr8-gnu-toolchain/bin/../lib/gcc/avr/5.4.0/avr6\libgcc.a(_muluhisi3.o)
 .bss           0x00000000        0x0 c:/program files (x86)/atmel/studio/7.0/toolchain/avr8/avr8-gnu-toolchain/bin/../lib/gcc/avr/5.4.0/avr6\libgcc.a(_muluhisi3.o)
 .text.libgcc.div
                0x00000000        0x0 c:/program files (x86)/atmel/studio/7.0/toolchain/avr8/avr8-gnu-toolchain/bin/../lib/gcc/avr/5.4.0/avr6\libgcc.a(_muluhisi3.o)
 .text.libgcc   0x00000000        0x0 c:/program files (x86)/atmel/studio/7.0/toolchain/avr8/avr8-gnu-toolchain/bin/../lib/gcc/avr/5.4.0/avr6\libgcc.a(_muluhisi3.o)
 .text.libgcc.prologue
                0x00000000        0x0 c:/program files (x86)/atmel/studio/7.0/toolchain/avr8/avr8-gnu-toolchain/bin/../lib/gcc/avr/5.4.0/avr6\libgcc.a(_muluhisi3.o)
 .text.libgcc.builtins
                0x00000000        0x0 c:/program files (x86)/atmel/studio/7.0/toolchain/avr8/avr8-gnu-toolchain/bin/../lib/gcc/avr/5.4.0/avr6\libgcc.a(_muluhisi3.o)
 .text.libgcc.fmul
                0x00000000        0x0 c:/program files (x86)/atmel/studio/7.0/toolchain/avr8/avr8-gnu-toolchain/bin/../lib/gcc/avr/5.4.0/avr6\libgcc.a(_muluhisi3.o)
 .text.libgcc.fixed
                0x00000000        0x0 c:/program files (x86)/atmel/studio/7.0/toolchain/avr8/avr8-gnu-toolchain/bin/../lib/gcc/avr/5.4.0/avr6\libgcc.a(_muluhisi3.o)
 .text          0x00000000        0x0 c:/program files (x86)/atmel/studio/7.0/toolchain/avr8/avr8-gnu-toolchain/bin/../lib/gcc/avr/5.4.0/avr6\libgcc.a(_umulsidi3.o)
 .data          0x00000000        0x0 c:/program files (x86)/atmel/studio/7.0/toolchain/avr8/avr8-gnu-toolchain/bin/../lib/gcc/avr/5.4.0/avr6\libgcc.a(_umulsidi3.o)
 .bss           0x00000000        0x0 c:/program files (x86)/atmel/studio/7.0/toolchain/avr8/avr8-gnu-toolchain/bin/../lib/gcc/avr/5.4.0/avr6\libgcc.a(_umulsidi3.o)
 .text.libgcc.div
                0x00000000        0x0 c:/program files (x86)/atmel/studio/7.0/toolchain/avr8/avr8-gnu-toolchain/bin/../lib/gcc/avr/5.4.0/avr6\libgcc.a(_umulsidi3.o)
 .text.libgcc   0x00000000        0x0 c:/program files (x86)/atmel/studio/7.0/toolchain/avr8/avr8-gnu-toolchain/bin/../lib/gcc/avr/5.4.0/avr6\libgcc.a(_umulsidi3.o)
 .text.libgcc.prologue
                0x00000000        0x0 c:/program files (x86)/atmel/studio/7.0/toolchain/avr8/avr8-gnu-toolchain/bin/../lib/gcc/avr/5.4.0/avr6\libgcc.a(_umulsidi3.o)
 .text.libgcc.builtins
                0x00000000        0x0 c:/program files (x86)/atmel/studio/7.0/toolchain/avr8/avr8-gnu-toolchain/bin/../lib/gcc/avr/5.4.0/avr6\libgcc.a(_umulsidi3.o)
 .text.libgcc.fmul
                0x00000000        0x0 c:/program files (x86)/atmel/studio/7.0/toolchain/avr8/avr8-gnu-toolchain/bin/../lib/gcc/avr/5.4.0/avr6\libgcc.a(_umulsidi3.o)
 .text.libgcc.fixed
                0x00000000        0x0 c:/program files (x86)/atmel/studio/7.0/toolchain/avr8/avr8-gnu-toolchain/bin/../lib/gcc/avr/5.4.0/avr6\libgcc.a(_umulsidi3.o)
 .text          0x00000000        0x0 c:/program files (x86)/atmel/studio/7.0/toolchain/avr8/avr8-gnu-toolchain/bin/../lib/gcc/avr/5.4.0/avr6\libgcc.a(_ashrdi3.o)
 .data          0x00000000        0x0 c:/program files (x86)/atmel/studio/7.0/toolchain/avr8/avr8-gnu-toolchain/bin/../lib/gcc/avr/5.4.0/avr6\libgcc.a(_ashrdi3.o)
 .bss           0x00000000        0x0 c:/program files (x86)/atmel/studio/7.0/toolchain/avr8/avr8-gnu-toolchain/bin/../lib/gcc/avr/5.4.0/avr6\libgcc.a(_ashrdi3.o)
 .text.libgcc.mul
                0x00000000        0x0 c:/program files (x86)/atmel/studio/7.0/toolchain/avr8/avr8-gnu-toolchain/bin/../lib/gcc/avr/5.4.0/avr6\libgcc.a(_ashrdi3.o)
 .text.libgcc.div
                0x00000000        0x0 c:/program files (x86)/atmel/studio/7.0/toolchain/avr8/avr8-gnu-toolchain/bin/../lib/gcc/avr/5.4.0/avr6\libgcc.a(_ashrdi3.o)
 .text.libgcc   0x00000000        0x0 c:/program files (x86)/atmel/studio/7.0/toolchain/avr8/avr8-gnu-toolchain/bin/../lib/gcc/avr/5.4.0/avr6\libgcc.a(_ashrdi3.o)
 .text.libgcc.prologue
                0x00000000        0x0 c:/program files (x86)/atmel/studio/7.0/toolchain/avr8/avr8-gnu-toolchain/bin/../lib/gcc/avr/5.4.0/avr6\libgcc.a(_ashrdi3.o)
 .text.libgcc.fmul
                0x00000000        0x0 c:/program files (x86)/atmel/studio/7.0/toolchain/avr8/avr8-gnu-toolchain/bin/../lib/gcc/avr/5.4.0/avr6\libgcc.a(_ashrdi3.o)
 .text.libgcc.fixed
                0x00000000        0x0 c:/program files (x86)/atmel/studio/7.0/toolchain/avr8/avr8-gnu-toolchain/bin/../lib/gcc/avr/5.4.0/avr6\libgcc.a(_ashrdi3.o)
 .text          0x00000000        0x0 c:/program files (x86)/atmel/studio/7.0/toolchain/avr8/avr8-gnu-toolchain/bin/../lib/gcc/avr/5.4.0/avr6\libgcc.a(_muldi3_6.o)
 .data          0x00000000        0x0 c:/program files (x86)/atmel/studio/7.0/toolchain/avr8/avr8-gnu-toolchain/bin/../lib/gcc/avr/5.4.0/avr6\libgcc.a(_muldi3_6.o)
 .bss           0x00000000        0x0 c:/program files (x86)/atmel/studio/7.0/toolchain/avr8/avr8-gnu-toolchain/bin/../lib/gcc/avr/5.4.0/avr6\libgcc.a(_muldi3_6.o)
 .text.libgcc.div
                0x00000000        0x0 c:/program files (x86)/atmel/studio/7.0/toolchain/avr8/avr8-gnu-toolchain/bin/../lib/gcc/avr/5.4.0/avr6\libgcc.a(_muldi3_6.o)
 .text.libgcc   0x00000000        0x0 c:/program files (x86)/atmel/studio/7.0/toolchain/avr8/avr8-gnu-toolchain/bin/../lib/gcc/avr/5.4.0/avr6\libgcc.a(_muldi3_6.o)
 .text.libgcc.prologue
                0x00000000        0x0 c:/program files (x86)/atmel/studio/7.0/toolchain/avr8/avr8-gnu-toolchain/bin/../lib/gcc/avr/5.4.0/avr6\libgcc.a(_muldi3_6.o)
 .text.libgcc.builtins
                0x00000000        0x0 c:/program files (x86)/atmel/studio/7.0/toolchain/avr8/avr8-gnu-toolchain/bin/../lib/gcc/avr/5.4.0/avr6\libgcc.a(_muldi3_6.o)
 .text.libgcc.fmul
                0x00000000        0x0 c:/program files (x86)/atmel/studio/7.0/toolchain/avr8/avr8-gnu-toolchain/bin/../lib/gcc/avr/5.4.0/avr6\libgcc.a(_muldi3_6.o)
 .text.libgcc.fixed
                0x00000000        0x0 c:/program files (x86)/atmel/studio/7.0/toolchain/avr8/avr8-gnu-toolchain/bin/../lib/gcc/avr/5.4.0/avr6\libgcc.a(_muldi3_6.o)
 .text          0x00000000        0x0 c:/program files (x86)/atmel/studio/7.0/toolchain/avr8/avr8-gnu-toolchain/bin/../lib/gcc/avr/5.4.0/../../../../avr/lib/avr6\libc.a(strcat.o)
 .data          0x00000000        0x0 c:/program files (x86)/atmel/studio/7.0/toolchain/avr8/avr8-gnu-toolchain/bin/../lib/gcc/avr/5.4.0/../../../../avr/lib/avr6\libc.a(strcat.o)
 .bss           0x00000000        0x0 c:/program files (x86)/atmel/studio/7.0/toolchain/avr8/avr8-gnu-toolchain/bin/../lib/gcc/avr/5.4.0/../../../../avr/lib/avr6\libc.a(strcat.o)
 .text          0x00000000        0x0 c:/program files (x86)/atmel/studio/7.0/toolchain/avr8/avr8-gnu-toolchain/bin/../lib/gcc/avr/5.4.0/../../../../avr/lib/avr6\libc.a(strcpy.o)
 .data          0x00000000        0x0 c:/program files (x86)/atmel/studio/7.0/toolchain/avr8/avr8-gnu-toolchain/bin/../lib/gcc/avr/5.4.0/../../../../avr/lib/avr6\libc.a(strcpy.o)
 .bss           0x00000000        0x0 c:/program files (x86)/atmel/studio/7.0/toolchain/avr8/avr8-gnu-toolchain/bin/../lib/gcc/avr/5.4.0/../../../../avr/lib/avr6\libc.a(strcpy.o)
 .text          0x00000000        0x0 c:/program files (x86)/atmel/studio/7.0/toolchain/avr8/avr8-gnu-toolchain/bin/../lib/gcc/avr/5.4.0/../../../../avr/lib/avr6\libc.a(itoa_ncheck.o)
 .data          0x00000000        0x0 c:/program files (x86)/atmel/studio/7.0/toolchain/avr8/avr8-gnu-toolchain/bin/../lib/gcc/avr/5.4.0/../../../../avr/lib/avr6\libc.a(itoa_ncheck.o)
 .bss           0x00000000        0x0 c:/program files (x86)/atmel/studio/7.0/toolchain/avr8/avr8-gnu-toolchain/bin/../lib/gcc/avr/5.4.0/../../../../avr/lib/avr6\libc.a(itoa_ncheck.o)
 .text          0x00000000        0x0 c:/program files (x86)/atmel/studio/7.0/toolchain/avr8/avr8-gnu-toolchain/bin/../lib/gcc/avr/5.4.0/../../../../avr/lib/avr6\libc.a(ltoa_ncheck.o)
 .data          0x00000000        0x0 c:/program files (x86)/atmel/studio/7.0/toolchain/avr8/avr8-gnu-toolchain/bin/../lib/gcc/avr/5.4.0/../../../../avr/lib/avr6\libc.a(ltoa_ncheck.o)
 .bss           0x00000000        0x0 c:/program files (x86)/atmel/studio/7.0/toolchain/avr8/avr8-gnu-toolchain/bin/../lib/gcc/avr/5.4.0/../../../../avr/lib/avr6\libc.a(ltoa_ncheck.o)
 .text          0x00000000        0x0 c:/program files (x86)/atmel/studio/7.0/toolchain/avr8/avr8-gnu-toolchain/bin/../lib/gcc/avr/5.4.0/../../../../avr/lib/avr6\libc.a(ultoa_ncheck.o)
 .data          0x00000000        0x0 c:/program files (x86)/atmel/studio/7.0/toolchain/avr8/avr8-gnu-toolchain/bin/../lib/gcc/avr/5.4.0/../../../../avr/lib/avr6\libc.a(ultoa_ncheck.o)
 .bss           0x00000000        0x0 c:/program files (x86)/atmel/studio/7.0/toolchain/avr8/avr8-gnu-toolchain/bin/../lib/gcc/avr/5.4.0/../../../../avr/lib/avr6\libc.a(ultoa_ncheck.o)
 .text          0x00000000        0x0 c:/program files (x86)/atmel/studio/7.0/toolchain/avr8/avr8-gnu-toolchain/bin/../lib/gcc/avr/5.4.0/../../../../avr/lib/avr6\libc.a(utoa_ncheck.o)
 .data          0x00000000        0x0 c:/program files (x86)/atmel/studio/7.0/toolchain/avr8/avr8-gnu-toolchain/bin/../lib/gcc/avr/5.4.0/../../../../avr/lib/avr6\libc.a(utoa_ncheck.o)
 .bss           0x00000000        0x0 c:/program files (x86)/atmel/studio/7.0/toolchain/avr8/avr8-gnu-toolchain/bin/../lib/gcc/avr/5.4.0/../../../../avr/lib/avr6\libc.a(utoa_ncheck.o)
 .text          0x00000000        0x0 c:/program files (x86)/atmel/studio/7.0/toolchain/avr8/avr8-gnu-toolchain/bin/../lib/gcc/avr/5.4.0/../../../../avr/lib/avr6\libc.a(strrev.o)
 .data          0x00000000        0x0 c:/program files (x86)/atmel/studio/7.0/toolchain/avr8/avr8-gnu-toolchain/bin/../lib/gcc/avr/5.4.0/../../../../avr/lib/avr6\libc.a(strrev.o)
 .bss           0x00000000        0x0 c:/program files (x86)/atmel/studio/7.0/toolchain/avr8/avr8-gnu-toolchain/bin/../lib/gcc/avr/5.4.0/../../../../avr/lib/avr6\libc.a(strrev.o)
 .text          0x00000000        0x0 c:/program files (x86)/atmel/studio/7.0/toolchain/avr8/avr8-gnu-toolchain/bin/../lib/gcc/avr/5.4.0/../../../../avr/lib/avr6\libatmega2560.a(eerd_block.o)
 .data          0x00000000        0x0 c:/program files (x86)/atmel/studio/7.0/toolchain/avr8/avr8-gnu-toolchain/bin/../lib/gcc/avr/5.4.0/../../../../avr/lib/avr6\libatmega2560.a(eerd_block.o)
 .bss           0x00000000        0x0 c:/program files (x86)/atmel/studio/7.0/toolchain/avr8/avr8-gnu-toolchain/bin/../lib/gcc/avr/5.4.0/../../../../avr/lib/avr6\libatmega2560.a(eerd_block.o)
 .text          0x00000000        0x0 c:/program files (x86)/atmel/studio/7.0/toolchain/avr8/avr8-gnu-toolchain/bin/../lib/gcc/avr/5.4.0/../../../../avr/lib/avr6\libatmega2560.a(eerd_byte.o)
 .data          0x00000000        0x0 c:/program files (x86)/atmel/studio/7.0/toolchain/avr8/avr8-gnu-toolchain/bin/../lib/gcc/avr/5.4.0/../../../../avr/lib/avr6\libatmega2560.a(eerd_byte.o)
 .bss           0x00000000        0x0 c:/program files (x86)/atmel/studio/7.0/toolchain/avr8/avr8-gnu-toolchain/bin/../lib/gcc/avr/5.4.0/../../../../avr/lib/avr6\libatmega2560.a(eerd_byte.o)
 .text          0x00000000        0x0 c:/program files (x86)/atmel/studio/7.0/toolchain/avr8/avr8-gnu-toolchain/bin/../lib/gcc/avr/5.4.0/../../../../avr/lib/avr6\libatmega2560.a(eerd_dword.o)
 .data          0x00000000        0x0 c:/program files (x86)/atmel/studio/7.0/toolchain/avr8/avr8-gnu-toolchain/bin/../lib/gcc/avr/5.4.0/../../../../avr/lib/avr6\libatmega2560.a(eerd_dword.o)
 .bss           0x00000000        0x0 c:/program files (x86)/atmel/studio/7.0/toolchain/avr8/avr8-gnu-toolchain/bin/../lib/gcc/avr/5.4.0/../../../../avr/lib/avr6\libatmega2560.a(eerd_dword.o)
 .text          0x00000000        0x0 c:/program files (x86)/atmel/studio/7.0/toolchain/avr8/avr8-gnu-toolchain/bin/../lib/gcc/avr/5.4.0/../../../../avr/lib/avr6\libatmega2560.a(eerd_word.o)
 .data          0x00000000        0x0 c:/program files (x86)/atmel/studio/7.0/toolchain/avr8/avr8-gnu-toolchain/bin/../lib/gcc/avr/5.4.0/../../../../avr/lib/avr6\libatmega2560.a(eerd_word.o)
 .bss           0x00000000        0x0 c:/program files (x86)/atmel/studio/7.0/toolchain/avr8/avr8-gnu-toolchain/bin/../lib/gcc/avr/5.4.0/../../../../avr/lib/avr6\libatmega2560.a(eerd_word.o)
 .text          0x00000000        0x0 c:/program files (x86)/atmel/studio/7.0/toolchain/avr8/avr8-gnu-toolchain/bin/../lib/gcc/avr/5.4.0/../../../../avr/lib/avr6\libatmega2560.a(eewr_block.o)
 .data          0x00000000        0x0 c:/program files (x86)/atmel/studio/7.0/toolchain/avr8/avr8-gnu-toolchain/bin/../lib/gcc/avr/5.4.0/../../../../avr/lib/avr6\libatmega2560.a(eewr_block.o)
 .bss           0x00000000        0x0 c:/program files (x86)/atmel/studio/7.0/toolchain/avr8/avr8-gnu-toolchain/bin/../lib/gcc/avr/5.4.0/../../../../avr/lib/avr6\libatmega2560.a(eewr_block.o)
 .text          0x00000000        0x0 c:/program files (x86)/atmel/studio/7.0/toolchain/avr8/avr8-gnu-toolchain/bin/../lib/gcc/avr/5.4.0/../../../../avr/lib/avr6\libatmega2560.a(eewr_byte.o)
 .data          0x00000000        0x0 c:/program files (x86)/atmel/studio/7.0/toolchain/avr8/avr8-gnu-toolchain/bin/../lib/gcc/avr/5.4.0/../../../../avr/lib/avr6\libatmega2560.a(eewr_byte.o)
 .bss           0x00000000        0x0 c:/program files (x86)/atmel/studio/7.0/toolchain/avr8/avr8-gnu-toolchain/bin/../lib/gcc/avr/5.4.0/../../../../avr/lib/avr6\libatmega2560.a(eewr_byte.o)
 .text          0x00000000        0x0 c:/program files (x86)/atmel/studio/7.0/toolchain/avr8/avr8-gnu-toolchain/bin/../lib/gcc/avr/5.4.0/../../../../avr/lib/avr6\libatmega2560.a(eewr_dword.o)
 .data          0x00000000        0x0 c:/program files (x86)/atmel/studio/7.0/toolchain/avr8/avr8-gnu-toolchain/bin/../lib/gcc/avr/5.4.0/../../../../avr/lib/avr6\libatmega2560.a(eewr_dword.o)
 .bss           0x00000000        0x0 c:/program files (x86)/atmel/studio/7.0/toolchain/avr8/avr8-gnu-toolchain/bin/../lib/gcc/avr/5.4.0/../../../../avr/lib/avr6\libatmega2560.a(eewr_dword.o)
 .text          0x00000000        0x0 c:/program files (x86)/atmel/studio/7.0/toolchain/avr8/avr8-gnu-toolchain/bin/../lib/gcc/avr/5.4.0/../../../../avr/lib/avr6\libatmega2560.a(eewr_word.o)
 .data          0x00000000        0x0 c:/program files (x86)/atmel/studio/7.0/toolchain/avr8/avr8-gnu-toolchain/bin/../lib/gcc/avr/5.4.0/../../../../avr/lib/avr6\libatmega2560.a(eewr_word.o)
 .bss           0x00000000        0x0 c:/program files (x86)/atmel/studio/7.0/toolchain/avr8/avr8-gnu-toolchain/bin/../lib/gcc/avr/5.4.0/../../../../avr/lib/avr6\libatmega2560.a(eewr_word.o)

Memory Configuration

Name             Origin             Length             Attributes
text             0x00000000         0x00100000         xr
data             0x00800200         0x0000fe00         rw !x
eeprom           0x00810000         0x00010000         rw !x
fuse             0x00820000         0x00000003         rw !x
lock             0x00830000         0x00000400         rw !x
signature        0x00840000         0x00000400         rw !x
user_signatures  0x00850000         0x00000400         rw !x
*default*        0x00000000         0xffffffff

Linker script and memory map

Address of section .data set to 0x800200
LOAD c:/program files (x86)/atmel/studio/7.0/toolchain/avr8/avr8-gnu-toolchain/bin/../lib/gcc/avr/5.4.0/../../../../avr/lib/avr6/crtatmega2560.o
LOAD Cards/Amplifier.o
LOAD Cards/FrontEnd.o
LOAD Cards/LED_Source.o
LOAD Cards/MOSFET_BreakDown.o
LOAD Cards/MOSFET_Source.o
LOAD Cards/Slot_Tester.o
LOAD globalVAR.o
LOAD ICs/AD5752.o
LOAD ICs/LTC1864.o
LOAD ICs/MCP23S08.o
LOAD main.o
LOAD my_Timers.o
LOAD Serial_ReadWrite.o
LOAD terminal.o
LOAD uart0.o
LOAD usart_spi.o
START GROUP
LOAD c:/program files (x86)/atmel/studio/7.0/toolchain/avr8/avr8-gnu-toolchain/bin/../lib/gcc/avr/5.4.0/../../../../avr/lib/avr6\libm.a
END GROUP
START GROUP
LOAD c:/program files (x86)/atmel/studio/7.0/toolchain/avr8/avr8-gnu-toolchain/bin/../lib/gcc/avr/5.4.0/avr6\libgcc.a
LOAD c:/program files (x86)/atmel/studio/7.0/toolchain/avr8/avr8-gnu-toolchain/bin/../lib/gcc/avr/5.4.0/../../../../avr/lib/avr6\libm.a
LOAD c:/program files (x86)/atmel/studio/7.0/toolchain/avr8/avr8-gnu-toolchain/bin/../lib/gcc/avr/5.4.0/../../../../avr/lib/avr6\libc.a
LOAD c:/program files (x86)/atmel/studio/7.0/toolchain/avr8/avr8-gnu-toolchain/bin/../lib/gcc/avr/5.4.0/../../../../avr/lib/avr6\libatmega2560.a
END GROUP
                0x00100000                __TEXT_REGION_LENGTH__ = DEFINED (__TEXT_REGION_LENGTH__)?__TEXT_REGION_LENGTH__:0x100000
                0x0000fe00                __DATA_REGION_LENGTH__ = DEFINED (__DATA_REGION_LENGTH__)?__DATA_REGION_LENGTH__:0xfe00
                0x00010000                __EEPROM_REGION_LENGTH__ = DEFINED (__EEPROM_REGION_LENGTH__)?__EEPROM_REGION_LENGTH__:0x10000
                [0x00000003]                __FUSE_REGION_LENGTH__ = DEFINED (__FUSE_REGION_LENGTH__)?__FUSE_REGION_LENGTH__:0x400
                0x00000400                __LOCK_REGION_LENGTH__ = DEFINED (__LOCK_REGION_LENGTH__)?__LOCK_REGION_LENGTH__:0x400
                0x00000400                __SIGNATURE_REGION_LENGTH__ = DEFINED (__SIGNATURE_REGION_LENGTH__)?__SIGNATURE_REGION_LENGTH__:0x400
                0x00000400                __USER_SIGNATURE_REGION_LENGTH__ = DEFINED (__USER_SIGNATURE_REGION_LENGTH__)?__USER_SIGNATURE_REGION_LENGTH__:0x400

.hash
 *(.hash)

.dynsym
 *(.dynsym)

.dynstr
 *(.dynstr)

.gnu.version
 *(.gnu.version)

.gnu.version_d
 *(.gnu.version_d)

.gnu.version_r
 *(.gnu.version_r)

.rel.init
 *(.rel.init)

.rela.init
 *(.rela.init)

.rel.text
 *(.rel.text)
 *(.rel.text.*)
 *(.rel.gnu.linkonce.t*)

.rela.text
 *(.rela.text)
 *(.rela.text.*)
 *(.rela.gnu.linkonce.t*)

.rel.fini
 *(.rel.fini)

.rela.fini
 *(.rela.fini)

.rel.rodata
 *(.rel.rodata)
 *(.rel.rodata.*)
 *(.rel.gnu.linkonce.r*)

.rela.rodata
 *(.rela.rodata)
 *(.rela.rodata.*)
 *(.rela.gnu.linkonce.r*)

.rel.data
 *(.rel.data)
 *(.rel.data.*)
 *(.rel.gnu.linkonce.d*)

.rela.data
 *(.rela.data)
 *(.rela.data.*)
 *(.rela.gnu.linkonce.d*)

.rel.ctors
 *(.rel.ctors)

.rela.ctors
 *(.rela.ctors)

.rel.dtors
 *(.rel.dtors)

.rela.dtors
 *(.rela.dtors)

.rel.got
 *(.rel.got)

.rela.got
 *(.rela.got)

.rel.bss
 *(.rel.bss)

.rela.bss
 *(.rela.bss)

.rel.plt
 *(.rel.plt)

.rela.plt
 *(.rela.plt)

.text           0x00000000     0x46d4
 *(.vectors)
 .vectors       0x00000000       0xe4 c:/program files (x86)/atmel/studio/7.0/toolchain/avr8/avr8-gnu-toolchain/bin/../lib/gcc/avr/5.4.0/../../../../avr/lib/avr6/crtatmega2560.o
                0x00000000                __vector_default
                0x00000000                __vectors
 *(.vectors)
 *(.progmem.gcc*)
 .progmem.gcc_sw_table.Slot_Tester_set_7Segment
                0x000000e4       0x14 Cards/Slot_Tester.o
                0x000000f8                . = ALIGN (0x2)
                0x000000f8                __trampolines_start = .
 *(.trampolines)
 .trampolines   0x000000f8        0x0 linker stubs
 *(.trampolines*)
                0x000000f8                __trampolines_end = .
 *libprintf_flt.a:*(.progmem.data)
 *libc.a:*(.progmem.data)
 *(.progmem*)
                0x000000f8                . = ALIGN (0x2)
 *(.jumptables)
 *(.jumptables*)
 *(.lowtext)
 *(.lowtext*)
                0x000000f8                __ctors_start = .
 *(.ctors)
                0x000000f8                __ctors_end = .
                0x000000f8                __dtors_start = .
 *(.dtors)
                0x000000f8                __dtors_end = .
 SORT(*)(.ctors)
 SORT(*)(.dtors)
 *(.init0)
 .init0         0x000000f8        0x0 c:/program files (x86)/atmel/studio/7.0/toolchain/avr8/avr8-gnu-toolchain/bin/../lib/gcc/avr/5.4.0/../../../../avr/lib/avr6/crtatmega2560.o
                0x000000f8                __init
 *(.init0)
 *(.init1)
 *(.init1)
 *(.init2)
 .init2         0x000000f8       0x10 c:/program files (x86)/atmel/studio/7.0/toolchain/avr8/avr8-gnu-toolchain/bin/../lib/gcc/avr/5.4.0/../../../../avr/lib/avr6/crtatmega2560.o
 *(.init2)
 *(.init3)
 *(.init3)
 *(.init4)
 .init4         0x00000108       0x1a c:/program files (x86)/atmel/studio/7.0/toolchain/avr8/avr8-gnu-toolchain/bin/../lib/gcc/avr/5.4.0/avr6\libgcc.a(_copy_data.o)
                0x00000108                __do_copy_data
 .init4         0x00000122       0x10 c:/program files (x86)/atmel/studio/7.0/toolchain/avr8/avr8-gnu-toolchain/bin/../lib/gcc/avr/5.4.0/avr6\libgcc.a(_clear_bss.o)
                0x00000122                __do_clear_bss
 *(.init4)
 *(.init5)
 *(.init5)
 *(.init6)
 *(.init6)
 *(.init7)
 *(.init7)
 *(.init8)
 *(.init8)
 *(.init9)
 .init9         0x00000132        0x8 c:/program files (x86)/atmel/studio/7.0/toolchain/avr8/avr8-gnu-toolchain/bin/../lib/gcc/avr/5.4.0/../../../../avr/lib/avr6/crtatmega2560.o
 *(.init9)
 *(.text)
 .text          0x0000013a        0x2 c:/program files (x86)/atmel/studio/7.0/toolchain/avr8/avr8-gnu-toolchain/bin/../lib/gcc/avr/5.4.0/../../../../avr/lib/avr6/crtatmega2560.o
                0x0000013a                __vector_38
                0x0000013a                __vector_22
                0x0000013a                __vector_28
                0x0000013a                __vector_1
                0x0000013a                __vector_32
                0x0000013a                __vector_34
                0x0000013a                __vector_12
                0x0000013a                __vector_55
                0x0000013a                __vector_46
                0x0000013a                __bad_interrupt
                0x0000013a                __vector_6
                0x0000013a                __vector_31
                0x0000013a                __vector_35
                0x0000013a                __vector_39
                0x0000013a                __vector_3
                0x0000013a                __vector_23
                0x0000013a                __vector_30
                0x0000013a                __vector_45
                0x0000013a                __vector_11
                0x0000013a                __vector_54
                0x0000013a                __vector_17
                0x0000013a                __vector_19
                0x0000013a                __vector_56
                0x0000013a                __vector_7
                0x0000013a                __vector_41
                0x0000013a                __vector_43
                0x0000013a                __vector_5
                0x0000013a                __vector_33
                0x0000013a                __vector_52
                0x0000013a                __vector_37
                0x0000013a                __vector_4
                0x0000013a                __vector_44
                0x0000013a                __vector_9
                0x0000013a                __vector_2
                0x0000013a                __vector_21
                0x0000013a                __vector_15
                0x0000013a                __vector_36
                0x0000013a                __vector_29
                0x0000013a                __vector_40
                0x0000013a                __vector_8
                0x0000013a                __vector_26
                0x0000013a                __vector_14
                0x0000013a                __vector_53
                0x0000013a                __vector_10
                0x0000013a                __vector_16
                0x0000013a                __vector_18
                0x0000013a                __vector_20
                0x0000013a                __vector_42
                0x0000013c                . = ALIGN (0x2)
 *(.text.*)
 .text.Amplifier_Variables_from_EEPROM
                0x0000013c       0x38 Cards/Amplifier.o
                0x0000013c                Amplifier_Variables_from_EEPROM
 .text.Amplifier_Default_Values
                0x00000174       0x56 Cards/Amplifier.o
                0x00000174                Amplifier_Default_Values
 .text.Amplifier_Set_Offset_Voltage
                0x000001ca       0x30 Cards/Amplifier.o
                0x000001ca                Amplifier_Set_Offset_Voltage
 .text.Amplifier_Init
                0x000001fa       0xac Cards/Amplifier.o
                0x000001fa                Amplifier_Init
 .text.Terminal_SET_Amplifier
                0x000002a6      0x1ee Cards/Amplifier.o
                0x000002a6                Terminal_SET_Amplifier
 .text.Terminal_GET_Amplifier
                0x00000494       0xa8 Cards/Amplifier.o
                0x00000494                Terminal_GET_Amplifier
 .text.FrontEnd_Variables_from_EEPROM
                0x0000053c       0x38 Cards/FrontEnd.o
                0x0000053c                FrontEnd_Variables_from_EEPROM
 .text.FrontEnd_Default_Values
                0x00000574       0x56 Cards/FrontEnd.o
                0x00000574                FrontEnd_Default_Values
 .text.FrontEnd_Set_Gain
                0x000005ca       0x46 Cards/FrontEnd.o
                0x000005ca                FrontEnd_Set_Gain
 .text.FrontEnd_Set_Offset_Voltage
                0x00000610       0x30 Cards/FrontEnd.o
                0x00000610                FrontEnd_Set_Offset_Voltage
 .text.FrontEnd_Init
                0x00000640       0xda Cards/FrontEnd.o
                0x00000640                FrontEnd_Init
 .text.FrontEnd_Get_Voltage_in_mV_FullRange
                0x0000071a       0x18 Cards/FrontEnd.o
                0x0000071a                FrontEnd_Get_Voltage_in_mV_FullRange
 .text.FrontEnd_Reset_FlipFlops
                0x00000732       0x3c Cards/FrontEnd.o
                0x00000732                FrontEnd_Reset_FlipFlops
 .text.Terminal_SET_FrontEnd
                0x0000076e      0x23c Cards/FrontEnd.o
                0x0000076e                Terminal_SET_FrontEnd
 .text.Terminal_GET_FrontEnd
                0x000009aa      0x12c Cards/FrontEnd.o
                0x000009aa                Terminal_GET_FrontEnd
 .text.LED_Source_Variables_from_EEPROM
                0x00000ad6       0x38 Cards/LED_Source.o
                0x00000ad6                LED_Source_Variables_from_EEPROM
 .text.LED_Source_Default_Values
                0x00000b0e       0x56 Cards/LED_Source.o
                0x00000b0e                LED_Source_Default_Values
 .text.LED_Source_Set_Heat_Current
                0x00000b64       0x48 Cards/LED_Source.o
                0x00000b64                LED_Source_Set_Heat_Current
 .text.LED_Source_Set_Meas_Current
                0x00000bac       0x30 Cards/LED_Source.o
                0x00000bac                LED_Source_Set_Meas_Current
 .text.LED_Source_Init
                0x00000bdc       0xba Cards/LED_Source.o
                0x00000bdc                LED_Source_Init
 .text.Terminal_SET_LED_Source
                0x00000c96      0x1f0 Cards/LED_Source.o
                0x00000c96                Terminal_SET_LED_Source
 .text.Terminal_GET_LED_Source
                0x00000e86       0xaa Cards/LED_Source.o
                0x00000e86                Terminal_GET_LED_Source
 .text.BreakDown_Variables_from_EEPROM
                0x00000f30       0x24 Cards/MOSFET_BreakDown.o
                0x00000f30                BreakDown_Variables_from_EEPROM
 .text.BreakDown_Default_Values
                0x00000f54       0x1e Cards/MOSFET_BreakDown.o
                0x00000f54                BreakDown_Default_Values
 .text.B_Set_Relais_to_BreakDownTest
                0x00000f72       0x38 Cards/MOSFET_BreakDown.o
                0x00000f72                B_Set_Relais_to_BreakDownTest
 .text.B_Set_Relais_to_Leakage_GS
                0x00000faa       0x38 Cards/MOSFET_BreakDown.o
                0x00000faa                B_Set_Relais_to_Leakage_GS
 .text.B_Set_Relais_to_Characteristic_Curve
                0x00000fe2       0x38 Cards/MOSFET_BreakDown.o
                0x00000fe2                B_Set_Relais_to_Characteristic_Curve
 .text.B_Set_Relais_to_BodyDiode_Curve
                0x0000101a       0x38 Cards/MOSFET_BreakDown.o
                0x0000101a                B_Set_Relais_to_BodyDiode_Curve
 .text.B_Set_Relais_all_off
                0x00001052       0x24 Cards/MOSFET_BreakDown.o
                0x00001052                B_Set_Relais_all_off
 .text.BreakDown_Set_V_GS_mV
                0x00001076       0x30 Cards/MOSFET_BreakDown.o
                0x00001076                BreakDown_Set_V_GS_mV
 .text.BreakDown_Init
                0x000010a6       0xc8 Cards/MOSFET_BreakDown.o
                0x000010a6                BreakDown_Init
 .text.B_Get_V_DS_in_mV
                0x0000116e       0x18 Cards/MOSFET_BreakDown.o
                0x0000116e                B_Get_V_DS_in_mV
 .text.B_Get_I_DS_in_mA
                0x00001186       0x18 Cards/MOSFET_BreakDown.o
                0x00001186                B_Get_I_DS_in_mA
 .text.Terminal_SET_BreakDown
                0x0000119e      0x312 Cards/MOSFET_BreakDown.o
                0x0000119e                Terminal_SET_BreakDown
 .text.Terminal_GET_BreakDown
                0x000014b0       0xdc Cards/MOSFET_BreakDown.o
                0x000014b0                Terminal_GET_BreakDown
 .text.MOSFET_Source_Variables_from_EEPROM
                0x0000158c       0x4c Cards/MOSFET_Source.o
                0x0000158c                MOSFET_Source_Variables_from_EEPROM
 .text.MOSFET_Source_Default_Values
                0x000015d8       0x80 Cards/MOSFET_Source.o
                0x000015d8                MOSFET_Source_Default_Values
 .text.MOSFET_Source_Set_Heat_Current
                0x00001658       0x2e Cards/MOSFET_Source.o
                0x00001658                MOSFET_Source_Set_Heat_Current
 .text.MOSFET_Source_Set_Meas_Current
                0x00001686       0x2e Cards/MOSFET_Source.o
                0x00001686                MOSFET_Source_Set_Meas_Current
 .text.MOSFET_Source_Set_Meas_Voltage
                0x000016b4       0xc6 Cards/MOSFET_Source.o
                0x000016b4                MOSFET_Source_Set_Meas_Voltage
 .text.MOSFET_Source_Init
                0x0000177a       0xda Cards/MOSFET_Source.o
                0x0000177a                MOSFET_Source_Init
 .text.MOSFET_Source_Get_measured_Heat_Voltage_in_mV
                0x00001854       0x26 Cards/MOSFET_Source.o
                0x00001854                MOSFET_Source_Get_measured_Heat_Voltage_in_mV
 .text.MOSFET_Source_Get_measured_Meas_Voltage_in_mV
                0x0000187a       0x26 Cards/MOSFET_Source.o
                0x0000187a                MOSFET_Source_Get_measured_Meas_Voltage_in_mV
 .text.MOSFET_Source_sample_Heat
                0x000018a0        0xc Cards/MOSFET_Source.o
                0x000018a0                MOSFET_Source_sample_Heat
 .text.MOSFET_Source_sample_Meas_receive_Heat
                0x000018ac        0xc Cards/MOSFET_Source.o
                0x000018ac                MOSFET_Source_sample_Meas_receive_Heat
 .text.MOSFET_Source_receive_Meas
                0x000018b8        0xc Cards/MOSFET_Source.o
                0x000018b8                MOSFET_Source_receive_Meas
 .text.Terminal_SET_MOSFET_Source
                0x000018c4      0x26e Cards/MOSFET_Source.o
                0x000018c4                Terminal_SET_MOSFET_Source
 .text.Terminal_GET_MOSFET_Source
                0x00001b32      0x16c Cards/MOSFET_Source.o
                0x00001b32                Terminal_GET_MOSFET_Source
 .text.Slot_Tester_Variables_from_EEPROM
                0x00001c9e       0x24 Cards/Slot_Tester.o
                0x00001c9e                Slot_Tester_Variables_from_EEPROM
 .text.Slot_Tester_Default_Values
                0x00001cc2       0x22 Cards/Slot_Tester.o
                0x00001cc2                Slot_Tester_Default_Values
 .text.Slot_Tester_set_7Segment
                0x00001ce4       0xaa Cards/Slot_Tester.o
                0x00001ce4                Slot_Tester_set_7Segment
 .text.Slot_Tester_Init
                0x00001d8e       0xea Cards/Slot_Tester.o
                0x00001d8e                Slot_Tester_Init
 .text.Slot_Tester_get_7Segment
                0x00001e78       0xc8 Cards/Slot_Tester.o
                0x00001e78                Slot_Tester_get_7Segment
 .text.Slot_Tester_Gesamtablauf
                0x00001f40      0x168 Cards/Slot_Tester.o
                0x00001f40                Slot_Tester_Gesamtablauf
 .text.Terminal_SET_SlotTester
                0x000020a8      0x162 Cards/Slot_Tester.o
                0x000020a8                Terminal_SET_SlotTester
 .text.Terminal_GET_SlotTester
                0x0000220a       0x58 Cards/Slot_Tester.o
                0x0000220a                Terminal_GET_SlotTester
 .text.DAC_AD5752_Range_and_PowerUp
                0x00002262       0x56 ICs/AD5752.o
                0x00002262                DAC_AD5752_Range_and_PowerUp
 .text.DAC_AD5752_Set
                0x000022b8       0x4a ICs/AD5752.o
                0x000022b8                DAC_AD5752_Set
 .text.LTC1864_getBIT_OneShot
                0x00002302       0x98 ICs/LTC1864.o
                0x00002302                LTC1864_getBIT_OneShot
 .text.LTC1864_getBIT_LastSample_and_NewShot
                0x0000239a       0x66 ICs/LTC1864.o
                0x0000239a                LTC1864_getBIT_LastSample_and_NewShot
 .text.IO_Expander_set_Register
                0x00002400       0x44 ICs/MCP23S08.o
                0x00002400                IO_Expander_set_Register
 .text.IO_Expander_get_Register
                0x00002444       0x64 ICs/MCP23S08.o
                0x00002444                IO_Expander_get_Register
 .text.Init_IO_Pins
                0x000024a8       0xc4 main.o
                0x000024a8                Init_IO_Pins
 .text.Lauflicht
                0x0000256c       0x84 main.o
                0x0000256c                Lauflicht
 .text.EEPROM_default_Values
                0x000025f0       0x98 main.o
                0x000025f0                EEPROM_default_Values
 .text.EEPROM_last_Values
                0x00002688       0xde main.o
                0x00002688                EEPROM_last_Values
 .text.Init_All_Cards
                0x00002766       0xc4 main.o
                0x00002766                Init_All_Cards
 .text.PulseStop
                0x0000282a        0xe main.o
                0x0000282a                PulseStop
 .text.Init     0x00002838       0xa2 main.o
                0x00002838                Init
 .text.main     0x000028da       0x70 main.o
                0x000028da                main
 .text.PulseStart_stdTTA
                0x0000294a       0x40 main.o
                0x0000294a                PulseStart_stdTTA
 .text.PulseStart_Sensitivity
                0x0000298a        0xc main.o
                0x0000298a                PulseStart_Sensitivity
 .text.PulseStart_DPA_TTA
                0x00002996       0x20 main.o
                0x00002996                PulseStart_DPA_TTA
 .text.PulseStart_DPA_TTA_fromHPP
                0x000029b6       0x18 main.o
                0x000029b6                PulseStart_DPA_TTA_fromHPP
 .text.PulseStart_PrePulse
                0x000029ce       0x20 main.o
                0x000029ce                PulseStart_PrePulse
 .text.Init_Timer_1ms
                0x000029ee       0x1a my_Timers.o
                0x000029ee                Init_Timer_1ms
 .text.__vector_13
                0x00002a08       0x22 my_Timers.o
                0x00002a08                __vector_13
 .text.Init_Timer_100us
                0x00002a2a       0x3c my_Timers.o
                0x00002a2a                Init_Timer_100us
 .text.Start_Timer_100us
                0x00002a66        0xc my_Timers.o
                0x00002a66                Start_Timer_100us
 .text.Stop_Timer_100us
                0x00002a72       0x18 my_Timers.o
                0x00002a72                Stop_Timer_100us
 .text.Init_Counter_100us
                0x00002a8a       0x3c my_Timers.o
                0x00002a8a                Init_Counter_100us
 .text.Setup_Counter_for_stdTTA
                0x00002ac6      0x184 my_Timers.o
                0x00002ac6                Setup_Counter_for_stdTTA
 .text.Setup_Counter_for_DPA_TTA
                0x00002c4a       0x66 my_Timers.o
                0x00002c4a                Setup_Counter_for_DPA_TTA
 .text.__vector_50
                0x00002cb0       0xf0 my_Timers.o
                0x00002cb0                __vector_50
 .text.__vector_47
                0x00002da0       0x5c my_Timers.o
                0x00002da0                __vector_47
 .text.__vector_48
                0x00002dfc      0x104 my_Timers.o
                0x00002dfc                __vector_48
 .text.__vector_49
                0x00002f00       0xba my_Timers.o
                0x00002f00                __vector_49
 .text.ParseIntLn
                0x00002fba       0xea Serial_ReadWrite.o
                0x00002fba                ParseIntLn
 .text.ParseLongLn
                0x000030a4      0x140 Serial_ReadWrite.o
                0x000030a4                ParseLongLn
 .text.ParseByte
                0x000031e4       0x3c Serial_ReadWrite.o
                0x000031e4                ParseByte
 .text.TransmitString
                0x00003220        0x4 Serial_ReadWrite.o
                0x00003220                TransmitString
 .text.TransmitStringLn
                0x00003224        0x4 Serial_ReadWrite.o
                0x00003224                TransmitStringLn
 .text.TransmitInt
                0x00003228       0xca Serial_ReadWrite.o
                0x00003228                TransmitInt
 .text.TransmitLong
                0x000032f2       0xd2 Serial_ReadWrite.o
                0x000032f2                TransmitLong
 .text.TransmitFloat
                0x000033c4      0x192 Serial_ReadWrite.o
                0x000033c4                TransmitFloat
 .text.TransmitByte
                0x00003556       0x72 Serial_ReadWrite.o
                0x00003556                TransmitByte
 .text.TransmitByte_Reverse
                0x000035c8       0x70 Serial_ReadWrite.o
                0x000035c8                TransmitByte_Reverse
 .text.TerminalInit
                0x00003638        0x8 terminal.o
                0x00003638                TerminalInit
 .text.TerminalParseCommand
                0x00003640      0x6e0 terminal.o
                0x00003640                TerminalParseCommand
 .text.TerminalCheckCommand
                0x00003d20       0x1a terminal.o
                0x00003d20                TerminalCheckCommand
 .text.__vector_25
                0x00003d3a       0xa8 uart0.o
                0x00003d3a                __vector_25
 .text.__vector_27
                0x00003de2       0x74 uart0.o
                0x00003de2                __vector_27
 .text.UART0InitBaudrate
                0x00003e56       0x82 uart0.o
                0x00003e56                UART0InitBaudrate
 .text.UART0Init
                0x00003ed8        0x8 uart0.o
                0x00003ed8                UART0Init
 .text.UART0ClearRx
                0x00003ee0       0x2c uart0.o
                0x00003ee0                UART0ClearRx
 .text.UART0ReceiveLine
                0x00003f0c       0x9c uart0.o
                0x00003f0c                UART0ReceiveLine
 .text.UART0TxByte
                0x00003fa8       0x6c uart0.o
                0x00003fa8                UART0TxByte
 .text.UART0TransmitString
                0x00004014       0x22 uart0.o
                0x00004014                UART0TransmitString
 .text.UART0TransmitStringLn
                0x00004036       0x2a uart0.o
                0x00004036                UART0TransmitStringLn
 .text.USART_SPI_InitBaudrate
                0x00004060       0x28 usart_spi.o
                0x00004060                USART_SPI_InitBaudrate
 .text.USART_SPI_SetCS
                0x00004088       0x16 usart_spi.o
                0x00004088                USART_SPI_SetCS
 .text.USART_SPI_ToggleCS
                0x0000409e       0x58 usart_spi.o
                0x0000409e                USART_SPI_ToggleCS
 .text.USART_SPI_ReceiveLen
                0x000040f6       0x56 usart_spi.o
                0x000040f6                USART_SPI_ReceiveLen
 .text.USART_SPI_RXWaiting
                0x0000414c       0x18 usart_spi.o
                0x0000414c                USART_SPI_RXWaiting
 .text.USART_SPI_TXWaiting
                0x00004164        0xc usart_spi.o
                0x00004164                USART_SPI_TXWaiting
 .text.USART_SPI_ClearRx
                0x00004170       0x20 usart_spi.o
                0x00004170                USART_SPI_ClearRx
 .text.__vector_51
                0x00004190       0xa4 usart_spi.o
                0x00004190                __vector_51
 .text.__vector_24
                0x00004234      0x108 usart_spi.o
                0x00004234                __vector_24
 .text.USART_SPI_TxByte
                0x0000433c       0x70 usart_spi.o
                0x0000433c                USART_SPI_TxByte
 .text.USART_SPI_TxBytes
                0x000043ac       0x24 usart_spi.o
                0x000043ac                USART_SPI_TxBytes
 .text.USART_SPI_RxBytes
                0x000043d0        0xa usart_spi.o
                0x000043d0                USART_SPI_RxBytes
 .text.libgcc.div
                0x000043da       0x28 c:/program files (x86)/atmel/studio/7.0/toolchain/avr8/avr8-gnu-toolchain/bin/../lib/gcc/avr/5.4.0/avr6\libgcc.a(_udivmodhi4.o)
                0x000043da                __udivmodhi4
 .text.libgcc.div
                0x00004402       0x44 c:/program files (x86)/atmel/studio/7.0/toolchain/avr8/avr8-gnu-toolchain/bin/../lib/gcc/avr/5.4.0/avr6\libgcc.a(_udivmodsi4.o)
                0x00004402                __udivmodsi4
 .text.libgcc.div
                0x00004446       0x28 c:/program files (x86)/atmel/studio/7.0/toolchain/avr8/avr8-gnu-toolchain/bin/../lib/gcc/avr/5.4.0/avr6\libgcc.a(_divmodsi4.o)
                0x00004446                __divmodsi4
 .text.libgcc.div
                0x0000446e       0x10 c:/program files (x86)/atmel/studio/7.0/toolchain/avr8/avr8-gnu-toolchain/bin/../lib/gcc/avr/5.4.0/avr6\libgcc.a(_negsi2.o)
                0x0000446e                __negsi2
 .text.libgcc   0x0000447e       0x10 c:/program files (x86)/atmel/studio/7.0/toolchain/avr8/avr8-gnu-toolchain/bin/../lib/gcc/avr/5.4.0/avr6\libgcc.a(_tablejump2.o)
                0x0000447e                __tablejump2__
 .text.libgcc.mul
                0x0000448e       0x1e c:/program files (x86)/atmel/studio/7.0/toolchain/avr8/avr8-gnu-toolchain/bin/../lib/gcc/avr/5.4.0/avr6\libgcc.a(_umulhisi3.o)
                0x0000448e                __umulhisi3
 .text.libgcc.mul
                0x000044ac        0xc c:/program files (x86)/atmel/studio/7.0/toolchain/avr8/avr8-gnu-toolchain/bin/../lib/gcc/avr/5.4.0/avr6\libgcc.a(_usmulhisi3.o)
                0x000044ac                __usmulhisi3
                0x000044ae                __usmulhisi3_tail
 .text.libgcc.mul
                0x000044b8       0x14 c:/program files (x86)/atmel/studio/7.0/toolchain/avr8/avr8-gnu-toolchain/bin/../lib/gcc/avr/5.4.0/avr6\libgcc.a(_muluhisi3.o)
                0x000044b8                __muluhisi3
 .text.libgcc.mul
                0x000044cc       0x4e c:/program files (x86)/atmel/studio/7.0/toolchain/avr8/avr8-gnu-toolchain/bin/../lib/gcc/avr/5.4.0/avr6\libgcc.a(_umulsidi3.o)
                0x000044cc                __umulsidi3
                0x000044ce                __umulsidi3_helper
 .text.libgcc.builtins
                0x0000451a       0x3c c:/program files (x86)/atmel/studio/7.0/toolchain/avr8/avr8-gnu-toolchain/bin/../lib/gcc/avr/5.4.0/avr6\libgcc.a(_ashrdi3.o)
                0x0000451a                __ashrdi3
                0x0000451e                __lshrdi3
 .text.libgcc.mul
                0x00004556       0x10 c:/program files (x86)/atmel/studio/7.0/toolchain/avr8/avr8-gnu-toolchain/bin/../lib/gcc/avr/5.4.0/avr6\libgcc.a(_muldi3_6.o)
                0x00004556                __muldi3_6
 .text.avr-libc
                0x00004566       0x16 c:/program files (x86)/atmel/studio/7.0/toolchain/avr8/avr8-gnu-toolchain/bin/../lib/gcc/avr/5.4.0/../../../../avr/lib/avr6\libc.a(strcat.o)
                0x00004566                strcat
 .text.avr-libc
                0x0000457c        0xe c:/program files (x86)/atmel/studio/7.0/toolchain/avr8/avr8-gnu-toolchain/bin/../lib/gcc/avr/5.4.0/../../../../avr/lib/avr6\libc.a(strcpy.o)
                0x0000457c                strcpy
 .text.avr-libc
                0x0000458a       0x14 c:/program files (x86)/atmel/studio/7.0/toolchain/avr8/avr8-gnu-toolchain/bin/../lib/gcc/avr/5.4.0/../../../../avr/lib/avr6\libc.a(itoa_ncheck.o)
                0x0000458a                __itoa_ncheck
 .text.avr-libc
                0x0000459e       0x1c c:/program files (x86)/atmel/studio/7.0/toolchain/avr8/avr8-gnu-toolchain/bin/../lib/gcc/avr/5.4.0/../../../../avr/lib/avr6\libc.a(ltoa_ncheck.o)
                0x0000459e                __ltoa_ncheck
 .text.avr-libc
                0x000045ba       0x42 c:/program files (x86)/atmel/studio/7.0/toolchain/avr8/avr8-gnu-toolchain/bin/../lib/gcc/avr/5.4.0/../../../../avr/lib/avr6\libc.a(ultoa_ncheck.o)
                0x000045ba                __ultoa_ncheck
                0x000045bc                __ultoa_common
 .text.avr-libc
                0x000045fc       0x32 c:/program files (x86)/atmel/studio/7.0/toolchain/avr8/avr8-gnu-toolchain/bin/../lib/gcc/avr/5.4.0/../../../../avr/lib/avr6\libc.a(utoa_ncheck.o)
                0x000045fc                __utoa_ncheck
                0x000045fe                __utoa_common
 .text.avr-libc
                0x0000462e       0x20 c:/program files (x86)/atmel/studio/7.0/toolchain/avr8/avr8-gnu-toolchain/bin/../lib/gcc/avr/5.4.0/../../../../avr/lib/avr6\libc.a(strrev.o)
                0x0000462e                strrev
 .text.avr-libc
                0x0000464e       0x20 c:/program files (x86)/atmel/studio/7.0/toolchain/avr8/avr8-gnu-toolchain/bin/../lib/gcc/avr/5.4.0/../../../../avr/lib/avr6\libatmega2560.a(eerd_block.o)
                0x0000464e                eeprom_read_block
                0x00004652                eeprom_read_blraw
 .text.avr-libc
                0x0000466e       0x10 c:/program files (x86)/atmel/studio/7.0/toolchain/avr8/avr8-gnu-toolchain/bin/../lib/gcc/avr/5.4.0/../../../../avr/lib/avr6\libatmega2560.a(eerd_byte.o)
                0x0000466e                eeprom_read_byte
 .text.avr-libc
                0x0000467e        0xa c:/program files (x86)/atmel/studio/7.0/toolchain/avr8/avr8-gnu-toolchain/bin/../lib/gcc/avr/5.4.0/../../../../avr/lib/avr6\libatmega2560.a(eerd_dword.o)
                0x0000467e                eeprom_read_float
                0x0000467e                eeprom_read_dword
 .text.avr-libc
                0x00004688        0xa c:/program files (x86)/atmel/studio/7.0/toolchain/avr8/avr8-gnu-toolchain/bin/../lib/gcc/avr/5.4.0/../../../../avr/lib/avr6\libatmega2560.a(eerd_word.o)
                0x00004688                eeprom_read_word
 .text.avr-libc
                0x00004692       0x12 c:/program files (x86)/atmel/studio/7.0/toolchain/avr8/avr8-gnu-toolchain/bin/../lib/gcc/avr/5.4.0/../../../../avr/lib/avr6\libatmega2560.a(eewr_block.o)
                0x00004692                eeprom_write_block
 .text.avr-libc
                0x000046a4       0x1c c:/program files (x86)/atmel/studio/7.0/toolchain/avr8/avr8-gnu-toolchain/bin/../lib/gcc/avr/5.4.0/../../../../avr/lib/avr6\libatmega2560.a(eewr_byte.o)
                0x000046a4                eeprom_write_byte
                0x000046a6                eeprom_write_r18
 .text.avr-libc
                0x000046c0        0xa c:/program files (x86)/atmel/studio/7.0/toolchain/avr8/avr8-gnu-toolchain/bin/../lib/gcc/avr/5.4.0/../../../../avr/lib/avr6\libatmega2560.a(eewr_dword.o)
                0x000046c0                eeprom_write_dword
                0x000046c0                eeprom_write_float
 .text.avr-libc
                0x000046ca        0x6 c:/program files (x86)/atmel/studio/7.0/toolchain/avr8/avr8-gnu-toolchain/bin/../lib/gcc/avr/5.4.0/../../../../avr/lib/avr6\libatmega2560.a(eewr_word.o)
                0x000046ca                eeprom_write_word
                0x000046d0                . = ALIGN (0x2)
 *(.fini9)
 .fini9         0x000046d0        0x0 c:/program files (x86)/atmel/studio/7.0/toolchain/avr8/avr8-gnu-toolchain/bin/../lib/gcc/avr/5.4.0/avr6\libgcc.a(_exit.o)
                0x000046d0                _exit
                0x000046d0                exit
 *(.fini9)
 *(.fini8)
 *(.fini8)
 *(.fini7)
 *(.fini7)
 *(.fini6)
 *(.fini6)
 *(.fini5)
 *(.fini5)
 *(.fini4)
 *(.fini4)
 *(.fini3)
 *(.fini3)
 *(.fini2)
 *(.fini2)
 *(.fini1)
 *(.fini1)
 *(.fini0)
 .fini0         0x000046d0        0x4 c:/program files (x86)/atmel/studio/7.0/toolchain/avr8/avr8-gnu-toolchain/bin/../lib/gcc/avr/5.4.0/avr6\libgcc.a(_exit.o)
 *(.fini0)
                0x000046d4                _etext = .

.data           0x00800200      0x1ee load address 0x000046d4
                0x00800200                PROVIDE (__data_start, .)
 *(.data)
 *(.data*)
 .data.uart0_tx_empty
                0x00800200        0x1 uart0.o
                0x00800200                uart0_tx_empty
 .data.usart_spi_cs_len
                0x00800201        0x1 usart_spi.o
                0x00800201                usart_spi_cs_len
 .data.usart_spi_cs_port
                0x00800202        0x2 usart_spi.o
                0x00800202                usart_spi_cs_port
 .data.usart_spi_tx_buffer_empty
                0x00800204        0x1 usart_spi.o
                0x00800204                usart_spi_tx_buffer_empty
 *(.gnu.linkonce.d*)
 *(.rodata)
 .rodata        0x00800205       0x12 main.o
 *(.rodata*)
 .rodata.str1.1
                0x00800217       0x46 Cards/Amplifier.o
                                 0x48 (size before relaxing)
 .rodata.str1.1
                0x0080025d       0x13 Cards/FrontEnd.o
                                 0x59 (size before relaxing)
 .rodata.str1.1
                0x00800270       0x17 Cards/LED_Source.o
                                 0x3f (size before relaxing)
 .rodata.str1.1
                0x00800287       0x2b Cards/MOSFET_BreakDown.o
                                 0x5e (size before relaxing)
 .rodata.str1.1
                0x008002b2       0x33 Cards/MOSFET_Source.o
                                 0x6a (size before relaxing)
 .rodata.str1.1
                0x008002e5       0x24 Cards/Slot_Tester.o
                                 0x4e (size before relaxing)
 .rodata.str1.1
                0x00800309        0x9 Serial_ReadWrite.o
 .rodata.str1.1
                0x00800312       0xd9 terminal.o
                                 0xfc (size before relaxing)
 .rodata.str1.1
                0x008003eb        0x3 usart_spi.o
 *(.gnu.linkonce.r*)
                0x008003ee                . = ALIGN (0x2)
                0x008003ee                _edata = .
                0x008003ee                PROVIDE (__data_end, .)

.bss            0x008003ee      0x34c
                0x008003ee                PROVIDE (__bss_start, .)
 *(.bss)
 *(.bss*)
 .bss.uart0_tx_char_write
                0x008003ee        0x1 uart0.o
                0x008003ee                uart0_tx_char_write
 .bss.uart0_tx_char_read
                0x008003ef        0x1 uart0.o
                0x008003ef                uart0_tx_char_read
 .bss.uart0_rx_blocked
                0x008003f0        0x1 uart0.o
                0x008003f0                uart0_rx_blocked
 .bss.uart0_rx_lines
                0x008003f1        0x1 uart0.o
                0x008003f1                uart0_rx_lines
 .bss.uart0_rx_overrun
                0x008003f2        0x1 uart0.o
                0x008003f2                uart0_rx_overrun
 .bss.uart0_rx_char_write
                0x008003f3        0x1 uart0.o
                0x008003f3                uart0_rx_char_write
 .bss.uart0_rx_char_read
                0x008003f4        0x1 uart0.o
                0x008003f4                uart0_rx_char_read
 .bss.usart_spi_byte_count
                0x008003f5        0x1 usart_spi.o
                0x008003f5                usart_spi_byte_count
 .bss.usart_spi_cs_neg
                0x008003f6        0x1 usart_spi.o
                0x008003f6                usart_spi_cs_neg
 .bss.usart_spi_cs_pin
                0x008003f7        0x1 usart_spi.o
                0x008003f7                usart_spi_cs_pin
 .bss.usart_spi_tx_char_write
                0x008003f8        0x1 usart_spi.o
                0x008003f8                usart_spi_tx_char_write
 .bss.usart_spi_tx_char_read
                0x008003f9        0x1 usart_spi.o
                0x008003f9                usart_spi_tx_char_read
 .bss.usart_spi_rx_flag
                0x008003fa        0x1 usart_spi.o
                0x008003fa                usart_spi_rx_flag
 .bss.usart_spi_rx_buffer_overrun
                0x008003fb        0x1 usart_spi.o
                0x008003fb                usart_spi_rx_buffer_overrun
 .bss.usart_spi_rx_char_write
                0x008003fc        0x1 usart_spi.o
                0x008003fc                usart_spi_rx_char_write
 .bss.usart_spi_rx_char_read
                0x008003fd        0x1 usart_spi.o
                0x008003fd                usart_spi_rx_char_read
 *(COMMON)
 COMMON         0x008003fe       0xa2 Cards/Amplifier.o
                0x008003fe                uart0_rx
                0x0080047f                amplifier_gain
                0x0080048f                amplifier_offset_voltage_mV
                0x0080049f                uart0_active_timer
 COMMON         0x008004a0       0x60 Cards/FrontEnd.o
                0x008004a0                frontEnd_offset_voltage_mV
                0x008004b0                frontEnd_gain
                0x008004c0                usart_spi_rx
 COMMON         0x00800500       0x20 Cards/LED_Source.o
                0x00800500                led_Source_Meas_Current_0mA1
                0x00800510                led_Source_Heat_Current_mA
 COMMON         0x00800520       0x10 Cards/MOSFET_BreakDown.o
                0x00800520                breakDown_V_GS_mV
 COMMON         0x00800530       0x30 Cards/MOSFET_Source.o
                0x00800530                mosfet_Source_Meas_Current_0mA1
                0x00800540                mosfet_Source_Heat_Current_mA
                0x00800550                mosfet_Source_Meas_Voltage_10mV
 COMMON         0x00800560       0x10 Cards/Slot_Tester.o
                0x00800560                slot_Tester_Display_number
 COMMON         0x00800570       0x36 globalVAR.o
                0x00800570                deterministic_pulse_length
                0x00800572                heat_pulse_length
                0x00800576                deterministic_pulse_cycles
                0x00800578                measured_binary_meas
                0x00800588                measure_pulse_length
                0x0080058c                current_source_enabled
                0x0080058d                pulse_output_register
                0x0080058e                measured_binary_heat
                0x0080059e                card_Type
 COMMON         0x008005a6        0x9 main.o
                0x008005a6                flag_DPA_TTA
                0x008005a7                interrupt_1ms
                0x008005a8                interrupt_1hz
                0x008005a9                flag_std_TTA
                0x008005aa                debug_send
                0x008005ab                startup_wait_counter
                0x008005ac                interrupt_10hz
                0x008005ad                flag_HPP_TTA
                0x008005ae                terminal_timeout
 COMMON         0x008005af        0x8 my_Timers.o
                0x008005af                deterministic_pulse_counter
                0x008005b1                heat_pulse_precount
                0x008005b2                heat_pulse_lastcount
                0x008005b4                measure_pulse_precount
                0x008005b5                measure_pulse_lastcount
 COMMON         0x008005b7        0x3 terminal.o
                0x008005b7                string
                0x008005b9                len
 COMMON         0x008005ba      0x100 uart0.o
                0x008005ba                uart0_tx_buffer
                0x0080063a                uart0_rx_buffer
 COMMON         0x008006ba       0x80 usart_spi.o
                0x008006ba                usart_spi_tx_buffer
                0x008006fa                usart_spi_rx_buffer
                0x0080073a                PROVIDE (__bss_end, .)
                0x000046d4                __data_load_start = LOADADDR (.data)
                0x000048c2                __data_load_end = (__data_load_start + SIZEOF (.data))

.noinit         0x0080073a        0x0
                [!provide]                PROVIDE (__noinit_start, .)
 *(.noinit*)
                [!provide]                PROVIDE (__noinit_end, .)
                0x0080073a                _end = .
                [!provide]                PROVIDE (__heap_start, .)

.eeprom         0x00810000       0x47
 *(.eeprom*)
 .eeprom        0x00810000       0x47 globalVAR.o
                0x00810000                deterministic_pulse_cycles_eeprom
                0x00810002                deterministic_pulse_length_eeprom
                0x00810004                measure_pulse_length_eeprom
                0x00810008                heat_pulse_length_eeprom
                0x0081000c                parameter3_eeprom
                0x0081001c                parameter2_eeprom
                0x0081002c                parameter1_eeprom
                0x0081003c                card_Type_register_eeprom
                0x00810044                pulse_output_register_eeprom
                0x00810045                firmware_code_eeprom
                0x00810047                __eeprom_end = .

.fuse
 *(.fuse)
 *(.lfuse)
 *(.hfuse)
 *(.efuse)

.lock
 *(.lock*)

.signature
 *(.signature*)

.user_signatures
 *(.user_signatures*)

.stab
 *(.stab)

.stabstr
 *(.stabstr)

.stab.excl
 *(.stab.excl)

.stab.exclstr
 *(.stab.exclstr)

.stab.index
 *(.stab.index)

.stab.indexstr
 *(.stab.indexstr)

.comment        0x00000000       0x30
 *(.comment)
 .comment       0x00000000       0x30 Cards/Amplifier.o
                                 0x31 (size before relaxing)
 .comment       0x00000030       0x31 Cards/FrontEnd.o
 .comment       0x00000030       0x31 Cards/LED_Source.o
 .comment       0x00000030       0x31 Cards/MOSFET_BreakDown.o
 .comment       0x00000030       0x31 Cards/MOSFET_Source.o
 .comment       0x00000030       0x31 Cards/Slot_Tester.o
 .comment       0x00000030       0x31 globalVAR.o
 .comment       0x00000030       0x31 ICs/AD5752.o
 .comment       0x00000030       0x31 ICs/LTC1864.o
 .comment       0x00000030       0x31 ICs/MCP23S08.o
 .comment       0x00000030       0x31 main.o
 .comment       0x00000030       0x31 my_Timers.o
 .comment       0x00000030       0x31 Serial_ReadWrite.o
 .comment       0x00000030       0x31 terminal.o
 .comment       0x00000030       0x31 uart0.o
 .comment       0x00000030       0x31 usart_spi.o

.note.gnu.avr.deviceinfo
                0x00000000       0x40
 .note.gnu.avr.deviceinfo
                0x00000000       0x40 c:/program files (x86)/atmel/studio/7.0/toolchain/avr8/avr8-gnu-toolchain/bin/../lib/gcc/avr/5.4.0/../../../../avr/lib/avr6/crtatmega2560.o

.note.gnu.build-id
 *(.note.gnu.build-id)

.debug
 *(.debug)

.line
 *(.line)

.debug_srcinfo
 *(.debug_srcinfo)

.debug_sfnames
 *(.debug_sfnames)

.debug_aranges  0x00000000      0x5b0
 *(.debug_aranges)
 .debug_aranges
                0x00000000       0x50 Cards/Amplifier.o
 .debug_aranges
                0x00000050       0x60 Cards/FrontEnd.o
 .debug_aranges
                0x000000b0       0x50 Cards/LED_Source.o
 .debug_aranges
                0x00000100       0x80 Cards/MOSFET_BreakDown.o
 .debug_aranges
                0x00000180       0x80 Cards/MOSFET_Source.o
 .debug_aranges
                0x00000200       0x58 Cards/Slot_Tester.o
 .debug_aranges
                0x00000258       0x18 globalVAR.o
 .debug_aranges
                0x00000270       0x28 ICs/AD5752.o
 .debug_aranges
                0x00000298       0x28 ICs/LTC1864.o
 .debug_aranges
                0x000002c0       0x30 ICs/MCP23S08.o
 .debug_aranges
                0x000002f0       0x88 main.o
 .debug_aranges
                0x00000378       0x80 my_Timers.o
 .debug_aranges
                0x000003f8       0x78 Serial_ReadWrite.o
 .debug_aranges
                0x00000470       0x30 terminal.o
 .debug_aranges
                0x000004a0       0x88 uart0.o
 .debug_aranges
                0x00000528       0x88 usart_spi.o

.debug_pubnames
 *(.debug_pubnames)

.debug_info     0x00000000     0x9818
 *(.debug_info .gnu.linkonce.wi.*)
 .debug_info    0x00000000      0xbbc c:/program files (x86)/atmel/studio/7.0/toolchain/avr8/avr8-gnu-toolchain/bin/../lib/gcc/avr/5.4.0/../../../../avr/lib/avr6/crtatmega2560.o
 .debug_info    0x00000bbc      0x825 Cards/Amplifier.o
 .debug_info    0x000013e1      0xc24 Cards/FrontEnd.o
 .debug_info    0x00002005      0x86d Cards/LED_Source.o
 .debug_info    0x00002872     0x1011 Cards/MOSFET_BreakDown.o
 .debug_info    0x00003883      0xcc8 Cards/MOSFET_Source.o
 .debug_info    0x0000454b      0xbe5 Cards/Slot_Tester.o
 .debug_info    0x00005130      0x1fb globalVAR.o
 .debug_info    0x0000532b      0x293 ICs/AD5752.o
 .debug_info    0x000055be      0x32a ICs/LTC1864.o
 .debug_info    0x000058e8      0x29e ICs/MCP23S08.o
 .debug_info    0x00005b86      0xc70 main.o
 .debug_info    0x000067f6      0x527 my_Timers.o
 .debug_info    0x00006d1d      0xc99 Serial_ReadWrite.o
 .debug_info    0x000079b6     0x1127 terminal.o
 .debug_info    0x00008add      0x621 uart0.o
 .debug_info    0x000090fe      0x71a usart_spi.o

.debug_abbrev   0x00000000     0x246e
 *(.debug_abbrev)
 .debug_abbrev  0x00000000      0xb1a c:/program files (x86)/atmel/studio/7.0/toolchain/avr8/avr8-gnu-toolchain/bin/../lib/gcc/avr/5.4.0/../../../../avr/lib/avr6/crtatmega2560.o
 .debug_abbrev  0x00000b1a      0x127 Cards/Amplifier.o
 .debug_abbrev  0x00000c41      0x16c Cards/FrontEnd.o
 .debug_abbrev  0x00000dad      0x105 Cards/LED_Source.o
 .debug_abbrev  0x00000eb2      0x1d4 Cards/MOSFET_BreakDown.o
 .debug_abbrev  0x00001086      0x173 Cards/MOSFET_Source.o
 .debug_abbrev  0x000011f9      0x1e5 Cards/Slot_Tester.o
 .debug_abbrev  0x000013de       0x56 globalVAR.o
 .debug_abbrev  0x00001434       0xe5 ICs/AD5752.o
 .debug_abbrev  0x00001519      0x15e ICs/LTC1864.o
 .debug_abbrev  0x00001677      0x126 ICs/MCP23S08.o
 .debug_abbrev  0x0000179d      0x280 main.o
 .debug_abbrev  0x00001a1d      0x145 my_Timers.o
 .debug_abbrev  0x00001b62      0x300 Serial_ReadWrite.o
 .debug_abbrev  0x00001e62      0x1a8 terminal.o
 .debug_abbrev  0x0000200a      0x1fd uart0.o
 .debug_abbrev  0x00002207      0x267 usart_spi.o

.debug_line     0x00000000     0x4800
 *(.debug_line .debug_line.* .debug_line_end)
 .debug_line    0x00000000       0x1a c:/program files (x86)/atmel/studio/7.0/toolchain/avr8/avr8-gnu-toolchain/bin/../lib/gcc/avr/5.4.0/../../../../avr/lib/avr6/crtatmega2560.o
 .debug_line    0x0000001a      0x3b4 Cards/Amplifier.o
 .debug_line    0x000003ce      0x4f4 Cards/FrontEnd.o
 .debug_line    0x000008c2      0x3cd Cards/LED_Source.o
 .debug_line    0x00000c8f      0x69b Cards/MOSFET_BreakDown.o
 .debug_line    0x0000132a      0x539 Cards/MOSFET_Source.o
 .debug_line    0x00001863      0x647 Cards/Slot_Tester.o
 .debug_line    0x00001eaa       0x90 globalVAR.o
 .debug_line    0x00001f3a      0x12b ICs/AD5752.o
 .debug_line    0x00002065      0x1c4 ICs/LTC1864.o
 .debug_line    0x00002229      0x13a ICs/MCP23S08.o
 .debug_line    0x00002363      0x84c main.o
 .debug_line    0x00002baf      0x43e my_Timers.o
 .debug_line    0x00002fed      0x5e6 Serial_ReadWrite.o
 .debug_line    0x000035d3      0x766 terminal.o
 .debug_line    0x00003d39      0x574 uart0.o
 .debug_line    0x000042ad      0x553 usart_spi.o

.debug_frame    0x00000000     0x1244
 *(.debug_frame)
 .debug_frame   0x00000000       0xf0 Cards/Amplifier.o
 .debug_frame   0x000000f0      0x11c Cards/FrontEnd.o
 .debug_frame   0x0000020c      0x108 Cards/LED_Source.o
 .debug_frame   0x00000314      0x158 Cards/MOSFET_BreakDown.o
 .debug_frame   0x0000046c      0x1b0 Cards/MOSFET_Source.o
 .debug_frame   0x0000061c      0x128 Cards/Slot_Tester.o
 .debug_frame   0x00000744       0x70 ICs/AD5752.o
 .debug_frame   0x000007b4       0x74 ICs/LTC1864.o
 .debug_frame   0x00000828       0x84 ICs/MCP23S08.o
 .debug_frame   0x000008ac      0x178 main.o
 .debug_frame   0x00000a24      0x254 my_Timers.o
 .debug_frame   0x00000c78      0x240 Serial_ReadWrite.o
 .debug_frame   0x00000eb8       0x60 terminal.o
 .debug_frame   0x00000f18      0x198 uart0.o
 .debug_frame   0x000010b0      0x194 usart_spi.o

.debug_str      0x00000000     0x1a59
 *(.debug_str)
 .debug_str     0x00000000      0x3e6 c:/program files (x86)/atmel/studio/7.0/toolchain/avr8/avr8-gnu-toolchain/bin/../lib/gcc/avr/5.4.0/../../../../avr/lib/avr6/crtatmega2560.o
 .debug_str     0x000003e6      0x34b Cards/Amplifier.o
                                0x3c2 (size before relaxing)
 .debug_str     0x00000731      0x182 Cards/FrontEnd.o
                                0x45e (size before relaxing)
 .debug_str     0x000008b3      0x11c Cards/LED_Source.o
                                0x3e5 (size before relaxing)
 .debug_str     0x000009cf      0x1b1 Cards/MOSFET_BreakDown.o
                                0x4ba (size before relaxing)
 .debug_str     0x00000b80      0x285 Cards/MOSFET_Source.o
                                0x569 (size before relaxing)
 .debug_str     0x00000e05      0x10c Cards/Slot_Tester.o
                                0x40a (size before relaxing)
 .debug_str     0x00000f11      0x146 globalVAR.o
                                0x344 (size before relaxing)
 .debug_str     0x00001057       0x53 ICs/AD5752.o
                                0x202 (size before relaxing)
 .debug_str     0x000010aa       0x63 ICs/LTC1864.o
                                0x283 (size before relaxing)
 .debug_str     0x0000110d       0x23 ICs/MCP23S08.o
                                0x24d (size before relaxing)
 .debug_str     0x00001130      0x39a main.o
                                0x9e0 (size before relaxing)
 .debug_str     0x000014ca       0xc1 my_Timers.o
                                0x5c9 (size before relaxing)
 .debug_str     0x0000158b       0xe5 Serial_ReadWrite.o
                                0x2ee (size before relaxing)
 .debug_str     0x00001670       0x62 terminal.o
                                0x793 (size before relaxing)
 .debug_str     0x000016d2      0x1a3 uart0.o
                                0x52c (size before relaxing)
 .debug_str     0x00001875      0x1e4 usart_spi.o
                                0x5c1 (size before relaxing)

.debug_loc      0x00000000     0x6015
 *(.debug_loc)
 .debug_loc     0x00000000      0x51b Cards/Amplifier.o
 .debug_loc     0x0000051b      0x749 Cards/FrontEnd.o
 .debug_loc     0x00000c64      0x5a2 Cards/LED_Source.o
 .debug_loc     0x00001206      0x9e6 Cards/MOSFET_BreakDown.o
 .debug_loc     0x00001bec      0x898 Cards/MOSFET_Source.o
 .debug_loc     0x00002484      0xbdf Cards/Slot_Tester.o
 .debug_loc     0x00003063      0x227 ICs/AD5752.o
 .debug_loc     0x0000328a      0x22c ICs/LTC1864.o
 .debug_loc     0x000034b6      0x21a ICs/MCP23S08.o
 .debug_loc     0x000036d0      0x320 main.o
 .debug_loc     0x000039f0      0x441 my_Timers.o
 .debug_loc     0x00003e31      0xe5c Serial_ReadWrite.o
 .debug_loc     0x00004c8d      0xc9e terminal.o
 .debug_loc     0x0000592b      0x386 uart0.o
 .debug_loc     0x00005cb1      0x364 usart_spi.o

.debug_macinfo
 *(.debug_macinfo)

.debug_weaknames
 *(.debug_weaknames)

.debug_funcnames
 *(.debug_funcnames)

.debug_typenames
 *(.debug_typenames)

.debug_varnames
 *(.debug_varnames)

.debug_pubtypes
 *(.debug_pubtypes)

.debug_ranges   0x00000000      0x510
 *(.debug_ranges)
 .debug_ranges  0x00000000       0x40 Cards/Amplifier.o
 .debug_ranges  0x00000040       0x50 Cards/FrontEnd.o
 .debug_ranges  0x00000090       0x40 Cards/LED_Source.o
 .debug_ranges  0x000000d0       0x70 Cards/MOSFET_BreakDown.o
 .debug_ranges  0x00000140       0x70 Cards/MOSFET_Source.o
 .debug_ranges  0x000001b0       0x48 Cards/Slot_Tester.o
 .debug_ranges  0x000001f8       0x18 ICs/AD5752.o
 .debug_ranges  0x00000210       0x18 ICs/LTC1864.o
 .debug_ranges  0x00000228       0x20 ICs/MCP23S08.o
 .debug_ranges  0x00000248       0x78 main.o
 .debug_ranges  0x000002c0       0x70 my_Timers.o
 .debug_ranges  0x00000330       0xd0 Serial_ReadWrite.o
 .debug_ranges  0x00000400       0x20 terminal.o
 .debug_ranges  0x00000420       0x78 uart0.o
 .debug_ranges  0x00000498       0x78 usart_spi.o

.debug_macro
 *(.debug_macro)
OUTPUT(MC_RthTEC_V0_0_5.elf elf32-avr)
LOAD linker stubs
