Archive member included to satisfy reference by file (symbol)

c:/program files (x86)/atmel/studio/7.0/toolchain/avr8/avr8-gnu-toolchain/bin/../lib/gcc/avr/5.4.0/avr6\libgcc.a(_udivmodhi4.o)
                              terminal.o (__udivmodhi4)
c:/program files (x86)/atmel/studio/7.0/toolchain/avr8/avr8-gnu-toolchain/bin/../lib/gcc/avr/5.4.0/avr6\libgcc.a(_udivmodsi4.o)
                              ad5752.o (__udivmodsi4)
c:/program files (x86)/atmel/studio/7.0/toolchain/avr8/avr8-gnu-toolchain/bin/../lib/gcc/avr/5.4.0/avr6\libgcc.a(_exit.o)
                              C:/Program Files (x86)/Atmel/Studio/7.0/Packs/atmel/ATmega_DFP/1.2.150/gcc/dev/atmega2560/avr6/crtatmega2560.o (exit)
c:/program files (x86)/atmel/studio/7.0/toolchain/avr8/avr8-gnu-toolchain/bin/../lib/gcc/avr/5.4.0/avr6\libgcc.a(_tablejump2.o)
                              Cards/Slot_Tester.o (__tablejump2__)
c:/program files (x86)/atmel/studio/7.0/toolchain/avr8/avr8-gnu-toolchain/bin/../lib/gcc/avr/5.4.0/avr6\libgcc.a(_copy_data.o)
                              main.o (__do_copy_data)
c:/program files (x86)/atmel/studio/7.0/toolchain/avr8/avr8-gnu-toolchain/bin/../lib/gcc/avr/5.4.0/avr6\libgcc.a(_clear_bss.o)
                              ad5752.o (__do_clear_bss)
c:/program files (x86)/atmel/studio/7.0/toolchain/avr8/avr8-gnu-toolchain/bin/../lib/gcc/avr/5.4.0/avr6\libgcc.a(_umulhisi3.o)
                              ad5752.o (__umulhisi3)
c:/program files (x86)/atmel/studio/7.0/toolchain/avr8/avr8-gnu-toolchain/bin/../lib/gcc/avr/5.4.0/avr6\libgcc.a(_usmulhisi3.o)
                              LTC1864.o (__usmulhisi3)
c:/program files (x86)/atmel/studio/7.0/toolchain/avr8/avr8-gnu-toolchain/bin/../lib/gcc/avr/5.4.0/avr6\libgcc.a(_muluhisi3.o)
                              ad5752.o (__muluhisi3)
c:/program files (x86)/atmel/studio/7.0/toolchain/avr8/avr8-gnu-toolchain/bin/../lib/gcc/avr/5.4.0/../../../../avr/lib/avr6\libc.a(strcat.o)
                              terminal.o (strcat)
c:/program files (x86)/atmel/studio/7.0/toolchain/avr8/avr8-gnu-toolchain/bin/../lib/gcc/avr/5.4.0/../../../../avr/lib/avr6\libc.a(strcpy.o)
                              terminal.o (strcpy)
c:/program files (x86)/atmel/studio/7.0/toolchain/avr8/avr8-gnu-toolchain/bin/../lib/gcc/avr/5.4.0/../../../../avr/lib/avr6\libc.a(itoa_ncheck.o)
                              terminal.o (__itoa_ncheck)
c:/program files (x86)/atmel/studio/7.0/toolchain/avr8/avr8-gnu-toolchain/bin/../lib/gcc/avr/5.4.0/../../../../avr/lib/avr6\libc.a(ltoa_ncheck.o)
                              terminal.o (__ltoa_ncheck)
c:/program files (x86)/atmel/studio/7.0/toolchain/avr8/avr8-gnu-toolchain/bin/../lib/gcc/avr/5.4.0/../../../../avr/lib/avr6\libc.a(ultoa_ncheck.o)
                              c:/program files (x86)/atmel/studio/7.0/toolchain/avr8/avr8-gnu-toolchain/bin/../lib/gcc/avr/5.4.0/../../../../avr/lib/avr6\libc.a(ltoa_ncheck.o) (__ultoa_common)
c:/program files (x86)/atmel/studio/7.0/toolchain/avr8/avr8-gnu-toolchain/bin/../lib/gcc/avr/5.4.0/../../../../avr/lib/avr6\libc.a(utoa_ncheck.o)
                              c:/program files (x86)/atmel/studio/7.0/toolchain/avr8/avr8-gnu-toolchain/bin/../lib/gcc/avr/5.4.0/../../../../avr/lib/avr6\libc.a(itoa_ncheck.o) (__utoa_common)
c:/program files (x86)/atmel/studio/7.0/toolchain/avr8/avr8-gnu-toolchain/bin/../lib/gcc/avr/5.4.0/../../../../avr/lib/avr6\libc.a(strrev.o)
                              c:/program files (x86)/atmel/studio/7.0/toolchain/avr8/avr8-gnu-toolchain/bin/../lib/gcc/avr/5.4.0/../../../../avr/lib/avr6\libc.a(ultoa_ncheck.o) (strrev)
C:/Program Files (x86)/Atmel/Studio/7.0/Packs/atmel/ATmega_DFP/1.2.150/gcc/dev/atmega2560/avr6\libatmega2560.a(eerd_block.o)
                              main.o (eeprom_read_block)
C:/Program Files (x86)/Atmel/Studio/7.0/Packs/atmel/ATmega_DFP/1.2.150/gcc/dev/atmega2560/avr6\libatmega2560.a(eerd_byte.o)
                              main.o (eeprom_read_byte)
C:/Program Files (x86)/Atmel/Studio/7.0/Packs/atmel/ATmega_DFP/1.2.150/gcc/dev/atmega2560/avr6\libatmega2560.a(eerd_dword.o)
                              main.o (eeprom_read_dword)
C:/Program Files (x86)/Atmel/Studio/7.0/Packs/atmel/ATmega_DFP/1.2.150/gcc/dev/atmega2560/avr6\libatmega2560.a(eerd_word.o)
                              Cards/LED_Source.o (eeprom_read_word)
C:/Program Files (x86)/Atmel/Studio/7.0/Packs/atmel/ATmega_DFP/1.2.150/gcc/dev/atmega2560/avr6\libatmega2560.a(eewr_block.o)
                              main.o (eeprom_write_block)
C:/Program Files (x86)/Atmel/Studio/7.0/Packs/atmel/ATmega_DFP/1.2.150/gcc/dev/atmega2560/avr6\libatmega2560.a(eewr_byte.o)
                              main.o (eeprom_write_byte)
C:/Program Files (x86)/Atmel/Studio/7.0/Packs/atmel/ATmega_DFP/1.2.150/gcc/dev/atmega2560/avr6\libatmega2560.a(eewr_dword.o)
                              main.o (eeprom_write_dword)
C:/Program Files (x86)/Atmel/Studio/7.0/Packs/atmel/ATmega_DFP/1.2.150/gcc/dev/atmega2560/avr6\libatmega2560.a(eewr_word.o)
                              Cards/LED_Source.o (eeprom_write_word)

Allocating common symbols
Common symbol       size              file

heat_pulse_voltage  0x4               ad5752.o
measure_pulse_voltage
                    0x2               ad5752.o
led_Source_Meas_Current_0mA1
                    0x10              ad5752.o
deterministic_pulse_length
                    0x2               ad5752.o
uart0_tx_buffer     0x80              uart0.o
interrupt_1ms       0x1               ad5752.o
heat_pulse_length   0x4               ad5752.o
deterministic_pulse_cycles
                    0x2               ad5752.o
interrupt_1hz       0x1               ad5752.o
uart0_rx            0x81              ad5752.o
deterministic_pulse_counter
                    0x2               my_Timers.o
string              0x2               terminal.o
measure_pulse_current
                    0x2               ad5752.o
heat_pulse_precount
                    0x1               my_Timers.o
led_Source_Heat_Current_mA
                    0x10              ad5752.o
usart_spi_tx_buffer
                    0x40              usart_spi.o
offset_voltage      0x2               ad5752.o
led_hp              0x1               ad5752.o
heat_pulse_current  0x2               ad5752.o
led_mp              0x1               ad5752.o
usart_spi_rx        0x40              ad5752.o
measure_pulse_length
                    0x4               ad5752.o
debug_send          0x1               ad5752.o
current_source_enabled
                    0x1               ad5752.o
heat_pulse_lastcount
                    0x2               my_Timers.o
usart_spi_rx_buffer
                    0x40              usart_spi.o
startup_wait_counter
                    0x1               ad5752.o
measure_pules_voltage
                    0x4               ad5752.o
measure_pulse_precount
                    0x1               my_Timers.o
flag_standard_TTA   0x1               ad5752.o
window_offset       0x2               ad5752.o
interrupt_10hz      0x1               ad5752.o
uart0_active_timer  0x1               ad5752.o
flag_deterministic_TTA
                    0x1               ad5752.o
pulse_output_register
                    0x1               ad5752.o
measure_pulse_lastcount
                    0x2               my_Timers.o
len                 0x1               terminal.o
uart0_rx_buffer     0x80              uart0.o
terminal_timeout    0x1               ad5752.o
card_Type           0x8               ad5752.o

Discarded input sections

 .data          0x00000000        0x0 C:/Program Files (x86)/Atmel/Studio/7.0/Packs/atmel/ATmega_DFP/1.2.150/gcc/dev/atmega2560/avr6/crtatmega2560.o
 .bss           0x00000000        0x0 C:/Program Files (x86)/Atmel/Studio/7.0/Packs/atmel/ATmega_DFP/1.2.150/gcc/dev/atmega2560/avr6/crtatmega2560.o
 .text          0x00000000        0x0 ad5752.o
 .data          0x00000000        0x0 ad5752.o
 .bss           0x00000000        0x0 ad5752.o
 .text.DAC_TXWaiting
                0x00000000        0x6 ad5752.o
 .text.DAC_Range_and_PowerUp
                0x00000000       0x4e ad5752.o
 .text.DAC_Set  0x00000000       0x38 ad5752.o
 .text.DAC_Init
                0x00000000       0x76 ad5752.o
 .text          0x00000000        0x0 Cards/LED_Source.o
 .data          0x00000000        0x0 Cards/LED_Source.o
 .bss           0x00000000        0x0 Cards/LED_Source.o
 .text.LED_Source_Default_Values
                0x00000000       0x56 Cards/LED_Source.o
 .text          0x00000000        0x0 Cards/MOSFET_BreakDown.o
 .data          0x00000000        0x0 Cards/MOSFET_BreakDown.o
 .bss           0x00000000        0x0 Cards/MOSFET_BreakDown.o
 .text          0x00000000        0x0 Cards/Slot_Tester.o
 .data          0x00000000        0x0 Cards/Slot_Tester.o
 .bss           0x00000000        0x0 Cards/Slot_Tester.o
 .text          0x00000000        0x0 ICs/AD5752.o
 .data          0x00000000        0x0 ICs/AD5752.o
 .bss           0x00000000        0x0 ICs/AD5752.o
 .text          0x00000000        0x0 ICs/MCP23S08.o
 .data          0x00000000        0x0 ICs/MCP23S08.o
 .bss           0x00000000        0x0 ICs/MCP23S08.o
 .text.IO_Expander_Init
                0x00000000        0x2 ICs/MCP23S08.o
 .text          0x00000000        0x0 LTC1864.o
 .data          0x00000000        0x0 LTC1864.o
 .bss           0x00000000        0x0 LTC1864.o
 .text.Measure_Voltage_LED
                0x00000000        0x8 LTC1864.o
 .text          0x00000000        0x0 main.o
 .data          0x00000000        0x0 main.o
 .bss           0x00000000        0x0 main.o
 .progmem.data.firmware_version
                0x00000000       0x2a main.o
 .text          0x00000000        0x0 my_Timers.o
 .data          0x00000000        0x0 my_Timers.o
 .bss           0x00000000        0x0 my_Timers.o
 .text          0x00000000        0x0 terminal.o
 .data          0x00000000        0x0 terminal.o
 .bss           0x00000000        0x0 terminal.o
 .text.ParseBool
                0x00000000       0x20 terminal.o
 .text.TransmitString
                0x00000000        0x6 terminal.o
 .text.TransmitInt0
                0x00000000      0x104 terminal.o
 .text          0x00000000        0x0 uart0.o
 .data          0x00000000        0x0 uart0.o
 .bss           0x00000000        0x0 uart0.o
 .text.UART0ReceiveLen
                0x00000000       0x78 uart0.o
 .text.UART0CharsWaiting
                0x00000000       0x18 uart0.o
 .text.UART0SendWaiting
                0x00000000        0xc uart0.o
 .text.UART0TransmitBytes
                0x00000000       0x26 uart0.o
 .text.UART0DoRxTx
                0x00000000       0xe0 uart0.o
 .bss.uart0_rx_frames
                0x00000000        0x1 uart0.o
 .bss.uart0_rx_lenght
                0x00000000        0x1 uart0.o
 .text          0x00000000        0x0 usart_spi.o
 .data          0x00000000        0x0 usart_spi.o
 .bss           0x00000000        0x0 usart_spi.o
 .text.USART_SPI_Init
                0x00000000        0xa usart_spi.o
 .text.USART_SPI_DoRxTx
                0x00000000       0xd6 usart_spi.o
 .bss.usart_spi_rx_lenght
                0x00000000        0x1 usart_spi.o
 .text          0x00000000        0x0 c:/program files (x86)/atmel/studio/7.0/toolchain/avr8/avr8-gnu-toolchain/bin/../lib/gcc/avr/5.4.0/avr6\libgcc.a(_udivmodhi4.o)
 .data          0x00000000        0x0 c:/program files (x86)/atmel/studio/7.0/toolchain/avr8/avr8-gnu-toolchain/bin/../lib/gcc/avr/5.4.0/avr6\libgcc.a(_udivmodhi4.o)
 .bss           0x00000000        0x0 c:/program files (x86)/atmel/studio/7.0/toolchain/avr8/avr8-gnu-toolchain/bin/../lib/gcc/avr/5.4.0/avr6\libgcc.a(_udivmodhi4.o)
 .text.libgcc.mul
                0x00000000        0x0 c:/program files (x86)/atmel/studio/7.0/toolchain/avr8/avr8-gnu-toolchain/bin/../lib/gcc/avr/5.4.0/avr6\libgcc.a(_udivmodhi4.o)
 .text.libgcc   0x00000000        0x0 c:/program files (x86)/atmel/studio/7.0/toolchain/avr8/avr8-gnu-toolchain/bin/../lib/gcc/avr/5.4.0/avr6\libgcc.a(_udivmodhi4.o)
 .text.libgcc.prologue
                0x00000000        0x0 c:/program files (x86)/atmel/studio/7.0/toolchain/avr8/avr8-gnu-toolchain/bin/../lib/gcc/avr/5.4.0/avr6\libgcc.a(_udivmodhi4.o)
 .text.libgcc.builtins
                0x00000000        0x0 c:/program files (x86)/atmel/studio/7.0/toolchain/avr8/avr8-gnu-toolchain/bin/../lib/gcc/avr/5.4.0/avr6\libgcc.a(_udivmodhi4.o)
 .text.libgcc.fmul
                0x00000000        0x0 c:/program files (x86)/atmel/studio/7.0/toolchain/avr8/avr8-gnu-toolchain/bin/../lib/gcc/avr/5.4.0/avr6\libgcc.a(_udivmodhi4.o)
 .text.libgcc.fixed
                0x00000000        0x0 c:/program files (x86)/atmel/studio/7.0/toolchain/avr8/avr8-gnu-toolchain/bin/../lib/gcc/avr/5.4.0/avr6\libgcc.a(_udivmodhi4.o)
 .text          0x00000000        0x0 c:/program files (x86)/atmel/studio/7.0/toolchain/avr8/avr8-gnu-toolchain/bin/../lib/gcc/avr/5.4.0/avr6\libgcc.a(_udivmodsi4.o)
 .data          0x00000000        0x0 c:/program files (x86)/atmel/studio/7.0/toolchain/avr8/avr8-gnu-toolchain/bin/../lib/gcc/avr/5.4.0/avr6\libgcc.a(_udivmodsi4.o)
 .bss           0x00000000        0x0 c:/program files (x86)/atmel/studio/7.0/toolchain/avr8/avr8-gnu-toolchain/bin/../lib/gcc/avr/5.4.0/avr6\libgcc.a(_udivmodsi4.o)
 .text.libgcc.mul
                0x00000000        0x0 c:/program files (x86)/atmel/studio/7.0/toolchain/avr8/avr8-gnu-toolchain/bin/../lib/gcc/avr/5.4.0/avr6\libgcc.a(_udivmodsi4.o)
 .text.libgcc   0x00000000        0x0 c:/program files (x86)/atmel/studio/7.0/toolchain/avr8/avr8-gnu-toolchain/bin/../lib/gcc/avr/5.4.0/avr6\libgcc.a(_udivmodsi4.o)
 .text.libgcc.prologue
                0x00000000        0x0 c:/program files (x86)/atmel/studio/7.0/toolchain/avr8/avr8-gnu-toolchain/bin/../lib/gcc/avr/5.4.0/avr6\libgcc.a(_udivmodsi4.o)
 .text.libgcc.builtins
                0x00000000        0x0 c:/program files (x86)/atmel/studio/7.0/toolchain/avr8/avr8-gnu-toolchain/bin/../lib/gcc/avr/5.4.0/avr6\libgcc.a(_udivmodsi4.o)
 .text.libgcc.fmul
                0x00000000        0x0 c:/program files (x86)/atmel/studio/7.0/toolchain/avr8/avr8-gnu-toolchain/bin/../lib/gcc/avr/5.4.0/avr6\libgcc.a(_udivmodsi4.o)
 .text.libgcc.fixed
                0x00000000        0x0 c:/program files (x86)/atmel/studio/7.0/toolchain/avr8/avr8-gnu-toolchain/bin/../lib/gcc/avr/5.4.0/avr6\libgcc.a(_udivmodsi4.o)
 .text          0x00000000        0x0 c:/program files (x86)/atmel/studio/7.0/toolchain/avr8/avr8-gnu-toolchain/bin/../lib/gcc/avr/5.4.0/avr6\libgcc.a(_exit.o)
 .data          0x00000000        0x0 c:/program files (x86)/atmel/studio/7.0/toolchain/avr8/avr8-gnu-toolchain/bin/../lib/gcc/avr/5.4.0/avr6\libgcc.a(_exit.o)
 .bss           0x00000000        0x0 c:/program files (x86)/atmel/studio/7.0/toolchain/avr8/avr8-gnu-toolchain/bin/../lib/gcc/avr/5.4.0/avr6\libgcc.a(_exit.o)
 .text.libgcc.mul
                0x00000000        0x0 c:/program files (x86)/atmel/studio/7.0/toolchain/avr8/avr8-gnu-toolchain/bin/../lib/gcc/avr/5.4.0/avr6\libgcc.a(_exit.o)
 .text.libgcc.div
                0x00000000        0x0 c:/program files (x86)/atmel/studio/7.0/toolchain/avr8/avr8-gnu-toolchain/bin/../lib/gcc/avr/5.4.0/avr6\libgcc.a(_exit.o)
 .text.libgcc   0x00000000        0x0 c:/program files (x86)/atmel/studio/7.0/toolchain/avr8/avr8-gnu-toolchain/bin/../lib/gcc/avr/5.4.0/avr6\libgcc.a(_exit.o)
 .text.libgcc.prologue
                0x00000000        0x0 c:/program files (x86)/atmel/studio/7.0/toolchain/avr8/avr8-gnu-toolchain/bin/../lib/gcc/avr/5.4.0/avr6\libgcc.a(_exit.o)
 .text.libgcc.builtins
                0x00000000        0x0 c:/program files (x86)/atmel/studio/7.0/toolchain/avr8/avr8-gnu-toolchain/bin/../lib/gcc/avr/5.4.0/avr6\libgcc.a(_exit.o)
 .text.libgcc.fmul
                0x00000000        0x0 c:/program files (x86)/atmel/studio/7.0/toolchain/avr8/avr8-gnu-toolchain/bin/../lib/gcc/avr/5.4.0/avr6\libgcc.a(_exit.o)
 .text.libgcc.fixed
                0x00000000        0x0 c:/program files (x86)/atmel/studio/7.0/toolchain/avr8/avr8-gnu-toolchain/bin/../lib/gcc/avr/5.4.0/avr6\libgcc.a(_exit.o)
 .text          0x00000000        0x0 c:/program files (x86)/atmel/studio/7.0/toolchain/avr8/avr8-gnu-toolchain/bin/../lib/gcc/avr/5.4.0/avr6\libgcc.a(_tablejump2.o)
 .data          0x00000000        0x0 c:/program files (x86)/atmel/studio/7.0/toolchain/avr8/avr8-gnu-toolchain/bin/../lib/gcc/avr/5.4.0/avr6\libgcc.a(_tablejump2.o)
 .bss           0x00000000        0x0 c:/program files (x86)/atmel/studio/7.0/toolchain/avr8/avr8-gnu-toolchain/bin/../lib/gcc/avr/5.4.0/avr6\libgcc.a(_tablejump2.o)
 .text.libgcc.mul
                0x00000000        0x0 c:/program files (x86)/atmel/studio/7.0/toolchain/avr8/avr8-gnu-toolchain/bin/../lib/gcc/avr/5.4.0/avr6\libgcc.a(_tablejump2.o)
 .text.libgcc.div
                0x00000000        0x0 c:/program files (x86)/atmel/studio/7.0/toolchain/avr8/avr8-gnu-toolchain/bin/../lib/gcc/avr/5.4.0/avr6\libgcc.a(_tablejump2.o)
 .text.libgcc.prologue
                0x00000000        0x0 c:/program files (x86)/atmel/studio/7.0/toolchain/avr8/avr8-gnu-toolchain/bin/../lib/gcc/avr/5.4.0/avr6\libgcc.a(_tablejump2.o)
 .text.libgcc.builtins
                0x00000000        0x0 c:/program files (x86)/atmel/studio/7.0/toolchain/avr8/avr8-gnu-toolchain/bin/../lib/gcc/avr/5.4.0/avr6\libgcc.a(_tablejump2.o)
 .text.libgcc.fmul
                0x00000000        0x0 c:/program files (x86)/atmel/studio/7.0/toolchain/avr8/avr8-gnu-toolchain/bin/../lib/gcc/avr/5.4.0/avr6\libgcc.a(_tablejump2.o)
 .text.libgcc.fixed
                0x00000000        0x0 c:/program files (x86)/atmel/studio/7.0/toolchain/avr8/avr8-gnu-toolchain/bin/../lib/gcc/avr/5.4.0/avr6\libgcc.a(_tablejump2.o)
 .text          0x00000000        0x0 c:/program files (x86)/atmel/studio/7.0/toolchain/avr8/avr8-gnu-toolchain/bin/../lib/gcc/avr/5.4.0/avr6\libgcc.a(_copy_data.o)
 .data          0x00000000        0x0 c:/program files (x86)/atmel/studio/7.0/toolchain/avr8/avr8-gnu-toolchain/bin/../lib/gcc/avr/5.4.0/avr6\libgcc.a(_copy_data.o)
 .bss           0x00000000        0x0 c:/program files (x86)/atmel/studio/7.0/toolchain/avr8/avr8-gnu-toolchain/bin/../lib/gcc/avr/5.4.0/avr6\libgcc.a(_copy_data.o)
 .text.libgcc.mul
                0x00000000        0x0 c:/program files (x86)/atmel/studio/7.0/toolchain/avr8/avr8-gnu-toolchain/bin/../lib/gcc/avr/5.4.0/avr6\libgcc.a(_copy_data.o)
 .text.libgcc.div
                0x00000000        0x0 c:/program files (x86)/atmel/studio/7.0/toolchain/avr8/avr8-gnu-toolchain/bin/../lib/gcc/avr/5.4.0/avr6\libgcc.a(_copy_data.o)
 .text.libgcc   0x00000000        0x0 c:/program files (x86)/atmel/studio/7.0/toolchain/avr8/avr8-gnu-toolchain/bin/../lib/gcc/avr/5.4.0/avr6\libgcc.a(_copy_data.o)
 .text.libgcc.prologue
                0x00000000        0x0 c:/program files (x86)/atmel/studio/7.0/toolchain/avr8/avr8-gnu-toolchain/bin/../lib/gcc/avr/5.4.0/avr6\libgcc.a(_copy_data.o)
 .text.libgcc.builtins
                0x00000000        0x0 c:/program files (x86)/atmel/studio/7.0/toolchain/avr8/avr8-gnu-toolchain/bin/../lib/gcc/avr/5.4.0/avr6\libgcc.a(_copy_data.o)
 .text.libgcc.fmul
                0x00000000        0x0 c:/program files (x86)/atmel/studio/7.0/toolchain/avr8/avr8-gnu-toolchain/bin/../lib/gcc/avr/5.4.0/avr6\libgcc.a(_copy_data.o)
 .text.libgcc.fixed
                0x00000000        0x0 c:/program files (x86)/atmel/studio/7.0/toolchain/avr8/avr8-gnu-toolchain/bin/../lib/gcc/avr/5.4.0/avr6\libgcc.a(_copy_data.o)
 .text          0x00000000        0x0 c:/program files (x86)/atmel/studio/7.0/toolchain/avr8/avr8-gnu-toolchain/bin/../lib/gcc/avr/5.4.0/avr6\libgcc.a(_clear_bss.o)
 .data          0x00000000        0x0 c:/program files (x86)/atmel/studio/7.0/toolchain/avr8/avr8-gnu-toolchain/bin/../lib/gcc/avr/5.4.0/avr6\libgcc.a(_clear_bss.o)
 .bss           0x00000000        0x0 c:/program files (x86)/atmel/studio/7.0/toolchain/avr8/avr8-gnu-toolchain/bin/../lib/gcc/avr/5.4.0/avr6\libgcc.a(_clear_bss.o)
 .text.libgcc.mul
                0x00000000        0x0 c:/program files (x86)/atmel/studio/7.0/toolchain/avr8/avr8-gnu-toolchain/bin/../lib/gcc/avr/5.4.0/avr6\libgcc.a(_clear_bss.o)
 .text.libgcc.div
                0x00000000        0x0 c:/program files (x86)/atmel/studio/7.0/toolchain/avr8/avr8-gnu-toolchain/bin/../lib/gcc/avr/5.4.0/avr6\libgcc.a(_clear_bss.o)
 .text.libgcc   0x00000000        0x0 c:/program files (x86)/atmel/studio/7.0/toolchain/avr8/avr8-gnu-toolchain/bin/../lib/gcc/avr/5.4.0/avr6\libgcc.a(_clear_bss.o)
 .text.libgcc.prologue
                0x00000000        0x0 c:/program files (x86)/atmel/studio/7.0/toolchain/avr8/avr8-gnu-toolchain/bin/../lib/gcc/avr/5.4.0/avr6\libgcc.a(_clear_bss.o)
 .text.libgcc.builtins
                0x00000000        0x0 c:/program files (x86)/atmel/studio/7.0/toolchain/avr8/avr8-gnu-toolchain/bin/../lib/gcc/avr/5.4.0/avr6\libgcc.a(_clear_bss.o)
 .text.libgcc.fmul
                0x00000000        0x0 c:/program files (x86)/atmel/studio/7.0/toolchain/avr8/avr8-gnu-toolchain/bin/../lib/gcc/avr/5.4.0/avr6\libgcc.a(_clear_bss.o)
 .text.libgcc.fixed
                0x00000000        0x0 c:/program files (x86)/atmel/studio/7.0/toolchain/avr8/avr8-gnu-toolchain/bin/../lib/gcc/avr/5.4.0/avr6\libgcc.a(_clear_bss.o)
 .text          0x00000000        0x0 c:/program files (x86)/atmel/studio/7.0/toolchain/avr8/avr8-gnu-toolchain/bin/../lib/gcc/avr/5.4.0/avr6\libgcc.a(_umulhisi3.o)
 .data          0x00000000        0x0 c:/program files (x86)/atmel/studio/7.0/toolchain/avr8/avr8-gnu-toolchain/bin/../lib/gcc/avr/5.4.0/avr6\libgcc.a(_umulhisi3.o)
 .bss           0x00000000        0x0 c:/program files (x86)/atmel/studio/7.0/toolchain/avr8/avr8-gnu-toolchain/bin/../lib/gcc/avr/5.4.0/avr6\libgcc.a(_umulhisi3.o)
 .text.libgcc.div
                0x00000000        0x0 c:/program files (x86)/atmel/studio/7.0/toolchain/avr8/avr8-gnu-toolchain/bin/../lib/gcc/avr/5.4.0/avr6\libgcc.a(_umulhisi3.o)
 .text.libgcc   0x00000000        0x0 c:/program files (x86)/atmel/studio/7.0/toolchain/avr8/avr8-gnu-toolchain/bin/../lib/gcc/avr/5.4.0/avr6\libgcc.a(_umulhisi3.o)
 .text.libgcc.prologue
                0x00000000        0x0 c:/program files (x86)/atmel/studio/7.0/toolchain/avr8/avr8-gnu-toolchain/bin/../lib/gcc/avr/5.4.0/avr6\libgcc.a(_umulhisi3.o)
 .text.libgcc.builtins
                0x00000000        0x0 c:/program files (x86)/atmel/studio/7.0/toolchain/avr8/avr8-gnu-toolchain/bin/../lib/gcc/avr/5.4.0/avr6\libgcc.a(_umulhisi3.o)
 .text.libgcc.fmul
                0x00000000        0x0 c:/program files (x86)/atmel/studio/7.0/toolchain/avr8/avr8-gnu-toolchain/bin/../lib/gcc/avr/5.4.0/avr6\libgcc.a(_umulhisi3.o)
 .text.libgcc.fixed
                0x00000000        0x0 c:/program files (x86)/atmel/studio/7.0/toolchain/avr8/avr8-gnu-toolchain/bin/../lib/gcc/avr/5.4.0/avr6\libgcc.a(_umulhisi3.o)
 .text          0x00000000        0x0 c:/program files (x86)/atmel/studio/7.0/toolchain/avr8/avr8-gnu-toolchain/bin/../lib/gcc/avr/5.4.0/avr6\libgcc.a(_usmulhisi3.o)
 .data          0x00000000        0x0 c:/program files (x86)/atmel/studio/7.0/toolchain/avr8/avr8-gnu-toolchain/bin/../lib/gcc/avr/5.4.0/avr6\libgcc.a(_usmulhisi3.o)
 .bss           0x00000000        0x0 c:/program files (x86)/atmel/studio/7.0/toolchain/avr8/avr8-gnu-toolchain/bin/../lib/gcc/avr/5.4.0/avr6\libgcc.a(_usmulhisi3.o)
 .text.libgcc.div
                0x00000000        0x0 c:/program files (x86)/atmel/studio/7.0/toolchain/avr8/avr8-gnu-toolchain/bin/../lib/gcc/avr/5.4.0/avr6\libgcc.a(_usmulhisi3.o)
 .text.libgcc   0x00000000        0x0 c:/program files (x86)/atmel/studio/7.0/toolchain/avr8/avr8-gnu-toolchain/bin/../lib/gcc/avr/5.4.0/avr6\libgcc.a(_usmulhisi3.o)
 .text.libgcc.prologue
                0x00000000        0x0 c:/program files (x86)/atmel/studio/7.0/toolchain/avr8/avr8-gnu-toolchain/bin/../lib/gcc/avr/5.4.0/avr6\libgcc.a(_usmulhisi3.o)
 .text.libgcc.builtins
                0x00000000        0x0 c:/program files (x86)/atmel/studio/7.0/toolchain/avr8/avr8-gnu-toolchain/bin/../lib/gcc/avr/5.4.0/avr6\libgcc.a(_usmulhisi3.o)
 .text.libgcc.fmul
                0x00000000        0x0 c:/program files (x86)/atmel/studio/7.0/toolchain/avr8/avr8-gnu-toolchain/bin/../lib/gcc/avr/5.4.0/avr6\libgcc.a(_usmulhisi3.o)
 .text.libgcc.fixed
                0x00000000        0x0 c:/program files (x86)/atmel/studio/7.0/toolchain/avr8/avr8-gnu-toolchain/bin/../lib/gcc/avr/5.4.0/avr6\libgcc.a(_usmulhisi3.o)
 .text          0x00000000        0x0 c:/program files (x86)/atmel/studio/7.0/toolchain/avr8/avr8-gnu-toolchain/bin/../lib/gcc/avr/5.4.0/avr6\libgcc.a(_muluhisi3.o)
 .data          0x00000000        0x0 c:/program files (x86)/atmel/studio/7.0/toolchain/avr8/avr8-gnu-toolchain/bin/../lib/gcc/avr/5.4.0/avr6\libgcc.a(_muluhisi3.o)
 .bss           0x00000000        0x0 c:/program files (x86)/atmel/studio/7.0/toolchain/avr8/avr8-gnu-toolchain/bin/../lib/gcc/avr/5.4.0/avr6\libgcc.a(_muluhisi3.o)
 .text.libgcc.div
                0x00000000        0x0 c:/program files (x86)/atmel/studio/7.0/toolchain/avr8/avr8-gnu-toolchain/bin/../lib/gcc/avr/5.4.0/avr6\libgcc.a(_muluhisi3.o)
 .text.libgcc   0x00000000        0x0 c:/program files (x86)/atmel/studio/7.0/toolchain/avr8/avr8-gnu-toolchain/bin/../lib/gcc/avr/5.4.0/avr6\libgcc.a(_muluhisi3.o)
 .text.libgcc.prologue
                0x00000000        0x0 c:/program files (x86)/atmel/studio/7.0/toolchain/avr8/avr8-gnu-toolchain/bin/../lib/gcc/avr/5.4.0/avr6\libgcc.a(_muluhisi3.o)
 .text.libgcc.builtins
                0x00000000        0x0 c:/program files (x86)/atmel/studio/7.0/toolchain/avr8/avr8-gnu-toolchain/bin/../lib/gcc/avr/5.4.0/avr6\libgcc.a(_muluhisi3.o)
 .text.libgcc.fmul
                0x00000000        0x0 c:/program files (x86)/atmel/studio/7.0/toolchain/avr8/avr8-gnu-toolchain/bin/../lib/gcc/avr/5.4.0/avr6\libgcc.a(_muluhisi3.o)
 .text.libgcc.fixed
                0x00000000        0x0 c:/program files (x86)/atmel/studio/7.0/toolchain/avr8/avr8-gnu-toolchain/bin/../lib/gcc/avr/5.4.0/avr6\libgcc.a(_muluhisi3.o)
 .text          0x00000000        0x0 c:/program files (x86)/atmel/studio/7.0/toolchain/avr8/avr8-gnu-toolchain/bin/../lib/gcc/avr/5.4.0/../../../../avr/lib/avr6\libc.a(strcat.o)
 .data          0x00000000        0x0 c:/program files (x86)/atmel/studio/7.0/toolchain/avr8/avr8-gnu-toolchain/bin/../lib/gcc/avr/5.4.0/../../../../avr/lib/avr6\libc.a(strcat.o)
 .bss           0x00000000        0x0 c:/program files (x86)/atmel/studio/7.0/toolchain/avr8/avr8-gnu-toolchain/bin/../lib/gcc/avr/5.4.0/../../../../avr/lib/avr6\libc.a(strcat.o)
 .text          0x00000000        0x0 c:/program files (x86)/atmel/studio/7.0/toolchain/avr8/avr8-gnu-toolchain/bin/../lib/gcc/avr/5.4.0/../../../../avr/lib/avr6\libc.a(strcpy.o)
 .data          0x00000000        0x0 c:/program files (x86)/atmel/studio/7.0/toolchain/avr8/avr8-gnu-toolchain/bin/../lib/gcc/avr/5.4.0/../../../../avr/lib/avr6\libc.a(strcpy.o)
 .bss           0x00000000        0x0 c:/program files (x86)/atmel/studio/7.0/toolchain/avr8/avr8-gnu-toolchain/bin/../lib/gcc/avr/5.4.0/../../../../avr/lib/avr6\libc.a(strcpy.o)
 .text          0x00000000        0x0 c:/program files (x86)/atmel/studio/7.0/toolchain/avr8/avr8-gnu-toolchain/bin/../lib/gcc/avr/5.4.0/../../../../avr/lib/avr6\libc.a(itoa_ncheck.o)
 .data          0x00000000        0x0 c:/program files (x86)/atmel/studio/7.0/toolchain/avr8/avr8-gnu-toolchain/bin/../lib/gcc/avr/5.4.0/../../../../avr/lib/avr6\libc.a(itoa_ncheck.o)
 .bss           0x00000000        0x0 c:/program files (x86)/atmel/studio/7.0/toolchain/avr8/avr8-gnu-toolchain/bin/../lib/gcc/avr/5.4.0/../../../../avr/lib/avr6\libc.a(itoa_ncheck.o)
 .text          0x00000000        0x0 c:/program files (x86)/atmel/studio/7.0/toolchain/avr8/avr8-gnu-toolchain/bin/../lib/gcc/avr/5.4.0/../../../../avr/lib/avr6\libc.a(ltoa_ncheck.o)
 .data          0x00000000        0x0 c:/program files (x86)/atmel/studio/7.0/toolchain/avr8/avr8-gnu-toolchain/bin/../lib/gcc/avr/5.4.0/../../../../avr/lib/avr6\libc.a(ltoa_ncheck.o)
 .bss           0x00000000        0x0 c:/program files (x86)/atmel/studio/7.0/toolchain/avr8/avr8-gnu-toolchain/bin/../lib/gcc/avr/5.4.0/../../../../avr/lib/avr6\libc.a(ltoa_ncheck.o)
 .text          0x00000000        0x0 c:/program files (x86)/atmel/studio/7.0/toolchain/avr8/avr8-gnu-toolchain/bin/../lib/gcc/avr/5.4.0/../../../../avr/lib/avr6\libc.a(ultoa_ncheck.o)
 .data          0x00000000        0x0 c:/program files (x86)/atmel/studio/7.0/toolchain/avr8/avr8-gnu-toolchain/bin/../lib/gcc/avr/5.4.0/../../../../avr/lib/avr6\libc.a(ultoa_ncheck.o)
 .bss           0x00000000        0x0 c:/program files (x86)/atmel/studio/7.0/toolchain/avr8/avr8-gnu-toolchain/bin/../lib/gcc/avr/5.4.0/../../../../avr/lib/avr6\libc.a(ultoa_ncheck.o)
 .text          0x00000000        0x0 c:/program files (x86)/atmel/studio/7.0/toolchain/avr8/avr8-gnu-toolchain/bin/../lib/gcc/avr/5.4.0/../../../../avr/lib/avr6\libc.a(utoa_ncheck.o)
 .data          0x00000000        0x0 c:/program files (x86)/atmel/studio/7.0/toolchain/avr8/avr8-gnu-toolchain/bin/../lib/gcc/avr/5.4.0/../../../../avr/lib/avr6\libc.a(utoa_ncheck.o)
 .bss           0x00000000        0x0 c:/program files (x86)/atmel/studio/7.0/toolchain/avr8/avr8-gnu-toolchain/bin/../lib/gcc/avr/5.4.0/../../../../avr/lib/avr6\libc.a(utoa_ncheck.o)
 .text          0x00000000        0x0 c:/program files (x86)/atmel/studio/7.0/toolchain/avr8/avr8-gnu-toolchain/bin/../lib/gcc/avr/5.4.0/../../../../avr/lib/avr6\libc.a(strrev.o)
 .data          0x00000000        0x0 c:/program files (x86)/atmel/studio/7.0/toolchain/avr8/avr8-gnu-toolchain/bin/../lib/gcc/avr/5.4.0/../../../../avr/lib/avr6\libc.a(strrev.o)
 .bss           0x00000000        0x0 c:/program files (x86)/atmel/studio/7.0/toolchain/avr8/avr8-gnu-toolchain/bin/../lib/gcc/avr/5.4.0/../../../../avr/lib/avr6\libc.a(strrev.o)
 .text          0x00000000        0x0 C:/Program Files (x86)/Atmel/Studio/7.0/Packs/atmel/ATmega_DFP/1.2.150/gcc/dev/atmega2560/avr6\libatmega2560.a(eerd_block.o)
 .data          0x00000000        0x0 C:/Program Files (x86)/Atmel/Studio/7.0/Packs/atmel/ATmega_DFP/1.2.150/gcc/dev/atmega2560/avr6\libatmega2560.a(eerd_block.o)
 .bss           0x00000000        0x0 C:/Program Files (x86)/Atmel/Studio/7.0/Packs/atmel/ATmega_DFP/1.2.150/gcc/dev/atmega2560/avr6\libatmega2560.a(eerd_block.o)
 .text          0x00000000        0x0 C:/Program Files (x86)/Atmel/Studio/7.0/Packs/atmel/ATmega_DFP/1.2.150/gcc/dev/atmega2560/avr6\libatmega2560.a(eerd_byte.o)
 .data          0x00000000        0x0 C:/Program Files (x86)/Atmel/Studio/7.0/Packs/atmel/ATmega_DFP/1.2.150/gcc/dev/atmega2560/avr6\libatmega2560.a(eerd_byte.o)
 .bss           0x00000000        0x0 C:/Program Files (x86)/Atmel/Studio/7.0/Packs/atmel/ATmega_DFP/1.2.150/gcc/dev/atmega2560/avr6\libatmega2560.a(eerd_byte.o)
 .text          0x00000000        0x0 C:/Program Files (x86)/Atmel/Studio/7.0/Packs/atmel/ATmega_DFP/1.2.150/gcc/dev/atmega2560/avr6\libatmega2560.a(eerd_dword.o)
 .data          0x00000000        0x0 C:/Program Files (x86)/Atmel/Studio/7.0/Packs/atmel/ATmega_DFP/1.2.150/gcc/dev/atmega2560/avr6\libatmega2560.a(eerd_dword.o)
 .bss           0x00000000        0x0 C:/Program Files (x86)/Atmel/Studio/7.0/Packs/atmel/ATmega_DFP/1.2.150/gcc/dev/atmega2560/avr6\libatmega2560.a(eerd_dword.o)
 .text          0x00000000        0x0 C:/Program Files (x86)/Atmel/Studio/7.0/Packs/atmel/ATmega_DFP/1.2.150/gcc/dev/atmega2560/avr6\libatmega2560.a(eerd_word.o)
 .data          0x00000000        0x0 C:/Program Files (x86)/Atmel/Studio/7.0/Packs/atmel/ATmega_DFP/1.2.150/gcc/dev/atmega2560/avr6\libatmega2560.a(eerd_word.o)
 .bss           0x00000000        0x0 C:/Program Files (x86)/Atmel/Studio/7.0/Packs/atmel/ATmega_DFP/1.2.150/gcc/dev/atmega2560/avr6\libatmega2560.a(eerd_word.o)
 .text          0x00000000        0x0 C:/Program Files (x86)/Atmel/Studio/7.0/Packs/atmel/ATmega_DFP/1.2.150/gcc/dev/atmega2560/avr6\libatmega2560.a(eewr_block.o)
 .data          0x00000000        0x0 C:/Program Files (x86)/Atmel/Studio/7.0/Packs/atmel/ATmega_DFP/1.2.150/gcc/dev/atmega2560/avr6\libatmega2560.a(eewr_block.o)
 .bss           0x00000000        0x0 C:/Program Files (x86)/Atmel/Studio/7.0/Packs/atmel/ATmega_DFP/1.2.150/gcc/dev/atmega2560/avr6\libatmega2560.a(eewr_block.o)
 .text          0x00000000        0x0 C:/Program Files (x86)/Atmel/Studio/7.0/Packs/atmel/ATmega_DFP/1.2.150/gcc/dev/atmega2560/avr6\libatmega2560.a(eewr_byte.o)
 .data          0x00000000        0x0 C:/Program Files (x86)/Atmel/Studio/7.0/Packs/atmel/ATmega_DFP/1.2.150/gcc/dev/atmega2560/avr6\libatmega2560.a(eewr_byte.o)
 .bss           0x00000000        0x0 C:/Program Files (x86)/Atmel/Studio/7.0/Packs/atmel/ATmega_DFP/1.2.150/gcc/dev/atmega2560/avr6\libatmega2560.a(eewr_byte.o)
 .text          0x00000000        0x0 C:/Program Files (x86)/Atmel/Studio/7.0/Packs/atmel/ATmega_DFP/1.2.150/gcc/dev/atmega2560/avr6\libatmega2560.a(eewr_dword.o)
 .data          0x00000000        0x0 C:/Program Files (x86)/Atmel/Studio/7.0/Packs/atmel/ATmega_DFP/1.2.150/gcc/dev/atmega2560/avr6\libatmega2560.a(eewr_dword.o)
 .bss           0x00000000        0x0 C:/Program Files (x86)/Atmel/Studio/7.0/Packs/atmel/ATmega_DFP/1.2.150/gcc/dev/atmega2560/avr6\libatmega2560.a(eewr_dword.o)
 .text          0x00000000        0x0 C:/Program Files (x86)/Atmel/Studio/7.0/Packs/atmel/ATmega_DFP/1.2.150/gcc/dev/atmega2560/avr6\libatmega2560.a(eewr_word.o)
 .data          0x00000000        0x0 C:/Program Files (x86)/Atmel/Studio/7.0/Packs/atmel/ATmega_DFP/1.2.150/gcc/dev/atmega2560/avr6\libatmega2560.a(eewr_word.o)
 .bss           0x00000000        0x0 C:/Program Files (x86)/Atmel/Studio/7.0/Packs/atmel/ATmega_DFP/1.2.150/gcc/dev/atmega2560/avr6\libatmega2560.a(eewr_word.o)

Memory Configuration

Name             Origin             Length             Attributes
text             0x00000000         0x00100000         xr
data             0x00800200         0x0000fe00         rw !x
eeprom           0x00810000         0x00010000         rw !x
fuse             0x00820000         0x00000003         rw !x
lock             0x00830000         0x00000400         rw !x
signature        0x00840000         0x00000400         rw !x
user_signatures  0x00850000         0x00000400         rw !x
*default*        0x00000000         0xffffffff

Linker script and memory map

Address of section .data set to 0x800200
LOAD C:/Program Files (x86)/Atmel/Studio/7.0/Packs/atmel/ATmega_DFP/1.2.150/gcc/dev/atmega2560/avr6/crtatmega2560.o
LOAD ad5752.o
LOAD Cards/LED_Source.o
LOAD Cards/MOSFET_BreakDown.o
LOAD Cards/Slot_Tester.o
LOAD ICs/AD5752.o
LOAD ICs/MCP23S08.o
LOAD LTC1864.o
LOAD main.o
LOAD my_Timers.o
LOAD terminal.o
LOAD uart0.o
LOAD usart_spi.o
START GROUP
LOAD c:/program files (x86)/atmel/studio/7.0/toolchain/avr8/avr8-gnu-toolchain/bin/../lib/gcc/avr/5.4.0/../../../../avr/lib/avr6\libm.a
END GROUP
START GROUP
LOAD c:/program files (x86)/atmel/studio/7.0/toolchain/avr8/avr8-gnu-toolchain/bin/../lib/gcc/avr/5.4.0/avr6\libgcc.a
LOAD c:/program files (x86)/atmel/studio/7.0/toolchain/avr8/avr8-gnu-toolchain/bin/../lib/gcc/avr/5.4.0/../../../../avr/lib/avr6\libm.a
LOAD c:/program files (x86)/atmel/studio/7.0/toolchain/avr8/avr8-gnu-toolchain/bin/../lib/gcc/avr/5.4.0/../../../../avr/lib/avr6\libc.a
LOAD C:/Program Files (x86)/Atmel/Studio/7.0/Packs/atmel/ATmega_DFP/1.2.150/gcc/dev/atmega2560/avr6\libatmega2560.a
END GROUP
                0x00100000                __TEXT_REGION_LENGTH__ = DEFINED (__TEXT_REGION_LENGTH__)?__TEXT_REGION_LENGTH__:0x100000
                0x0000fe00                __DATA_REGION_LENGTH__ = DEFINED (__DATA_REGION_LENGTH__)?__DATA_REGION_LENGTH__:0xfe00
                0x00010000                __EEPROM_REGION_LENGTH__ = DEFINED (__EEPROM_REGION_LENGTH__)?__EEPROM_REGION_LENGTH__:0x10000
                [0x00000003]                __FUSE_REGION_LENGTH__ = DEFINED (__FUSE_REGION_LENGTH__)?__FUSE_REGION_LENGTH__:0x400
                0x00000400                __LOCK_REGION_LENGTH__ = DEFINED (__LOCK_REGION_LENGTH__)?__LOCK_REGION_LENGTH__:0x400
                0x00000400                __SIGNATURE_REGION_LENGTH__ = DEFINED (__SIGNATURE_REGION_LENGTH__)?__SIGNATURE_REGION_LENGTH__:0x400
                0x00000400                __USER_SIGNATURE_REGION_LENGTH__ = DEFINED (__USER_SIGNATURE_REGION_LENGTH__)?__USER_SIGNATURE_REGION_LENGTH__:0x400

.hash
 *(.hash)

.dynsym
 *(.dynsym)

.dynstr
 *(.dynstr)

.gnu.version
 *(.gnu.version)

.gnu.version_d
 *(.gnu.version_d)

.gnu.version_r
 *(.gnu.version_r)

.rel.init
 *(.rel.init)

.rela.init
 *(.rela.init)

.rel.text
 *(.rel.text)
 *(.rel.text.*)
 *(.rel.gnu.linkonce.t*)

.rela.text
 *(.rela.text)
 *(.rela.text.*)
 *(.rela.gnu.linkonce.t*)

.rel.fini
 *(.rel.fini)

.rela.fini
 *(.rela.fini)

.rel.rodata
 *(.rel.rodata)
 *(.rel.rodata.*)
 *(.rel.gnu.linkonce.r*)

.rela.rodata
 *(.rela.rodata)
 *(.rela.rodata.*)
 *(.rela.gnu.linkonce.r*)

.rel.data
 *(.rel.data)
 *(.rel.data.*)
 *(.rel.gnu.linkonce.d*)

.rela.data
 *(.rela.data)
 *(.rela.data.*)
 *(.rela.gnu.linkonce.d*)

.rel.ctors
 *(.rel.ctors)

.rela.ctors
 *(.rela.ctors)

.rel.dtors
 *(.rel.dtors)

.rela.dtors
 *(.rela.dtors)

.rel.got
 *(.rel.got)

.rela.got
 *(.rela.got)

.rel.bss
 *(.rel.bss)

.rela.bss
 *(.rela.bss)

.rel.plt
 *(.rel.plt)

.rela.plt
 *(.rela.plt)

.text           0x00000000     0x3156
 *(.vectors)
 .vectors       0x00000000       0xe4 C:/Program Files (x86)/Atmel/Studio/7.0/Packs/atmel/ATmega_DFP/1.2.150/gcc/dev/atmega2560/avr6/crtatmega2560.o
                0x00000000                __vector_default
                0x00000000                __vectors
 *(.vectors)
 *(.progmem.gcc*)
 .progmem.gcc_sw_table.Slot_Tester_set_7Segment
                0x000000e4       0x14 Cards/Slot_Tester.o
                0x000000f8                . = ALIGN (0x2)
                0x000000f8                __trampolines_start = .
 *(.trampolines)
 .trampolines   0x000000f8        0x0 linker stubs
 *(.trampolines*)
                0x000000f8                __trampolines_end = .
 *libprintf_flt.a:*(.progmem.data)
 *libc.a:*(.progmem.data)
 *(.progmem*)
                0x000000f8                . = ALIGN (0x2)
 *(.jumptables)
 *(.jumptables*)
 *(.lowtext)
 *(.lowtext*)
                0x000000f8                __ctors_start = .
 *(.ctors)
                0x000000f8                __ctors_end = .
                0x000000f8                __dtors_start = .
 *(.dtors)
                0x000000f8                __dtors_end = .
 SORT(*)(.ctors)
 SORT(*)(.dtors)
 *(.init0)
 .init0         0x000000f8        0x0 C:/Program Files (x86)/Atmel/Studio/7.0/Packs/atmel/ATmega_DFP/1.2.150/gcc/dev/atmega2560/avr6/crtatmega2560.o
                0x000000f8                __init
 *(.init0)
 *(.init1)
 *(.init1)
 *(.init2)
 .init2         0x000000f8       0x10 C:/Program Files (x86)/Atmel/Studio/7.0/Packs/atmel/ATmega_DFP/1.2.150/gcc/dev/atmega2560/avr6/crtatmega2560.o
 *(.init2)
 *(.init3)
 *(.init3)
 *(.init4)
 .init4         0x00000108       0x1a c:/program files (x86)/atmel/studio/7.0/toolchain/avr8/avr8-gnu-toolchain/bin/../lib/gcc/avr/5.4.0/avr6\libgcc.a(_copy_data.o)
                0x00000108                __do_copy_data
 .init4         0x00000122       0x10 c:/program files (x86)/atmel/studio/7.0/toolchain/avr8/avr8-gnu-toolchain/bin/../lib/gcc/avr/5.4.0/avr6\libgcc.a(_clear_bss.o)
                0x00000122                __do_clear_bss
 *(.init4)
 *(.init5)
 *(.init5)
 *(.init6)
 *(.init6)
 *(.init7)
 *(.init7)
 *(.init8)
 *(.init8)
 *(.init9)
 .init9         0x00000132        0x6 C:/Program Files (x86)/Atmel/Studio/7.0/Packs/atmel/ATmega_DFP/1.2.150/gcc/dev/atmega2560/avr6/crtatmega2560.o
 *(.init9)
 *(.text)
 .text          0x00000138        0x2 C:/Program Files (x86)/Atmel/Studio/7.0/Packs/atmel/ATmega_DFP/1.2.150/gcc/dev/atmega2560/avr6/crtatmega2560.o
                0x00000138                __vector_38
                0x00000138                __vector_22
                0x00000138                __vector_28
                0x00000138                __vector_1
                0x00000138                __vector_32
                0x00000138                __vector_34
                0x00000138                __vector_12
                0x00000138                __vector_55
                0x00000138                __vector_46
                0x00000138                __bad_interrupt
                0x00000138                __vector_6
                0x00000138                __vector_31
                0x00000138                __vector_35
                0x00000138                __vector_39
                0x00000138                __vector_3
                0x00000138                __vector_23
                0x00000138                __vector_30
                0x00000138                __vector_45
                0x00000138                __vector_11
                0x00000138                __vector_54
                0x00000138                __vector_17
                0x00000138                __vector_19
                0x00000138                __vector_56
                0x00000138                __vector_7
                0x00000138                __vector_41
                0x00000138                __vector_43
                0x00000138                __vector_5
                0x00000138                __vector_33
                0x00000138                __vector_52
                0x00000138                __vector_37
                0x00000138                __vector_4
                0x00000138                __vector_44
                0x00000138                __vector_9
                0x00000138                __vector_2
                0x00000138                __vector_21
                0x00000138                __vector_15
                0x00000138                __vector_36
                0x00000138                __vector_29
                0x00000138                __vector_40
                0x00000138                __vector_8
                0x00000138                __vector_26
                0x00000138                __vector_14
                0x00000138                __vector_53
                0x00000138                __vector_10
                0x00000138                __vector_16
                0x00000138                __vector_18
                0x00000138                __vector_20
                0x00000138                __vector_42
                0x0000013a                . = ALIGN (0x2)
 *(.text.*)
 .text.SPI_Send
                0x0000013a       0x5a ad5752.o
                0x0000013a                SPI_Send
 .text.MOSFETSource_set_Heat_Current
                0x00000194       0x48 ad5752.o
                0x00000194                MOSFETSource_set_Heat_Current
 .text.MOSFETSource_set_Meas_Current
                0x000001dc       0x48 ad5752.o
                0x000001dc                MOSFETSource_set_Meas_Current
 .text.MOSFETSource_set_Meas_Voltage
                0x00000224       0x62 ad5752.o
                0x00000224                MOSFETSource_set_Meas_Voltage
 .text.FrontEnd_set_Offset_Voltage
                0x00000286       0x48 ad5752.o
                0x00000286                FrontEnd_set_Offset_Voltage
 .text.LED_Source_Variables_from_EEPROM
                0x000002ce       0x38 Cards/LED_Source.o
                0x000002ce                LED_Source_Variables_from_EEPROM
 .text.LED_Source_Set_Heat_Current
                0x00000306       0x2e Cards/LED_Source.o
                0x00000306                LED_Source_Set_Heat_Current
 .text.LED_Source_Set_Meas_Current
                0x00000334       0x2e Cards/LED_Source.o
                0x00000334                LED_Source_Set_Meas_Current
 .text.LED_Source_Init
                0x00000362       0xb8 Cards/LED_Source.o
                0x00000362                LED_Source_Init
 .text.MOSFET_BreakDown_Init
                0x0000041a       0x9a Cards/MOSFET_BreakDown.o
                0x0000041a                MOSFET_BreakDown_Init
 .text.B_Set_Relais_to_BreakDownTest
                0x000004b4       0x34 Cards/MOSFET_BreakDown.o
                0x000004b4                B_Set_Relais_to_BreakDownTest
 .text.B_Set_Relais_to_Leakage_GS
                0x000004e8       0x34 Cards/MOSFET_BreakDown.o
                0x000004e8                B_Set_Relais_to_Leakage_GS
 .text.B_Set_Relais_to_Characteristic_Curve
                0x0000051c       0x34 Cards/MOSFET_BreakDown.o
                0x0000051c                B_Set_Relais_to_Characteristic_Curve
 .text.B_Set_Relais_to_BodyDiode_Curve
                0x00000550       0x34 Cards/MOSFET_BreakDown.o
                0x00000550                B_Set_Relais_to_BodyDiode_Curve
 .text.B_Set_Relais_all_off
                0x00000584       0x22 Cards/MOSFET_BreakDown.o
                0x00000584                B_Set_Relais_all_off
 .text.Slot_Tester_Init
                0x000005a6       0xb8 Cards/Slot_Tester.o
                0x000005a6                Slot_Tester_Init
 .text.Slot_Tester_set_7Segment
                0x0000065e       0xae Cards/Slot_Tester.o
                0x0000065e                Slot_Tester_set_7Segment
 .text.Slot_Tester_get_7Segment
                0x0000070c       0xc8 Cards/Slot_Tester.o
                0x0000070c                Slot_Tester_get_7Segment
 .text.Slot_Tester_IO_Lauflicht
                0x000007d4       0xe6 Cards/Slot_Tester.o
                0x000007d4                Slot_Tester_IO_Lauflicht
 .text.Slot_Tester_Gesamtablauf
                0x000008ba       0x1c Cards/Slot_Tester.o
                0x000008ba                Slot_Tester_Gesamtablauf
 .text.DAC_AD5752_Range_and_PowerUp
                0x000008d6       0x56 ICs/AD5752.o
                0x000008d6                DAC_AD5752_Range_and_PowerUp
 .text.DAC_AD5752_Set
                0x0000092c       0x4a ICs/AD5752.o
                0x0000092c                DAC_AD5752_Set
 .text.IO_Expander_set_Register
                0x00000976       0x44 ICs/MCP23S08.o
                0x00000976                IO_Expander_set_Register
 .text.IO_Expander_get_Register
                0x000009ba       0x64 ICs/MCP23S08.o
                0x000009ba                IO_Expander_get_Register
 .text.Measure_Voltage_MOSFET_with_DataAnalyse
                0x00000a1e       0x72 LTC1864.o
                0x00000a1e                Measure_Voltage_MOSFET_with_DataAnalyse
 .text.Measure_Voltage_MOSFET_without_DataAnalyse
                0x00000a90       0x46 LTC1864.o
                0x00000a90                Measure_Voltage_MOSFET_without_DataAnalyse
 .text.Measure_Voltage_MOSFET_get_Data
                0x00000ad6       0x26 LTC1864.o
                0x00000ad6                Measure_Voltage_MOSFET_get_Data
 .text.Init_IO_Pins
                0x00000afc       0xc4 main.o
                0x00000afc                Init_IO_Pins
 .text.Lauflicht
                0x00000bc0       0x84 main.o
                0x00000bc0                Lauflicht
 .text.EEPROM_default_Values
                0x00000c44       0xc8 main.o
                0x00000c44                EEPROM_default_Values
 .text.EEPROM_last_Values
                0x00000d0c       0xdc main.o
                0x00000d0c                EEPROM_last_Values
 .text.Init_All_Cards
                0x00000de8       0x5a main.o
                0x00000de8                Init_All_Cards
 .text.PulseStop
                0x00000e42        0xe main.o
                0x00000e42                PulseStop
 .text.Init     0x00000e50       0x92 main.o
                0x00000e50                Init
 .text.main     0x00000ee2       0x70 main.o
                0x00000ee2                main
 .text.PulseStart_stdTTA
                0x00000f52       0x3c main.o
                0x00000f52                PulseStart_stdTTA
 .text.PulseStart_Sensitivity
                0x00000f8e        0xc main.o
                0x00000f8e                PulseStart_Sensitivity
 .text.PulseStart_detTTA
                0x00000f9a       0x1c main.o
                0x00000f9a                PulseStart_detTTA
 .text.PulseStart_PrePulse
                0x00000fb6       0x20 main.o
                0x00000fb6                PulseStart_PrePulse
 .text.Init_Timer_1ms
                0x00000fd6       0x1a my_Timers.o
                0x00000fd6                Init_Timer_1ms
 .text.__vector_13
                0x00000ff0       0x22 my_Timers.o
                0x00000ff0                __vector_13
 .text.Init_Timer_100us
                0x00001012       0x3c my_Timers.o
                0x00001012                Init_Timer_100us
 .text.Start_Timer_100us
                0x0000104e        0xc my_Timers.o
                0x0000104e                Start_Timer_100us
 .text.Stop_Timer_100us
                0x0000105a       0x18 my_Timers.o
                0x0000105a                Stop_Timer_100us
 .text.Init_Counter_100us
                0x00001072       0x3c my_Timers.o
                0x00001072                Init_Counter_100us
 .text.Setup_Counter_for_stdTTA
                0x000010ae      0x184 my_Timers.o
                0x000010ae                Setup_Counter_for_stdTTA
 .text.Setup_Counter_for_detTTA
                0x00001232       0x66 my_Timers.o
                0x00001232                Setup_Counter_for_detTTA
 .text.__vector_50
                0x00001298       0xc8 my_Timers.o
                0x00001298                __vector_50
 .text.__vector_47
                0x00001360       0x18 my_Timers.o
                0x00001360                __vector_47
 .text.__vector_48
                0x00001378       0x82 my_Timers.o
                0x00001378                __vector_48
 .text.__vector_49
                0x000013fa       0x54 my_Timers.o
                0x000013fa                __vector_49
 .text.TerminalInit
                0x0000144e        0xa terminal.o
                0x0000144e                TerminalInit
 .text.ParseIntLn
                0x00001458       0xea terminal.o
                0x00001458                ParseIntLn
 .text.ParseLongLn
                0x00001542      0x140 terminal.o
                0x00001542                ParseLongLn
 .text.ParseByte
                0x00001682       0xac terminal.o
                0x00001682                ParseByte
 .text.TransmitStringLn
                0x0000172e        0x6 terminal.o
                0x0000172e                TransmitStringLn
 .text.TransmitInt
                0x00001734       0xcc terminal.o
                0x00001734                TransmitInt
 .text.TransmitLong
                0x00001800       0xd4 terminal.o
                0x00001800                TransmitLong
 .text.TransmitFloat
                0x000018d4      0x198 terminal.o
                0x000018d4                TransmitFloat
 .text.TransmitByte
                0x00001a6c       0x74 terminal.o
                0x00001a6c                TransmitByte
 .text.TerminalParseCommand
                0x00001ae0      0xd92 terminal.o
                0x00001ae0                TerminalParseCommand
 .text.TerminalCheckCommand
                0x00002872       0x1a terminal.o
                0x00002872                TerminalCheckCommand
 .text.__vector_25
                0x0000288c       0xa8 uart0.o
                0x0000288c                __vector_25
 .text.__vector_27
                0x00002934       0x74 uart0.o
                0x00002934                __vector_27
 .text.UART0InitBaudrate
                0x000029a8       0x82 uart0.o
                0x000029a8                UART0InitBaudrate
 .text.UART0Init
                0x00002a2a        0x8 uart0.o
                0x00002a2a                UART0Init
 .text.UART0ClearRx
                0x00002a32       0x2c uart0.o
                0x00002a32                UART0ClearRx
 .text.UART0ReceiveLine
                0x00002a5e       0x9c uart0.o
                0x00002a5e                UART0ReceiveLine
 .text.UART0TxByte
                0x00002afa       0x6c uart0.o
                0x00002afa                UART0TxByte
 .text.UART0TransmitString
                0x00002b66       0x22 uart0.o
                0x00002b66                UART0TransmitString
 .text.UART0TransmitStringLn
                0x00002b88       0x2a uart0.o
                0x00002b88                UART0TransmitStringLn
 .text.USART_SPI_InitBaudrate
                0x00002bb2       0x28 usart_spi.o
                0x00002bb2                USART_SPI_InitBaudrate
 .text.USART_SPI_SetCS
                0x00002bda       0x16 usart_spi.o
                0x00002bda                USART_SPI_SetCS
 .text.USART_SPI_ToggleCS
                0x00002bf0       0x58 usart_spi.o
                0x00002bf0                USART_SPI_ToggleCS
 .text.USART_SPI_ReceiveLen
                0x00002c48       0x56 usart_spi.o
                0x00002c48                USART_SPI_ReceiveLen
 .text.USART_SPI_RXWaiting
                0x00002c9e       0x18 usart_spi.o
                0x00002c9e                USART_SPI_RXWaiting
 .text.USART_SPI_TXWaiting
                0x00002cb6        0xc usart_spi.o
                0x00002cb6                USART_SPI_TXWaiting
 .text.USART_SPI_ClearRx
                0x00002cc2       0x20 usart_spi.o
                0x00002cc2                USART_SPI_ClearRx
 .text.__vector_51
                0x00002ce2       0xa6 usart_spi.o
                0x00002ce2                __vector_51
 .text.__vector_24
                0x00002d88      0x108 usart_spi.o
                0x00002d88                __vector_24
 .text.USART_SPI_TxByte
                0x00002e90       0x70 usart_spi.o
                0x00002e90                USART_SPI_TxByte
 .text.USART_SPI_TxBytes
                0x00002f00       0x24 usart_spi.o
                0x00002f00                USART_SPI_TxBytes
 .text.USART_SPI_RxBytes
                0x00002f24        0xa usart_spi.o
                0x00002f24                USART_SPI_RxBytes
 .text.libgcc.div
                0x00002f2e       0x28 c:/program files (x86)/atmel/studio/7.0/toolchain/avr8/avr8-gnu-toolchain/bin/../lib/gcc/avr/5.4.0/avr6\libgcc.a(_udivmodhi4.o)
                0x00002f2e                __udivmodhi4
 .text.libgcc.div
                0x00002f56       0x44 c:/program files (x86)/atmel/studio/7.0/toolchain/avr8/avr8-gnu-toolchain/bin/../lib/gcc/avr/5.4.0/avr6\libgcc.a(_udivmodsi4.o)
                0x00002f56                __udivmodsi4
 .text.libgcc   0x00002f9a       0x10 c:/program files (x86)/atmel/studio/7.0/toolchain/avr8/avr8-gnu-toolchain/bin/../lib/gcc/avr/5.4.0/avr6\libgcc.a(_tablejump2.o)
                0x00002f9a                __tablejump2__
 .text.libgcc.mul
                0x00002faa       0x1e c:/program files (x86)/atmel/studio/7.0/toolchain/avr8/avr8-gnu-toolchain/bin/../lib/gcc/avr/5.4.0/avr6\libgcc.a(_umulhisi3.o)
                0x00002faa                __umulhisi3
 .text.libgcc.mul
                0x00002fc8        0xc c:/program files (x86)/atmel/studio/7.0/toolchain/avr8/avr8-gnu-toolchain/bin/../lib/gcc/avr/5.4.0/avr6\libgcc.a(_usmulhisi3.o)
                0x00002fc8                __usmulhisi3
                0x00002fca                __usmulhisi3_tail
 .text.libgcc.mul
                0x00002fd4       0x14 c:/program files (x86)/atmel/studio/7.0/toolchain/avr8/avr8-gnu-toolchain/bin/../lib/gcc/avr/5.4.0/avr6\libgcc.a(_muluhisi3.o)
                0x00002fd4                __muluhisi3
 .text.avr-libc
                0x00002fe8       0x16 c:/program files (x86)/atmel/studio/7.0/toolchain/avr8/avr8-gnu-toolchain/bin/../lib/gcc/avr/5.4.0/../../../../avr/lib/avr6\libc.a(strcat.o)
                0x00002fe8                strcat
 .text.avr-libc
                0x00002ffe        0xe c:/program files (x86)/atmel/studio/7.0/toolchain/avr8/avr8-gnu-toolchain/bin/../lib/gcc/avr/5.4.0/../../../../avr/lib/avr6\libc.a(strcpy.o)
                0x00002ffe                strcpy
 .text.avr-libc
                0x0000300c       0x14 c:/program files (x86)/atmel/studio/7.0/toolchain/avr8/avr8-gnu-toolchain/bin/../lib/gcc/avr/5.4.0/../../../../avr/lib/avr6\libc.a(itoa_ncheck.o)
                0x0000300c                __itoa_ncheck
 .text.avr-libc
                0x00003020       0x1c c:/program files (x86)/atmel/studio/7.0/toolchain/avr8/avr8-gnu-toolchain/bin/../lib/gcc/avr/5.4.0/../../../../avr/lib/avr6\libc.a(ltoa_ncheck.o)
                0x00003020                __ltoa_ncheck
 .text.avr-libc
                0x0000303c       0x42 c:/program files (x86)/atmel/studio/7.0/toolchain/avr8/avr8-gnu-toolchain/bin/../lib/gcc/avr/5.4.0/../../../../avr/lib/avr6\libc.a(ultoa_ncheck.o)
                0x0000303c                __ultoa_ncheck
                0x0000303e                __ultoa_common
 .text.avr-libc
                0x0000307e       0x32 c:/program files (x86)/atmel/studio/7.0/toolchain/avr8/avr8-gnu-toolchain/bin/../lib/gcc/avr/5.4.0/../../../../avr/lib/avr6\libc.a(utoa_ncheck.o)
                0x0000307e                __utoa_ncheck
                0x00003080                __utoa_common
 .text.avr-libc
                0x000030b0       0x20 c:/program files (x86)/atmel/studio/7.0/toolchain/avr8/avr8-gnu-toolchain/bin/../lib/gcc/avr/5.4.0/../../../../avr/lib/avr6\libc.a(strrev.o)
                0x000030b0                strrev
 .text.avr-libc
                0x000030d0       0x20 C:/Program Files (x86)/Atmel/Studio/7.0/Packs/atmel/ATmega_DFP/1.2.150/gcc/dev/atmega2560/avr6\libatmega2560.a(eerd_block.o)
                0x000030d0                eeprom_read_block
                0x000030d4                eeprom_read_blraw
 .text.avr-libc
                0x000030f0       0x10 C:/Program Files (x86)/Atmel/Studio/7.0/Packs/atmel/ATmega_DFP/1.2.150/gcc/dev/atmega2560/avr6\libatmega2560.a(eerd_byte.o)
                0x000030f0                eeprom_read_byte
 .text.avr-libc
                0x00003100        0xa C:/Program Files (x86)/Atmel/Studio/7.0/Packs/atmel/ATmega_DFP/1.2.150/gcc/dev/atmega2560/avr6\libatmega2560.a(eerd_dword.o)
                0x00003100                eeprom_read_float
                0x00003100                eeprom_read_dword
 .text.avr-libc
                0x0000310a        0xa C:/Program Files (x86)/Atmel/Studio/7.0/Packs/atmel/ATmega_DFP/1.2.150/gcc/dev/atmega2560/avr6\libatmega2560.a(eerd_word.o)
                0x0000310a                eeprom_read_word
 .text.avr-libc
                0x00003114       0x12 C:/Program Files (x86)/Atmel/Studio/7.0/Packs/atmel/ATmega_DFP/1.2.150/gcc/dev/atmega2560/avr6\libatmega2560.a(eewr_block.o)
                0x00003114                eeprom_write_block
 .text.avr-libc
                0x00003126       0x1c C:/Program Files (x86)/Atmel/Studio/7.0/Packs/atmel/ATmega_DFP/1.2.150/gcc/dev/atmega2560/avr6\libatmega2560.a(eewr_byte.o)
                0x00003126                eeprom_write_byte
                0x00003128                eeprom_write_r18
 .text.avr-libc
                0x00003142        0xa C:/Program Files (x86)/Atmel/Studio/7.0/Packs/atmel/ATmega_DFP/1.2.150/gcc/dev/atmega2560/avr6\libatmega2560.a(eewr_dword.o)
                0x00003142                eeprom_write_dword
                0x00003142                eeprom_write_float
 .text.avr-libc
                0x0000314c        0x6 C:/Program Files (x86)/Atmel/Studio/7.0/Packs/atmel/ATmega_DFP/1.2.150/gcc/dev/atmega2560/avr6\libatmega2560.a(eewr_word.o)
                0x0000314c                eeprom_write_word
                0x00003152                . = ALIGN (0x2)
 *(.fini9)
 .fini9         0x00003152        0x0 c:/program files (x86)/atmel/studio/7.0/toolchain/avr8/avr8-gnu-toolchain/bin/../lib/gcc/avr/5.4.0/avr6\libgcc.a(_exit.o)
                0x00003152                _exit
                0x00003152                exit
 *(.fini9)
 *(.fini8)
 *(.fini8)
 *(.fini7)
 *(.fini7)
 *(.fini6)
 *(.fini6)
 *(.fini5)
 *(.fini5)
 *(.fini4)
 *(.fini4)
 *(.fini3)
 *(.fini3)
 *(.fini2)
 *(.fini2)
 *(.fini1)
 *(.fini1)
 *(.fini0)
 .fini0         0x00003152        0x4 c:/program files (x86)/atmel/studio/7.0/toolchain/avr8/avr8-gnu-toolchain/bin/../lib/gcc/avr/5.4.0/avr6\libgcc.a(_exit.o)
 *(.fini0)
                0x00003156                _etext = .

.data           0x00800200      0x1b0 load address 0x00003156
                0x00800200                PROVIDE (__data_start, .)
 *(.data)
 *(.data*)
 .data.uart0_tx_empty
                0x00800200        0x1 uart0.o
                0x00800200                uart0_tx_empty
 .data.usart_spi_cs_len
                0x00800201        0x1 usart_spi.o
                0x00800201                usart_spi_cs_len
 .data.usart_spi_cs_port
                0x00800202        0x2 usart_spi.o
                0x00800202                usart_spi_cs_port
 .data.usart_spi_tx_buffer_empty
                0x00800204        0x1 usart_spi.o
                0x00800204                usart_spi_tx_buffer_empty
 *(.gnu.linkonce.d*)
 *(.rodata)
 .rodata        0x00800205        0x9 main.o
 *(.rodata*)
 .rodata.str1.1
                0x0080020e      0x19f terminal.o
                                0x1a6 (size before relaxing)
 .rodata.str1.1
                0x008003ad        0x3 usart_spi.o
 *(.gnu.linkonce.r*)
                0x008003b0                . = ALIGN (0x2)
                0x008003b0                _edata = .
                0x008003b0                PROVIDE (__data_end, .)

.bss            0x008003b0      0x2b2
                0x008003b0                PROVIDE (__bss_start, .)
 *(.bss)
 *(.bss*)
 .bss.last_ChipSelectPin
                0x008003b0        0x1 ad5752.o
                0x008003b0                last_ChipSelectPin
 .bss.last_ChipSelectPort
                0x008003b1        0x2 ad5752.o
                0x008003b1                last_ChipSelectPort
 .bss.uart0_tx_char_write
                0x008003b3        0x1 uart0.o
                0x008003b3                uart0_tx_char_write
 .bss.uart0_tx_char_read
                0x008003b4        0x1 uart0.o
                0x008003b4                uart0_tx_char_read
 .bss.uart0_rx_blocked
                0x008003b5        0x1 uart0.o
                0x008003b5                uart0_rx_blocked
 .bss.uart0_rx_lines
                0x008003b6        0x1 uart0.o
                0x008003b6                uart0_rx_lines
 .bss.uart0_rx_overrun
                0x008003b7        0x1 uart0.o
                0x008003b7                uart0_rx_overrun
 .bss.uart0_rx_char_write
                0x008003b8        0x1 uart0.o
                0x008003b8                uart0_rx_char_write
 .bss.uart0_rx_char_read
                0x008003b9        0x1 uart0.o
                0x008003b9                uart0_rx_char_read
 .bss.usart_spi_byte_count
                0x008003ba        0x1 usart_spi.o
                0x008003ba                usart_spi_byte_count
 .bss.usart_spi_cs_neg
                0x008003bb        0x1 usart_spi.o
                0x008003bb                usart_spi_cs_neg
 .bss.usart_spi_cs_pin
                0x008003bc        0x1 usart_spi.o
                0x008003bc                usart_spi_cs_pin
 .bss.usart_spi_tx_char_write
                0x008003bd        0x1 usart_spi.o
                0x008003bd                usart_spi_tx_char_write
 .bss.usart_spi_tx_char_read
                0x008003be        0x1 usart_spi.o
                0x008003be                usart_spi_tx_char_read
 .bss.usart_spi_rx_flag
                0x008003bf        0x1 usart_spi.o
                0x008003bf                usart_spi_rx_flag
 .bss.usart_spi_rx_buffer_overrun
                0x008003c0        0x1 usart_spi.o
                0x008003c0                usart_spi_rx_buffer_overrun
 .bss.usart_spi_rx_char_write
                0x008003c1        0x1 usart_spi.o
                0x008003c1                usart_spi_rx_char_write
 .bss.usart_spi_rx_char_read
                0x008003c2        0x1 usart_spi.o
                0x008003c2                usart_spi_rx_char_read
 *(COMMON)
 COMMON         0x008003c3      0x114 ad5752.o
                0x008003c3                heat_pulse_voltage
                0x008003c7                measure_pulse_voltage
                0x008003c9                led_Source_Meas_Current_0mA1
                0x008003d9                deterministic_pulse_length
                0x008003db                interrupt_1ms
                0x008003dc                heat_pulse_length
                0x008003e0                deterministic_pulse_cycles
                0x008003e2                interrupt_1hz
                0x008003e3                uart0_rx
                0x00800464                measure_pulse_current
                0x00800466                led_Source_Heat_Current_mA
                0x00800476                offset_voltage
                0x00800478                led_hp
                0x00800479                heat_pulse_current
                0x0080047b                led_mp
                0x0080047c                usart_spi_rx
                0x008004bc                measure_pulse_length
                0x008004c0                debug_send
                0x008004c1                current_source_enabled
                0x008004c2                startup_wait_counter
                0x008004c3                measure_pules_voltage
                0x008004c7                flag_standard_TTA
                0x008004c8                window_offset
                0x008004ca                interrupt_10hz
                0x008004cb                uart0_active_timer
                0x008004cc                flag_deterministic_TTA
                0x008004cd                pulse_output_register
                0x008004ce                terminal_timeout
                0x008004cf                card_Type
 COMMON         0x008004d7        0x8 my_Timers.o
                0x008004d7                deterministic_pulse_counter
                0x008004d9                heat_pulse_precount
                0x008004da                heat_pulse_lastcount
                0x008004dc                measure_pulse_precount
                0x008004dd                measure_pulse_lastcount
 COMMON         0x008004df        0x3 terminal.o
                0x008004df                string
                0x008004e1                len
 COMMON         0x008004e2      0x100 uart0.o
                0x008004e2                uart0_tx_buffer
                0x00800562                uart0_rx_buffer
 COMMON         0x008005e2       0x80 usart_spi.o
                0x008005e2                usart_spi_tx_buffer
                0x00800622                usart_spi_rx_buffer
                0x00800662                PROVIDE (__bss_end, .)
                0x00003156                __data_load_start = LOADADDR (.data)
                0x00003306                __data_load_end = (__data_load_start + SIZEOF (.data))

.noinit         0x00800662        0x0
                [!provide]                PROVIDE (__noinit_start, .)
 *(.noinit*)
                [!provide]                PROVIDE (__noinit_end, .)
                0x00800662                _end = .
                [!provide]                PROVIDE (__heap_start, .)

.eeprom         0x00810000       0x51
 *(.eeprom*)
 .eeprom        0x00810000       0x51 main.o
                0x00810000                parameter3_eeprom
                0x00810010                parameter2_eeprom
                0x00810020                parameter1_eeprom
                0x00810030                card_Type_register_eeprom
                0x00810038                pulse_output_register_eeprom
                0x00810039                deterministic_pulse_cycles_eeprom
                0x0081003b                deterministic_pulse_length_eeprom
                0x0081003d                window_offset_eeprom
                0x0081003f                offset_voltage_eeprom
                0x00810041                measure_pulse_voltage_eeprom
                0x00810043                measure_pulse_length_eeprom
                0x00810047                measure_pulse_current_eeprom
                0x00810049                heat_pulse_length_eeprom
                0x0081004d                heat_pulse_current_eeprom
                0x0081004f                firmware_code_eeprom
                0x00810051                __eeprom_end = .

.fuse
 *(.fuse)
 *(.lfuse)
 *(.hfuse)
 *(.efuse)

.lock
 *(.lock*)

.signature
 *(.signature*)

.user_signatures
 *(.user_signatures*)

.stab
 *(.stab)

.stabstr
 *(.stabstr)

.stab.excl
 *(.stab.excl)

.stab.exclstr
 *(.stab.exclstr)

.stab.index
 *(.stab.index)

.stab.indexstr
 *(.stab.indexstr)

.comment        0x00000000       0x30
 *(.comment)
 .comment       0x00000000       0x30 ad5752.o
                                 0x31 (size before relaxing)
 .comment       0x00000030       0x31 Cards/LED_Source.o
 .comment       0x00000030       0x31 Cards/MOSFET_BreakDown.o
 .comment       0x00000030       0x31 Cards/Slot_Tester.o
 .comment       0x00000030       0x31 ICs/AD5752.o
 .comment       0x00000030       0x31 ICs/MCP23S08.o
 .comment       0x00000030       0x31 LTC1864.o
 .comment       0x00000030       0x31 main.o
 .comment       0x00000030       0x31 my_Timers.o
 .comment       0x00000030       0x31 terminal.o
 .comment       0x00000030       0x31 uart0.o
 .comment       0x00000030       0x31 usart_spi.o

.note.gnu.avr.deviceinfo
                0x00000000       0x40
 .note.gnu.avr.deviceinfo
                0x00000000       0x40 C:/Program Files (x86)/Atmel/Studio/7.0/Packs/atmel/ATmega_DFP/1.2.150/gcc/dev/atmega2560/avr6/crtatmega2560.o

.note.gnu.build-id
 *(.note.gnu.build-id)

.debug
 *(.debug)

.line
 *(.line)

.debug_srcinfo
 *(.debug_srcinfo)

.debug_sfnames
 *(.debug_sfnames)

.debug_aranges  0x00000000      0x540
 *(.debug_aranges)
 .debug_aranges
                0x00000000       0x60 ad5752.o
 .debug_aranges
                0x00000060       0x40 Cards/LED_Source.o
 .debug_aranges
                0x000000a0       0x48 Cards/MOSFET_BreakDown.o
 .debug_aranges
                0x000000e8       0x40 Cards/Slot_Tester.o
 .debug_aranges
                0x00000128       0x28 ICs/AD5752.o
 .debug_aranges
                0x00000150       0x30 ICs/MCP23S08.o
 .debug_aranges
                0x00000180       0x38 LTC1864.o
 .debug_aranges
                0x000001b8       0x78 main.o
 .debug_aranges
                0x00000230       0x78 my_Timers.o
 .debug_aranges
                0x000002a8       0x88 terminal.o
 .debug_aranges
                0x00000330       0x88 uart0.o
 .debug_aranges
                0x000003b8       0x88 usart_spi.o
 .debug_aranges
                0x00000440       0x20 C:/Program Files (x86)/Atmel/Studio/7.0/Packs/atmel/ATmega_DFP/1.2.150/gcc/dev/atmega2560/avr6\libatmega2560.a(eerd_block.o)
 .debug_aranges
                0x00000460       0x20 C:/Program Files (x86)/Atmel/Studio/7.0/Packs/atmel/ATmega_DFP/1.2.150/gcc/dev/atmega2560/avr6\libatmega2560.a(eerd_byte.o)
 .debug_aranges
                0x00000480       0x20 C:/Program Files (x86)/Atmel/Studio/7.0/Packs/atmel/ATmega_DFP/1.2.150/gcc/dev/atmega2560/avr6\libatmega2560.a(eerd_dword.o)
 .debug_aranges
                0x000004a0       0x20 C:/Program Files (x86)/Atmel/Studio/7.0/Packs/atmel/ATmega_DFP/1.2.150/gcc/dev/atmega2560/avr6\libatmega2560.a(eerd_word.o)
 .debug_aranges
                0x000004c0       0x20 C:/Program Files (x86)/Atmel/Studio/7.0/Packs/atmel/ATmega_DFP/1.2.150/gcc/dev/atmega2560/avr6\libatmega2560.a(eewr_block.o)
 .debug_aranges
                0x000004e0       0x20 C:/Program Files (x86)/Atmel/Studio/7.0/Packs/atmel/ATmega_DFP/1.2.150/gcc/dev/atmega2560/avr6\libatmega2560.a(eewr_byte.o)
 .debug_aranges
                0x00000500       0x20 C:/Program Files (x86)/Atmel/Studio/7.0/Packs/atmel/ATmega_DFP/1.2.150/gcc/dev/atmega2560/avr6\libatmega2560.a(eewr_dword.o)
 .debug_aranges
                0x00000520       0x20 C:/Program Files (x86)/Atmel/Studio/7.0/Packs/atmel/ATmega_DFP/1.2.150/gcc/dev/atmega2560/avr6\libatmega2560.a(eewr_word.o)

.debug_pubnames
 *(.debug_pubnames)

.debug_info     0x00000000     0x9384
 *(.debug_info .gnu.linkonce.wi.*)
 .debug_info    0x00000000      0xbbc C:/Program Files (x86)/Atmel/Studio/7.0/Packs/atmel/ATmega_DFP/1.2.150/gcc/dev/atmega2560/avr6/crtatmega2560.o
 .debug_info    0x00000bbc      0x9a7 ad5752.o
 .debug_info    0x00001563      0x513 Cards/LED_Source.o
 .debug_info    0x00001a76      0x6f7 Cards/MOSFET_BreakDown.o
 .debug_info    0x0000216d      0x7e9 Cards/Slot_Tester.o
 .debug_info    0x00002956      0x4d1 ICs/AD5752.o
 .debug_info    0x00002e27      0x4e7 ICs/MCP23S08.o
 .debug_info    0x0000330e      0x5ae LTC1864.o
 .debug_info    0x000038bc      0xc2c main.o
 .debug_info    0x000044e8      0x4c3 my_Timers.o
 .debug_info    0x000049ab     0x35fd terminal.o
 .debug_info    0x00007fa8      0x6ba uart0.o
 .debug_info    0x00008662      0x7be usart_spi.o
 .debug_info    0x00008e20       0xad C:/Program Files (x86)/Atmel/Studio/7.0/Packs/atmel/ATmega_DFP/1.2.150/gcc/dev/atmega2560/avr6\libatmega2560.a(eerd_block.o)
 .debug_info    0x00008ecd       0xac C:/Program Files (x86)/Atmel/Studio/7.0/Packs/atmel/ATmega_DFP/1.2.150/gcc/dev/atmega2560/avr6\libatmega2560.a(eerd_byte.o)
 .debug_info    0x00008f79       0xad C:/Program Files (x86)/Atmel/Studio/7.0/Packs/atmel/ATmega_DFP/1.2.150/gcc/dev/atmega2560/avr6\libatmega2560.a(eerd_dword.o)
 .debug_info    0x00009026       0xac C:/Program Files (x86)/Atmel/Studio/7.0/Packs/atmel/ATmega_DFP/1.2.150/gcc/dev/atmega2560/avr6\libatmega2560.a(eerd_word.o)
 .debug_info    0x000090d2       0xad C:/Program Files (x86)/Atmel/Studio/7.0/Packs/atmel/ATmega_DFP/1.2.150/gcc/dev/atmega2560/avr6\libatmega2560.a(eewr_block.o)
 .debug_info    0x0000917f       0xac C:/Program Files (x86)/Atmel/Studio/7.0/Packs/atmel/ATmega_DFP/1.2.150/gcc/dev/atmega2560/avr6\libatmega2560.a(eewr_byte.o)
 .debug_info    0x0000922b       0xad C:/Program Files (x86)/Atmel/Studio/7.0/Packs/atmel/ATmega_DFP/1.2.150/gcc/dev/atmega2560/avr6\libatmega2560.a(eewr_dword.o)
 .debug_info    0x000092d8       0xac C:/Program Files (x86)/Atmel/Studio/7.0/Packs/atmel/ATmega_DFP/1.2.150/gcc/dev/atmega2560/avr6\libatmega2560.a(eewr_word.o)

.debug_abbrev   0x00000000     0x1edb
 *(.debug_abbrev)
 .debug_abbrev  0x00000000      0xb1a C:/Program Files (x86)/Atmel/Studio/7.0/Packs/atmel/ATmega_DFP/1.2.150/gcc/dev/atmega2560/avr6/crtatmega2560.o
 .debug_abbrev  0x00000b1a      0x14f ad5752.o
 .debug_abbrev  0x00000c69       0xed Cards/LED_Source.o
 .debug_abbrev  0x00000d56      0x144 Cards/MOSFET_BreakDown.o
 .debug_abbrev  0x00000e9a      0x17e Cards/Slot_Tester.o
 .debug_abbrev  0x00001018       0xe5 ICs/AD5752.o
 .debug_abbrev  0x000010fd      0x126 ICs/MCP23S08.o
 .debug_abbrev  0x00001223      0x18e LTC1864.o
 .debug_abbrev  0x000013b1      0x227 main.o
 .debug_abbrev  0x000015d8       0xe0 my_Timers.o
 .debug_abbrev  0x000016b8      0x31f terminal.o
 .debug_abbrev  0x000019d7      0x1fd uart0.o
 .debug_abbrev  0x00001bd4      0x267 usart_spi.o
 .debug_abbrev  0x00001e3b       0x14 C:/Program Files (x86)/Atmel/Studio/7.0/Packs/atmel/ATmega_DFP/1.2.150/gcc/dev/atmega2560/avr6\libatmega2560.a(eerd_block.o)
 .debug_abbrev  0x00001e4f       0x14 C:/Program Files (x86)/Atmel/Studio/7.0/Packs/atmel/ATmega_DFP/1.2.150/gcc/dev/atmega2560/avr6\libatmega2560.a(eerd_byte.o)
 .debug_abbrev  0x00001e63       0x14 C:/Program Files (x86)/Atmel/Studio/7.0/Packs/atmel/ATmega_DFP/1.2.150/gcc/dev/atmega2560/avr6\libatmega2560.a(eerd_dword.o)
 .debug_abbrev  0x00001e77       0x14 C:/Program Files (x86)/Atmel/Studio/7.0/Packs/atmel/ATmega_DFP/1.2.150/gcc/dev/atmega2560/avr6\libatmega2560.a(eerd_word.o)
 .debug_abbrev  0x00001e8b       0x14 C:/Program Files (x86)/Atmel/Studio/7.0/Packs/atmel/ATmega_DFP/1.2.150/gcc/dev/atmega2560/avr6\libatmega2560.a(eewr_block.o)
 .debug_abbrev  0x00001e9f       0x14 C:/Program Files (x86)/Atmel/Studio/7.0/Packs/atmel/ATmega_DFP/1.2.150/gcc/dev/atmega2560/avr6\libatmega2560.a(eewr_byte.o)
 .debug_abbrev  0x00001eb3       0x14 C:/Program Files (x86)/Atmel/Studio/7.0/Packs/atmel/ATmega_DFP/1.2.150/gcc/dev/atmega2560/avr6\libatmega2560.a(eewr_dword.o)
 .debug_abbrev  0x00001ec7       0x14 C:/Program Files (x86)/Atmel/Studio/7.0/Packs/atmel/ATmega_DFP/1.2.150/gcc/dev/atmega2560/avr6\libatmega2560.a(eewr_word.o)

.debug_line     0x00000000     0x3ae9
 *(.debug_line .debug_line.* .debug_line_end)
 .debug_line    0x00000000      0x1f9 C:/Program Files (x86)/Atmel/Studio/7.0/Packs/atmel/ATmega_DFP/1.2.150/gcc/dev/atmega2560/avr6/crtatmega2560.o
 .debug_line    0x000001f9      0x2c4 ad5752.o
 .debug_line    0x000004bd      0x243 Cards/LED_Source.o
 .debug_line    0x00000700      0x2b7 Cards/MOSFET_BreakDown.o
 .debug_line    0x000009b7      0x458 Cards/Slot_Tester.o
 .debug_line    0x00000e0f      0x160 ICs/AD5752.o
 .debug_line    0x00000f6f      0x16f ICs/MCP23S08.o
 .debug_line    0x000010de      0x234 LTC1864.o
 .debug_line    0x00001312      0x6d5 main.o
 .debug_line    0x000019e7      0x351 my_Timers.o
 .debug_line    0x00001d38      0xfd9 terminal.o
 .debug_line    0x00002d11      0x524 uart0.o
 .debug_line    0x00003235      0x4df usart_spi.o
 .debug_line    0x00003714       0xab C:/Program Files (x86)/Atmel/Studio/7.0/Packs/atmel/ATmega_DFP/1.2.150/gcc/dev/atmega2560/avr6\libatmega2560.a(eerd_block.o)
 .debug_line    0x000037bf       0x7a C:/Program Files (x86)/Atmel/Studio/7.0/Packs/atmel/ATmega_DFP/1.2.150/gcc/dev/atmega2560/avr6\libatmega2560.a(eerd_byte.o)
 .debug_line    0x00003839       0x68 C:/Program Files (x86)/Atmel/Studio/7.0/Packs/atmel/ATmega_DFP/1.2.150/gcc/dev/atmega2560/avr6\libatmega2560.a(eerd_dword.o)
 .debug_line    0x000038a1       0x67 C:/Program Files (x86)/Atmel/Studio/7.0/Packs/atmel/ATmega_DFP/1.2.150/gcc/dev/atmega2560/avr6\libatmega2560.a(eerd_word.o)
 .debug_line    0x00003908       0x80 C:/Program Files (x86)/Atmel/Studio/7.0/Packs/atmel/ATmega_DFP/1.2.150/gcc/dev/atmega2560/avr6\libatmega2560.a(eewr_block.o)
 .debug_line    0x00003988       0x9e C:/Program Files (x86)/Atmel/Studio/7.0/Packs/atmel/ATmega_DFP/1.2.150/gcc/dev/atmega2560/avr6\libatmega2560.a(eewr_byte.o)
 .debug_line    0x00003a26       0x68 C:/Program Files (x86)/Atmel/Studio/7.0/Packs/atmel/ATmega_DFP/1.2.150/gcc/dev/atmega2560/avr6\libatmega2560.a(eewr_dword.o)
 .debug_line    0x00003a8e       0x5b C:/Program Files (x86)/Atmel/Studio/7.0/Packs/atmel/ATmega_DFP/1.2.150/gcc/dev/atmega2560/avr6\libatmega2560.a(eewr_word.o)

.debug_frame    0x00000000      0xd38
 *(.debug_frame)
 .debug_frame   0x00000000      0x124 ad5752.o
 .debug_frame   0x00000124       0xa8 Cards/LED_Source.o
 .debug_frame   0x000001cc       0x9c Cards/MOSFET_BreakDown.o
 .debug_frame   0x00000268       0x98 Cards/Slot_Tester.o
 .debug_frame   0x00000300       0x70 ICs/AD5752.o
 .debug_frame   0x00000370       0x84 ICs/MCP23S08.o
 .debug_frame   0x000003f4       0x74 LTC1864.o
 .debug_frame   0x00000468      0x158 main.o
 .debug_frame   0x000005c0      0x1c8 my_Timers.o
 .debug_frame   0x00000788      0x284 terminal.o
 .debug_frame   0x00000a0c      0x198 uart0.o
 .debug_frame   0x00000ba4      0x194 usart_spi.o

.debug_str      0x00000000     0x15fe
 *(.debug_str)
 .debug_str     0x00000000      0x3e6 C:/Program Files (x86)/Atmel/Studio/7.0/Packs/atmel/ATmega_DFP/1.2.150/gcc/dev/atmega2560/avr6/crtatmega2560.o
 .debug_str     0x000003e6      0x4da ad5752.o
                                0x52f (size before relaxing)
 .debug_str     0x000008c0      0x12f Cards/LED_Source.o
                                0x4e8 (size before relaxing)
 .debug_str     0x000009ef      0x120 Cards/MOSFET_BreakDown.o
                                0x4d4 (size before relaxing)
 .debug_str     0x00000b0f       0xab Cards/Slot_Tester.o
                                0x4c0 (size before relaxing)
 .debug_str     0x00000bba       0x1e ICs/AD5752.o
                                0x430 (size before relaxing)
 .debug_str     0x00000bd8       0x66 ICs/MCP23S08.o
                                0x484 (size before relaxing)
 .debug_str     0x00000c3e       0xb1 LTC1864.o
                                0x4e3 (size before relaxing)
 .debug_str     0x00000cef      0x36f main.o
                                0x828 (size before relaxing)
 .debug_str     0x0000105e       0xc1 my_Timers.o
                                0x57a (size before relaxing)
 .debug_str     0x0000111f      0x158 terminal.o
                                0x90b (size before relaxing)
 .debug_str     0x00001277      0x1a3 uart0.o
                                0x5ad (size before relaxing)
 .debug_str     0x0000141a      0x1e4 usart_spi.o
                                0x64b (size before relaxing)

.debug_loc      0x00000000     0x4b96
 *(.debug_loc)
 .debug_loc     0x00000000      0x50e ad5752.o
 .debug_loc     0x0000050e      0x2c5 Cards/LED_Source.o
 .debug_loc     0x000007d3      0x2f6 Cards/MOSFET_BreakDown.o
 .debug_loc     0x00000ac9      0x64d Cards/Slot_Tester.o
 .debug_loc     0x00001116      0x227 ICs/AD5752.o
 .debug_loc     0x0000133d      0x21a ICs/MCP23S08.o
 .debug_loc     0x00001557      0x2ae LTC1864.o
 .debug_loc     0x00001805      0x30c main.o
 .debug_loc     0x00001b11      0x2cc my_Timers.o
 .debug_loc     0x00001ddd     0x26cf terminal.o
 .debug_loc     0x000044ac      0x386 uart0.o
 .debug_loc     0x00004832      0x364 usart_spi.o

.debug_macinfo
 *(.debug_macinfo)

.debug_weaknames
 *(.debug_weaknames)

.debug_funcnames
 *(.debug_funcnames)

.debug_typenames
 *(.debug_typenames)

.debug_varnames
 *(.debug_varnames)

.debug_pubtypes
 *(.debug_pubtypes)

.debug_ranges   0x00000000      0x3c8
 *(.debug_ranges)
 .debug_ranges  0x00000000       0x50 ad5752.o
 .debug_ranges  0x00000050       0x30 Cards/LED_Source.o
 .debug_ranges  0x00000080       0x38 Cards/MOSFET_BreakDown.o
 .debug_ranges  0x000000b8       0x30 Cards/Slot_Tester.o
 .debug_ranges  0x000000e8       0x18 ICs/AD5752.o
 .debug_ranges  0x00000100       0x20 ICs/MCP23S08.o
 .debug_ranges  0x00000120       0x28 LTC1864.o
 .debug_ranges  0x00000148       0x68 main.o
 .debug_ranges  0x000001b0       0x68 my_Timers.o
 .debug_ranges  0x00000218       0xc0 terminal.o
 .debug_ranges  0x000002d8       0x78 uart0.o
 .debug_ranges  0x00000350       0x78 usart_spi.o

.debug_macro
 *(.debug_macro)
OUTPUT(MC_RthTEC_V0_0_5.elf elf32-avr)
LOAD linker stubs
